T-001 PowerShell mutation proof

M1 invalid fixture changed from schema v0 to schema v1
exit: 1
not ok 1 - F3 invalid has the expected schema field
not ok 2 - F4 invalid has the expected schema field
not ok 3 - F3 invalid YAML differs from valid YAML in exactly the schema field
not ok 4 - F4 invalid YAML differs from valid YAML in exactly the schema field
invalid fixture unexpectedly passed validate-approval-sidecar content validation
not ok 5 - F3 invalid has the expected validate-approval-sidecar verdict
invalid fixture unexpectedly passed validate-approval-sidecar content validation
not ok 6 - F4 invalid has the expected validate-approval-sidecar verdict
RESULT: PASS=106 FAIL=6

M2 AGENTS marker changed from lite to full
exit: 1
not ok 1 - F2 writes the lite marker
not ok 2 - legacy none marker-present writes the lite marker
not ok 3 - legacy --full marker-present writes the lite marker
not ok 4 - legacy --lite marker-present writes the lite marker
RESULT: PASS=108 FAIL=4

M3 project-context rendering branch made unreachable
exit: 1
not ok 1 - F3 valid writes project context
not ok 2 - F3 invalid writes project context
not ok 3 - F4 valid writes project context
not ok 4 - F4 invalid writes project context
not ok 5 - F3 invalid YAML differs from valid YAML in exactly the schema field
not ok 6 - F4 invalid YAML differs from valid YAML in exactly the schema field
not ok 7 - F3 valid has the expected validate-approval-sidecar verdict
not ok 8 - F3 invalid has the expected validate-approval-sidecar verdict
not ok 9 - F4 valid has the expected validate-approval-sidecar verdict
not ok 10 - F4 invalid has the expected validate-approval-sidecar verdict
RESULT: PASS=94 FAIL=10

M4 --unknown added to the accepted track flags
exit: 1
not ok 1 - invalid argument tuple is rejected: absent absent disabled-legacy valid --unknown
RESULT: PASS=111 FAIL=1

M5 present + disabled-legacy combination rejection disabled
exit: 1
not ok 1 - invalid argument tuple is rejected: present absent disabled-legacy valid none
RESULT: PASS=111 FAIL=1

M6 all calls forced to reuse one pre-created temporary root
exit: 1
not ok 1 - F2 root is fresh
not ok 2 - F3 valid root is fresh
not ok 3 - F3 valid omits AGENTS marker file
not ok 4 - F3 invalid constructs successfully: An item with the specified name /var/folders/7z/hjmz6jdj4wb40srf64sl368w0000gn/T/t001-mutant-ps1.2Lj3ve/sdd already exists.
not ok 5 - F4 valid constructs successfully: Cannot find path '/var/folders/7z/hjmz6jdj4wb40srf64sl368w0000gn/T//t001-mutant-ps1.2Lj3ve' because it does not exist.
not ok 6 - F4 invalid constructs successfully: Cannot find path '/var/folders/7z/hjmz6jdj4wb40srf64sl368w0000gn/T//t001-mutant-ps1.2Lj3ve' because it does not exist.

M7 normalized/outside/registration assertion sentinels inverted
exit: 1
not ok 1 - F1 returns a physically normalized root
not ok 2 - F1 root is outside the real repository
not ok 3 - F2 returns a physically normalized root
not ok 4 - F2 root is outside the real repository
not ok 5 - F3 valid returns a physically normalized root
not ok 6 - F3 valid root is outside the real repository
not ok 7 - F3 invalid returns a physically normalized root
not ok 8 - F3 invalid root is outside the real repository
not ok 9 - F4 valid returns a physically normalized root
not ok 10 - F4 valid root is outside the real repository
not ok 11 - F4 invalid returns a physically normalized root
not ok 12 - F4 invalid root is outside the real repository
not ok 13 - legacy none marker-present returns a physically normalized root
not ok 14 - legacy none marker-present root is outside the real repository
not ok 15 - legacy none marker-absent returns a physically normalized root
not ok 16 - legacy none marker-absent root is outside the real repository
not ok 17 - legacy --full marker-present returns a physically normalized root
not ok 18 - legacy --full marker-present root is outside the real repository
not ok 19 - legacy --full marker-absent returns a physically normalized root
not ok 20 - legacy --full marker-absent root is outside the real repository
not ok 21 - legacy --lite marker-present returns a physically normalized root
not ok 22 - legacy --lite marker-present root is outside the real repository
not ok 23 - legacy --lite marker-absent returns a physically normalized root
not ok 24 - legacy --lite marker-absent root is outside the real repository
not ok 25 - sourced builder is not registered as an independent suite
RESULT: PASS=87 FAIL=25

M8 returned-directory existence assertion sentinel inverted
exit: 1
not ok 1 - F1 returns an existing directory
not ok 2 - F2 returns an existing directory
not ok 3 - F3 valid returns an existing directory
not ok 4 - F3 invalid returns an existing directory
not ok 5 - F4 valid returns an existing directory
not ok 6 - F4 invalid returns an existing directory
not ok 7 - legacy none marker-present returns an existing directory
not ok 8 - legacy none marker-absent returns an existing directory
not ok 9 - legacy --full marker-present returns an existing directory
not ok 10 - legacy --full marker-absent returns an existing directory
not ok 11 - legacy --lite marker-present returns an existing directory
not ok 12 - legacy --lite marker-absent returns an existing directory
RESULT: PASS=100 FAIL=12

M9 all invalid enum spellings added to the accepted-value arrays
exit: 1
not ok 1 - invalid argument tuple is rejected: unknown absent disabled-legacy valid none
not ok 2 - invalid argument tuple is rejected: Present absent disabled-legacy valid none
not ok 3 - invalid argument tuple is rejected: absent unknown disabled-legacy valid none
not ok 4 - invalid argument tuple is rejected: absent absent unknown valid none
not ok 5 - invalid argument tuple is rejected: absent absent disabled-legacy unknown none
not ok 6 - invalid argument tuple is rejected: absent absent disabled-legacy valid --unknown
not ok 7 - invalid argument tuple is rejected: absent absent disabled-legacy valid --FULL
RESULT: PASS=105 FAIL=7
reverted suite exit: 0
RESULT: PASS=112 FAIL=0

M10 sixth-argument test input changed to the valid five-argument tuple
exit: 1
not ok 1 - invalid argument tuple is rejected: absent absent disabled-legacy valid none
RESULT: PASS=111 FAIL=1
reverted suite exit: 0
RESULT: PASS=112 FAIL=0

All mutations reverted with apply_patch.
Restored suite exit: 0
RESULT: PASS=112 FAIL=0
