[RUN] project-context-schema.sh
PASS: TEST-001 positive fixture (full field coverage) validates
PASS: TEST-001 deleting required pointer /schema is rejected
PASS: TEST-001 deleting required pointer /workflow is rejected
PASS: TEST-001 deleting required pointer /workflow/spec_profile is rejected
PASS: TEST-001 deleting required pointer /workflow/artifact_layout is rejected
PASS: TEST-001 deleting required pointer /workflow/capability_enforcement is rejected
PASS: TEST-001 deleting required pointer /components/*/id is rejected
PASS: TEST-001 deleting required pointer /components/*/platform_targets/*/os is rejected
PASS: TEST-001 deleting required pointer /components/*/platform_targets/*/architecture is rejected
PASS: TEST-002 allowlist path artifact_kinds resolves to a schema field
PASS: TEST-002 allowlist path runtime_classes resolves to a schema field
PASS: TEST-002 allowlist path characteristics.pii resolves to a schema field
PASS: TEST-002 allowlist path characteristics.ui resolves to a schema field
PASS: TEST-002 allowlist path characteristics.auto_update resolves to a schema field
PASS: TEST-002 allowlist path characteristics.local_persistence resolves to a schema field
PASS: TEST-002 allowlist path distribution_channels resolves to a schema field
PASS: TEST-002 allowlist path data_classification resolves to a schema field
PASS: TEST-003 positive fixture with state_authority/credentials passthrough validates
PASS: TEST-003 deleting required pointer /schema is rejected
PASS: TEST-003 deleting required pointer /bindings is rejected
PASS: TEST-003 deleting required pointer /bindings/*/id is rejected
PASS: TEST-003 deleting required pointer /bindings/*/provider is rejected
PASS: TEST-003 deleting required pointer /bindings/*/product is rejected
PASS: TEST-003 deleting required pointer /bindings/*/purpose is rejected
PASS: TEST-004 no fixed Provider enum exists in the schema
PASS: TEST-004 invented provider string 'totally-invented-provider-xyz' validates
PASS: TEST-040 duplicate-id components[] fixture still passes plain JSON Schema (M18)
PASS: TEST-040 semantic-validator layer rejects duplicate components[].id (DUPLICATE_COMPONENT_ID)
PASS: TEST-040 duplicate-id bindings[] fixture still passes plain JSON Schema (M18)
PASS: TEST-040 semantic-validator layer rejects duplicate bindings[].id (DUPLICATE_BINDING_ID)
PASS: TEST-040 semantic-validator layer rejects a mismatched duplicate-id code for components[] (mutation proof)
PASS: TEST-040 semantic-validator layer rejects a mismatched duplicate-id code for bindings[] (mutation proof)
PASS: TEST-040 semantic-validator layer rejects an arbitrary bogus duplicate-id code (mutation proof)
PASS: TEST-041 bindings[] entry declaring adapter_paths validates
PASS: TEST-041 bindings[] entry with no adapter_paths also validates
PASS: TEST-042 project-context.template.yaml parses
PASS: TEST-042 project-context.template.yaml validates against the schema
PASS: TEST-042 shared_paths contains cross-cutting seed pattern 'specs/**'
PASS: TEST-042 shared_paths contains cross-cutting seed pattern 'reports/**'
PASS: TEST-042 shared_paths contains cross-cutting seed pattern 'docs/**'
PASS: TEST-042 shared_paths contains cross-cutting seed pattern '.github/**'
PASS: TEST-042 shared_paths contains cross-cutting seed pattern 'tests/fixtures/**'
PASS: TEST-042 shared_paths contains cross-cutting seed pattern 'CHANGELOG.md'
PASS: TEST-042 shared_paths contains exactly the six canonical seed patterns
PASS: 44
FAIL: 0
[RUN] project-context-schema.ps1
PASS: TEST-001 positive fixture (full field coverage) validates
PASS: TEST-001 deleting required pointer /schema is rejected
PASS: TEST-001 deleting required pointer /workflow is rejected
PASS: TEST-001 deleting required pointer /workflow/spec_profile is rejected
PASS: TEST-001 deleting required pointer /workflow/artifact_layout is rejected
PASS: TEST-001 deleting required pointer /workflow/capability_enforcement is rejected
PASS: TEST-001 deleting required pointer /components/*/id is rejected
PASS: TEST-001 deleting required pointer /components/*/platform_targets/*/os is rejected
PASS: TEST-001 deleting required pointer /components/*/platform_targets/*/architecture is rejected
PASS: TEST-002 allowlist path artifact_kinds resolves to a schema field
PASS: TEST-002 allowlist path runtime_classes resolves to a schema field
PASS: TEST-002 allowlist path characteristics.pii resolves to a schema field
PASS: TEST-002 allowlist path characteristics.ui resolves to a schema field
PASS: TEST-002 allowlist path characteristics.auto_update resolves to a schema field
PASS: TEST-002 allowlist path characteristics.local_persistence resolves to a schema field
PASS: TEST-002 allowlist path distribution_channels resolves to a schema field
PASS: TEST-002 allowlist path data_classification resolves to a schema field
PASS: TEST-003 positive fixture with state_authority/credentials passthrough validates
PASS: TEST-003 deleting required pointer /schema is rejected
PASS: TEST-003 deleting required pointer /bindings is rejected
PASS: TEST-003 deleting required pointer /bindings/*/id is rejected
PASS: TEST-003 deleting required pointer /bindings/*/provider is rejected
PASS: TEST-003 deleting required pointer /bindings/*/product is rejected
PASS: TEST-003 deleting required pointer /bindings/*/purpose is rejected
PASS: TEST-004 no fixed Provider enum exists in the schema
PASS: TEST-004 invented provider string 'totally-invented-provider-xyz' validates
PASS: TEST-040 duplicate-id components[] fixture still passes plain JSON Schema (M18)
PASS: TEST-040 semantic-validator layer rejects duplicate components[].id (DUPLICATE_COMPONENT_ID)
PASS: TEST-040 duplicate-id bindings[] fixture still passes plain JSON Schema (M18)
PASS: TEST-040 semantic-validator layer rejects duplicate bindings[].id (DUPLICATE_BINDING_ID)
PASS: TEST-040 semantic-validator layer rejects a mismatched duplicate-id code for components[] (mutation proof)
PASS: TEST-040 semantic-validator layer rejects a mismatched duplicate-id code for bindings[] (mutation proof)
PASS: TEST-040 semantic-validator layer rejects an arbitrary bogus duplicate-id code (mutation proof)
PASS: TEST-041 bindings[] entry declaring adapter_paths validates
PASS: TEST-041 bindings[] entry with no adapter_paths also validates
PASS: TEST-042 project-context.template.yaml parses
PASS: TEST-042 project-context.template.yaml validates against the schema
PASS: TEST-042 shared_paths contains cross-cutting seed pattern 'specs/**'
PASS: TEST-042 shared_paths contains cross-cutting seed pattern 'reports/**'
PASS: TEST-042 shared_paths contains cross-cutting seed pattern 'docs/**'
PASS: TEST-042 shared_paths contains cross-cutting seed pattern '.github/**'
PASS: TEST-042 shared_paths contains cross-cutting seed pattern 'tests/fixtures/**'
PASS: TEST-042 shared_paths contains cross-cutting seed pattern 'CHANGELOG.md'
PASS: TEST-042 shared_paths contains exactly the six canonical seed patterns
PASS: 44
FAIL: 0
[RUN] plugin-contracts-track-selection.sh
--- TEST-024/TEST-035P/TEST-039: live document conformance ---
PASS: PLUGIN-CONTRACTS.md: contract-block-present
PASS: PLUGIN-CONTRACTS.md: contract-table-exact
PASS: PLUGIN-CONTRACTS.md: handshake-block-present
PASS: PLUGIN-CONTRACTS.md: handshake-tokens
PASS: plugins/sdd-bootstrap/skills/bootstrap/SKILL.md: contract-block-present
PASS: plugins/sdd-bootstrap/skills/bootstrap/SKILL.md: contract-table-exact
PASS: plugins/sdd-bootstrap/skills/bootstrap/SKILL.md: handshake-block-present
PASS: plugins/sdd-bootstrap/skills/bootstrap/SKILL.md: handshake-tokens
PASS: plugins/sdd-bootstrap/skills/sdd-bootstrap-interviewer/SKILL.md: contract-block-present
PASS: plugins/sdd-bootstrap/skills/sdd-bootstrap-interviewer/SKILL.md: contract-table-exact
PASS: plugins/sdd-bootstrap/skills/sdd-bootstrap-interviewer/SKILL.md: handshake-block-present
PASS: plugins/sdd-bootstrap/skills/sdd-bootstrap-interviewer/SKILL.md: handshake-tokens
PASS: plugins/sdd-lite/skills/lite-gate/SKILL.md: contract-block-present
PASS: plugins/sdd-lite/skills/lite-gate/SKILL.md: contract-table-exact
PASS: plugins/sdd-lite/skills/lite-gate/SKILL.md: handshake-block-present
PASS: plugins/sdd-lite/skills/lite-gate/SKILL.md: handshake-tokens
PASS: specs/epic-189-a1-project-context/human-copy/plugins/sdd-ship/skills/ship/SKILL.md: contract-block-present
PASS: specs/epic-189-a1-project-context/human-copy/plugins/sdd-ship/skills/ship/SKILL.md: contract-table-exact
PASS: specs/epic-189-a1-project-context/human-copy/plugins/sdd-ship/skills/ship/SKILL.md: handshake-block-present
PASS: specs/epic-189-a1-project-context/human-copy/plugins/sdd-ship/skills/ship/SKILL.md: handshake-tokens
PASS: specs/epic-189-a1-project-context/human-copy/plugins/sdd-lite/skills/lite-spec/SKILL.md: contract-block-present
PASS: specs/epic-189-a1-project-context/human-copy/plugins/sdd-lite/skills/lite-spec/SKILL.md: contract-table-exact
PASS: specs/epic-189-a1-project-context/human-copy/plugins/sdd-lite/skills/lite-spec/SKILL.md: handshake-block-present
PASS: specs/epic-189-a1-project-context/human-copy/plugins/sdd-lite/skills/lite-spec/SKILL.md: handshake-tokens
PASS: PLUGIN-CONTRACTS.md: fallback-retitled
PASS: PLUGIN-CONTRACTS.md: fallback-after-contract
PASS: PLUGIN-CONTRACTS.md: fallback-steps
PASS: plugins/sdd-bootstrap/skills/sdd-bootstrap-interviewer/SKILL.md: gates-migrated
PASS: plugins/sdd-bootstrap/skills/sdd-bootstrap-interviewer/SKILL.md: legacy-gating-removed
--- TEST-026/TEST-039: fixture construction ---
PASS: TEST-026 fixture: the no-Context project's sdd/project-context.yaml is physically ABSENT
PASS: TEST-026 fixture: the full-profile project's sdd/project-context.yaml is physically PRESENT
PASS: TEST-039 fixture: the full-profile project's on-disk spec_profile reads 'full'
PASS: TEST-039 fixture: the lite-profile project's on-disk spec_profile reads 'lite'
PASS: TEST-039 fixture: the full-profile project's sidecar PASSES validate-approval-sidecar
PASS: TEST-039 fixture: the lite-profile project's sidecar PASSES validate-approval-sidecar
--- TEST-026: six independent present-but-invalid reasons ---
PASS: TEST-026 (1) missing sidecar file rejected (SIDECAR_UNREADABLE)
PASS: TEST-026 (2) content-schema violation rejected (CONTENT_SCHEMA_VIOLATION)
PASS: TEST-026 (3) hash mismatch rejected (HASH_MISMATCH)
PASS: TEST-026 (4) HMAC mismatch rejected (HMAC_MISMATCH)
PASS: TEST-026 (5) unregistered approver rejected (UNREGISTERED_APPROVER)
PASS: TEST-026 (6) not-yet-effective effective_at rejected (EFFECTIVE_AT_NOT_YET_REACHED)
PASS: TEST-026: the 'valid-full' invalid fixture is physically PRESENT (never absent)
PASS: TEST-026: the 'bad-schema' invalid fixture is physically PRESENT (never absent)
PASS: TEST-026: the 'not-yet-effective' invalid fixture is physically PRESENT (never absent)
--- TEST-039: six-case matrix x four documents ---
PASS: TEST-039 [PLUGIN-CONTRACTS.md] C1 physically absent -> COMPATIBILITY_FALLBACK
PASS: TEST-039 [PLUGIN-CONTRACTS.md] C2 present-but-invalid -> PROJECT_CONTEXT_INVALID
PASS: TEST-039 [PLUGIN-CONTRACTS.md] C3 lite + --full -> PROMOTE_FULL
PASS: TEST-039 [PLUGIN-CONTRACTS.md] C4 lite + --lite -> NO_OP_LITE
PASS: TEST-039 [PLUGIN-CONTRACTS.md] C5 full + --lite -> ERROR_STOP (never a silent downgrade)
PASS: TEST-039 [PLUGIN-CONTRACTS.md] C6 full + --full -> NO_OP_FULL
PASS: TEST-039 [plugins/sdd-bootstrap/skills/bootstrap/SKILL.md] C1 physically absent -> COMPATIBILITY_FALLBACK
PASS: TEST-039 [plugins/sdd-bootstrap/skills/bootstrap/SKILL.md] C2 present-but-invalid -> PROJECT_CONTEXT_INVALID
PASS: TEST-039 [plugins/sdd-bootstrap/skills/bootstrap/SKILL.md] C3 lite + --full -> PROMOTE_FULL
PASS: TEST-039 [plugins/sdd-bootstrap/skills/bootstrap/SKILL.md] C4 lite + --lite -> NO_OP_LITE
PASS: TEST-039 [plugins/sdd-bootstrap/skills/bootstrap/SKILL.md] C5 full + --lite -> ERROR_STOP (never a silent downgrade)
PASS: TEST-039 [plugins/sdd-bootstrap/skills/bootstrap/SKILL.md] C6 full + --full -> NO_OP_FULL
PASS: TEST-039 [plugins/sdd-bootstrap/skills/sdd-bootstrap-interviewer/SKILL.md] C1 physically absent -> COMPATIBILITY_FALLBACK
PASS: TEST-039 [plugins/sdd-bootstrap/skills/sdd-bootstrap-interviewer/SKILL.md] C2 present-but-invalid -> PROJECT_CONTEXT_INVALID
PASS: TEST-039 [plugins/sdd-bootstrap/skills/sdd-bootstrap-interviewer/SKILL.md] C3 lite + --full -> PROMOTE_FULL
PASS: TEST-039 [plugins/sdd-bootstrap/skills/sdd-bootstrap-interviewer/SKILL.md] C4 lite + --lite -> NO_OP_LITE
PASS: TEST-039 [plugins/sdd-bootstrap/skills/sdd-bootstrap-interviewer/SKILL.md] C5 full + --lite -> ERROR_STOP (never a silent downgrade)
PASS: TEST-039 [plugins/sdd-bootstrap/skills/sdd-bootstrap-interviewer/SKILL.md] C6 full + --full -> NO_OP_FULL
PASS: TEST-039 [plugins/sdd-lite/skills/lite-gate/SKILL.md] C1 physically absent -> COMPATIBILITY_FALLBACK
PASS: TEST-039 [plugins/sdd-lite/skills/lite-gate/SKILL.md] C2 present-but-invalid -> PROJECT_CONTEXT_INVALID
PASS: TEST-039 [plugins/sdd-lite/skills/lite-gate/SKILL.md] C3 lite + --full -> PROMOTE_FULL
PASS: TEST-039 [plugins/sdd-lite/skills/lite-gate/SKILL.md] C4 lite + --lite -> NO_OP_LITE
PASS: TEST-039 [plugins/sdd-lite/skills/lite-gate/SKILL.md] C5 full + --lite -> ERROR_STOP (never a silent downgrade)
PASS: TEST-039 [plugins/sdd-lite/skills/lite-gate/SKILL.md] C6 full + --full -> NO_OP_FULL
PASS: TEST-039 [specs/epic-189-a1-project-context/human-copy/plugins/sdd-ship/skills/ship/SKILL.md] C1 physically absent -> COMPATIBILITY_FALLBACK
PASS: TEST-039 [specs/epic-189-a1-project-context/human-copy/plugins/sdd-ship/skills/ship/SKILL.md] C2 present-but-invalid -> PROJECT_CONTEXT_INVALID
PASS: TEST-039 [specs/epic-189-a1-project-context/human-copy/plugins/sdd-ship/skills/ship/SKILL.md] C3 lite + --full -> PROMOTE_FULL
PASS: TEST-039 [specs/epic-189-a1-project-context/human-copy/plugins/sdd-ship/skills/ship/SKILL.md] C4 lite + --lite -> NO_OP_LITE
PASS: TEST-039 [specs/epic-189-a1-project-context/human-copy/plugins/sdd-ship/skills/ship/SKILL.md] C5 full + --lite -> ERROR_STOP (never a silent downgrade)
PASS: TEST-039 [specs/epic-189-a1-project-context/human-copy/plugins/sdd-ship/skills/ship/SKILL.md] C6 full + --full -> NO_OP_FULL
PASS: TEST-039 [specs/epic-189-a1-project-context/human-copy/plugins/sdd-lite/skills/lite-spec/SKILL.md] C1 physically absent -> COMPATIBILITY_FALLBACK
PASS: TEST-039 [specs/epic-189-a1-project-context/human-copy/plugins/sdd-lite/skills/lite-spec/SKILL.md] C2 present-but-invalid -> PROJECT_CONTEXT_INVALID
PASS: TEST-039 [specs/epic-189-a1-project-context/human-copy/plugins/sdd-lite/skills/lite-spec/SKILL.md] C3 lite + --full -> PROMOTE_FULL
PASS: TEST-039 [specs/epic-189-a1-project-context/human-copy/plugins/sdd-lite/skills/lite-spec/SKILL.md] C4 lite + --lite -> NO_OP_LITE
PASS: TEST-039 [specs/epic-189-a1-project-context/human-copy/plugins/sdd-lite/skills/lite-spec/SKILL.md] C5 full + --lite -> ERROR_STOP (never a silent downgrade)
PASS: TEST-039 [specs/epic-189-a1-project-context/human-copy/plugins/sdd-lite/skills/lite-spec/SKILL.md] C6 full + --full -> NO_OP_FULL
--- TEST-026: the two routes are genuinely distinct ---
PASS: TEST-026 [PLUGIN-CONTRACTS.md] the absent route and the present-but-invalid route resolve DIFFERENTLY
PASS: TEST-026 [plugins/sdd-bootstrap/skills/bootstrap/SKILL.md] the absent route and the present-but-invalid route resolve DIFFERENTLY
PASS: TEST-026 [plugins/sdd-bootstrap/skills/sdd-bootstrap-interviewer/SKILL.md] the absent route and the present-but-invalid route resolve DIFFERENTLY
PASS: TEST-026 [plugins/sdd-lite/skills/lite-gate/SKILL.md] the absent route and the present-but-invalid route resolve DIFFERENTLY
PASS: TEST-026 [specs/epic-189-a1-project-context/human-copy/plugins/sdd-ship/skills/ship/SKILL.md] the absent route and the present-but-invalid route resolve DIFFERENTLY
PASS: TEST-026 [specs/epic-189-a1-project-context/human-copy/plugins/sdd-lite/skills/lite-spec/SKILL.md] the absent route and the present-but-invalid route resolve DIFFERENTLY
--- TEST-MUT: mutation detection power ---
PASS: TEST-MUT baseline: the pristine document copy CONFORMS (mutations below are measurable)
PASS: TEST-MUT (1) routing C2 to the compatibility fallback is REJECTED (the B5 fail-open defect)
PASS: TEST-MUT (2) honoring --lite against a full profile is REJECTED (the ADR-0023 silent downgrade)
PASS: TEST-MUT (3) deleting the present-but-invalid case entirely is REJECTED
PASS: TEST-MUT (4) swapping the absent and present-but-invalid preconditions is REJECTED
PASS: TEST-MUT (5) demoting the four-case rule below the compatibility fallback is REJECTED (AC-024 ordering)
PASS: TEST-MUT (6) restoring a pre-migration AGENTS.md gate phrase is REJECTED
PASS: TEST-MUT (7) the silent-downgrade defect is caught in [plugins/sdd-bootstrap/skills/bootstrap/SKILL.md] specifically
PASS: TEST-MUT (8) the silent-downgrade defect is caught in [plugins/sdd-bootstrap/skills/sdd-bootstrap-interviewer/SKILL.md] specifically
PASS: TEST-MUT (9) the silent-downgrade defect is caught in [plugins/sdd-lite/skills/lite-gate/SKILL.md] specifically
PASS: TEST-MUT (10) the silent-downgrade defect is caught in [specs/epic-189-a1-project-context/human-copy/plugins/sdd-ship/skills/ship/SKILL.md] specifically
PASS: TEST-MUT (11) the silent-downgrade defect is caught in [specs/epic-189-a1-project-context/human-copy/plugins/sdd-lite/skills/lite-spec/SKILL.md] specifically
PASS: TEST-MUT (12) removing the handshake wiring is caught in [plugins/sdd-bootstrap/skills/bootstrap/SKILL.md] specifically
PASS: TEST-MUT (13) removing the handshake wiring is caught in [plugins/sdd-bootstrap/skills/sdd-bootstrap-interviewer/SKILL.md] specifically
PASS: TEST-MUT (14) removing the handshake wiring is caught in [plugins/sdd-lite/skills/lite-gate/SKILL.md] specifically
PASS: TEST-MUT (15) removing the handshake wiring is caught in [specs/epic-189-a1-project-context/human-copy/plugins/sdd-ship/skills/ship/SKILL.md] specifically
PASS: TEST-MUT (16) removing the handshake wiring is caught in [specs/epic-189-a1-project-context/human-copy/plugins/sdd-lite/skills/lite-spec/SKILL.md] specifically
--- self-registration ---
PASS: self-registration: tests/plugin-contracts-track-selection.tests.sh registered in tests/run-all.sh
PASS: self-registration: tests/plugin-contracts-track-selection.tests.ps1 registered in tests/run-all.ps1
PASS: self-registration: tests/plugin-contracts-track-selection.tests.ps1 twin exists
PASS: 106
FAIL: 0
[RUN] plugin-contracts-track-selection.ps1
--- TEST-024/TEST-035P/TEST-039: live document conformance ---
PASS: PLUGIN-CONTRACTS.md: contract-block-present
PASS: PLUGIN-CONTRACTS.md: contract-table-exact
PASS: plugins/sdd-bootstrap/skills/bootstrap/SKILL.md: contract-block-present
PASS: plugins/sdd-bootstrap/skills/bootstrap/SKILL.md: contract-table-exact
PASS: plugins/sdd-bootstrap/skills/sdd-bootstrap-interviewer/SKILL.md: contract-block-present
PASS: plugins/sdd-bootstrap/skills/sdd-bootstrap-interviewer/SKILL.md: contract-table-exact
PASS: plugins/sdd-lite/skills/lite-gate/SKILL.md: contract-block-present
PASS: plugins/sdd-lite/skills/lite-gate/SKILL.md: contract-table-exact
PASS: specs/epic-189-a1-project-context/human-copy/plugins/sdd-ship/skills/ship/SKILL.md: contract-block-present
PASS: specs/epic-189-a1-project-context/human-copy/plugins/sdd-ship/skills/ship/SKILL.md: contract-table-exact
PASS: specs/epic-189-a1-project-context/human-copy/plugins/sdd-lite/skills/lite-spec/SKILL.md: contract-block-present
PASS: specs/epic-189-a1-project-context/human-copy/plugins/sdd-lite/skills/lite-spec/SKILL.md: contract-table-exact
PASS: PLUGIN-CONTRACTS.md: handshake-block-present
PASS: PLUGIN-CONTRACTS.md: handshake-tokens
PASS: plugins/sdd-bootstrap/skills/bootstrap/SKILL.md: handshake-block-present
PASS: plugins/sdd-bootstrap/skills/bootstrap/SKILL.md: handshake-tokens
PASS: plugins/sdd-bootstrap/skills/sdd-bootstrap-interviewer/SKILL.md: handshake-block-present
PASS: plugins/sdd-bootstrap/skills/sdd-bootstrap-interviewer/SKILL.md: handshake-tokens
PASS: plugins/sdd-lite/skills/lite-gate/SKILL.md: handshake-block-present
PASS: plugins/sdd-lite/skills/lite-gate/SKILL.md: handshake-tokens
PASS: specs/epic-189-a1-project-context/human-copy/plugins/sdd-ship/skills/ship/SKILL.md: handshake-block-present
PASS: specs/epic-189-a1-project-context/human-copy/plugins/sdd-ship/skills/ship/SKILL.md: handshake-tokens
PASS: specs/epic-189-a1-project-context/human-copy/plugins/sdd-lite/skills/lite-spec/SKILL.md: handshake-block-present
PASS: specs/epic-189-a1-project-context/human-copy/plugins/sdd-lite/skills/lite-spec/SKILL.md: handshake-tokens
PASS: PLUGIN-CONTRACTS.md: fallback-retitled
PASS: PLUGIN-CONTRACTS.md: fallback-after-contract
PASS: PLUGIN-CONTRACTS.md: fallback-steps
PASS: plugins/sdd-bootstrap/skills/sdd-bootstrap-interviewer/SKILL.md: gates-migrated
PASS: plugins/sdd-bootstrap/skills/sdd-bootstrap-interviewer/SKILL.md: legacy-gating-removed
--- TEST-026/TEST-039: fixture construction ---
PASS: TEST-026 fixture: the no-Context project's sdd/project-context.yaml is physically ABSENT
PASS: TEST-026 fixture: the full-profile project's sdd/project-context.yaml is physically PRESENT
PASS: TEST-039 fixture: the full-profile project's on-disk spec_profile reads 'full'
PASS: TEST-039 fixture: the lite-profile project's on-disk spec_profile reads 'lite'
PASS: TEST-039 fixture: the full-profile project's sidecar PASSES validate-approval-sidecar
PASS: TEST-039 fixture: the lite-profile project's sidecar PASSES validate-approval-sidecar
--- TEST-026: six independent present-but-invalid reasons ---
PASS: TEST-026 (1) missing sidecar file rejected (SIDECAR_UNREADABLE)
PASS: TEST-026 (2) content-schema violation rejected (CONTENT_SCHEMA_VIOLATION)
PASS: TEST-026 (3) hash mismatch rejected (HASH_MISMATCH)
PASS: TEST-026 (4) HMAC mismatch rejected (HMAC_MISMATCH)
PASS: TEST-026 (5) unregistered approver rejected (UNREGISTERED_APPROVER)
PASS: TEST-026 (6) not-yet-effective effective_at rejected (EFFECTIVE_AT_NOT_YET_REACHED)
PASS: TEST-026: the 'valid-full' invalid fixture is physically PRESENT (never absent)
PASS: TEST-026: the 'bad-schema' invalid fixture is physically PRESENT (never absent)
PASS: TEST-026: the 'not-yet-effective' invalid fixture is physically PRESENT (never absent)
--- TEST-039: six-case matrix x four documents ---
PASS: TEST-039 [PLUGIN-CONTRACTS.md] C1 physically absent -> COMPATIBILITY_FALLBACK
PASS: TEST-039 [PLUGIN-CONTRACTS.md] C2 present-but-invalid -> PROJECT_CONTEXT_INVALID
PASS: TEST-039 [PLUGIN-CONTRACTS.md] C3 lite + --full -> PROMOTE_FULL
PASS: TEST-039 [PLUGIN-CONTRACTS.md] C4 lite + --lite -> NO_OP_LITE
PASS: TEST-039 [PLUGIN-CONTRACTS.md] C5 full + --lite -> ERROR_STOP (never a silent downgrade)
PASS: TEST-039 [PLUGIN-CONTRACTS.md] C6 full + --full -> NO_OP_FULL
PASS: TEST-039 [plugins/sdd-bootstrap/skills/bootstrap/SKILL.md] C1 physically absent -> COMPATIBILITY_FALLBACK
PASS: TEST-039 [plugins/sdd-bootstrap/skills/bootstrap/SKILL.md] C2 present-but-invalid -> PROJECT_CONTEXT_INVALID
PASS: TEST-039 [plugins/sdd-bootstrap/skills/bootstrap/SKILL.md] C3 lite + --full -> PROMOTE_FULL
PASS: TEST-039 [plugins/sdd-bootstrap/skills/bootstrap/SKILL.md] C4 lite + --lite -> NO_OP_LITE
PASS: TEST-039 [plugins/sdd-bootstrap/skills/bootstrap/SKILL.md] C5 full + --lite -> ERROR_STOP (never a silent downgrade)
PASS: TEST-039 [plugins/sdd-bootstrap/skills/bootstrap/SKILL.md] C6 full + --full -> NO_OP_FULL
PASS: TEST-039 [plugins/sdd-bootstrap/skills/sdd-bootstrap-interviewer/SKILL.md] C1 physically absent -> COMPATIBILITY_FALLBACK
PASS: TEST-039 [plugins/sdd-bootstrap/skills/sdd-bootstrap-interviewer/SKILL.md] C2 present-but-invalid -> PROJECT_CONTEXT_INVALID
PASS: TEST-039 [plugins/sdd-bootstrap/skills/sdd-bootstrap-interviewer/SKILL.md] C3 lite + --full -> PROMOTE_FULL
PASS: TEST-039 [plugins/sdd-bootstrap/skills/sdd-bootstrap-interviewer/SKILL.md] C4 lite + --lite -> NO_OP_LITE
PASS: TEST-039 [plugins/sdd-bootstrap/skills/sdd-bootstrap-interviewer/SKILL.md] C5 full + --lite -> ERROR_STOP (never a silent downgrade)
PASS: TEST-039 [plugins/sdd-bootstrap/skills/sdd-bootstrap-interviewer/SKILL.md] C6 full + --full -> NO_OP_FULL
PASS: TEST-039 [plugins/sdd-lite/skills/lite-gate/SKILL.md] C1 physically absent -> COMPATIBILITY_FALLBACK
PASS: TEST-039 [plugins/sdd-lite/skills/lite-gate/SKILL.md] C2 present-but-invalid -> PROJECT_CONTEXT_INVALID
PASS: TEST-039 [plugins/sdd-lite/skills/lite-gate/SKILL.md] C3 lite + --full -> PROMOTE_FULL
PASS: TEST-039 [plugins/sdd-lite/skills/lite-gate/SKILL.md] C4 lite + --lite -> NO_OP_LITE
PASS: TEST-039 [plugins/sdd-lite/skills/lite-gate/SKILL.md] C5 full + --lite -> ERROR_STOP (never a silent downgrade)
PASS: TEST-039 [plugins/sdd-lite/skills/lite-gate/SKILL.md] C6 full + --full -> NO_OP_FULL
PASS: TEST-039 [specs/epic-189-a1-project-context/human-copy/plugins/sdd-ship/skills/ship/SKILL.md] C1 physically absent -> COMPATIBILITY_FALLBACK
PASS: TEST-039 [specs/epic-189-a1-project-context/human-copy/plugins/sdd-ship/skills/ship/SKILL.md] C2 present-but-invalid -> PROJECT_CONTEXT_INVALID
PASS: TEST-039 [specs/epic-189-a1-project-context/human-copy/plugins/sdd-ship/skills/ship/SKILL.md] C3 lite + --full -> PROMOTE_FULL
PASS: TEST-039 [specs/epic-189-a1-project-context/human-copy/plugins/sdd-ship/skills/ship/SKILL.md] C4 lite + --lite -> NO_OP_LITE
PASS: TEST-039 [specs/epic-189-a1-project-context/human-copy/plugins/sdd-ship/skills/ship/SKILL.md] C5 full + --lite -> ERROR_STOP (never a silent downgrade)
PASS: TEST-039 [specs/epic-189-a1-project-context/human-copy/plugins/sdd-ship/skills/ship/SKILL.md] C6 full + --full -> NO_OP_FULL
PASS: TEST-039 [specs/epic-189-a1-project-context/human-copy/plugins/sdd-lite/skills/lite-spec/SKILL.md] C1 physically absent -> COMPATIBILITY_FALLBACK
PASS: TEST-039 [specs/epic-189-a1-project-context/human-copy/plugins/sdd-lite/skills/lite-spec/SKILL.md] C2 present-but-invalid -> PROJECT_CONTEXT_INVALID
PASS: TEST-039 [specs/epic-189-a1-project-context/human-copy/plugins/sdd-lite/skills/lite-spec/SKILL.md] C3 lite + --full -> PROMOTE_FULL
PASS: TEST-039 [specs/epic-189-a1-project-context/human-copy/plugins/sdd-lite/skills/lite-spec/SKILL.md] C4 lite + --lite -> NO_OP_LITE
PASS: TEST-039 [specs/epic-189-a1-project-context/human-copy/plugins/sdd-lite/skills/lite-spec/SKILL.md] C5 full + --lite -> ERROR_STOP (never a silent downgrade)
PASS: TEST-039 [specs/epic-189-a1-project-context/human-copy/plugins/sdd-lite/skills/lite-spec/SKILL.md] C6 full + --full -> NO_OP_FULL
--- TEST-026: the two routes are genuinely distinct ---
PASS: TEST-026 [PLUGIN-CONTRACTS.md] the absent route and the present-but-invalid route resolve DIFFERENTLY
PASS: TEST-026 [plugins/sdd-bootstrap/skills/bootstrap/SKILL.md] the absent route and the present-but-invalid route resolve DIFFERENTLY
PASS: TEST-026 [plugins/sdd-bootstrap/skills/sdd-bootstrap-interviewer/SKILL.md] the absent route and the present-but-invalid route resolve DIFFERENTLY
PASS: TEST-026 [plugins/sdd-lite/skills/lite-gate/SKILL.md] the absent route and the present-but-invalid route resolve DIFFERENTLY
PASS: TEST-026 [specs/epic-189-a1-project-context/human-copy/plugins/sdd-ship/skills/ship/SKILL.md] the absent route and the present-but-invalid route resolve DIFFERENTLY
PASS: TEST-026 [specs/epic-189-a1-project-context/human-copy/plugins/sdd-lite/skills/lite-spec/SKILL.md] the absent route and the present-but-invalid route resolve DIFFERENTLY
--- TEST-MUT: mutation detection power ---
PASS: TEST-MUT baseline: the pristine document copy CONFORMS (mutations below are measurable)
PASS: TEST-MUT (1) routing C2 to the compatibility fallback is REJECTED (the B5 fail-open defect)
PASS: TEST-MUT (2) honoring --lite against a full profile is REJECTED (the ADR-0023 silent downgrade)
PASS: TEST-MUT (3) deleting the present-but-invalid case entirely is REJECTED
PASS: TEST-MUT (4) swapping the absent and present-but-invalid preconditions is REJECTED
PASS: TEST-MUT (5) demoting the four-case rule below the compatibility fallback is REJECTED (AC-024 ordering)
PASS: TEST-MUT (6) restoring a pre-migration AGENTS.md gate phrase is REJECTED
PASS: TEST-MUT (7) the silent-downgrade defect is caught in [plugins/sdd-bootstrap/skills/bootstrap/SKILL.md] specifically
PASS: TEST-MUT (8) the silent-downgrade defect is caught in [plugins/sdd-bootstrap/skills/sdd-bootstrap-interviewer/SKILL.md] specifically
PASS: TEST-MUT (9) the silent-downgrade defect is caught in [plugins/sdd-lite/skills/lite-gate/SKILL.md] specifically
PASS: TEST-MUT (10) the silent-downgrade defect is caught in [specs/epic-189-a1-project-context/human-copy/plugins/sdd-ship/skills/ship/SKILL.md] specifically
PASS: TEST-MUT (11) the silent-downgrade defect is caught in [specs/epic-189-a1-project-context/human-copy/plugins/sdd-lite/skills/lite-spec/SKILL.md] specifically
PASS: TEST-MUT (12) removing the handshake wiring is caught in [plugins/sdd-bootstrap/skills/bootstrap/SKILL.md] specifically
PASS: TEST-MUT (13) removing the handshake wiring is caught in [plugins/sdd-bootstrap/skills/sdd-bootstrap-interviewer/SKILL.md] specifically
PASS: TEST-MUT (14) removing the handshake wiring is caught in [plugins/sdd-lite/skills/lite-gate/SKILL.md] specifically
PASS: TEST-MUT (15) removing the handshake wiring is caught in [specs/epic-189-a1-project-context/human-copy/plugins/sdd-ship/skills/ship/SKILL.md] specifically
PASS: TEST-MUT (16) removing the handshake wiring is caught in [specs/epic-189-a1-project-context/human-copy/plugins/sdd-lite/skills/lite-spec/SKILL.md] specifically
--- self-registration ---
PASS: self-registration: tests/plugin-contracts-track-selection.tests.sh registered in tests/run-all.sh
PASS: self-registration: tests/plugin-contracts-track-selection.tests.ps1 registered in tests/run-all.ps1
PASS: self-registration: tests/plugin-contracts-track-selection.tests.sh twin exists
PASS: 106
FAIL: 0
[RUN] loop-driver.sh
=== TEST-005: loop_fixture_init (greenfield + brownfield) ===
ok: TEST-005.1: loop_fixture_init greenfield succeeds
ok: TEST-005.2: greenfield fixture root (/private/var/folders/7z/hjmz6jdj4wb40srf64sl368w0000gn/T/loop-fixture.fYBG96) lies outside the repository working tree
ok: TEST-005.3: greenfield genesis identity-ledger has exactly one well-formed record
ok: TEST-005.4: genesis record hash matches the canonical INV-006 formula (validate-review-context-set.sh:245)
ok: TEST-005.5: loop_fixture_init writes no real repository path for the fixture feature
ok: TEST-005.6: loop_fixture_init brownfield succeeds
ok: TEST-005.7: brownfield fixture copies the caller-supplied seed content
ok: TEST-005.8: brownfield fixture also synthesizes the genesis identity-ledger
ok: TEST-005.9 (negative self-check): an unknown fixture profile fails loop_fixture_init
=== TEST-006: drive_review_round (spec-review rounds 1->3) ===
ok: TEST-006.1: drive_review_round spec attempt 1 round 1 (NEEDS_WORK/Major) succeeds
ok: TEST-006.2: round-1 contract records verdict NEEDS_WORK
ok: TEST-006.3: drive_review_round spec attempt 1 round 2 (NEEDS_WORK/Major) succeeds
ok: TEST-006.4: drive_review_round spec attempt 1 round 3 (PASS/Minor) succeeds
ok: TEST-006.5: round-3 contract records verdict PASS with warningCount 1 (Minor-only)
ok: TEST-006.6: assert_prior_round_complete recognizes round-1's genuine on-disk output set
ok: TEST-006.7 (negative self-check): a manifest referencing a nonexistent artifact (missing spec-review-contract.json) turns assert_prior_round_complete red
=== TEST-007: assert_artifacts_schema / assert_terminal ===
ok: TEST-007.1: assert_artifacts_schema passes on genuine, inventory-registered artifact schemas
ok: TEST-007.2 (negative self-check): a jq-mutated artifact schema turns assert_artifacts_schema red
ok: TEST-007.3: assert_terminal confirms spec-review's genuine PASS state matches the inventory
ok: TEST-007.4 (negative self-check): an end state contradicting the inventory (BLOCKED vs PASS) turns assert_terminal red
=== TEST-017: runtime budget (LOOP_SUITE_BUDGET_SECONDS=300) ===
ok: TEST-017.1 (negative self-check): forcing the runtime budget to 0 turns the assertion red
ok: TEST-017.2: suite completed within the 300s runtime budget

loop-driver.tests.sh: 22 passed, 0 failed, 2s elapsed
[RUN] loop-driver.ps1
=== TEST-005: loop_fixture_init (greenfield + brownfield) ===
ok: TEST-005.1: loop_fixture_init greenfield succeeds
ok: TEST-005.2: greenfield fixture root (/var/folders/7z/hjmz6jdj4wb40srf64sl368w0000gn/T/loop-fixture.15b7237b30ce45608c2a681c1720d67f) lies outside the repository working tree
ok: TEST-005.3: greenfield genesis identity-ledger has exactly one well-formed record
ok: TEST-005.4: genesis record hash matches the canonical INV-006 formula (validate-review-context-set.ps1)
ok: TEST-005.5: loop_fixture_init writes no real repository path for the fixture feature
ok: TEST-005.6: loop_fixture_init brownfield succeeds
ok: TEST-005.7: brownfield fixture copies the caller-supplied seed content
ok: TEST-005.8: brownfield fixture also synthesizes the genesis identity-ledger
ok: TEST-005.9 (negative self-check): an unknown fixture profile fails loop_fixture_init
=== TEST-006: drive_review_round (spec-review rounds 1->3) ===
REVIEW_CONTEXT_OK 9d905b3f61b815cf51a7f73ca113bb4ecbfd1c206bcb575f27c699882731c593
REVIEW_CONTEXT_OK e759fc5aeb4be8efcbdd1539b7d8f179013598ee0ba68e61f9fc2d83a2e1e620
ok: TEST-006.1: drive_review_round spec attempt 1 round 1 (NEEDS_WORK/Major) succeeds
ok: TEST-006.2: round-1 contract records verdict NEEDS_WORK
REVIEW_CONTEXT_OK 85f101abc3c0cdb339ad4897546c2ee70fb39e39cc43623852e255537fdea849
REVIEW_CONTEXT_OK f323286f285d973ae1fa587bb8e8589f237f26ea6cf802a7bcce4d21dc0ef5c7
ok: TEST-006.3: drive_review_round spec attempt 1 round 2 (NEEDS_WORK/Major) succeeds
REVIEW_CONTEXT_OK 11e80d9fb6377b64bed711fa8ab2b304d21e5d0f759fa4c5b10adf2326166e7c
REVIEW_CONTEXT_OK 561d713550195145edf7ac27b902bfeda0441dcbfd997e8c6ba466536da24a0e
ok: TEST-006.4: drive_review_round spec attempt 1 round 3 (PASS/Minor) succeeds
ok: TEST-006.5: round-3 contract records verdict PASS with warningCount 1 (Minor-only)
ok: TEST-006.6: assert_prior_round_complete recognizes round-1's genuine on-disk output set
ok: TEST-006.7 (negative self-check): a manifest referencing a nonexistent artifact (missing spec-review-contract.json) turns assert_prior_round_complete red
=== TEST-007: assert_artifacts_schema / assert_terminal ===
ok: TEST-007.1: assert_artifacts_schema passes on genuine, inventory-registered artifact schemas
ok: TEST-007.2 (negative self-check): a jq-mutated artifact schema turns assert_artifacts_schema red
ok: TEST-007.3: assert_terminal confirms spec-review's genuine PASS state matches the inventory
ok: TEST-007.4 (negative self-check): an end state contradicting the inventory (BLOCKED vs PASS) turns assert_terminal red
=== TEST-017: runtime budget (LOOP_SUITE_BUDGET_SECONDS=300) ===
ok: TEST-017.1 (negative self-check): forcing the runtime budget to 0 turns the assertion red
ok: TEST-017.2: suite completed within the 300s runtime budget

loop-driver.tests.ps1: 22 passed, 0 failed, 3s elapsed
TARGETED RESULT: PASS=6 FAIL=0
