HEADER: COMPENSATING RED CAPTURE for risk-adaptive-layer T-007, taken
2026-08-26 against the CURRENT suites. NOT the original red -- none was
preserved, because the per-task cycle was never run for this task (PR #16,
merge 4a215ed, 2026-06-14). Authorized by
`docs/review-tickets/RT-20260826-002-waiver-t007-red-log.md`.

T-007 delivers TWO independent controls, so this capture carries TWO
mutations, each applied to BOTH runtime twins simultaneously in a clone-based
scratch tree. Mutating only the sh master was tried first and REJECTED as
unsound: the ps1 suite exercises the ps1 implementation, so it stayed green
and the differential would have proved nothing about that half.

MUTATION A -- evidence signing (T-007a):
  check-evidence-bundle.sh  : the hmac.compare_digest guard -> a constant false
  check-evidence-bundle.ps1 : the OrdinalIgnoreCase comparison guard -> $false
  RESULT sh  : exit 1, PASS 160 / FAIL 1
               FAIL: T-007a.3: should fail with HMAC mismatch.
  RESULT ps1 : exit 1, aborts by throw at scripts.tests.ps1:2203, raised by
               assertion T-007a.3 (the ps1 harness throws on the first failed
               assertion instead of tallying, so it stops there)

MUTATION B -- two-person approval (T-007b):
  check-task-state.sh       : the distinct-approver guard -> a constant false
  check-task-state.ps1      : the same guard -> $false
  RESULT sh  : exit 1, PASS 160 / FAIL 1
               FAIL: T-007b.3: should report need for two distinct approvers
  RESULT ps1 : exit 1, aborts by throw at scripts.tests.ps1:2500, raised by
               assertion T-007b.3

Both mutations were reverted between phases and the tree re-run: sh returned
to exit 0 / PASS 161 / FAIL 0 and ps1 to exit 0, so neither red is a residue
of the other and neither is a broken tree.

Each mutation reddens exactly ONE assertion, and the SAME id on both runtimes.
That is the property this differential exists to establish: the delivered
enforcement is load-bearing, it is load-bearing on both twins, and the
assertions guarding it are not vacuous.

--- sh body, MUTATION A ---
=== T-007a: evidence bundle signing (critical risk) ===
ok: T-007a.1a: generate-evidence-bundle succeeds for critical with key
ok: T-007a.1b: critical bundle file created
ok: T-007a.1c: critical bundle contains signature field
ok: T-007a.1d: check-evidence-bundle passes on critical with matching key
ok: T-007a.2: critical bundle without signature fails check
FAIL: T-007a.3: should fail with HMAC mismatch. Got: Verification contract passed for task T-200.
ok: T-007a.4: sigstore without SIGSTORE_VERIFIED env fails
ok: T-007a.5: sigstore with SIGSTORE_VERIFIED env passes
ok: T-007a.6: verify without key fails
ok: T-007a.7: critical with dirty tree fails
ok: T-007a.8: generate critical without key fails
ok: T-007a.9: high-risk bundle without signature still passes
ok: T-007a.10: legacy bundle without risk field still passes
=== T-007b: Two-Person Approval (Critical Risk) ===
ok: T-007b.1: critical Done without Second Approval fails with correct message
ok: T-007b.2: critical Done with bare primary Approval fails (needs named)
ok: T-007b.3: critical Done with same approver fails
ok: T-007b.4: critical Done with sudo primary approver fails
ok: T-007b.5: critical Done with alice + bob passes two-person rule
ok: T-007b.6: non-critical Done without Second Approval passes (no enforcement)
ok: T-007b.7: named Approval format accepted (not invalid)
ok: T-007b.8: sudo Approval format still accepted (backward compat)

====== Test Summary ======
PASS: 160
FAIL: 1
==========================

--- sh body, MUTATION B ---
=== T-007a: evidence bundle signing (critical risk) ===
ok: T-007a.1a: generate-evidence-bundle succeeds for critical with key
ok: T-007a.1b: critical bundle file created
ok: T-007a.1c: critical bundle contains signature field
ok: T-007a.1d: check-evidence-bundle passes on critical with matching key
ok: T-007a.2: critical bundle without signature fails check
ok: T-007a.3: tampered git_commit fails HMAC check
ok: T-007a.4: sigstore without SIGSTORE_VERIFIED env fails
ok: T-007a.5: sigstore with SIGSTORE_VERIFIED env passes
ok: T-007a.6: verify without key fails
ok: T-007a.7: critical with dirty tree fails
ok: T-007a.8: generate critical without key fails
ok: T-007a.9: high-risk bundle without signature still passes
ok: T-007a.10: legacy bundle without risk field still passes
=== T-007b: Two-Person Approval (Critical Risk) ===
ok: T-007b.1: critical Done without Second Approval fails with correct message
ok: T-007b.2: critical Done with bare primary Approval fails (needs named)
FAIL: T-007b.3: should report need for two distinct approvers
ok: T-007b.4: critical Done with sudo primary approver fails
ok: T-007b.5: critical Done with alice + bob passes two-person rule
ok: T-007b.6: non-critical Done without Second Approval passes (no enforcement)
ok: T-007b.7: named Approval format accepted (not invalid)
ok: T-007b.8: sudo Approval format still accepted (backward compat)

====== Test Summary ======
PASS: 160
FAIL: 1
==========================

--- ADDENDUM 2026-08-28: MUTATION C, the third control ---

MUTATION C -- Second Approval hook guard, all THREE guard twins at once:
  sdd-hook-guard.py  : SECOND_APPROVAL_RE pattern made non-matching
  sdd-hook-guard.js  : the same constant, same change
  sdd-hook-guard.ps1 : all THREE inline occurrences of the pattern (it carries
                       literals rather than one constant; changing fewer than
                       three would have left a detection path alive)

  RESULT sh  (tests/guards.tests.sh)   : exit 1, 3 failures, every one a
               Second Approval assertion, across the sh, py and node twins
  RESULT ps1 (tests/hooks.tests.ps1)   : exit 1, 1 failure

FAIL: sh sudo: Second Approval must be denied under sudo (expected 2, got 0)
FAIL: py sudo: Second Approval must be denied under sudo (expected 2, got 0)
FAIL: node sudo: Second Approval must be denied under sudo (expected 2, got 0)
FAIL: ps sudo: Second Approval denied even with valid sudo (exit 2) -- sudo does NOT bypass

Restored and re-run: both suites exit 0 again.

The property this establishes is the one the guard exists for: the failures are
all on the SUDO path. A valid sudo token does not bypass the Second Approval
mark, and if detection is removed, that is exactly what breaks.
