=== TEST-001: inventory schema + registration forcing ===
ok: TEST-001.0: loop-inventory.json exists at /Users/jrmag/Projects/active/sdd-forge-wt-epic-195/tests/loops/loop-inventory.json
ok: TEST-001.1: schema field is loop-inventory/v1
ok: TEST-001.2: inventory carries exactly eight loop entries
ok: TEST-001.3: plugins/sdd-domain/scripts/domain-review-precheck.sh is registered in some entry's driver_scripts
ok: TEST-001.3: plugins/sdd-review-loop/scripts/impl-review-precheck.sh is registered in some entry's driver_scripts
ok: TEST-001.3: plugins/sdd-review-loop/scripts/spec-review-precheck.sh is registered in some entry's driver_scripts
ok: TEST-001.3: plugins/sdd-review-loop/scripts/task-review-precheck.sh is registered in some entry's driver_scripts
ok: TEST-001.4: stage:role pair spec:spec-reviewer-a maps to inventory entry spec-review
ok: TEST-001.4: stage:role pair spec:spec-reviewer-b maps to inventory entry spec-review
ok: TEST-001.4: stage:role pair impl:impl-reviewer-a maps to inventory entry impl-review
ok: TEST-001.4: stage:role pair impl:impl-reviewer-b maps to inventory entry impl-review
ok: TEST-001.4: stage:role pair task:task-reviewer-a maps to inventory entry task-review
ok: TEST-001.4: stage:role pair task:task-reviewer-b maps to inventory entry task-review
ok: TEST-001.4: stage:role pair quality:sdd-evaluator maps to inventory entry quality-gate
ok: TEST-001.4: stage:role pair domain:domain-reviewer-a maps to inventory entry domain-review
ok: TEST-001.4: stage:role pair domain:domain-reviewer-b maps to inventory entry domain-review
ok: TEST-001.5: cross_gates path exists: plugins/sdd-quality-loop/scripts/validate-review-context-set.sh
ok: TEST-001.5: cross_gates path exists: plugins/sdd-quality-loop/scripts/validate-review-context-set.sh
ok: TEST-001.5: cross_gates path exists: plugins/sdd-quality-loop/scripts/validate-review-context-set.sh
ok: TEST-001.5: cross_gates path exists: plugins/sdd-quality-loop/scripts/validate-review-context-set.sh
ok: TEST-001.5: cross_gates path exists: plugins/sdd-quality-loop/scripts/validate-review-context-set.sh
ok: TEST-001.5: cross_gates path exists: plugins/sdd-quality-loop/scripts/check-task-state.sh
ok: TEST-001.5: cross_gates path exists: plugins/sdd-quality-loop/scripts/check-evidence-bundle.sh
ok: TEST-001.5: cross_gates path exists: plugins/sdd-implementation/scripts/select-agent-model.sh
ok: TEST-001.6 (negative self-check): removing a registered entry turns registration validation red
=== TEST-002: numeric cap-drift lock (cap_source:script + cap_kind:numeric) ===
ok: TEST-002.1: spec-review cap value greps to its driver source's limit
ok: TEST-002.1: domain-review cap value greps to its driver source's limit
ok: TEST-002.1: quality-gate cap value greps to its driver source's limit
ok: TEST-002.2: terminal-tier is cap_kind:state and excluded from the numeric grep
ok: TEST-002.3: exactly one cap_kind:state entry exists in the inventory
ok: TEST-002.4 (negative self-check): a mutated cap value turns the drift lock red
=== TEST-003: skill-instruction exemption + fixture_profiles vocabulary lock ===
ok: TEST-003.1: impl-review carries no cap_kind field (skill-instruction is exempt from the numeric grep)
ok: TEST-003.1: task-review carries no cap_kind field (skill-instruction is exempt from the numeric grep)
ok: TEST-003.1: wfi-audit carries no cap_kind field (skill-instruction is exempt from the numeric grep)
ok: TEST-003.1: hitl-diagnosis carries no cap_kind field (skill-instruction is exempt from the numeric grep)
ok: TEST-003.2: wfi-audit carries cap_source:skill-instruction and driver_scripts: []
ok: TEST-003.2: hitl-diagnosis carries cap_source:skill-instruction and driver_scripts: []
ok: TEST-003.3: every fixture_profiles value is greenfield or brownfield
ok: TEST-003.4: every entry declares a non-empty fixture_profiles list
=== TEST-004: registration forcing (run-all.sh / run-all.ps1 / test.yml) ===
ok: TEST-004.1: loop-inventory.tests.sh is registered in run-all.sh and test.yml
ok: TEST-004.2: loop-inventory.tests.ps1 is registered in run-all.ps1 and test.yml
ok: TEST-004.1: loop-driver.tests.sh is registered in run-all.sh and test.yml
ok: TEST-004.2: loop-driver.tests.ps1 is registered in run-all.ps1 and test.yml
ok: TEST-004.1: loop-consistency.tests.sh is registered in run-all.sh and test.yml
ok: TEST-004.2: loop-consistency.tests.ps1 is registered in run-all.ps1 and test.yml
ok: TEST-004.1: loop-escalation.tests.sh is registered in run-all.sh and test.yml
ok: TEST-004.2: loop-escalation.tests.ps1 is registered in run-all.ps1 and test.yml
=== TEST-008: quality-gate capability applicability ===
ok: TEST-008.1: a pre-epic-195 copy without capability_applicability remains base-valid
FAIL: TEST-008.2: quality-gate does not carry the exact three-state applicability mapping
ok: TEST-008.3 (negative self-check): an incorrect applicability value is rejected
=== TEST-009: event trace API + legacy helper non-regression ===
ok: TEST-009.1: assert_artifacts_schema remains byte-identical
ok: TEST-009.2: assert_terminal remains byte-identical
ok: TEST-009.3 (negative self-check): a deliberately changed legacy function is rejected
FAIL: TEST-009.4: _loop_trace_emit is unavailable
FAIL: TEST-009.4: assert_capability_applicability is unavailable
FAIL: TEST-009.4: assert_event_trace is unavailable
=== TEST-017: runtime budget (LOOP_SUITE_BUDGET_SECONDS=300) ===
ok: TEST-017.1 (negative self-check): forcing the runtime budget to 0 turns the assertion red
ok: TEST-017.2: suite completed within the 300s runtime budget

loop-inventory.tests.sh: 54 passed, 4 failed, 0s elapsed
