T-005 blast-radius regression re-run, both runtimes, captured 2026-08-25 against the current
tree (HEAD 3bc2368a). Supersedes coder-regression-both-runtimes.log, which was captured on
2026-08-21 at 01:18 -- roughly seven hours BEFORE commit 7652d01b (2026-08-21 08:32) moved the
done-transition emission from the T-006/T-007 test cases into assert_terminal/Test-LoopTerminal.
The two loop-consistency/loop-escalation suites that commit edited had no post-change run on
record. They do now. The 2026-08-21 generation is gone; this is a fresh capture.

Enumeration (unchanged technique): grep -lE 'loop-driver\.(sh|ps1)' across tests/*.tests.sh and
tests/*.tests.ps1, each match confirmed a genuine consumer.

$ TZ=UTC LC_ALL=C bash tests/hitl-wfi-terminal.tests.sh
ok: TEST-006.4 (AC-006): suite completed within the 300s runtime budget

hitl-wfi-terminal.tests.sh: 16 passed, 0 failed, 0s elapsed

$ TZ=UTC LC_ALL=C bash tests/loop-consistency.tests.sh
ok: TEST-017.2: suite completed within the 300s runtime budget

loop-consistency.tests.sh: 33 passed, 0 failed, 16s elapsed

$ TZ=UTC LC_ALL=C bash tests/loop-driver.tests.sh
ok: TEST-017.2: suite completed within the 300s runtime budget

loop-driver.tests.sh: 22 passed, 0 failed, 2s elapsed

$ TZ=UTC LC_ALL=C bash tests/loop-escalation.tests.sh
ok: TEST-017.2: suite completed within the 300s runtime budget

loop-escalation.tests.sh: 32 passed, 0 failed, 1s elapsed

$ TZ=UTC LC_ALL=C bash tests/loop-inventory.tests.sh
ok: TEST-017.2: suite completed within the 300s runtime budget

loop-inventory.tests.sh: 71 passed, 0 failed, 1s elapsed

$ TZ=UTC LC_ALL=C pwsh -NoProfile -File tests/hitl-wfi-terminal.tests.ps1
ok: TEST-006.4 (AC-006): suite completed within the 300s runtime budget

hitl-wfi-terminal.tests.ps1: 16 passed, 0 failed, 0s elapsed

$ TZ=UTC LC_ALL=C pwsh -NoProfile -File tests/loop-consistency.tests.ps1
ok: TEST-017.2: suite completed within the 300s runtime budget

loop-consistency.tests.ps1: 37 passed, 0 failed, 43s elapsed

$ TZ=UTC LC_ALL=C pwsh -NoProfile -File tests/loop-driver.tests.ps1
ok: TEST-017.2: suite completed within the 300s runtime budget

loop-driver.tests.ps1: 22 passed, 0 failed, 6s elapsed

$ TZ=UTC LC_ALL=C pwsh -NoProfile -File tests/loop-escalation.tests.ps1
ok: TEST-017.2: suite completed within the 300s runtime budget

loop-escalation.tests.ps1: 31 passed, 0 failed, 4s elapsed

$ TZ=UTC LC_ALL=C pwsh -NoProfile -File tests/loop-inventory.tests.ps1
ok: TEST-017.2: suite completed within the 300s runtime budget

loop-inventory.tests.ps1: 71 passed, 0 failed, 3s elapsed
