FAIL: TEST-016 capability_enforcement_weakened: tool exits 0 (got 127; stderr: tests/detect-policy-weakening.tests.sh: 行 66: /Users/jrmag/Projects/active/sdd-forge-wt-epic-189/plugins/sdd-quality-loop/scripts/detect-policy-weakening.sh: No such file or directory
FAIL: TEST-016 capability_enforcement_weakened classifies 'weakened' (required -> advisory) (got '', want 'weakened')
FAIL: TEST-016 capability_enforcement_weakened: overall policy_weakening is True (got '', want 'True')
FAIL: TEST-016 N/A category 'capability_removed' reported explicitly as n/a, never omitted (got '', want 'n/a')
FAIL: TEST-016 N/A category 'public_distribution_descoped' reported explicitly as n/a, never omitted (got '', want 'n/a')
FAIL: TEST-016 N/A category 'criticality_lowered' reported explicitly as n/a, never omitted (got '', want 'n/a')
FAIL: TEST-016 N/A category 'provider_allowlist_widened' reported explicitly as n/a, never omitted (got '', want 'n/a')
FAIL: TEST-016 N/A category 'production_write_path_changed' reported explicitly as n/a, never omitted (got '', want 'n/a')
FAIL: TEST-016 N/A category 'required_gate_removed' reported explicitly as n/a, never omitted (got '', want 'n/a')
FAIL: TEST-016 component_path_narrowed classifies 'weakened' (src/** -> src/desktop/**) (got '', want 'weakened')
FAIL: TEST-016 component_path_narrowed: overall policy_weakening is True (got '', want 'True')
FAIL: TEST-016 spec_profile_full_to_lite classifies 'weakened' (full -> lite) (got '', want 'weakened')
FAIL: TEST-016 spec_profile_full_to_lite: overall policy_weakening is True (got '', want 'True')
FAIL: TEST-017 a strengthening change (advisory -> required) classifies 'not_weakened' (got '', want 'not_weakened')
FAIL: TEST-017 a strengthening change is NOT misclassified as weakening (got '', want 'False')
FAIL: TEST-018 a 2-distinct-identity registry emits two_person_required: true (got '', want 'True')
FAIL: TEST-018 the two-person path emits cooldown_hours: null (got '', want 'None')
FAIL: TEST-018 a 1-identity registry emits two_person_required: false (got '', want 'False')
FAIL: TEST-018 a 1-identity registry emits cooldown_hours: 24 (got '', want '24')
FAIL: TEST-046 a zero-entry (approvers: []) registry emits two_person_required: false (got '', want 'False')
FAIL: TEST-046 a zero-entry registry emits cooldown_hours: 24, identical to the 1-identity case (got '', want '24')
FAIL: TEST-046 a MISSING registry file is treated identically to a zero-entry one (two_person_required: false) (got '', want 'False')
FAIL: TEST-046 a MISSING registry file emits cooldown_hours: 24 (got '', want '24')
FAIL: TEST-031 (1) an include pattern removed narrows coverage (got '', want 'weakened')
FAIL: TEST-031 (2) an include pattern replaced by a more specific one at unchanged count narrows coverage (got '', want 'weakened')
FAIL: TEST-031 (3) an exclude pattern added narrows coverage (got '', want 'weakened')
FAIL: TEST-031 (4) an exclude pattern replaced by a broader one narrows coverage (got '', want 'weakened')
FAIL: TEST-031 (5) a pure-broadening change (include pattern added, nothing removed) does NOT narrow (got '', want 'not_weakened')
FAIL: TEST-031 (5) a pure-broadening change is not classified as policy-weakening (got '', want 'False')
FAIL: TEST-030 (1) a candidate identical to the approved anchor classifies policy_weakening: false (got '', want 'False')
FAIL: TEST-030 (2a) before any change, candidate matches the anchor: policy_weakening: false (got '', want 'False')
FAIL: TEST-030 (2b) a genuine weakening diff classifies true IMMEDIATELY (before any commit) (got '', want 'True')
FAIL: TEST-030 (2c) the weakening diff STILL classifies true AFTER landing as an ordinary git commit (a commit never moves the anchor) (got '', want 'True')
PASS: TEST-030 (3) generate-approval-sidecar.py never passes --approved-context to the detector
FAIL: TEST-030 (4) no approved-context anchor yet: exit 0 with NO_APPROVED_CONTEXT_ANCHOR (exit 127; stderr: tests/detect-policy-weakening.tests.sh: 行 421: /Users/jrmag/Projects/active/sdd-forge-wt-epic-189/plugins/sdd-quality-loop/scripts/detect-policy-weakening.sh: No such file or directory
FAIL: TEST-030 (4) with no anchor, every category treated as a new addition (policy_weakening: false) (got '', want 'False')
FAIL: TEST-030 (5) a live TRANSACTION.json naming the anchor fails closed (exit 127; stderr: tests/detect-policy-weakening.tests.sh: 行 446: /Users/jrmag/Projects/active/sdd-forge-wt-epic-189/plugins/sdd-quality-loop/scripts/detect-policy-weakening.sh: No such file or directory
PASS: TEST-030 (5) the in-progress-publish refusal emits no verdict on stdout
FAIL: WIRING a non-bootstrap signing fixture succeeds now that the detector is present (exit 12; stderr: generate-approval-sidecar: WEAKENING_DETECTOR_UNAVAILABLE: detect-policy-weakening.py (T-005) is not yet present in-process; cannot resolve a weakening verdict for a non-bootstrap transition
FAIL: WIRING WEAKENING_DETECTOR_UNAVAILABLE no longer fires for this fixture
FAIL: WIRING a staged sidecar candidate was written
Traceback (most recent call last):
  File "<string>", line 3, in <module>
    print(json.dumps(json.load(sys.stdin), sort_keys=True))
                     ~~~~~~~~~^^^^^^^^^^^
  File "/opt/homebrew/Cellar/python@3.14/3.14.5/Frameworks/Python.framework/Versions/3.14/lib/python3.14/json/__init__.py", line 298, in load
    return loads(fp.read(),
        cls=cls, object_hook=object_hook,
        parse_float=parse_float, parse_int=parse_int,
        parse_constant=parse_constant, object_pairs_hook=object_pairs_hook, **kw)
  File "/opt/homebrew/Cellar/python@3.14/3.14.5/Frameworks/Python.framework/Versions/3.14/lib/python3.14/json/__init__.py", line 352, in loads
    return _default_decoder.decode(s)
           ~~~~~~~~~~~~~~~~~~~~~~~^^^
  File "/opt/homebrew/Cellar/python@3.14/3.14.5/Frameworks/Python.framework/Versions/3.14/lib/python3.14/json/decoder.py", line 345, in decode
    obj, end = self.raw_decode(s, idx=_w(s, 0).end())
               ~~~~~~~~~~~~~~~^^^^^^^^^^^^^^^^^^^^^^^
  File "/opt/homebrew/Cellar/python@3.14/3.14.5/Frameworks/Python.framework/Versions/3.14/lib/python3.14/json/decoder.py", line 363, in raw_decode
    raise JSONDecodeError("Expecting value", s, err.value) from None
json.decoder.JSONDecodeError: Expecting value: line 1 column 1 (char 0)
FAIL: WIRING the sidecar's embedded weakening_verdict is EXACTLY the in-process-computed verdict (embedded= direct=)
FAIL: WIRING carry-forward #1: an unexpected compute_verdict() exception surfaces as classified WEAKENING_DETECTOR_ERROR (exit 1; stderr: Traceback (most recent call last):
  File "/private/var/folders/7z/hjmz6jdj4wb40srf64sl368w0000gn/T/detect-policy-weakening-test.DXU8yG/seam-fixtures/generate-approval-sidecar.py", line 546, in <module>
    sys.exit(main())
             ~~~~^^
  File "/private/var/folders/7z/hjmz6jdj4wb40srf64sl368w0000gn/T/detect-policy-weakening-test.DXU8yG/seam-fixtures/generate-approval-sidecar.py", line 491, in main
    predecessor_context_sha256, weakening_verdict, approval_epoch = _resolve_provenance(
                                                                    ~~~~~~~~~~~~~~~~~~~^
        args.live_sidecar, args.content,
        ^^^^^^^^^^^^^^^^^^^^^^^^^^^^^^^^
    )
    ^
  File "/private/var/folders/7z/hjmz6jdj4wb40srf64sl368w0000gn/T/detect-policy-weakening-test.DXU8yG/seam-fixtures/generate-approval-sidecar.py", line 277, in _resolve_provenance
    weakening_verdict = _invoke_weakening_detector_seam(content_path, live_sidecar_path)
  File "/private/var/folders/7z/hjmz6jdj4wb40srf64sl368w0000gn/T/detect-policy-weakening-test.DXU8yG/seam-fixtures/generate-approval-sidecar.py", line 246, in _invoke_weakening_detector_seam
    return module.compute_verdict(candidate_content_path, live_sidecar_path)
           ~~~~~~~~~~~~~~~~~~~~~~^^^^^^^^^^^^^^^^^^^^^^^^^^^^^^^^^^^^^^^^^^^
  File "/private/var/folders/7z/hjmz6jdj4wb40srf64sl368w0000gn/T/detect-policy-weakening-test.DXU8yG/seam-fixtures/detect-policy-weakening.py", line 9, in compute_verdict
    raise RuntimeError("seam-fixture: unexpected failure")
RuntimeError: seam-fixture: unexpected failure
FAIL: WIRING carry-forward #1b: the detector's own named category is passed through verbatim (exit 1; stderr: Traceback (most recent call last):
  File "/private/var/folders/7z/hjmz6jdj4wb40srf64sl368w0000gn/T/detect-policy-weakening-test.DXU8yG/seam-fixtures/generate-approval-sidecar.py", line 546, in <module>
    sys.exit(main())
             ~~~~^^
  File "/private/var/folders/7z/hjmz6jdj4wb40srf64sl368w0000gn/T/detect-policy-weakening-test.DXU8yG/seam-fixtures/generate-approval-sidecar.py", line 491, in main
    predecessor_context_sha256, weakening_verdict, approval_epoch = _resolve_provenance(
                                                                    ~~~~~~~~~~~~~~~~~~~^
        args.live_sidecar, args.content,
        ^^^^^^^^^^^^^^^^^^^^^^^^^^^^^^^^
    )
    ^
  File "/private/var/folders/7z/hjmz6jdj4wb40srf64sl368w0000gn/T/detect-policy-weakening-test.DXU8yG/seam-fixtures/generate-approval-sidecar.py", line 277, in _resolve_provenance
    weakening_verdict = _invoke_weakening_detector_seam(content_path, live_sidecar_path)
  File "/private/var/folders/7z/hjmz6jdj4wb40srf64sl368w0000gn/T/detect-policy-weakening-test.DXU8yG/seam-fixtures/generate-approval-sidecar.py", line 246, in _invoke_weakening_detector_seam
    return module.compute_verdict(candidate_content_path, live_sidecar_path)
           ~~~~~~~~~~~~~~~~~~~~~~^^^^^^^^^^^^^^^^^^^^^^^^^^^^^^^^^^^^^^^^^^^
  File "/private/var/folders/7z/hjmz6jdj4wb40srf64sl368w0000gn/T/detect-policy-weakening-test.DXU8yG/seam-fixtures/detect-policy-weakening.py", line 9, in compute_verdict
    raise DetectPolicyWeakeningError("CANDIDATE_NOT_SCHEMA_VALID", "seam-fixture: pass-through proof")
_sdd_detect_policy_weakening.DetectPolicyWeakeningError: seam-fixture: pass-through proof
FAIL: WIRING carry-forward #2: a malformed verdict is rejected before preimage construction (exit 0; stderr: 
FAIL: WIRING carry-forward #2b: a non-serializable verdict field is rejected cleanly (exit 1; stderr: Traceback (most recent call last):
  File "/private/var/folders/7z/hjmz6jdj4wb40srf64sl368w0000gn/T/detect-policy-weakening-test.DXU8yG/seam-fixtures/generate-approval-sidecar.py", line 546, in <module>
    sys.exit(main())
             ~~~~^^
  File "/private/var/folders/7z/hjmz6jdj4wb40srf64sl368w0000gn/T/detect-policy-weakening-test.DXU8yG/seam-fixtures/generate-approval-sidecar.py", line 521, in main
    preimage_bytes = _canonicalize_json_preimage(approval_obj)
  File "/private/var/folders/7z/hjmz6jdj4wb40srf64sl368w0000gn/T/detect-policy-weakening-test.DXU8yG/seam-fixtures/generate-approval-sidecar.py", line 187, in _canonicalize_json_preimage
    text = json.dumps(obj)
  File "/opt/homebrew/Cellar/python@3.14/3.14.5/Frameworks/Python.framework/Versions/3.14/lib/python3.14/json/__init__.py", line 235, in dumps
    return _default_encoder.encode(obj)
           ~~~~~~~~~~~~~~~~~~~~~~~^^^^^
  File "/opt/homebrew/Cellar/python@3.14/3.14.5/Frameworks/Python.framework/Versions/3.14/lib/python3.14/json/encoder.py", line 202, in encode
    chunks = self.iterencode(o, _one_shot=True)
  File "/opt/homebrew/Cellar/python@3.14/3.14.5/Frameworks/Python.framework/Versions/3.14/lib/python3.14/json/encoder.py", line 263, in iterencode
    return _iterencode(o, 0)
  File "/opt/homebrew/Cellar/python@3.14/3.14.5/Frameworks/Python.framework/Versions/3.14/lib/python3.14/json/encoder.py", line 182, in default
    raise TypeError(f'Object of type {o.__class__.__name__} '
                    f'is not JSON serializable')
TypeError: Object of type NotSerializable is not JSON serializable
when serializing dict item 'cooldown_hours'
when serializing dict item 'weakening_verdict'
FAIL: WIRING carry-forward #3: a None verdict for a non-bootstrap transition is refused (exit 0; stderr: 
FAIL: WIRING carry-forward #3: the refusal writes no staged candidate
FAIL: TEST-HARDEN(a) a missing --candidate file is rejected cleanly (exit 127; stderr: tests/detect-policy-weakening.tests.sh: 行 66: /Users/jrmag/Projects/active/sdd-forge-wt-epic-189/plugins/sdd-quality-loop/scripts/detect-policy-weakening.sh: No such file or directory
FAIL: TEST-HARDEN(b) an unrecognized 'schema' field is rejected cleanly (exit 127; stderr: tests/detect-policy-weakening.tests.sh: 行 66: /Users/jrmag/Projects/active/sdd-forge-wt-epic-189/plugins/sdd-quality-loop/scripts/detect-policy-weakening.sh: No such file or directory
FAIL: TEST-HARDEN(c) a corrupt approved-context anchor is rejected cleanly (exit 127; stderr: tests/detect-policy-weakening.tests.sh: 行 66: /Users/jrmag/Projects/active/sdd-forge-wt-epic-189/plugins/sdd-quality-loop/scripts/detect-policy-weakening.sh: No such file or directory
FAIL: TEST-HARDEN(d) a malformed approver-registry.yaml is rejected cleanly (exit 127; stderr: tests/detect-policy-weakening.tests.sh: 行 686: /Users/jrmag/Projects/active/sdd-forge-wt-epic-189/plugins/sdd-quality-loop/scripts/detect-policy-weakening.sh: No such file or directory
FAIL: TEST-HARDEN(e) a missing required --candidate argument is a clean usage error (exit 127; stderr: tests/detect-policy-weakening.tests.sh: 行 694: /Users/jrmag/Projects/active/sdd-forge-wt-epic-189/plugins/sdd-quality-loop/scripts/detect-policy-weakening.sh: No such file or directory
PASS: self-registration: tests/detect-policy-weakening.tests.sh registered in tests/run-all.sh
PASS: self-registration: tests/detect-policy-weakening.tests.ps1 registered in tests/run-all.ps1
PASS: self-registration: tests/detect-policy-weakening.tests.ps1 twin exists
PASS: 5
FAIL: 51
