=== Step 1: independently invoke detect-policy-weakening.ps1 directly on the candidate ===
{
  "categories": {
    "capability_enforcement_weakened": "weakened",
    "capability_removed": "n/a",
    "component_path_narrowed": "not_weakened",
    "criticality_lowered": "n/a",
    "production_write_path_changed": "n/a",
    "provider_allowlist_widened": "n/a",
    "public_distribution_descoped": "n/a",
    "required_gate_removed": "n/a",
    "spec_profile_full_to_lite": "not_weakened"
  },
  "cooldown_hours": 24,
  "policy_weakening": true,
  "two_person_required": false
}
direct invocation exit code: 0

=== Step 2: sign the candidate via generate-approval-sidecar.ps1 (non-bootstrap: --live-sidecar present) ===
staged: stage-out
nonce: dc882f084e5065e95ec793947b5af598d0a21215becc7a354bc23a9ae2989a8d
generate-approval-sidecar exit code: 0

=== Step 3: the staged sidecar's embedded weakening_verdict (should match Step 1's verdict exactly) ===
{
  "categories": {
    "capability_enforcement_weakened": "weakened",
    "capability_removed": "n/a",
    "component_path_narrowed": "not_weakened",
    "criticality_lowered": "n/a",
    "production_write_path_changed": "n/a",
    "provider_allowlist_widened": "n/a",
    "public_distribution_descoped": "n/a",
    "required_gate_removed": "n/a",
    "spec_profile_full_to_lite": "not_weakened"
  },
  "cooldown_hours": 24,
  "policy_weakening": true,
  "two_person_required": false
}

predecessor_context_sha256: sha256:cccccccccccccccccccccccccccccccccccccccccccccccccccccccccccccc
approval_epoch: 2

=== Step 4: confirm WEAKENING_DETECTOR_UNAVAILABLE does not appear anywhere above (grep check) ===
CONFIRMED: no WEAKENING_DETECTOR_UNAVAILABLE anywhere -- the diagnostic no longer fires for this fixture
