PASS: disabled-legacy-invocation: exit 1
PASS: disabled-legacy-invocation: canonical diagnostic only
PASS: disabled-legacy-invocation: exact Resolver Evidence
PASS: disabled-legacy-invocation: Resolver Evidence schema agreement
PASS: disabled-legacy-invocation: no partial live artifact
PASS: disabled-legacy-invocation: no step-4-or-later subprocess
PASS: workflow-combination-invalid-lite: exit 1
PASS: workflow-combination-invalid-lite: canonical diagnostic only
PASS: workflow-combination-invalid-lite: exact Resolver Evidence
PASS: workflow-combination-invalid-lite: Resolver Evidence schema agreement
PASS: workflow-combination-invalid-lite: no partial live artifact
PASS: workflow-combination-invalid-lite: no step-4-or-later subprocess
PASS: workflow-combination-invalid-full: exit 1
PASS: workflow-combination-invalid-full: canonical diagnostic only
PASS: workflow-combination-invalid-full: exact Resolver Evidence
PASS: workflow-combination-invalid-full: Resolver Evidence schema agreement
PASS: workflow-combination-invalid-full: no partial live artifact
PASS: workflow-combination-invalid-full: no step-4-or-later subprocess
PASS: project-context-validation-failed: exit 1
PASS: project-context-validation-failed: canonical diagnostic only
PASS: project-context-validation-failed: exact Resolver Evidence
PASS: project-context-validation-failed: Resolver Evidence schema agreement
PASS: project-context-validation-failed: no partial live artifact
PASS: project-context-validation-failed: no step-4-or-later subprocess
PASS: canonicalizer-invocation-failed: exit 1
PASS: canonicalizer-invocation-failed: canonical diagnostic only
PASS: canonicalizer-invocation-failed: exact Resolver Evidence
PASS: canonicalizer-invocation-failed: Resolver Evidence schema agreement
PASS: canonicalizer-invocation-failed: no partial live artifact
PASS: canonicalizer-invocation-failed: no step-4-or-later subprocess
PASS: dependency-output-malformed: exit 1
PASS: dependency-output-malformed: canonical diagnostic only
PASS: dependency-output-malformed: exact Resolver Evidence
PASS: dependency-output-malformed: Resolver Evidence schema agreement
PASS: dependency-output-malformed: no partial live artifact
PASS: dependency-output-malformed: no step-4-or-later subprocess
PASS: projection-two-components: exit 0
PASS: projection-two-components: no diagnostic on either stream
PASS: projection-two-components: step 3 second canonicalizer pass ran in JSON mode
PASS: projection-two-components: Context Projection field set is REQ-003's exact five
PASS: projection-two-components: Context Projection schema const
PASS: projection-two-components: source_sha256 binds the canonical Project Context
PASS: projection-two-components: workflow copied verbatim
PASS: projection-two-components: components re-keyed by id with id stripped
PASS: projection-two-components: shared_paths carried as-is
PASS: projection-two-components: exact Context Projection document
PASS: projection-two-components: no Resolver Evidence on the success path
PASS: projection-two-components: no partial live artifact
PASS: projection-omits-components: exit 0
PASS: projection-omits-components: no diagnostic on either stream
PASS: projection-omits-components: step 3 second canonicalizer pass ran in JSON mode
PASS: projection-omits-components: Context Projection field set is REQ-003's exact five
PASS: projection-omits-components: Context Projection schema const
PASS: projection-omits-components: source_sha256 binds the canonical Project Context
PASS: projection-omits-components: workflow copied verbatim
PASS: projection-omits-components: components re-keyed by id with id stripped
PASS: projection-omits-components: shared_paths carried as-is
PASS: projection-omits-components: exact Context Projection document
PASS: projection-canonicalizer-invocation-failed: exit 1
PASS: projection-canonicalizer-invocation-failed: canonical diagnostic only
PASS: projection-canonicalizer-invocation-failed: exact Resolver Evidence
PASS: projection-canonicalizer-invocation-failed: Resolver Evidence schema agreement
PASS: projection-canonicalizer-invocation-failed: no partial live artifact
PASS: projection-canonicalizer-invocation-failed: no step-4-or-later subprocess
PASS: projection-dependency-output-malformed: exit 1
PASS: projection-dependency-output-malformed: canonical diagnostic only
PASS: projection-dependency-output-malformed: exact Resolver Evidence
PASS: projection-dependency-output-malformed: Resolver Evidence schema agreement
PASS: projection-dependency-output-malformed: no partial live artifact
PASS: projection-dependency-output-malformed: no step-4-or-later subprocess
PASS: affected-component-resolution-failed: exit 1
PASS: affected-component-resolution-failed: canonical diagnostic only, no upstream stderr embedded (M8)
PASS: affected-component-resolution-failed: exact Resolver Evidence
PASS: affected-component-resolution-failed: Resolver Evidence schema agreement
PASS: affected-component-resolution-failed: no partial live artifact
PASS: resolve-component-paths-launch-failed: exit 1
PASS: resolve-component-paths-launch-failed: canonical diagnostic only, no upstream stderr embedded (M8)
PASS: resolve-component-paths-launch-failed: exact Resolver Evidence
PASS: resolve-component-paths-launch-failed: Resolver Evidence schema agreement
PASS: resolve-component-paths-launch-failed: no partial live artifact
PASS: contract-discovery-failed: exit 1
PASS: contract-discovery-failed: canonical diagnostic only, no upstream stderr embedded (M8)
PASS: contract-discovery-failed: exact Resolver Evidence
PASS: contract-discovery-failed: Resolver Evidence schema agreement
PASS: contract-discovery-failed: no partial live artifact
PASS: registry-discovery-unimportable: exit 1
PASS: registry-discovery-unimportable: canonical diagnostic only, no upstream stderr embedded (M8)
PASS: registry-discovery-unimportable: exact Resolver Evidence
PASS: registry-discovery-unimportable: Resolver Evidence schema agreement
PASS: registry-discovery-unimportable: no partial live artifact
PASS: registry-validation-failed: exit 1
PASS: registry-validation-failed: canonical diagnostic only, no upstream stderr embedded (M8)
PASS: registry-validation-failed: exact Resolver Evidence
PASS: registry-validation-failed: Resolver Evidence schema agreement
PASS: registry-validation-failed: no partial live artifact
PASS: dependency-subprocess-failed: exit 1
PASS: dependency-subprocess-failed: canonical diagnostic only, no upstream stderr embedded (M8)
PASS: dependency-subprocess-failed: exact Resolver Evidence
PASS: dependency-subprocess-failed: Resolver Evidence schema agreement
PASS: dependency-subprocess-failed: no partial live artifact
PASS: evaluate-predicate-output-malformed: exit 1
PASS: evaluate-predicate-output-malformed: canonical diagnostic only, no upstream stderr embedded (M8)
PASS: evaluate-predicate-output-malformed: exact Resolver Evidence
PASS: evaluate-predicate-output-malformed: Resolver Evidence schema agreement
PASS: evaluate-predicate-output-malformed: no partial live artifact
PASS: dsl-warn-unmatched-trigger: exit 1
PASS: dsl-warn-unmatched-trigger: canonical diagnostic only, no upstream stderr embedded (M8)
FAIL: dsl-warn-unmatched-trigger: exact Resolver Evidence: {'capability_evaluations': [{'capability_id': 'cap-unmatched-warn', 'matched': False, 'trigger_evaluations': [{'component_id': 'comp-a', 'evidence': [{'operator': 'equals', 'outcome': 'warn', 'path': 'characteristics.auto_update', 'reason': 'missing-path'}], 'result': False}]}], 'diagnostics': [{'detail': 'a predicate evaluation produced an outcome: warn evidence node', 'id': 'dsl-warn-on-matched-capability', 'severity': 'block'}], 'feature': 'example-feature', 'schema': 'sdd-resolver-evidence/v1', 'state': 'advisory'}
PASS: dsl-warn-unmatched-trigger: Resolver Evidence schema agreement
PASS: dsl-warn-unmatched-trigger: no partial live artifact
PASS: dsl-warn-matched-nondetermining: exit 1
PASS: dsl-warn-matched-nondetermining: canonical diagnostic only, no upstream stderr embedded (M8)
FAIL: dsl-warn-matched-nondetermining: exact Resolver Evidence: {'capability_evaluations': [{'capability_id': 'cap-matched-warn', 'conditional_facet_evaluations': [], 'matched': True, 'trigger_evaluations': [{'component_id': 'comp-a', 'evidence': [{'operator': 'equals', 'outcome': 'match', 'path': 'characteristics.pii'}], 'result': True}, {'component_id': 'comp-b', 'evidence': [{'operator': 'equals', 'outcome': 'warn', 'path': 'characteristics.pii', 'reason': 'missing-path'}], 'result': False}]}], 'diagnostics': [{'detail': 'a predicate evaluation produced an outcome: warn evidence node', 'id': 'dsl-warn-on-matched-capability', 'severity': 'block'}], 'feature': 'example-feature', 'schema': 'sdd-resolver-evidence/v1', 'state': 'required'}
PASS: dsl-warn-matched-nondetermining: Resolver Evidence schema agreement
PASS: dsl-warn-matched-nondetermining: no partial live artifact
PASS: dsl-warn-unsorted-affected-components: exit 1
PASS: dsl-warn-unsorted-affected-components: canonical diagnostic only, no upstream stderr embedded (M8)
FAIL: dsl-warn-unsorted-affected-components: exact Resolver Evidence: {'capability_evaluations': [{'capability_id': 'cap-order', 'matched': False, 'trigger_evaluations': [{'component_id': 'comp-a', 'evidence': [{'operator': 'equals', 'outcome': 'warn', 'path': 'characteristics.auto_update', 'reason': 'missing-path'}], 'result': False}, {'component_id': 'comp-z', 'evidence': [{'operator': 'equals', 'outcome': 'warn', 'path': 'characteristics.auto_update', 'reason': 'missing-path'}], 'result': False}]}], 'diagnostics': [{'detail': 'a predicate evaluation produced an outcome: warn evidence node', 'id': 'dsl-warn-on-matched-capability', 'severity': 'block'}], 'feature': 'example-feature', 'schema': 'sdd-resolver-evidence/v1', 'state': 'advisory'}
PASS: dsl-warn-unsorted-affected-components: Resolver Evidence schema agreement
PASS: dsl-warn-unsorted-affected-components: no partial live artifact
PASS: lite-check-source-undefined: exit 1
PASS: lite-check-source-undefined: canonical diagnostic only, no upstream stderr embedded (M8)
PASS: lite-check-source-undefined: exact Resolver Evidence
PASS: lite-check-source-undefined: Resolver Evidence schema agreement
PASS: lite-check-source-undefined: no partial live artifact
PASS: output-schema-validation-failed-evidence: exit 1
PASS: output-schema-validation-failed-evidence: canonical diagnostic only, no upstream stderr embedded (M8)
PASS: output-schema-validation-failed-evidence: no Resolver Evidence written (B3)
PASS: output-schema-validation-failed-evidence: no partial live artifact
PASS: output-schema-validation-failed-artifact: exit 1
PASS: output-schema-validation-failed-artifact: canonical diagnostic only, no upstream stderr embedded (M8)
PASS: output-schema-validation-failed-artifact: exact Resolver Evidence
PASS: output-schema-validation-failed-artifact: Resolver Evidence schema agreement
PASS: output-schema-validation-failed-artifact: no partial live artifact
PASS: snapshot-generation-mismatch: exit 1
PASS: snapshot-generation-mismatch: canonical diagnostic only, no upstream stderr embedded (M8)
PASS: snapshot-generation-mismatch: exact Resolver Evidence
PASS: snapshot-generation-mismatch: Resolver Evidence schema agreement
PASS: snapshot-generation-mismatch: no partial live artifact
PASS: POSIX suite registered in tests/run-all.sh
PASS: PowerShell suite registered in tests/run-all.ps1
RESULT: 138 passed, 3 failed
