PASS: disabled-legacy-invocation: exit 1
PASS: disabled-legacy-invocation: canonical diagnostic only
PASS: disabled-legacy-invocation: exact Resolver Evidence
PASS: disabled-legacy-invocation: Resolver Evidence schema agreement
PASS: disabled-legacy-invocation: no partial live artifact
PASS: disabled-legacy-invocation: no step-4-or-later subprocess
PASS: workflow-combination-invalid-lite: exit 1
PASS: workflow-combination-invalid-lite: canonical diagnostic only
PASS: workflow-combination-invalid-lite: exact Resolver Evidence
PASS: workflow-combination-invalid-lite: Resolver Evidence schema agreement
PASS: workflow-combination-invalid-lite: no partial live artifact
PASS: workflow-combination-invalid-lite: no step-4-or-later subprocess
PASS: workflow-combination-invalid-full: exit 1
PASS: workflow-combination-invalid-full: canonical diagnostic only
PASS: workflow-combination-invalid-full: exact Resolver Evidence
PASS: workflow-combination-invalid-full: Resolver Evidence schema agreement
PASS: workflow-combination-invalid-full: no partial live artifact
PASS: workflow-combination-invalid-full: no step-4-or-later subprocess
PASS: project-context-validation-failed: exit 1
PASS: project-context-validation-failed: canonical diagnostic only
PASS: project-context-validation-failed: exact Resolver Evidence
PASS: project-context-validation-failed: Resolver Evidence schema agreement
PASS: project-context-validation-failed: no partial live artifact
PASS: project-context-validation-failed: no step-4-or-later subprocess
PASS: canonicalizer-invocation-failed: exit 1
PASS: canonicalizer-invocation-failed: canonical diagnostic only
PASS: canonicalizer-invocation-failed: exact Resolver Evidence
PASS: canonicalizer-invocation-failed: Resolver Evidence schema agreement
PASS: canonicalizer-invocation-failed: no partial live artifact
PASS: canonicalizer-invocation-failed: no step-4-or-later subprocess
PASS: dependency-output-malformed: exit 1
PASS: dependency-output-malformed: canonical diagnostic only
PASS: dependency-output-malformed: exact Resolver Evidence
PASS: dependency-output-malformed: Resolver Evidence schema agreement
PASS: dependency-output-malformed: no partial live artifact
PASS: dependency-output-malformed: no step-4-or-later subprocess
PASS: projection-two-components: exit 0
PASS: projection-two-components: no diagnostic on either stream
PASS: projection-two-components: step 3 second canonicalizer pass ran in JSON mode
PASS: projection-two-components: Context Projection field set is REQ-003's exact five
PASS: projection-two-components: Context Projection schema const
PASS: projection-two-components: source_sha256 binds the canonical Project Context
PASS: projection-two-components: workflow copied verbatim
PASS: projection-two-components: components re-keyed by id with id stripped
PASS: projection-two-components: shared_paths carried as-is
PASS: projection-two-components: exact Context Projection document
PASS: projection-two-components: no Resolver Evidence on the success path
PASS: projection-two-components: no partial live artifact
PASS: projection-omits-components: exit 0
PASS: projection-omits-components: no diagnostic on either stream
PASS: projection-omits-components: step 3 second canonicalizer pass ran in JSON mode
PASS: projection-omits-components: Context Projection field set is REQ-003's exact five
PASS: projection-omits-components: Context Projection schema const
PASS: projection-omits-components: source_sha256 binds the canonical Project Context
PASS: projection-omits-components: workflow copied verbatim
PASS: projection-omits-components: components re-keyed by id with id stripped
PASS: projection-omits-components: shared_paths carried as-is
PASS: projection-omits-components: exact Context Projection document
PASS: projection-canonicalizer-invocation-failed: exit 1
PASS: projection-canonicalizer-invocation-failed: canonical diagnostic only
PASS: projection-canonicalizer-invocation-failed: exact Resolver Evidence
PASS: projection-canonicalizer-invocation-failed: Resolver Evidence schema agreement
PASS: projection-canonicalizer-invocation-failed: no partial live artifact
PASS: projection-canonicalizer-invocation-failed: no step-4-or-later subprocess
PASS: projection-dependency-output-malformed: exit 1
PASS: projection-dependency-output-malformed: canonical diagnostic only
PASS: projection-dependency-output-malformed: exact Resolver Evidence
PASS: projection-dependency-output-malformed: Resolver Evidence schema agreement
PASS: projection-dependency-output-malformed: no partial live artifact
PASS: projection-dependency-output-malformed: no step-4-or-later subprocess
PASS: affected-component-resolution-failed: exit 1
PASS: affected-component-resolution-failed: canonical diagnostic only, no upstream stderr embedded (M8)
PASS: affected-component-resolution-failed: exact Resolver Evidence
PASS: affected-component-resolution-failed: Resolver Evidence schema agreement
PASS: affected-component-resolution-failed: no partial live artifact
PASS: resolve-component-paths-launch-failed: exit 1
PASS: resolve-component-paths-launch-failed: canonical diagnostic only, no upstream stderr embedded (M8)
PASS: resolve-component-paths-launch-failed: exact Resolver Evidence
PASS: resolve-component-paths-launch-failed: Resolver Evidence schema agreement
PASS: resolve-component-paths-launch-failed: no partial live artifact
PASS: contract-discovery-failed: exit 1
PASS: contract-discovery-failed: canonical diagnostic only, no upstream stderr embedded (M8)
PASS: contract-discovery-failed: exact Resolver Evidence
PASS: contract-discovery-failed: Resolver Evidence schema agreement
PASS: contract-discovery-failed: no partial live artifact
PASS: registry-discovery-unimportable: exit 1
PASS: registry-discovery-unimportable: canonical diagnostic only, no upstream stderr embedded (M8)
PASS: registry-discovery-unimportable: exact Resolver Evidence
PASS: registry-discovery-unimportable: Resolver Evidence schema agreement
PASS: registry-discovery-unimportable: no partial live artifact
PASS: registry-validation-failed: exit 1
PASS: registry-validation-failed: canonical diagnostic only, no upstream stderr embedded (M8)
PASS: registry-validation-failed: exact Resolver Evidence
PASS: registry-validation-failed: Resolver Evidence schema agreement
PASS: registry-validation-failed: no partial live artifact
PASS: validate-capability-registry-launch-failed: exit 1
PASS: validate-capability-registry-launch-failed: canonical diagnostic only, no upstream stderr embedded (M8)
PASS: validate-capability-registry-launch-failed: exact Resolver Evidence
PASS: validate-capability-registry-launch-failed: Resolver Evidence schema agreement
PASS: validate-capability-registry-launch-failed: no partial live artifact
PASS: dependency-subprocess-failed: exit 1
PASS: dependency-subprocess-failed: canonical diagnostic only, no upstream stderr embedded (M8)
PASS: dependency-subprocess-failed: exact Resolver Evidence
PASS: dependency-subprocess-failed: Resolver Evidence schema agreement
PASS: dependency-subprocess-failed: no partial live artifact
PASS: evaluate-predicate-output-malformed: exit 1
PASS: evaluate-predicate-output-malformed: canonical diagnostic only, no upstream stderr embedded (M8)
PASS: evaluate-predicate-output-malformed: exact Resolver Evidence
PASS: evaluate-predicate-output-malformed: Resolver Evidence schema agreement
PASS: evaluate-predicate-output-malformed: no partial live artifact
PASS: dsl-warn-unmatched-trigger: exit 1
PASS: dsl-warn-unmatched-trigger: canonical diagnostic only, no upstream stderr embedded (M8)
PASS: dsl-warn-unmatched-trigger: exact Resolver Evidence
PASS: dsl-warn-unmatched-trigger: Resolver Evidence schema agreement
PASS: dsl-warn-unmatched-trigger: no partial live artifact
PASS: dsl-warn-matched-nondetermining: exit 1
PASS: dsl-warn-matched-nondetermining: canonical diagnostic only, no upstream stderr embedded (M8)
PASS: dsl-warn-matched-nondetermining: exact Resolver Evidence
PASS: dsl-warn-matched-nondetermining: Resolver Evidence schema agreement
PASS: dsl-warn-matched-nondetermining: no partial live artifact
PASS: dsl-warn-unsorted-affected-components: exit 1
PASS: dsl-warn-unsorted-affected-components: canonical diagnostic only, no upstream stderr embedded (M8)
PASS: dsl-warn-unsorted-affected-components: exact Resolver Evidence
PASS: dsl-warn-unsorted-affected-components: Resolver Evidence schema agreement
PASS: dsl-warn-unsorted-affected-components: no partial live artifact
PASS: lite-check-source-undefined: exit 1
PASS: lite-check-source-undefined: canonical diagnostic only, no upstream stderr embedded (M8)
FAIL: lite-check-source-undefined: exact Resolver Evidence: {'capability_evaluations': [{'capability_id': 'cap-lite', 'conditional_facet_evaluations': [], 'matched': True, 'trigger_evaluations': [{'component_id': 'comp-a', 'evidence': [{'operator': 'equals', 'outcome': 'match', 'path': 'characteristics.pii'}], 'result': True}]}], 'diagnostics': [{'detail': "matched Capability 'cap-lite' has no lite_policy.required_lite_checks source while capability_enforcement is required", 'id': 'lite-check-source-undefined', 'severity': 'block'}], 'feature': 'example-feature', 'schema': 'sdd-resolver-evidence/v1', 'state': 'required'}
PASS: lite-check-source-undefined: Resolver Evidence schema agreement
PASS: lite-check-source-undefined: no partial live artifact
PASS: output-schema-validation-failed-evidence: exit 1
PASS: output-schema-validation-failed-evidence: canonical diagnostic only, no upstream stderr embedded (M8)
PASS: output-schema-validation-failed-evidence: no Resolver Evidence written (B3)
PASS: output-schema-validation-failed-evidence: no partial live artifact
PASS: output-schema-validation-failed-artifact: exit 1
PASS: output-schema-validation-failed-artifact: canonical diagnostic only, no upstream stderr embedded (M8)
FAIL: output-schema-validation-failed-artifact: exact Resolver Evidence: {'capability_evaluations': [], 'diagnostics': [{'detail': 'the staged context-projection artifact failed its own defensive output schema self-validation', 'id': 'output-schema-validation-failed', 'severity': 'block'}], 'feature': 'example-feature', 'schema': 'sdd-resolver-evidence/v1', 'state': 'advisory'}
PASS: output-schema-validation-failed-artifact: Resolver Evidence schema agreement
PASS: output-schema-validation-failed-artifact: no partial live artifact
PASS: snapshot-generation-mismatch: exit 1
PASS: snapshot-generation-mismatch: canonical diagnostic only, no upstream stderr embedded (M8)
FAIL: snapshot-generation-mismatch: exact Resolver Evidence: {'capability_evaluations': [], 'diagnostics': [{'detail': "a pre-publication recheck of the Project Context, Registry, or ownership-source snapshot detected drift since this invocation's own snapshot", 'id': 'snapshot-generation-mismatch', 'severity': 'block'}], 'feature': 'example-feature', 'schema': 'sdd-resolver-evidence/v1', 'state': 'advisory'}
PASS: snapshot-generation-mismatch: Resolver Evidence schema agreement
PASS: snapshot-generation-mismatch: no partial live artifact
PASS: contract-discovery-failed-governing-schema: exit 1
PASS: contract-discovery-failed-governing-schema: canonical diagnostic only, no upstream stderr embedded (M8)
FAIL: contract-discovery-failed-governing-schema: exact Resolver Evidence: {'capability_evaluations': [], 'diagnostics': [{'detail': 'governing output schema discovery failed: facet-manifest.schema.json not found at the packaged or git-root contracts/ location', 'id': 'contract-discovery-failed', 'severity': 'block'}], 'feature': 'example-feature', 'schema': 'sdd-resolver-evidence/v1', 'state': 'advisory'}
PASS: contract-discovery-failed-governing-schema: Resolver Evidence schema agreement
PASS: contract-discovery-failed-governing-schema: no partial live artifact
PASS: draft7-validator-keywords: a matched:false entry with no conditional_facet_evaluations conforms (sanity)
FAIL: draft7-validator-keywords: `not` -- a matched:false entry carrying conditional_facet_evaluations is rejected (resolver-evidence.schema.json capabilityEvaluation.then.not.required)
FAIL: draft7-validator-keywords: `minimum` -- a negative declaration_index is rejected (resolver-evidence.schema.json conditional_facet_evaluations[].declaration_index minimum:0)
PASS: draft7-validator-keywords: declaration_index: 0 conforms (sanity, minimum is inclusive)
PASS: POSIX suite registered in tests/run-all.sh
PASS: PowerShell suite registered in tests/run-all.ps1
RESULT: 149 passed, 6 failed
exitcode 1
