PASS: disabled-legacy-invocation: exit 1
PASS: disabled-legacy-invocation: canonical diagnostic only
PASS: disabled-legacy-invocation: exact Resolver Evidence
PASS: disabled-legacy-invocation: Resolver Evidence schema agreement
PASS: disabled-legacy-invocation: no partial live artifact
PASS: disabled-legacy-invocation: no step-4-or-later subprocess
PASS: workflow-combination-invalid-lite: exit 1
PASS: workflow-combination-invalid-lite: canonical diagnostic only
PASS: workflow-combination-invalid-lite: exact Resolver Evidence
PASS: workflow-combination-invalid-lite: Resolver Evidence schema agreement
PASS: workflow-combination-invalid-lite: no partial live artifact
PASS: workflow-combination-invalid-lite: no step-4-or-later subprocess
PASS: workflow-combination-invalid-full: exit 1
PASS: workflow-combination-invalid-full: canonical diagnostic only
PASS: workflow-combination-invalid-full: exact Resolver Evidence
PASS: workflow-combination-invalid-full: Resolver Evidence schema agreement
PASS: workflow-combination-invalid-full: no partial live artifact
PASS: workflow-combination-invalid-full: no step-4-or-later subprocess
PASS: project-context-validation-failed: exit 1
PASS: project-context-validation-failed: canonical diagnostic only
PASS: project-context-validation-failed: exact Resolver Evidence
PASS: project-context-validation-failed: Resolver Evidence schema agreement
PASS: project-context-validation-failed: no partial live artifact
PASS: project-context-validation-failed: no step-4-or-later subprocess
PASS: canonicalizer-invocation-failed: exit 1
PASS: canonicalizer-invocation-failed: canonical diagnostic only
PASS: canonicalizer-invocation-failed: exact Resolver Evidence
PASS: canonicalizer-invocation-failed: Resolver Evidence schema agreement
PASS: canonicalizer-invocation-failed: no partial live artifact
PASS: canonicalizer-invocation-failed: no step-4-or-later subprocess
PASS: dependency-output-malformed: exit 1
PASS: dependency-output-malformed: canonical diagnostic only
PASS: dependency-output-malformed: exact Resolver Evidence
PASS: dependency-output-malformed: Resolver Evidence schema agreement
PASS: dependency-output-malformed: no partial live artifact
PASS: dependency-output-malformed: no step-4-or-later subprocess
PASS: projection-two-components: exit 0
PASS: projection-two-components: no diagnostic on either stream
PASS: projection-two-components: step 3 second canonicalizer pass ran in JSON mode
PASS: projection-two-components: Context Projection field set is REQ-003's exact five
PASS: projection-two-components: Context Projection schema const
PASS: projection-two-components: source_sha256 binds the canonical Project Context
PASS: projection-two-components: workflow copied verbatim
PASS: projection-two-components: components re-keyed by id with id stripped
PASS: projection-two-components: shared_paths carried as-is
PASS: projection-two-components: exact Context Projection document
PASS: projection-two-components: no Resolver Evidence on the success path
PASS: projection-two-components: no partial live artifact
PASS: projection-omits-components: exit 0
PASS: projection-omits-components: no diagnostic on either stream
PASS: projection-omits-components: step 3 second canonicalizer pass ran in JSON mode
PASS: projection-omits-components: Context Projection field set is REQ-003's exact five
PASS: projection-omits-components: Context Projection schema const
PASS: projection-omits-components: source_sha256 binds the canonical Project Context
PASS: projection-omits-components: workflow copied verbatim
PASS: projection-omits-components: components re-keyed by id with id stripped
PASS: projection-omits-components: shared_paths carried as-is
PASS: projection-omits-components: exact Context Projection document
PASS: projection-canonicalizer-invocation-failed: exit 1
PASS: projection-canonicalizer-invocation-failed: canonical diagnostic only
PASS: projection-canonicalizer-invocation-failed: exact Resolver Evidence
PASS: projection-canonicalizer-invocation-failed: Resolver Evidence schema agreement
PASS: projection-canonicalizer-invocation-failed: no partial live artifact
PASS: projection-canonicalizer-invocation-failed: no step-4-or-later subprocess
PASS: projection-dependency-output-malformed: exit 1
PASS: projection-dependency-output-malformed: canonical diagnostic only
PASS: projection-dependency-output-malformed: exact Resolver Evidence
PASS: projection-dependency-output-malformed: Resolver Evidence schema agreement
PASS: projection-dependency-output-malformed: no partial live artifact
PASS: projection-dependency-output-malformed: no step-4-or-later subprocess
PASS: affected-component-resolution-failed: exit 1
PASS: affected-component-resolution-failed: canonical diagnostic only, no upstream stderr embedded (M8)
PASS: affected-component-resolution-failed: exact Resolver Evidence
PASS: affected-component-resolution-failed: Resolver Evidence schema agreement
PASS: affected-component-resolution-failed: no partial live artifact
PASS: resolve-component-paths-launch-failed: exit 1
PASS: resolve-component-paths-launch-failed: canonical diagnostic only, no upstream stderr embedded (M8)
PASS: resolve-component-paths-launch-failed: exact Resolver Evidence
PASS: resolve-component-paths-launch-failed: Resolver Evidence schema agreement
PASS: resolve-component-paths-launch-failed: no partial live artifact
PASS: contract-discovery-failed: exit 1
PASS: contract-discovery-failed: canonical diagnostic only, no upstream stderr embedded (M8)
PASS: contract-discovery-failed: exact Resolver Evidence
PASS: contract-discovery-failed: Resolver Evidence schema agreement
PASS: contract-discovery-failed: no partial live artifact
PASS: registry-discovery-unimportable: exit 1
PASS: registry-discovery-unimportable: canonical diagnostic only, no upstream stderr embedded (M8)
PASS: registry-discovery-unimportable: exact Resolver Evidence
PASS: registry-discovery-unimportable: Resolver Evidence schema agreement
PASS: registry-discovery-unimportable: no partial live artifact
PASS: registry-validation-failed: exit 1
PASS: registry-validation-failed: canonical diagnostic only, no upstream stderr embedded (M8)
PASS: registry-validation-failed: exact Resolver Evidence
PASS: registry-validation-failed: Resolver Evidence schema agreement
PASS: registry-validation-failed: no partial live artifact
PASS: validate-capability-registry-launch-failed: exit 1
PASS: validate-capability-registry-launch-failed: canonical diagnostic only, no upstream stderr embedded (M8)
PASS: validate-capability-registry-launch-failed: exact Resolver Evidence
PASS: validate-capability-registry-launch-failed: Resolver Evidence schema agreement
PASS: validate-capability-registry-launch-failed: no partial live artifact
PASS: dependency-subprocess-failed: exit 1
PASS: dependency-subprocess-failed: canonical diagnostic only, no upstream stderr embedded (M8)
PASS: dependency-subprocess-failed: exact Resolver Evidence
PASS: dependency-subprocess-failed: Resolver Evidence schema agreement
PASS: dependency-subprocess-failed: no partial live artifact
PASS: evaluate-predicate-output-malformed: exit 1
PASS: evaluate-predicate-output-malformed: canonical diagnostic only, no upstream stderr embedded (M8)
PASS: evaluate-predicate-output-malformed: exact Resolver Evidence
PASS: evaluate-predicate-output-malformed: Resolver Evidence schema agreement
PASS: evaluate-predicate-output-malformed: no partial live artifact
PASS: evaluate-predicate-schema-error: exit 1
PASS: evaluate-predicate-schema-error: canonical diagnostic only, no upstream stderr embedded (M8)
PASS: evaluate-predicate-schema-error: exact Resolver Evidence
PASS: evaluate-predicate-schema-error: Resolver Evidence schema agreement
PASS: evaluate-predicate-schema-error: no partial live artifact
PASS: evaluate-predicate-failure-after-warn: exit 1
PASS: evaluate-predicate-failure-after-warn: canonical diagnostic only, no upstream stderr embedded (M8)
FAIL: evaluate-predicate-failure-after-warn: exact Resolver Evidence: {'capability_evaluations': [{'capability_id': 'cap-warn-first', 'matched': False, 'trigger_evaluations': [{'component_id': 'comp-a', 'evidence': [{'operator': 'equals', 'outcome': 'warn', 'path': 'characteristics.auto_update', 'reason': 'missing-path'}], 'result': False}]}], 'diagnostics': [{'detail': 'evaluate-predicate failed while evaluating a predicate', 'id': 'dependency-subprocess-failed', 'severity': 'block'}], 'feature': 'example-feature', 'schema': 'sdd-resolver-evidence/v1', 'state': 'advisory'}
PASS: evaluate-predicate-failure-after-warn: Resolver Evidence schema agreement
PASS: evaluate-predicate-failure-after-warn: no partial live artifact
PASS: dsl-warn-unmatched-trigger: exit 1
PASS: dsl-warn-unmatched-trigger: canonical diagnostic only, no upstream stderr embedded (M8)
PASS: dsl-warn-unmatched-trigger: exact Resolver Evidence
PASS: dsl-warn-unmatched-trigger: Resolver Evidence schema agreement
PASS: dsl-warn-unmatched-trigger: no partial live artifact
PASS: dsl-warn-matched-nondetermining: exit 1
PASS: dsl-warn-matched-nondetermining: canonical diagnostic only, no upstream stderr embedded (M8)
PASS: dsl-warn-matched-nondetermining: exact Resolver Evidence
PASS: dsl-warn-matched-nondetermining: Resolver Evidence schema agreement
PASS: dsl-warn-matched-nondetermining: no partial live artifact
PASS: dsl-warn-unsorted-affected-components: exit 1
PASS: dsl-warn-unsorted-affected-components: canonical diagnostic only, no upstream stderr embedded (M8)
PASS: dsl-warn-unsorted-affected-components: exact Resolver Evidence
PASS: dsl-warn-unsorted-affected-components: Resolver Evidence schema agreement
PASS: dsl-warn-unsorted-affected-components: no partial live artifact
PASS: lite-check-source-undefined: exit 1
PASS: lite-check-source-undefined: canonical diagnostic only, no upstream stderr embedded (M8)
PASS: lite-check-source-undefined: exact Resolver Evidence
PASS: lite-check-source-undefined: Resolver Evidence schema agreement
PASS: lite-check-source-undefined: no partial live artifact
PASS: output-schema-validation-failed-evidence: exit 1
PASS: output-schema-validation-failed-evidence: canonical diagnostic only, no upstream stderr embedded (M8)
PASS: output-schema-validation-failed-evidence: no Resolver Evidence written (B3)
PASS: output-schema-validation-failed-evidence: no partial live artifact
PASS: output-schema-validation-failed-artifact: exit 1
PASS: output-schema-validation-failed-artifact: canonical diagnostic only, no upstream stderr embedded (M8)
PASS: output-schema-validation-failed-artifact: exact Resolver Evidence
PASS: output-schema-validation-failed-artifact: Resolver Evidence schema agreement
PASS: output-schema-validation-failed-artifact: no partial live artifact
PASS: snapshot-generation-mismatch: exit 1
PASS: snapshot-generation-mismatch: canonical diagnostic only, no upstream stderr embedded (M8)
PASS: snapshot-generation-mismatch: exact Resolver Evidence
PASS: snapshot-generation-mismatch: Resolver Evidence schema agreement
PASS: snapshot-generation-mismatch: no partial live artifact
PASS: contract-discovery-failed-governing-schema: exit 1
PASS: contract-discovery-failed-governing-schema: canonical diagnostic only, no upstream stderr embedded (M8)
PASS: contract-discovery-failed-governing-schema: exact Resolver Evidence
PASS: contract-discovery-failed-governing-schema: Resolver Evidence schema agreement
PASS: contract-discovery-failed-governing-schema: no partial live artifact
FAIL: contract-discovery-failed-governing-schema-wrong-version: exit 1: got 0 stderr=''
FAIL: contract-discovery-failed-governing-schema-wrong-version: canonical diagnostic only, no upstream stderr embedded (M8): stdout='' stderr=''
FAIL: contract-discovery-failed-governing-schema-wrong-version: exact Resolver Evidence: [Errno 2] No such file or directory: '/private/var/folders/7z/hjmz6jdj4wb40srf64sl368w0000gn/T/resolver-t004-q0tu582d/specs/example-feature/resolver-evidence.yaml'
FAIL: contract-discovery-failed-governing-schema-wrong-version: Resolver Evidence schema agreement: evidence absent
PASS: contract-discovery-failed-governing-schema-wrong-version: no partial live artifact
PASS: contract-discovery-failed-governing-schema-malformed: exit 1
FAIL: contract-discovery-failed-governing-schema-malformed: canonical diagnostic only, no upstream stderr embedded (M8): stdout='' stderr='capability-resolver: contract-discovery-failed: governing output schema discovery failed: resolver-evidence.schema.json could not be read/parsed: Expecting property name enclosed in double quotes: line 1 column 3 (char 2)\n'
FAIL: contract-discovery-failed-governing-schema-malformed: exact Resolver Evidence: {'capability_evaluations': [], 'context_binding': {'dependency_pointers': ['/workflow'], 'full_context_revision': 'sha256:05d3cc1f384d0cc378034070ee4b16514e07558eaeeaa272f1e47bffab62c886', 'ownership_digest': 'sha256:47b366e1f5d0ffe0bbe4bfa1faece733041c2bcb918112cc8ac23364a869237f', 'projection_sha256': 'sha256:b64963b7dc64164dbb5a92d937aa53998a13a285eb55d0542b6afed9615b9200', 'registry_digest': 'sha256:416eedb2ea74d1a102ed1d7234c18095ae93c2372122195a398276601a55d1c0'}, 'diagnostics': [{'detail': 'governing output schema discovery failed: resolver-evidence.schema.json could not be read/parsed: Expecting property name enclosed in double quotes: line 1 column 3 (char 2)', 'id': 'contract-discovery-failed', 'severity': 'block'}], 'feature': 'example-feature', 'resolver': {'rule_set_revision': 'sha256:4b39beb045953dfe6d3c39a54933505b69956ab7020d501224a2aee68c06e37b', 'version': '1.0.0'}, 'schema': 'sdd-resolver-evidence/v1', 'state': 'advisory'}
PASS: contract-discovery-failed-governing-schema-malformed: Resolver Evidence schema agreement
PASS: contract-discovery-failed-governing-schema-malformed: no partial live artifact
PASS: recheck-dependency-failed: exit 1
PASS: recheck-dependency-failed: canonical diagnostic only, no upstream stderr embedded (M8)
PASS: recheck-dependency-failed: exact Resolver Evidence
PASS: recheck-dependency-failed: Resolver Evidence schema agreement
PASS: recheck-dependency-failed: no partial live artifact
PASS: draft7-validator-keywords: a matched:false entry with no conditional_facet_evaluations conforms (sanity)
PASS: draft7-validator-keywords: `not` -- a matched:false entry carrying conditional_facet_evaluations is rejected (resolver-evidence.schema.json capabilityEvaluation.then.not.required)
PASS: draft7-validator-keywords: `minimum` -- a negative declaration_index is rejected (resolver-evidence.schema.json conditional_facet_evaluations[].declaration_index minimum:0)
PASS: draft7-validator-keywords: declaration_index: 0 conforms (sanity, minimum is inclusive)
PASS: draft7-keyword-coverage: resolver-evidence.schema.json uses only keywords _draft7_validate implements
PASS: draft7-keyword-coverage: context-projection.schema.json uses only keywords _draft7_validate implements
PASS: draft7-keyword-coverage: facet-manifest.schema.json uses only keywords _draft7_validate implements
PASS: draft7-keyword-coverage: capability-summary.schema.json uses only keywords _draft7_validate implements
PASS: POSIX suite registered in tests/run-all.sh
PASS: PowerShell suite registered in tests/run-all.ps1
RESULT: 177 passed, 7 failed
