=== TEST-019: rev-resolution + merge-base baseline ===
ok: TEST-019.1: identical source/target revs resolve cleanly
ok: TEST-019.2: an unresolvable target rev fails closed with a diagnostic
ok: TEST-019.3: unrelated histories fail closed with a diagnostic
=== TEST-020: staged + unstaged + untracked, no double-count ===
ok: TEST-020.1: staged, unstaged, and untracked changes are each collected exactly once
=== TEST-021: NUL-safe framing ===
ok: TEST-021.1: a path containing a literal TAB round-trips correctly
ok: TEST-021.2: strict UTF-8 decoding (the same contract ConvertTo-PathStrict enforces) fails closed on invalid UTF-8 bytes, confirmed via a direct unit test of the identical .NET strict-decode call
=== TEST-022: rename-follow incl. cross-component ===
ok: TEST-022.1: a cross-component rename is detected and surfaced as its own distinct case
ok: TEST-022.2: both the pre-rename and post-rename path are independently classified
=== TEST-023: pinned threshold/limit contract ===
ok: TEST-023.1: the pinned rename similarity threshold (50%) and diff.renameLimit (1000) are defined as fixed constants
ok: TEST-023.2: the rename-limit-exceeded stderr warning text and fail-closed diagnostic are present in the implementation (direct source-level check; see the bash twin for the runtime unit test of the same code path)
=== TEST-024: submodule/symlink reference-only (four cases) ===
ok: TEST-024.1: a dirty-but-pointer-unchanged submodule is NOT reported
ok: TEST-024.2: a submodule gitlink OID change IS reported as a change
ok: TEST-024.3: a symlink's own target-text change is reported at the symlink's path
ok: TEST-024.4: a referent-only content change is reported at the referent's own path, never at the untouched symlink's path
=== TEST-025: single-writer/TOCTOU retry-then-fail-closed ===
ok: TEST-025.1: an ordinary resolve with no concurrent writer succeeds
ok: TEST-025.2: a persistent single-writer/TOCTOU fingerprint mismatch retries exactly once then fails closed (direct unit test of the retry-loop shape)
=== registration self-check ===
ok: component-path-diff-basis suite self-registers in run-all.sh and .ps1

component-path-diff-basis.tests.ps1: 17 passed, 0 failed
