=== TEST-019-static: proposed SKILL.md names every required element ===
FAIL: TEST-019-static-a: names evaluate-predicate as the signal source: expected to find [evaluate-predicate] in proposed SKILL.md
FAIL: TEST-019-static-b: names the Project-Context-declared component match: expected to find [Project Context already declares] in proposed SKILL.md
FAIL: TEST-019-static-c: names the trigger-fragment eligible/upgrade_reasons shape: expected to find ["eligible": false] in proposed SKILL.md
FAIL: TEST-019-static-d: the checker call site gains the new second argument: expected to find [--capability-reasons <fragment-path>] in proposed SKILL.md
FAIL: TEST-019-static-e: the .ps1 call site gains its own new parameter: expected to find [-CapabilityReasons <fragment-path>] in proposed SKILL.md
FAIL: TEST-019-static-f: disabled-legacy (no Project Context) skip clause present: expected to find [skip this step entirely] in proposed SKILL.md
FAIL: TEST-019-static-g: non-overridable by --lite, regardless of signal source: expected to find [regardless of whether the] in proposed SKILL.md
FAIL: TEST-019-static-h: the dedicated fragment-invalid exit-2 diagnostic is documented: expected to find [capability-reasons fragment invalid] in proposed SKILL.md
FAIL: TEST-019-static-i: ship-time recheck stays layered, not replaced: expected to find [layered with, not a substitute for] in proposed SKILL.md
FAIL: TEST-019-static-j: Boundaries still disclaim reimplementing Predicate-DSL/Registry-matching: expected to find [Predicate-DSL/Registry-matching] in proposed SKILL.md
=== TEST-019-functional: assembled Capability-derived fragment Blocks ===
FAIL: TEST-019-functional-a: expected exit 10, got 2. Output: risk-upgrade: input unavailable
FAIL: TEST-019-functional-b: unexpected message shape: risk-upgrade: input unavailable
FAIL: TEST-019-functional-c: expected 'financial_settlement' in output: risk-upgrade: input unavailable
=== TEST-019-defense-in-depth: ship-time recheck skill is untouched ===
ok: TEST-019-defense-in-depth: ship/SKILL.md still independently invokes check-risk-upgrade at ship time

Results: 1 passed, 13 failed
=== TEST-019-static: proposed SKILL.md names every required element ===
FAIL: TEST-019-static-a: names evaluate-predicate as the signal source: expected to find [evaluate-predicate] in proposed SKILL.md
FAIL: TEST-019-static-b: names the Project-Context-declared component match: expected to find [Project Context already declares] in proposed SKILL.md
FAIL: TEST-019-static-c: names the trigger-fragment eligible/upgrade_reasons shape: expected to find ["eligible": false] in proposed SKILL.md
FAIL: TEST-019-static-d: the checker call site gains the new second argument: expected to find [--capability-reasons <fragment-path>] in proposed SKILL.md
FAIL: TEST-019-static-e: the .ps1 call site gains its own new parameter: expected to find [-CapabilityReasons <fragment-path>] in proposed SKILL.md
FAIL: TEST-019-static-f: disabled-legacy (no Project Context) skip clause present: expected to find [skip this step entirely] in proposed SKILL.md
FAIL: TEST-019-static-g: non-overridable by --lite, regardless of signal source: expected to find [regardless of whether the] in proposed SKILL.md
FAIL: TEST-019-static-h: the dedicated fragment-invalid exit-2 diagnostic is documented: expected to find [capability-reasons fragment invalid] in proposed SKILL.md
FAIL: TEST-019-static-i: ship-time recheck stays layered, not replaced: expected to find [layered with, not a substitute for] in proposed SKILL.md
FAIL: TEST-019-static-j: Boundaries still disclaim reimplementing Predicate-DSL/Registry-matching: expected to find [Predicate-DSL/Registry-matching] in proposed SKILL.md
=== TEST-019-functional: assembled Capability-derived fragment Blocks ===
FAIL: TEST-019-functional-a: expected exit 10, got 1. Output: [31;1mcheck-risk-upgrade.ps1: [31;1mA parameter cannot be found that matches parameter name 'CapabilityReasons'.[0m
FAIL: TEST-019-functional-b: unexpected message shape: [31;1mcheck-risk-upgrade.ps1: [31;1mA parameter cannot be found that matches parameter name 'CapabilityReasons'.[0m
FAIL: TEST-019-functional-c: expected financial_settlement in output: [31;1mcheck-risk-upgrade.ps1: [31;1mA parameter cannot be found that matches parameter name 'CapabilityReasons'.[0m
=== TEST-019-defense-in-depth: ship-time recheck skill is untouched ===
ok: TEST-019-defense-in-depth: ship/SKILL.md still independently invokes check-risk-upgrade at ship time

Results: 1 passed, 13 failed
