=== TEST-001: correct payload copies cleanly, post-copy verified ===
ok: TEST-001a: correct payload exits 0
ok: TEST-001b: every target's installed content matches the staged payload
=== TEST-002: undeclared fifth payload path rejected before copy ===
FAIL: TEST-002a: undeclared fifth path should be rejected, got exit 0
FAIL: TEST-002b: a copy should NOT have occurred before rejection, live file was modified
=== TEST-003: missing declared target rejected before copy ===
ok: TEST-003a: missing declared target rejected (exit 2)
FAIL: TEST-003b: a copy should NOT have occurred before rejection, live file was modified
=== TEST-004: per-target hash mismatch rejected before copy ===
FAIL: TEST-004a: staged hash mismatch should be rejected, got exit 0
FAIL: TEST-004b: a copy should NOT have occurred before rejection, live file was modified
=== TEST-005: control files excluded from payload-set comparison ===
ok: TEST-005a: MANIFEST.sha256 correctly excluded from the payload set
ok: TEST-005b: runner script correctly excluded from the payload set
ok: TEST-005c: payload set == exactly the four declared targets, control files excluded
ok: TEST-005d: a fixture with both control files present still passes (not flagged extraneous)
=== TEST-006: post-copy corruption detected and reported ===
ok: TEST-006a: post-copy corruption is detected (Test-PostCopyHashes threw)
ok: TEST-006b: failure message names post-copy re-verification
ok: TEST-006c: failure message names the corrupted target
=== TEST-007: feature-scoped, not fixed-prefix, resolution ===
ok: TEST-007: runner succeeds reading only its own feature-scoped prefix, ignoring an unrelated foreign prefix

Results: 11 passed, 5 failed
