T-009 (epic-189-a1-project-context, REQ-007) — TDD Green evidence
Staged-tree `generate-guard-invariants.py --check` against the FINAL
staged candidate.

The only difference from the Red state (check-red.log) is that the staged
generate-guard-invariants.py's EPIC_A1_TARGETS tuple again carries all 28
PROTECTED-MANIFEST.md entries instead of 24. Single variable.

--------------------------------------------------------------------------
$ cd /Users/jrmag/Projects/active/sdd-forge-wt-epic-189
$ python3 specs/epic-189-a1-project-context/human-copy/plugins/sdd-quality-loop/scripts/generate-guard-invariants.py --check
check_exit=0
--------------------------------------------------------------------------

(no diagnostic output; --check prints nothing and returns 0 on success)

Staged batch content proved by this run
---------------------------------------
  guard-invariants.json          protected_gate_suffixes 42 -> 70
                                 (live 42 preserved as an exact prefix,
                                 + the 28 manifest paths appended in
                                 manifest order)
                                 new top-level key epic_a1_targets = the
                                 same 28, in the same order
  generate-guard-invariants.py   + EPIC_A1_TARGETS (28 entries)
                                 + "epic_a1_targets" in REQUIRED_TOP_LEVEL
                                 + EPIC_A1_TARGETS folded into
                                   expected_protected
                                 + epic_a1_targets exact-tuple validation
                                 PHASE2_TARGETS and BASELINE_SUFFIXES
                                 byte-identical to live (frozen, Out of
                                 Scope)
  4 generated outputs            regenerated BY THE STAGED GENERATOR
                                 ITSELF, so the bytes --check verifies are
                                 the bytes that same code path renders

LIVE-tree control run (must also still pass, and does)
------------------------------------------------------
$ python3 plugins/sdd-quality-loop/scripts/generate-guard-invariants.py --check
live_check_exit=0

The live tree is untouched by this task; this control confirms the agent
commit did not destabilise the repository-wide CI step
(.github/workflows/test.yml:27-35).

Suite results in this Green state
---------------------------------
tests/guard-invariants-epic-a1.tests.sh   PASS 75 / FAIL 0 (exit 0) — green-sh.log
tests/guard-invariants-epic-a1.tests.ps1  PASS 79 / FAIL 0 (exit 0) — green-ps1.log

Adjacent regression suites (unchanged behaviour)
------------------------------------------------
tests/phase2-guard-invariants.tests.sh    33 passed, 0 failed
tests/guard-staging-exemption.tests.sh    33 passed, 0 failed
tests/guards.tests.sh                    133 passed, 0 failed
tests/run-all.sh                          bash -n syntax OK
tests/run-all.ps1                         PowerShell parser OK

tests/constant-parity.tests.sh, tests/gates.tests.sh, tests/eval.tests.sh
and tests/guard-parity.tests.sh could NOT be invoked from this session:
each is itself an R-10 protected gate file, so `bash <that path>` is
denied by sdd-hook-guard as an indirect command targeting a protected
path. The denial was recorded rather than worked around; CI runs these
four. See the implementation report's "Guard and permission denials".

Mutation proofs (detection power)
---------------------------------
A scratch MIRROR of the files this suite reads was built outside the
repository and mutated one variable at a time; the repository itself was
never modified. Control (no mutation) = 0 failures in both runtimes.
Every mutation was detected. Full table in the implementation report.
