=== gate-time checks for T-003 (epic-192-a4-facet-manifest) cycle 1 ===
date: 2026-08-17T05:04:11Z
HEAD: 1fe40c644cd09dbec9c555fd70be7a4c53e0a2fc
git status --short (expect empty):
?? specs/epic-192-a4-facet-manifest/verification/T-003/gate-c1-checks.log

----- bash tests/context-projection-schema.tests.sh -----
ok: contracts/context-projection.schema.json exists
ok: $schema is draft-07
ok: $id exact match (https://github.com/aharada54914/sdd-forge/contracts/context-projection.schema.json)
ok: top-level 'required' is exactly the five-field set (AC-015)
ok: workflow.required is exactly the three-field set
ok: top-level required: required-missing-schema.json invalid as expected (contains 'missing required property 'schema'')
ok: top-level required: required-missing-source-sha256.json invalid as expected (contains 'missing required property 'source_sha256'')
ok: top-level required: required-missing-workflow.json invalid as expected (contains 'missing required property 'workflow'')
ok: top-level required: required-missing-components.json invalid as expected (contains 'missing required property 'components'')
ok: top-level required: required-missing-shared-paths.json invalid as expected (contains 'missing required property 'shared_paths'')
ok: workflow required: workflow-missing-spec-profile.json invalid as expected (contains '/workflow/spec_profile: missing required property 'spec_profile'')
ok: workflow required: workflow-missing-artifact-layout.json invalid as expected (contains '/workflow/artifact_layout: missing required property 'artifact_layout'')
ok: workflow required: workflow-missing-capability-enforcement.json invalid as expected (contains '/workflow/capability_enforcement: missing required property 'capability_enforcement'')
ok: spec_profile enum: workflow-spec-profile-invalid.json invalid as expected (contains '/workflow/spec_profile: expected one of ['full', 'lite']')
ok: artifact_layout enum: workflow-artifact-layout-invalid.json invalid as expected (contains '/workflow/artifact_layout: expected one of ['lite-three-file', 'legacy-seven-layer', 'facet-hybrid', 'facet-native']')
ok: capability_enforcement enum: workflow-capability-enforcement-invalid.json invalid as expected (contains '/workflow/capability_enforcement: expected one of ['advisory', 'required']')
ok: schema const: schema-invalid-const.json invalid as expected (contains '/schema: expected const 'sdd-context-projection/v1'')
ok: TEST-015: rekeyed-two-component-non-slug-id.json valid (exit 0, no diagnostics)
ok: TEST-015: components re-keys to exactly two id-valued keys (incl. non-slug 'Desktop/App'), no 'id' sub-field
ok: TEST-015 (B8 source-omission): source-omission-empty-valid.json valid (exit 0, no diagnostics)
ok: TEST-015 (B8): source-omission fixture materializes components: {} / shared_paths: []
ok: TEST-016: /components/desktop-client/artifact_kinds resolves to a real value (["executable", "installer"])
ok: TEST-030: rekeyed-two-component-non-slug-id.json valid (exit 0, no diagnostics)
ok: TEST-030: components-still-array-shaped.json invalid as expected (contains '/components: expected type 'object', got list')
ok: TEST-042 (bounded): shared-path-bounded-valid.json valid (exit 0, no diagnostics)
ok: TEST-042 (unbounded): shared-path-unbounded-valid.json valid (exit 0, no diagnostics)
ok: TEST-042 (both): shared-path-both-rejected.json invalid as expected (contains '/shared_paths/0: expected exactly one 'oneOf' branch to match, 2 matched')
ok: TEST-042 (neither): shared-path-neither-rejected.json invalid as expected (contains '/shared_paths/0: expected exactly one 'oneOf' branch to match, 0 matched')
ok: shared_paths[] required 'pattern': shared-path-missing-pattern.json invalid as expected (contains '/shared_paths/0/pattern: missing required property 'pattern'')
ok: source_sha256 pattern regression: source-sha256-malformed-digest.json invalid as expected (contains '/source_sha256: does not match pattern')
ok: provider_bindings_sha256 pattern regression: provider-bindings-sha256-malformed-digest.json invalid as expected (contains '/provider_bindings_sha256: does not match pattern')
ok: ECMA pattern semantics: trailing-newline source_sha256 rejected: source-sha256-trailing-newline.json invalid as expected (contains '/source_sha256: does not match pattern')
ok: diagnostic determinism: multi-diagnostic-ordering.json emits exactly 2 lines in (check-id, pointer) order
ok: projection-unreadable: nonexistent .json path fails closed (exit=1, contains diagnostic)
ok: self-registration: tests/run-all.sh lists this suite

context-projection-schema: 35 passed, 0 failed
exit=0

----- pwsh -NoProfile -File tests/context-projection-schema.tests.ps1 -----
ok: contracts/context-projection.schema.json exists
ok: $schema is draft-07
ok: $id exact match (https://github.com/aharada54914/sdd-forge/contracts/context-projection.schema.json)
ok: top-level 'required' is exactly the five-field set (AC-015)
ok: workflow.required is exactly the three-field set
ok: top-level required: required-missing-schema.json invalid as expected (contains 'missing required property 'schema'')
ok: top-level required: required-missing-source-sha256.json invalid as expected (contains 'missing required property 'source_sha256'')
ok: top-level required: required-missing-workflow.json invalid as expected (contains 'missing required property 'workflow'')
ok: top-level required: required-missing-components.json invalid as expected (contains 'missing required property 'components'')
ok: top-level required: required-missing-shared-paths.json invalid as expected (contains 'missing required property 'shared_paths'')
ok: workflow required: workflow-missing-spec-profile.json invalid as expected (contains '/workflow/spec_profile: missing required property 'spec_profile'')
ok: workflow required: workflow-missing-artifact-layout.json invalid as expected (contains '/workflow/artifact_layout: missing required property 'artifact_layout'')
ok: workflow required: workflow-missing-capability-enforcement.json invalid as expected (contains '/workflow/capability_enforcement: missing required property 'capability_enforcement'')
ok: spec_profile enum: workflow-spec-profile-invalid.json invalid as expected (contains '/workflow/spec_profile: expected one of ['full', 'lite']')
ok: artifact_layout enum: workflow-artifact-layout-invalid.json invalid as expected (contains '/workflow/artifact_layout: expected one of ['lite-three-file', 'legacy-seven-layer', 'facet-hybrid', 'facet-native']')
ok: capability_enforcement enum: workflow-capability-enforcement-invalid.json invalid as expected (contains '/workflow/capability_enforcement: expected one of ['advisory', 'required']')
ok: schema const: schema-invalid-const.json invalid as expected (contains '/schema: expected const 'sdd-context-projection/v1'')
ok: TEST-015: rekeyed-two-component-non-slug-id.json valid (exit 0, no diagnostics)
ok: TEST-015: components re-keys to exactly two id-valued keys (incl. non-slug 'Desktop/App'), no 'id' sub-field
ok: TEST-015 (B8 source-omission): source-omission-empty-valid.json valid (exit 0, no diagnostics)
ok: TEST-015 (B8): source-omission fixture materializes components: {} / shared_paths: []
ok: TEST-016: /components/desktop-client/artifact_kinds resolves to a real value (executable,installer)
ok: TEST-030: rekeyed-two-component-non-slug-id.json valid (exit 0, no diagnostics)
ok: TEST-030: components-still-array-shaped.json invalid as expected (contains '/components: expected type 'object', got list')
ok: TEST-042 (bounded): shared-path-bounded-valid.json valid (exit 0, no diagnostics)
ok: TEST-042 (unbounded): shared-path-unbounded-valid.json valid (exit 0, no diagnostics)
ok: TEST-042 (both): shared-path-both-rejected.json invalid as expected (contains '/shared_paths/0: expected exactly one 'oneOf' branch to match, 2 matched')
ok: TEST-042 (neither): shared-path-neither-rejected.json invalid as expected (contains '/shared_paths/0: expected exactly one 'oneOf' branch to match, 0 matched')
ok: shared_paths[] required 'pattern': shared-path-missing-pattern.json invalid as expected (contains '/shared_paths/0/pattern: missing required property 'pattern'')
ok: source_sha256 pattern regression: source-sha256-malformed-digest.json invalid as expected (contains '/source_sha256: does not match pattern')
ok: provider_bindings_sha256 pattern regression: provider-bindings-sha256-malformed-digest.json invalid as expected (contains '/provider_bindings_sha256: does not match pattern')
ok: ECMA pattern semantics: trailing-newline source_sha256 rejected: source-sha256-trailing-newline.json invalid as expected (contains '/source_sha256: does not match pattern')
ok: diagnostic determinism: multi-diagnostic-ordering.json emits exactly 2 lines in (check-id, pointer) order
ok: projection-unreadable: nonexistent .json path fails closed (exit=1, contains diagnostic)
ok: self-registration: tests/run-all.ps1 lists this suite

context-projection-schema: 35 passed, 0 failed
exit=0

----- bash tests/facet-manifest-schema.tests.sh -----
ok: TEST-001: $schema is draft-07
ok: TEST-001: $id exact match (https://github.com/aharada54914/sdd-forge/contracts/facet-manifest.schema.json)
ok: TEST-002 positive baseline: valid-base.json valid (exit 0, no diagnostics)
ok: TEST-002 YAML round-trip (real canonicalizer subprocess): canonicalizer-roundtrip-valid.yaml valid (exit 0, no diagnostics)
ok: TEST-002: required-missing-schema.json invalid as expected (contains 'missing required property 'schema'')
ok: TEST-002: required-missing-feature.json invalid as expected (contains 'missing required property 'feature'')
ok: TEST-002: required-missing-affected-components.json invalid as expected (contains 'missing required property 'affected_components'')
ok: TEST-002: required-missing-required-facets.json invalid as expected (contains 'missing required property 'required_facets'')
ok: TEST-002: required-missing-conditional-facets.json invalid as expected (contains 'missing required property 'conditional_facets'')
ok: TEST-002: required-missing-resolved-gates.json invalid as expected (contains 'missing required property 'resolved_gates'')
ok: TEST-002: required-missing-capabilities.json invalid as expected (contains 'missing required property 'capabilities'')
ok: TEST-002: required-missing-lite-eligibility.json invalid as expected (contains 'missing required property 'lite_eligibility'')
ok: TEST-002: required-missing-context-binding.json invalid as expected (contains 'missing required property 'context_binding'')
ok: TEST-002: required-missing-resolver.json invalid as expected (contains 'missing required property 'resolver'')
ok: TEST-003: empty-arrays-valid.json valid (exit 0, no diagnostics)
ok: TEST-003: duplicate-affected-components.json invalid as expected (contains 'uniqueItems violated')
ok: TEST-003: duplicate-required-facets.json invalid as expected (contains 'uniqueItems violated')
ok: TEST-003: duplicate-capabilities.json invalid as expected (contains 'uniqueItems violated')
ok: TEST-004: conditional-facet-applied-false-missing-reason.json invalid as expected (contains 'missing required property 'reason'')
ok: TEST-004: conditional-facet-applied-true-with-reason.json invalid as expected (contains 'matched a schema under 'not'')
ok: TEST-004: conditional-facet-applied-true-valid.json valid (exit 0, no diagnostics)
ok: TEST-004 acceptance case (applied: false WITH reason): conditional-facet-applied-false-with-reason-valid.json valid (exit 0, no diagnostics)
ok: TEST-005: evidence-invalid-operator.json invalid as expected (contains 'expected one of')
ok: TEST-005: evidence-warn-missing-reason.json invalid as expected (contains 'missing required property 'reason'')
ok: TEST-005: evidence-warn-with-reason-valid.json valid (exit 0, no diagnostics)
ok: TEST-006: resolved-gate-invalid-stage.json invalid as expected (contains 'expected one of')
ok: TEST-006: resolved-gate-valid-multi.json valid (exit 0, no diagnostics)
ok: TEST-006: resolved-gate-missing-id.json invalid as expected (contains 'missing required property 'id'')
ok: TEST-006: resolved-gate-missing-stage.json invalid as expected (contains 'missing required property 'stage'')
ok: TEST-006: resolved-gate-missing-blocking.json invalid as expected (contains 'missing required property 'blocking'')
ok: TEST-007: capability-minimum-enforcement-invalid-value.json invalid as expected (contains 'expected const 'required'')
ok: TEST-007: capability-minimum-enforcement-absent-valid.json valid (exit 0, no diagnostics)
ok: TEST-007: capability-minimum-enforcement-aggregate-valid.json valid (exit 0, no diagnostics)
ok: TEST-008: lite-eligibility-missing-upgrade-reasons.json invalid as expected (contains 'missing required property 'upgrade_reasons'')
ok: TEST-008: lite-eligibility-empty-upgrade-reasons-valid.json valid (exit 0, no diagnostics)
ok: TEST-008: lite-eligibility-missing-eligible.json invalid as expected (contains 'missing required property 'eligible'')
ok: TEST-009: context-binding-malformed-digest.json invalid as expected (contains 'does not match pattern')
ok: TEST-009: context-binding-empty-dependency-pointers.json invalid as expected (contains '< minItems 1')
ok: TEST-009: context-binding-full-context-revision-malformed-digest.json invalid as expected (contains '/context_binding/full_context_revision: does not match pattern')
ok: TEST-009: context-binding-projection-sha256-malformed-digest.json invalid as expected (contains '/context_binding/projection_sha256: does not match pattern')
ok: TEST-009: context-binding-registry-digest-malformed-digest.json invalid as expected (contains '/context_binding/registry_digest: does not match pattern')
ok: TEST-009: context-binding-ownership-digest-malformed-digest.json invalid as expected (contains '/context_binding/ownership_digest: does not match pattern')
ok: TEST-010: resolver-malformed-semver.json invalid as expected (contains 'does not match pattern')
ok: TEST-010: resolver-valid-semver.json valid (exit 0, no diagnostics)
ok: TEST-011: decision-doc-v2-section16-worked-example.json valid (exit 0, no diagnostics)
ok: TEST-017: dependency-pointer-root-not-allowlisted.json invalid as expected (contains 'does not match pattern')
ok: TEST-018: dependency-pointer-malformed-rfc6901.json invalid as expected (contains 'does not match pattern')
ok: TEST-017/018: dependency-pointer-all-roots-valid.json valid (exit 0, no diagnostics)
ok: TEST-041: covered by evidence-warn-{missing-reason,with-reason-valid} above
ok: TEST-048: upgrade-reasons-duplicate.json invalid as expected (contains 'uniqueItems violated')
ok: ECMA pattern semantics: trailing-newline digest rejected: context-binding-registry-digest-trailing-newline.json invalid as expected (contains '/context_binding/registry_digest: does not match pattern')
ok: ECMA pattern semantics: trailing-newline digest rejected: resolver-version-trailing-newline.json invalid as expected (contains '/resolver/version: does not match pattern')
ok: canonicalizer-invocation-failed: nonexistent .yaml path fails closed (exit=1, contains diagnostic)
ok: TEST-034: facet-manifest.yaml/capability-summary.yaml alongside specs/<feature>/ files does not break check-sdd-structure.sh
ok: self-registration: tests/run-all.sh lists this suite

facet-manifest-schema: 55 passed, 0 failed
exit=0

----- bash tests/facet-manifest-semantics.tests.sh -----
ok: TEST-028: schema-invalid.json invalid as expected (contains 'facet-manifest: schema-invalid:')
ok: TEST-028: resolved-gate-id-duplicate.json invalid as expected (contains 'facet-manifest: resolved-gate-id-duplicate:')
ok: TEST-028: facet-classification-conflict.json invalid as expected (contains 'facet-manifest: facet-classification-conflict:')
ok: TEST-028: conditional-facet-duplicate.json invalid as expected (contains 'facet-manifest: conditional-facet-duplicate:')
ok: TEST-028: affected-components-not-sorted.json invalid as expected (contains 'facet-manifest: array-not-stable-sorted:')
ok: TEST-028 negative proof: fully-clean.json valid (exit 0, no diagnostics)
ok: AC-047: conditional-facet-duplicate.json invalid as expected (contains 'duplicate conditional_facets facet')
ok: array-not-stable-sorted: required-facets-not-sorted.json invalid as expected (contains 'facet-manifest: array-not-stable-sorted: /required_facets:')
ok: array-not-stable-sorted: capabilities-not-sorted.json invalid as expected (contains 'facet-manifest: array-not-stable-sorted: /capabilities:')
ok: array-not-stable-sorted / AC-048 semantic half: upgrade-reasons-not-sorted.json invalid as expected (contains 'facet-manifest: array-not-stable-sorted: /lite_eligibility/upgrade_reasons:')
ok: array-not-stable-sorted: conditional-facets-not-sorted.json invalid as expected (contains 'facet-manifest: array-not-stable-sorted: /conditional_facets:')
ok: array-not-stable-sorted: resolved-gates-not-sorted.json invalid as expected (contains 'facet-manifest: array-not-stable-sorted: /resolved_gates:')
ok: determinism: single-diagnostic fixture emits exactly one line, matching expected text exactly
ok: determinism: multi-diagnostic fixture emits 4 lines in exact (check-id, pointer) ascending order
ok: self-registration: tests/run-all.sh lists this suite

facet-manifest-semantics: 15 passed, 0 failed
exit=0

----- bash plugins/sdd-quality-loop/scripts/check-risk.sh specs/epic-192-a4-facet-manifest/tasks.md -----
Risk check passed for 5 task(s).
exit=0

----- bash plugins/sdd-quality-loop/scripts/check-placeholders.sh contracts/context-projection.schema.json plugins/sdd-quality-loop/contracts/context-projection.schema.json plugins/sdd-quality-loop/scripts/validate-context-projection.py plugins/sdd-quality-loop/scripts/validate-context-projection.sh plugins/sdd-quality-loop/scripts/validate-context-projection.ps1 -----
Placeholder scan passed.
exit=0

----- bash plugins/sdd-quality-loop/scripts/check-workflow-state.sh -----
workflow-state: ok
exit=0

----- bash plugins/sdd-quality-loop/scripts/check-task-state.sh specs/epic-192-a4-facet-manifest/tasks.md -----
Verification contract passed for task T-001.
Evidence bundle passed for task T-001.
Verification contract passed for task T-002.
Evidence bundle passed for task T-002.
Task state check passed for 5 task(s).
exit=0

----- bash plugins/sdd-quality-loop/scripts/check-component-coverage.sh -----
{
  "check_id": "check-component-coverage",
  "fail_conditions": [],
  "manifest_status": "not-consulted",
  "producer": {
    "script": "plugins/sdd-quality-loop/scripts/check-component-coverage.py",
    "sha256": "f2ec1f5bff9aceca04fa51ae5f46d8774790b7e77b3f6b7befdc5076d8b49b45"
  },
  "schema": "check-component-coverage-verdict/v1",
  "state": "not-applicable (disabled-legacy)",
  "warnings": []
}
exit=0

=== end gate-time checks (T-002 cycle 1) ===
