# T-003 RED — tests/context-projection-schema.tests.sh (genuine pre-implementation run)
# Captured against a tree with contracts/context-projection.schema.json,
# plugins/sdd-quality-loop/contracts/context-projection.schema.json, and
# plugins/sdd-quality-loop/scripts/validate-context-projection.{py,sh,ps1} all
# temporarily removed (moved to a session scratchpad outside the repo, restored
# immediately after this capture) -- the suite and its fixtures were authored
# FIRST, then run against this deliberately incomplete tree, matching TDD Red.
#
# Per RT-20260817-003 expected_fix item 3 (T-002's own RED log aborted at the
# first fixture-dependent assertion under 'set -euo pipefail'): this suite is
# deliberately authored WITHOUT 'set -e' (see the suite's own header comment),
# with every schema-introspection command explicitly guarded against the
# missing-file case, so a genuine RED run below reaches and records every
# fixture-dependent assertion individually rather than aborting at the first one.
command: bash tests/context-projection-schema.tests.sh
date: 2026-08-17T04:52:45Z
---
FAIL: contracts/context-projection.schema.json is missing
FAIL: $schema expected draft-07, got ''
FAIL: $id expected 'https://github.com/aharada54914/sdd-forge/contracts/context-projection.schema.json', got ''
FAIL: top-level 'required' expected ["schema", "source_sha256", "workflow", "components", "shared_paths"], got 
FAIL: workflow.required expected ["spec_profile", "artifact_layout", "capability_enforcement"], got 
FAIL: top-level required: required-missing-schema.json expected invalid containing 'missing required property 'schema'', got exit=2 output=[/opt/homebrew/Cellar/python@3.14/3.14.5/Frameworks/Python.framework/Versions/3.14/Resources/Python.app/Contents/MacOS/Python: can't open file '/Users/jrmag/Projects/active/sdd-forge-wt-epic-192/plugins/sdd-quality-loop/scripts/validate-context-projection.py': [Errno 2] No such file or directory]
FAIL: top-level required: required-missing-source-sha256.json expected invalid containing 'missing required property 'source_sha256'', got exit=2 output=[/opt/homebrew/Cellar/python@3.14/3.14.5/Frameworks/Python.framework/Versions/3.14/Resources/Python.app/Contents/MacOS/Python: can't open file '/Users/jrmag/Projects/active/sdd-forge-wt-epic-192/plugins/sdd-quality-loop/scripts/validate-context-projection.py': [Errno 2] No such file or directory]
FAIL: top-level required: required-missing-workflow.json expected invalid containing 'missing required property 'workflow'', got exit=2 output=[/opt/homebrew/Cellar/python@3.14/3.14.5/Frameworks/Python.framework/Versions/3.14/Resources/Python.app/Contents/MacOS/Python: can't open file '/Users/jrmag/Projects/active/sdd-forge-wt-epic-192/plugins/sdd-quality-loop/scripts/validate-context-projection.py': [Errno 2] No such file or directory]
FAIL: top-level required: required-missing-components.json expected invalid containing 'missing required property 'components'', got exit=2 output=[/opt/homebrew/Cellar/python@3.14/3.14.5/Frameworks/Python.framework/Versions/3.14/Resources/Python.app/Contents/MacOS/Python: can't open file '/Users/jrmag/Projects/active/sdd-forge-wt-epic-192/plugins/sdd-quality-loop/scripts/validate-context-projection.py': [Errno 2] No such file or directory]
FAIL: top-level required: required-missing-shared-paths.json expected invalid containing 'missing required property 'shared_paths'', got exit=2 output=[/opt/homebrew/Cellar/python@3.14/3.14.5/Frameworks/Python.framework/Versions/3.14/Resources/Python.app/Contents/MacOS/Python: can't open file '/Users/jrmag/Projects/active/sdd-forge-wt-epic-192/plugins/sdd-quality-loop/scripts/validate-context-projection.py': [Errno 2] No such file or directory]
FAIL: workflow required: workflow-missing-spec-profile.json expected invalid containing '/workflow/spec_profile: missing required property 'spec_profile'', got exit=2 output=[/opt/homebrew/Cellar/python@3.14/3.14.5/Frameworks/Python.framework/Versions/3.14/Resources/Python.app/Contents/MacOS/Python: can't open file '/Users/jrmag/Projects/active/sdd-forge-wt-epic-192/plugins/sdd-quality-loop/scripts/validate-context-projection.py': [Errno 2] No such file or directory]
FAIL: workflow required: workflow-missing-artifact-layout.json expected invalid containing '/workflow/artifact_layout: missing required property 'artifact_layout'', got exit=2 output=[/opt/homebrew/Cellar/python@3.14/3.14.5/Frameworks/Python.framework/Versions/3.14/Resources/Python.app/Contents/MacOS/Python: can't open file '/Users/jrmag/Projects/active/sdd-forge-wt-epic-192/plugins/sdd-quality-loop/scripts/validate-context-projection.py': [Errno 2] No such file or directory]
FAIL: workflow required: workflow-missing-capability-enforcement.json expected invalid containing '/workflow/capability_enforcement: missing required property 'capability_enforcement'', got exit=2 output=[/opt/homebrew/Cellar/python@3.14/3.14.5/Frameworks/Python.framework/Versions/3.14/Resources/Python.app/Contents/MacOS/Python: can't open file '/Users/jrmag/Projects/active/sdd-forge-wt-epic-192/plugins/sdd-quality-loop/scripts/validate-context-projection.py': [Errno 2] No such file or directory]
FAIL: spec_profile enum: workflow-spec-profile-invalid.json expected invalid containing '/workflow/spec_profile: expected one of ['full', 'lite']', got exit=2 output=[/opt/homebrew/Cellar/python@3.14/3.14.5/Frameworks/Python.framework/Versions/3.14/Resources/Python.app/Contents/MacOS/Python: can't open file '/Users/jrmag/Projects/active/sdd-forge-wt-epic-192/plugins/sdd-quality-loop/scripts/validate-context-projection.py': [Errno 2] No such file or directory]
FAIL: artifact_layout enum: workflow-artifact-layout-invalid.json expected invalid containing '/workflow/artifact_layout: expected one of ['lite-three-file', 'legacy-seven-layer', 'facet-hybrid', 'facet-native']', got exit=2 output=[/opt/homebrew/Cellar/python@3.14/3.14.5/Frameworks/Python.framework/Versions/3.14/Resources/Python.app/Contents/MacOS/Python: can't open file '/Users/jrmag/Projects/active/sdd-forge-wt-epic-192/plugins/sdd-quality-loop/scripts/validate-context-projection.py': [Errno 2] No such file or directory]
FAIL: capability_enforcement enum: workflow-capability-enforcement-invalid.json expected invalid containing '/workflow/capability_enforcement: expected one of ['advisory', 'required']', got exit=2 output=[/opt/homebrew/Cellar/python@3.14/3.14.5/Frameworks/Python.framework/Versions/3.14/Resources/Python.app/Contents/MacOS/Python: can't open file '/Users/jrmag/Projects/active/sdd-forge-wt-epic-192/plugins/sdd-quality-loop/scripts/validate-context-projection.py': [Errno 2] No such file or directory]
FAIL: schema const: schema-invalid-const.json expected invalid containing '/schema: expected const 'sdd-context-projection/v1'', got exit=2 output=[/opt/homebrew/Cellar/python@3.14/3.14.5/Frameworks/Python.framework/Versions/3.14/Resources/Python.app/Contents/MacOS/Python: can't open file '/Users/jrmag/Projects/active/sdd-forge-wt-epic-192/plugins/sdd-quality-loop/scripts/validate-context-projection.py': [Errno 2] No such file or directory]
FAIL: TEST-015: rekeyed-two-component-non-slug-id.json expected valid, got exit=2 output=[/opt/homebrew/Cellar/python@3.14/3.14.5/Frameworks/Python.framework/Versions/3.14/Resources/Python.app/Contents/MacOS/Python: can't open file '/Users/jrmag/Projects/active/sdd-forge-wt-epic-192/plugins/sdd-quality-loop/scripts/validate-context-projection.py': [Errno 2] No such file or directory]
ok: TEST-015: components re-keys to exactly two id-valued keys (incl. non-slug 'Desktop/App'), no 'id' sub-field
FAIL: TEST-015 (B8 source-omission): source-omission-empty-valid.json expected valid, got exit=2 output=[/opt/homebrew/Cellar/python@3.14/3.14.5/Frameworks/Python.framework/Versions/3.14/Resources/Python.app/Contents/MacOS/Python: can't open file '/Users/jrmag/Projects/active/sdd-forge-wt-epic-192/plugins/sdd-quality-loop/scripts/validate-context-projection.py': [Errno 2] No such file or directory]
ok: TEST-015 (B8): source-omission fixture materializes components: {} / shared_paths: []
ok: TEST-016: /components/desktop-client/artifact_kinds resolves to a real value (["executable", "installer"])
FAIL: TEST-030: rekeyed-two-component-non-slug-id.json expected valid, got exit=2 output=[/opt/homebrew/Cellar/python@3.14/3.14.5/Frameworks/Python.framework/Versions/3.14/Resources/Python.app/Contents/MacOS/Python: can't open file '/Users/jrmag/Projects/active/sdd-forge-wt-epic-192/plugins/sdd-quality-loop/scripts/validate-context-projection.py': [Errno 2] No such file or directory]
FAIL: TEST-030: components-still-array-shaped.json expected invalid containing '/components: expected type 'object', got list', got exit=2 output=[/opt/homebrew/Cellar/python@3.14/3.14.5/Frameworks/Python.framework/Versions/3.14/Resources/Python.app/Contents/MacOS/Python: can't open file '/Users/jrmag/Projects/active/sdd-forge-wt-epic-192/plugins/sdd-quality-loop/scripts/validate-context-projection.py': [Errno 2] No such file or directory]
FAIL: TEST-042 (bounded): shared-path-bounded-valid.json expected valid, got exit=2 output=[/opt/homebrew/Cellar/python@3.14/3.14.5/Frameworks/Python.framework/Versions/3.14/Resources/Python.app/Contents/MacOS/Python: can't open file '/Users/jrmag/Projects/active/sdd-forge-wt-epic-192/plugins/sdd-quality-loop/scripts/validate-context-projection.py': [Errno 2] No such file or directory]
FAIL: TEST-042 (unbounded): shared-path-unbounded-valid.json expected valid, got exit=2 output=[/opt/homebrew/Cellar/python@3.14/3.14.5/Frameworks/Python.framework/Versions/3.14/Resources/Python.app/Contents/MacOS/Python: can't open file '/Users/jrmag/Projects/active/sdd-forge-wt-epic-192/plugins/sdd-quality-loop/scripts/validate-context-projection.py': [Errno 2] No such file or directory]
FAIL: TEST-042 (both): shared-path-both-rejected.json expected invalid containing '/shared_paths/0: expected exactly one 'oneOf' branch to match, 2 matched', got exit=2 output=[/opt/homebrew/Cellar/python@3.14/3.14.5/Frameworks/Python.framework/Versions/3.14/Resources/Python.app/Contents/MacOS/Python: can't open file '/Users/jrmag/Projects/active/sdd-forge-wt-epic-192/plugins/sdd-quality-loop/scripts/validate-context-projection.py': [Errno 2] No such file or directory]
FAIL: TEST-042 (neither): shared-path-neither-rejected.json expected invalid containing '/shared_paths/0: expected exactly one 'oneOf' branch to match, 0 matched', got exit=2 output=[/opt/homebrew/Cellar/python@3.14/3.14.5/Frameworks/Python.framework/Versions/3.14/Resources/Python.app/Contents/MacOS/Python: can't open file '/Users/jrmag/Projects/active/sdd-forge-wt-epic-192/plugins/sdd-quality-loop/scripts/validate-context-projection.py': [Errno 2] No such file or directory]
FAIL: shared_paths[] required 'pattern': shared-path-missing-pattern.json expected invalid containing '/shared_paths/0/pattern: missing required property 'pattern'', got exit=2 output=[/opt/homebrew/Cellar/python@3.14/3.14.5/Frameworks/Python.framework/Versions/3.14/Resources/Python.app/Contents/MacOS/Python: can't open file '/Users/jrmag/Projects/active/sdd-forge-wt-epic-192/plugins/sdd-quality-loop/scripts/validate-context-projection.py': [Errno 2] No such file or directory]
FAIL: source_sha256 pattern regression: source-sha256-malformed-digest.json expected invalid containing '/source_sha256: does not match pattern', got exit=2 output=[/opt/homebrew/Cellar/python@3.14/3.14.5/Frameworks/Python.framework/Versions/3.14/Resources/Python.app/Contents/MacOS/Python: can't open file '/Users/jrmag/Projects/active/sdd-forge-wt-epic-192/plugins/sdd-quality-loop/scripts/validate-context-projection.py': [Errno 2] No such file or directory]
FAIL: provider_bindings_sha256 pattern regression: provider-bindings-sha256-malformed-digest.json expected invalid containing '/provider_bindings_sha256: does not match pattern', got exit=2 output=[/opt/homebrew/Cellar/python@3.14/3.14.5/Frameworks/Python.framework/Versions/3.14/Resources/Python.app/Contents/MacOS/Python: can't open file '/Users/jrmag/Projects/active/sdd-forge-wt-epic-192/plugins/sdd-quality-loop/scripts/validate-context-projection.py': [Errno 2] No such file or directory]
FAIL: ECMA pattern semantics: trailing-newline source_sha256 rejected: source-sha256-trailing-newline.json expected invalid containing '/source_sha256: does not match pattern', got exit=2 output=[/opt/homebrew/Cellar/python@3.14/3.14.5/Frameworks/Python.framework/Versions/3.14/Resources/Python.app/Contents/MacOS/Python: can't open file '/Users/jrmag/Projects/active/sdd-forge-wt-epic-192/plugins/sdd-quality-loop/scripts/validate-context-projection.py': [Errno 2] No such file or directory]
FAIL: diagnostic determinism: expected exit!=0 and exact 2-line output [context-projection: schema-invalid: /schema: expected const 'sdd-context-projection/v1', got 'sdd-facet-manifest/v1'
context-projection: schema-invalid: /workflow/capability_enforcement: expected one of ['advisory', 'required'], got 'optional'], got exit=2 output=[/opt/homebrew/Cellar/python@3.14/3.14.5/Frameworks/Python.framework/Versions/3.14/Resources/Python.app/Contents/MacOS/Python: can't open file '/Users/jrmag/Projects/active/sdd-forge-wt-epic-192/plugins/sdd-quality-loop/scripts/validate-context-projection.py': [Errno 2] No such file or directory]
FAIL: projection-unreadable: expected exit!=0 and diagnostic, got exit=2 output=[/opt/homebrew/Cellar/python@3.14/3.14.5/Frameworks/Python.framework/Versions/3.14/Resources/Python.app/Contents/MacOS/Python: can't open file '/Users/jrmag/Projects/active/sdd-forge-wt-epic-192/plugins/sdd-quality-loop/scripts/validate-context-projection.py': [Errno 2] No such file or directory]
FAIL: self-registration: tests/run-all.sh does not list tests/context-projection-schema.tests.sh

context-projection-schema: 3 passed, 32 failed
exit code: 1
