=== TEST-001: ** crosses / boundaries ===
ok: TEST-001.1: src/desktop/** matches src/desktop/file.ts (direct child)
ok: TEST-001.2: src/desktop/** matches src/desktop/sub/deep/file.ts (nested, crosses /)
=== TEST-002: bare * confined to one path segment ===
ok: TEST-002.1: src/*.ts matches src/file.ts
ok: TEST-002.2: src/*.ts does NOT match src/sub/file.ts (bare * never crosses /)
ok: TEST-002.3: src/*/file.ts matches src/a/file.ts (exactly one intervening segment)
ok: TEST-002.4: src/*/file.ts does NOT match src/a/b/file.ts (bare * segment does not cross /, unlike **)
ok: TEST-002.5: src/*/file.ts does NOT match src/file.ts (bare * segment requires exactly one segment, unlike **'s zero-segment case)
=== TEST-003: backslash pattern normalization ===
ok: TEST-003.1: backslash-separated pattern matches slash-separated path
=== TEST-004: NFC-normalized matching ===
ok: TEST-004.1: NFD-encoded raw path matches NFC-encoded 'café/**' pattern
=== TEST-005: case-sensitive matching ===
ok: TEST-005.1: 'Src/**' matches 'Src/file.ts'
ok: TEST-005.2: 'Src/**' does NOT match 'src/file.ts' (case differs)
=== TEST-006: unsupported metacharacter rejected fail-closed ===
ok: TEST-006.1: '[abc]' pattern rejected fail-closed at load time (exit 1)
ok: TEST-006.2: '?' pattern rejected fail-closed at load time (exit 1)
=== TEST-007: ** zero-segment case ===
ok: TEST-007.1: 'a/**/b' matches literal 'a/b' (zero intervening segments)
ok: TEST-007.2: 'a/**/b' also matches 'a/x/b' (one intervening segment)
ok: TEST-007.3: 'a/**/b' does not match unrelated 'a/c'
=== TEST-008: empty-set clauses ===
ok: TEST-008.1: empty changed-paths diff resolves vacuously (0 records, no error)
ok: TEST-008.2: component with empty include list is a config-load-time error
=== TEST-009: shared_paths zero-match this resolve ===
ok: TEST-009.1: a shared_paths entry that matches nothing this resolve does not disturb ordinary classification
=== TEST-010: NFC collision, raw identity, stable sort ===
ok: TEST-010.1: two distinct raw paths differing only in NFC/NFD form are rejected fail-closed
ok: TEST-010.2: output raw_path preserves the original NFD byte sequence exactly (not the NFC comparison key)
ok: TEST-010.3: output records are sorted by a stable, ordinal sort over raw path bytes (incl. an NFD/NFC-distinguishing pair)
=== TEST-011: A1 schema-conformance fixture ===
ok: TEST-011.1: schema-conformance check reports fail-closed non-zero when the artifact is absent (behavior proof)
ok: TEST-011.2: exact schema version/types and canonical components: [] report conformant:true
ok: TEST-011.2a: wrong project-context schema version is rejected fail-closed
ok: TEST-011.2b: divergent project-context field types are rejected fail-closed
ok: TEST-011.2c: mis-cased schema-contract field name is rejected fail-closed
ok: TEST-011.3: contracts/project-context.template.yaml conforms against A1's landed contract
ok: TEST-011.4: A1's template is validated as an instance against contracts/project-context.schema.json
ok: TEST-011.5: an instance violating A1's schema (legacy 'name' key) is rejected fail-closed
ok: TEST-011.6: an absent schema artifact still FAILS closed (never a skip)
ok: TEST-011.7: ordinary resolve rejects the pre-A1 legacy name field
ok: TEST-011.8: ownership_input preserves canonical component id
=== TEST-012: EXCLUSIVE classification ===
ok: TEST-012.1: single-component match classifies EXCLUSIVE
ok: TEST-012.2: EXCLUSIVE record names the owning component
=== TEST-013/014: exclude invariant + EXCLUDED_MATCH evidence ===
ok: TEST-013.1: a path inside C's own exclude is never attributed to C, even though include also matched
ok: TEST-014.1: the UNOWNED record carries an EXCLUDED_MATCH evidence tag naming the excluding component + pattern
=== TEST-015: UNOWNED (Fail-1), ordinary case ===
ok: TEST-015.1: a path matching no component's include classifies UNOWNED
ok: TEST-015.2: an ordinary UNOWNED record (no include ever matched) carries no EXCLUDED_MATCH evidence
=== TEST-016: OVERLAP (Fail-3) ===
ok: TEST-016.1: a path matching two components' include classifies OVERLAP
ok: TEST-016.2: OVERLAP record names every residual owner
=== TEST-017: shared_paths exemption ===
ok: TEST-017.1: shared_paths precedence applies with zero matching component includes
ok: TEST-017.2: shared_paths precedence applies with one matching component include
ok: TEST-017.3: shared_paths precedence applies with two matching component includes
=== TEST-018: shared_paths shape fail-closed ===
ok: TEST-018.1: shared_paths entry with BOTH components and classification is rejected fail-closed
ok: TEST-018.2: shared_paths entry with NEITHER components nor classification is rejected fail-closed
ok: TEST-018.3: mis-cased Cross-Cutting literal is rejected fail-closed
ok: TEST-018.4: mis-cased Components field is rejected fail-closed
=== TEST-042: cross-epic inventory conformance (A1 template) ===
ok: TEST-042: A1's landed template's cross-cutting shared_paths entries match the six-entry canonical set exactly, none misclassified, and contracts/** is not among them (a bounded contracts/** entry is accepted, not required absent, per requirements.md:1046 and AC-046)
=== TEST-042-negative: inventory-conformance check catches deliberately wrong seed sets (acceptance-first RED evidence) ===
ok: TEST-042-negative.1: the check correctly rejects missing entries + wrongly-included contracts/**
ok: TEST-042-negative.2: the check correctly rejects an arbitrary extra cross-cutting entry even when all six canonical entries are present and correctly classified ('no more')
ok: TEST-042-negative.3: the check correctly rejects a canonical entry wrongly classified as bounded instead of cross-cutting ('no differently classified')
ok: TEST-042-negative.4: the check correctly rejects a case-divergent classification literal
ok: TEST-042-negative.5: the check correctly rejects entries relocated under a key other than 'shared_paths'
ok: TEST-042-negative.6: the check correctly rejects a canonical entry combining classification: cross-cutting with a block-form components: list
=== TEST-043: no-op proof for the six-entry cross-cutting set ===
ok: TEST-043.0: the no-op fixture really does declare zero component owners (components: [])
ok: TEST-043: a diff confined to the six-entry cross-cutting set, with zero declared component owners, never triggers Fail-1/UNOWNED
=== TEST-044: day-one cross-epic integration proof (A1 template) ===
ok: TEST-044: a project-context.yaml shaped like A1's own landed template does not trip Fail-1 on an ordinary day-one specs/**/reports/** change
=== Coverage: affected_components unions EXCLUSIVE + bounded-shared ===
ok: COVERAGE-AFFECTED-COMPONENTS: affected_components == ["alpha","beta"] (EXCLUSIVE-only alpha unioned with bounded-shared-only beta)
=== TEST-045: fixture-tree base shape + suite/CI registration ===
ok: TEST-045.1: base fixture tree has >=2 components with an overlapping candidate owned path
ok: TEST-045.2: base fixture tree has a nested excluded subtree
ok: TEST-045.3: base fixture tree has a bounded shared_paths entry
ok: TEST-045.4: component-path-resolver suite self-registers in tests/run-all.sh and .ps1
ok: TEST-045.5: the human-copy staged .github/workflows/test.yml candidate exists and matches its MANIFEST.sha256 entry
ok: TEST-045.6: no T-001 commit appears in the live .github/workflows/test.yml touch history (commit-attribution check, fail-closed on missing pinned commits in a full-history checkout)
ok: AC-049-SELFCHECK: no T-001 commit mutated a version-carrying surface (plugin.json manifests / validate-repository.ps1) outside a scripts/bump-version.sh invocation
ok: TEST-045.7: every component-path-ownership fixture uses A1's canonical 'id' key
=== TEST-056: present-but-malformed --config fails closed (plain and --diagnose) ===
ok: TEST-056.1: present-but-malformed config (malformed-tab.yaml, plain) exits non-zero naming the parse failure
ok: TEST-056.2: present-but-malformed config (malformed-tab.yaml, --diagnose) exits non-zero naming the parse failure
ok: TEST-056.3: present-but-malformed config (malformed-nonmap.yaml, plain) exits non-zero naming the parse failure
ok: TEST-056.4: present-but-malformed config (malformed-nonmap.yaml, --diagnose) exits non-zero naming the parse failure
ok: TEST-056.5: present-but-malformed config (malformed-unclosed.yaml, plain) exits non-zero naming the parse failure
ok: TEST-056.6: present-but-malformed config (malformed-unclosed.yaml, --diagnose) exits non-zero naming the parse failure

Results: 73 passed, 0 failed.
