########## tests/resolver-evidence-schema.tests.sh ##########
PASS: TEST-017 schema file exists
PASS: TEST-017 schema is valid JSON
PASS: TEST-017 $schema is draft-07
PASS: TEST-017 $id matches contracts/*.schema.json convention
PASS: valid fixture conforms: clean-success.json
PASS: valid fixture conforms: conditional-facet-scoping.json
PASS: valid fixture conforms: exact-set-two-capabilities.json
PASS: valid fixture conforms: zero-affected-components.json
PASS: invalid fixture rejected: additional-property.json
PASS: invalid fixture rejected: bad-sha256-digest.json
PASS: invalid fixture rejected: matched-false-with-conditional-facets.json
PASS: invalid fixture rejected: missing-required-top-level.json
PASS: invalid fixture rejected: pattern-violation-feature.json
PASS: invalid fixture rejected: warn-outcome-missing-reason.json
PASS: invalid fixture rejected: wrong-enum-state.json
PASS: invalid fixture rejected: wrong-type-feature.json
PASS: TEST-020 clean-success fixture has diagnostics: []
PASS: TEST-018 exact-set fixture has exactly one matched and one unmatched entry
PASS: TEST-018 zero-affected-component fixture: every trigger_evaluations is []
PASS: TEST-019 conditional-facet scoping: declaration_index-keyed, unmatched entry omits key
PASS: 20
FAIL: 0
########## tests/resolve-project-context-match.tests.sh ##########
# runner: bash
PASS: full-pipeline-match: exit 1 (forced snapshot-generation-mismatch)
PASS: full-pipeline-match: canonical diagnostic only, reached step 13 (steps 0-12 all passed)
PASS: full-pipeline-match: Context Projection byte-identity (AC-003)
PASS: full-pipeline-match: resolve-component-paths invoked with --config/--source-rev/--target-rev byte-identical to received flags, and --include-untracked's own omission passed through verbatim, never synthesized as --no-include-untracked (AC-004)
PASS: full-pipeline-match: generate-registry-digest invoked with exactly --whole, never a --capability-ids/--gate-ids fragment (AC-005 flag)
PASS: full-pipeline-match: snapshot mismatch attributable to registry_digest alone (AC-005 binding)
PASS: full-pipeline-match: fixture sanity -- cap-gamma's own trigger genuinely matches NONE of the four affected components (T-005 confirmation-panel Major 1's own no-match Capability)
PASS: full-pipeline-match: exact capability_evaluations, union-match on all three Capabilities including cap-gamma's own no-match entry (AC-006)
PASS: full-pipeline-match: union-match sanity (only one of several affected components satisfies each trigger)
PASS: full-pipeline-match: cap-alpha's own duplicate 'shared-facet' declarations recorded as two independent entries, never collapsed (AC-052(a))
PASS: full-pipeline-match: Resolver Evidence schema agreement
PASS: full-pipeline-match: no partial live artifact
PASS: full-pipeline-match: projection_sha256 independently recomputed from the resolver's own captured projection bytes matches the hand-built expectation's own hash (AC-003 remainder)
PASS: full-pipeline-match: independently-recomputed affected_components matches the fixture's own four components
PASS: full-pipeline-match: context_binding.full_context_revision is this run's own independently-hashed source_sha256, unmutated by assembly (AC-003 remainder)
PASS: full-pipeline-match: context_binding.projection_sha256 is the resolver-captured, independently re-canonicalized-and-hashed projection digest, unmutated by assembly (AC-003 remainder)
PASS: full-pipeline-match: context_binding.registry_digest is this fixture's own stub's fixed FIRST_DIGEST constant, unmutated by assembly (AC-005 remainder)
PASS: full-pipeline-match: context_binding.ownership_digest is resolve-component-paths-real.py's own independent, real-subprocess-derived value, unmutated by assembly (AC-005 remainder)
PASS: full-pipeline-match: dependency_pointers[] is /workflow plus one RFC-6901-escaped pointer per affected component, stable-sorted (AC-044)
PASS: full-pipeline-match: "other~thing"'s own `~` is escaped to `~0` in its dependency_pointers[] entry (AC-044)
PASS: full-pipeline-match: resolver.version/rule_set_revision are this Resolver revision's own single-source-of-truth constants (AC-044 remainder -- this call exercises _resolver_block()'s own reconstruction directly, diffed against the identical loaded module's own constants; gate-cycle-4 Minor: this label previously claimed both fields are 'never written to any live path pre-T-007', which is now stale -- resolver-evidence.yaml HAS published both since T-004's own NEEDS_WORK cycle 2 remediation, on every Block reached AT OR AFTER step 10 (this fixture's own forced snapshot-generation-mismatch Block among them); the PUBLISHED equivalent is read back off that written artifact and compared against this identical expectation further below, RT-20260823-001 Finding 1)
PASS: full-pipeline-match: Resolver Evidence PUBLISHES a context_binding block, never omits it (RT-20260823-001 Finding 1)
PASS: full-pipeline-match: PUBLISHED context_binding.full_context_revision matches this run's own independently-hashed source_sha256 (RT-20260823-001 Finding 1)
PASS: full-pipeline-match: PUBLISHED context_binding.projection_sha256 matches the resolver's own captured projection bytes, independently re-canonicalized and re-hashed (RT-20260823-001 Finding 1)
PASS: full-pipeline-match: PUBLISHED context_binding.registry_digest matches this fixture's own stub's fixed FIRST_DIGEST constant (RT-20260823-001 Finding 1)
PASS: full-pipeline-match: PUBLISHED context_binding.ownership_digest matches resolve-component-paths-real.py's own independent, real-subprocess-derived value (RT-20260823-001 Finding 1)
PASS: full-pipeline-match: PUBLISHED context_binding.dependency_pointers[] matches /workflow plus one RFC-6901-escaped pointer per affected component, stable-sorted (RT-20260823-001 Finding 1)
PASS: full-pipeline-match: Resolver Evidence PUBLISHES a resolver block, never omits it (RT-20260823-001 Finding 1)
PASS: full-pipeline-match: PUBLISHED resolver.version/rule_set_revision match this Resolver revision's own single-source-of-truth constants (RT-20260823-001 Finding 1)
PASS: full-pipeline-match: affected_components is this fixture's own four independently-known component ids, unmutated by assembly (outside AC-007's enumerated field list)
PASS: full-pipeline-match: required_facets, cap-gamma's own 'gamma-facet' excluded (AC-007)
PASS: full-pipeline-match: capabilities, cap-gamma excluded (AC-007)
PASS: full-pipeline-match: resolved_gates, cap-gamma's own 'gate-never' excluded (AC-007)
PASS: full-pipeline-match: capability_minimum_enforcement, cap-gamma's own 'required' excluded (AC-007)
PASS: full-pipeline-match: capability_minimum_enforcement, cap-alpha's own MATCHED 'required' correctly surfaces (AC-007, de-confounds the omission direction from the exclusion assertion above)
PASS: full-pipeline-match: lite_eligibility, cap-gamma's own 'external_identity' excluded (AC-007)
PASS: full-pipeline-match: conditional_facets[] facet-name-unique set (AC-043/AC-052(b))
PASS: full-pipeline-match: 'shared-facet' aggregates cap-alpha[0], cap-alpha[1] (both declarations, never collapsed), and cap-beta[0], OR'd, evidence concatenated capability_id-then-declaration_index-then-component_id ascending (AC-043/AC-052(b))
PASS: full-pipeline-match: 'solo-never-facet' (two contributing instances, not applied) names BOTH cap-alpha[2] AND cap-beta[1] in its own reason, never just the first (AC-043's own N/A-reason case)
PASS: full-pipeline-match: reconstructed Facet Manifest validates via the real validate-facet-manifest (AC-008)
PASS: include-untracked-pass-through: sanity -- reaches the identical forced snapshot-generation-mismatch Block as full-pipeline-match's own --include-untracked-omitting invocation (steps 0-12 all passed here too; this fixture's own argv differs from that one ONLY in supplying --include-untracked)
PASS: include-untracked-pass-through: resolve-component-paths invoked with --include-untracked forwarded verbatim, in its own CLI-contract position (immediately before --json, design.md API/Contract Plan step 4 order), when this invocation's own resolver CLI call supplies it -- the SUPPLIED half of AC-004's pass-through claim, never exercised by full-pipeline-match's own --include-untracked-omitting invocation above (AC-004)
PASS: include-untracked-pass-through: no partial live artifact
PASS: enforcement-byte-identity-advisory: exit 1
PASS: enforcement-byte-identity-advisory: canonical diagnostic only
PASS: enforcement-byte-identity-advisory: state field records 'advisory'
PASS: enforcement-byte-identity-advisory: Resolver Evidence schema agreement
PASS: enforcement-byte-identity-advisory: no partial live artifact
PASS: enforcement-byte-identity-required: exit 1
PASS: enforcement-byte-identity-required: canonical diagnostic only
PASS: enforcement-byte-identity-required: state field records 'required'
PASS: enforcement-byte-identity-required: Resolver Evidence schema agreement
PASS: enforcement-byte-identity-required: no partial live artifact
PASS: enforcement-byte-identity: Resolver Evidence byte-identical across advisory/required except state and the two config-byte-derived context_binding digests (AC-016)
PASS: enforcement-byte-identity: full_context_revision/projection_sha256 genuinely DO differ across advisory/required (sanity -- confirms the exclusion above is not vacuous)
PASS: enforcement-byte-identity: _assemble_facet_manifest takes no state/capability_enforcement parameter (structural proof the Facet Manifest itself is enforcement-independent on the Full track, AC-016 remainder)
PASS: warn-cardinality-single-node: exit 1
PASS: warn-cardinality-single-node: canonical diagnostic only, no upstream stderr embedded (M8)
PASS: warn-cardinality-single-node: exactly 1 severity:warn entry, one per outcome:warn node, never fewer (AC-056)
PASS: warn-cardinality-single-node: exactly one summary severity:block entry, never a second (AC-056)
PASS: warn-cardinality-single-node: every diagnostics[] entry shares the identical 'dsl-warn-on-matched-capability' id (AC-056)
PASS: warn-cardinality-single-node: the summary severity:block entry's own detail is the fixed summary sentence, distinct from every severity:warn entry's own detail (AC-056)
PASS: warn-cardinality-single-node: no severity:warn entry's own detail collides with the summary sentence (AC-056)
PASS: warn-cardinality-single-node: no (id, detail) pair repeats across diagnostics[] (AC-024)
PASS: warn-cardinality-single-node: diagnostics[] is sorted by (id, detail) -- the summary entry sorts FIRST, since its own fixed sentence is a strict lexical prefix of every per-node detail (AC-024)
PASS: warn-cardinality-single-node: Resolver Evidence schema agreement
PASS: warn-cardinality-single-node: no partial live artifact
PASS: warn-cardinality-single-node: the severity:warn entry's own detail is byte-identical to this node's own independently-recomputed capability_id/component_id/operator/field/reason text, never merely a substring match (AC-056; RT-20260823-001 Minor)
PASS: warn-cardinality-multi-node: exit 1
PASS: warn-cardinality-multi-node: canonical diagnostic only, no upstream stderr embedded (M8)
PASS: warn-cardinality-multi-node: exactly 3 severity:warn entries, one per outcome:warn node, never fewer (AC-056)
PASS: warn-cardinality-multi-node: exactly one summary severity:block entry, never a second (AC-056)
PASS: warn-cardinality-multi-node: every diagnostics[] entry shares the identical 'dsl-warn-on-matched-capability' id (AC-056)
PASS: warn-cardinality-multi-node: the summary severity:block entry's own detail is the fixed summary sentence, distinct from every severity:warn entry's own detail (AC-056)
PASS: warn-cardinality-multi-node: no severity:warn entry's own detail collides with the summary sentence (AC-056)
PASS: warn-cardinality-multi-node: no (id, detail) pair repeats across diagnostics[] (AC-024)
PASS: warn-cardinality-multi-node: diagnostics[] is sorted by (id, detail) -- the summary entry sorts FIRST, since its own fixed sentence is a strict lexical prefix of every per-node detail (AC-024)
PASS: warn-cardinality-multi-node: Resolver Evidence schema agreement
PASS: warn-cardinality-multi-node: no partial live artifact
PASS: warn-cardinality-multi-node: each of the three severity:warn entries' own detail is byte-identical to its own independently-recomputed capability_id/component_id/operator/field/reason text -- a bijection between {comp-a, comp-b, comp-c} and the three details (AC-056; RT-20260823-001 Minor)
PASS: warn-cardinality-facet-node: exit 1
PASS: warn-cardinality-facet-node: canonical diagnostic only, no upstream stderr embedded (M8)
PASS: warn-cardinality-facet-node: exactly 2 severity:warn entries, one per outcome:warn node, never fewer (AC-056)
PASS: warn-cardinality-facet-node: exactly one summary severity:block entry, never a second (AC-056)
PASS: warn-cardinality-facet-node: every diagnostics[] entry shares the identical 'dsl-warn-on-matched-capability' id (AC-056)
PASS: warn-cardinality-facet-node: the summary severity:block entry's own detail is the fixed summary sentence, distinct from every severity:warn entry's own detail (AC-056)
PASS: warn-cardinality-facet-node: no severity:warn entry's own detail collides with the summary sentence (AC-056)
PASS: warn-cardinality-facet-node: no (id, detail) pair repeats across diagnostics[] (AC-024)
PASS: warn-cardinality-facet-node: diagnostics[] is sorted by (id, detail) -- the summary entry sorts FIRST, since its own fixed sentence is a strict lexical prefix of every per-node detail (AC-024)
PASS: warn-cardinality-facet-node: Resolver Evidence schema agreement
PASS: warn-cardinality-facet-node: no partial live artifact
PASS: warn-cardinality-facet-node: fixture sanity -- the trigger-loop (declaration_index=None) and facet-loop (declaration_index=0) warn details are genuinely distinct strings, not a coincidental collision
PASS: warn-cardinality-facet-node: diagnostics[] carries exactly the trigger-loop warn (declaration_index=None) and the facet-loop warn (declaration_index=0), each byte-identical to its own independently-recomputed capability_id/component_id/declaration_index/operator/field/reason text (AC-056; RT-20260823-001 Finding 2)
PASS: warn-cardinality-facet-node: sanity -- the independently-recomputed facet-loop EXPECTATION itself names a real, non-None integer declaration_index (never the trigger-loop's own None), confirming this fixture's own oracle genuinely exercises AC-056's facet-loop clause rather than accidentally re-deriving the trigger-loop shape; the real comparison against the ACTUAL emitted diagnostics[] is the assertion immediately above (gate-cycle-5 Minor: this label previously implied it asserted against production output directly, which the assertion above already does)
PASS: warn-cardinality-nested-node: exit 1
PASS: warn-cardinality-nested-node: canonical diagnostic only, no upstream stderr embedded (M8)
PASS: warn-cardinality-nested-node: exactly 2 severity:warn entries, one per outcome:warn node, never fewer (AC-056)
PASS: warn-cardinality-nested-node: exactly one summary severity:block entry, never a second (AC-056)
PASS: warn-cardinality-nested-node: every diagnostics[] entry shares the identical 'dsl-warn-on-matched-capability' id (AC-056)
PASS: warn-cardinality-nested-node: the summary severity:block entry's own detail is the fixed summary sentence, distinct from every severity:warn entry's own detail (AC-056)
PASS: warn-cardinality-nested-node: no severity:warn entry's own detail collides with the summary sentence (AC-056)
PASS: warn-cardinality-nested-node: no (id, detail) pair repeats across diagnostics[] (AC-024)
PASS: warn-cardinality-nested-node: diagnostics[] is sorted by (id, detail) -- the summary entry sorts FIRST, since its own fixed sentence is a strict lexical prefix of every per-node detail (AC-024)
PASS: warn-cardinality-nested-node: Resolver Evidence schema agreement
PASS: warn-cardinality-nested-node: no partial live artifact
PASS: warn-cardinality-nested-node: fixture sanity -- the independently-recomputed oracle itself finds exactly two warn nodes in this ONE evidence tree (never one per tree, T-005 confirmation-panel Major 2)
PASS: warn-cardinality-nested-node: diagnostics[] carries exactly the two independently-recomputed warn-node details, both nodes of the SAME evidence tree, never truncated to the first (AC-056; T-005 confirmation-panel Major 2)
PASS: zero-affected-component-match: exit 1 (forced snapshot-generation-mismatch)
PASS: zero-affected-component-match: canonical diagnostic only, reached step 13 -- so steps 0-12, INCLUDING step 12's own schema self-validation of the staged Facet Manifest, all passed on zero affected components
PASS: zero-affected-component-match: the REAL resolve-component-paths independently returns affected_components: [] for this commit range (the zero-component condition is genuine, never fabricated by a stub)
PASS: zero-affected-component-match: capability_evaluations[] carries exactly one entry per Registry Capability, in declaration order, even with zero affected components (AC-018)
PASS: zero-affected-component-match: every Capability is matched: false with zero affected components (AC-018)
PASS: zero-affected-component-match: every Registry Capability's own trigger_evaluations[] is [] (REQ-006(g) first half, asserted here against a REAL published Resolver Evidence artifact rather than a hand-built instance)
PASS: zero-affected-component-match: no unmatched Capability carries conditional_facet_evaluations (AC-019 key-omitted rule)
PASS: zero-affected-component-match: Resolver Evidence publishes context_binding on this late Block
PASS: zero-affected-component-match: Facet Manifest capabilities: [] with zero affected components (REQ-006(g) second half, AC-027 -- the half that previously had no fixture anywhere in this feature)
PASS: zero-affected-component-match: every matched-set-derived aggregate is empty alongside capabilities: [] (required_facets/conditional_facets/resolved_gates, AC-007)
PASS: zero-affected-component-match: capability_minimum_enforcement omitted when the matched set is empty (AC-007)
PASS: zero-affected-component-match: the zero-component Facet Manifest validates against the REAL validate-facet-manifest (AC-008 -- capabilities: [] is a conforming instance, not merely an empty one)
PASS: resolver-identity-cross-process: sanity -- the two invocations are genuinely separate OS processes (distinct pid), not one process's own module compared against itself
PASS: resolver-identity-cross-process: resolver.version/rule_set_revision are identical across two genuinely separate process invocations of the identical staged .py (AC-044 remainder -- kills a per-process derivation, e.g. folding os.getpid() into RULE_SET_STRING, that an in-process self-comparison cannot see)
PASS: resolver-identity-dispatcher-delegation: every mention of resolve-project-context.py in resolve-project-context.sh is a real process-launch statement (never a bare textual mention, never a second implementation) and it carries no own copy of RESOLVER_VERSION/RULE_SET_REVISION/RULE_SET_STRING (AC-044 remainder)
PASS: resolver-identity-dispatcher-delegation: every mention of resolve-project-context.py in resolve-project-context.ps1 is a real process-launch statement (never a bare textual mention, never a second implementation) and it carries no own copy of RESOLVER_VERSION/RULE_SET_REVISION/RULE_SET_STRING (AC-044 remainder)
PASS: POSIX suite registered in tests/run-all.sh
PASS: PowerShell suite registered in tests/run-all.ps1
RESULT: 125 passed, 0 failed
########## tests/resolve-project-context-cli.tests.sh ##########
# runner: bash
PASS: missing-config: omitting --config is rejected as a usage error, exit 2 (AC-001)
PASS: missing-config: no stdout on a usage error (argparse writes only to stderr)
PASS: missing-config: a usage error never carries this feature's own `capability-resolver: <check-id>:` diagnostic-line format -- it is not a Block, and never reaches REQ-002's own enum (design.md step 0)
PASS: missing-target-rev: omitting --target-rev is rejected as a usage error, exit 2 (AC-001)
PASS: missing-target-rev: no stdout on a usage error (argparse writes only to stderr)
PASS: missing-target-rev: a usage error never carries this feature's own `capability-resolver: <check-id>:` diagnostic-line format -- it is not a Block, and never reaches REQ-002's own enum (design.md step 0)
PASS: missing-feature: omitting --feature is rejected as a usage error, exit 2 (AC-001)
PASS: missing-feature: no stdout on a usage error (argparse writes only to stderr)
PASS: missing-feature: a usage error never carries this feature's own `capability-resolver: <check-id>:` diagnostic-line format -- it is not a Block, and never reaches REQ-002's own enum (design.md step 0)
PASS: source-rev-default: reaches step 5 (Registry deliberately absent -> contract-discovery-failed), proving steps 0-4 (including argument validation) all passed with --source-rev omitted (AC-001 sanity)
PASS: source-rev-default: resolve-component-paths received --source-rev HEAD verbatim -- the CLI's own fixed default value, never a caller-resolved sha (AC-001)
PASS: POSIX suite registered in tests/run-all.sh
PASS: PowerShell suite registered in tests/run-all.ps1
RESULT: 13 passed, 0 failed
########## tests/resolve-project-context-discovery.tests.sh ##########
# runner: bash
PASS: packaged-copy-preferred: reaches the forced step-13 snapshot-generation-mismatch Block, proving every one of the six contracts/* artifacts this feature's scripts locate resolved via the PACKAGED, script-relative copy -- a deliberately-broken copy sits at the git-root fallback location for every one of them, so falling through to it would Block earlier with a different diagnostic (AC-002)
PASS: git-root-fallback: fixture sanity -- no packaged contracts/ directory exists at all (git-root fallback is the ONLY location that can possibly resolve any of the six artifacts)
PASS: git-root-fallback: reaches the forced step-13 snapshot-generation-mismatch Block with no packaged copy present anywhere -- every one of the six contracts/* artifacts resolved via the git-root fallback location alone (AC-002)
PASS: no-environment-variable-consulted: reaches the identical forced step-13 Block as git-root-fallback with every plausible decoy environment variable set to a THIRD, deliberately-broken location -- these env vars have zero effect on discovery (AC-002)
PASS: installed-layout-py-full: fixture sanity -- no reachable git root from this tempdir (AC-028 'no reachable .git')
PASS: installed-layout-py-full: fixture sanity -- no monorepo contracts/ copy of any of the six artifacts this feature's scripts locate (only the unrelated, always-git-root-only project-context.schema.json lives there, purely as a step-1 precondition)
PASS: installed-layout-py-full: reaches the forced step-13 snapshot-generation-mismatch Block in a genuinely no-git, packaged-copy-only installed-standalone-plugin layout -- proving Registry+its-schema (step 5 discovery) and resolver-evidence/context-projection/full-track-schema (step 12 discovery+version-check) all resolved correctly via the packaged copy alone (AC-028; this label claims discovery, never validate-capability-registry's own content checks, which this fixture stubs unconditional-success -- Specification Differences)
PASS: installed-layout-py-lite: fixture sanity -- no reachable git root from this tempdir (AC-028 'no reachable .git')
PASS: installed-layout-py-lite: fixture sanity -- no monorepo contracts/ copy of any of the six artifacts this feature's scripts locate (only the unrelated, always-git-root-only project-context.schema.json lives there, purely as a step-1 precondition)
PASS: installed-layout-py-lite: reaches the forced step-13 snapshot-generation-mismatch Block in a genuinely no-git, packaged-copy-only installed-standalone-plugin layout -- proving Registry+its-schema (step 5 discovery) and resolver-evidence/context-projection/lite-track-schema (step 12 discovery+version-check) all resolved correctly via the packaged copy alone (AC-028; this label claims discovery, never validate-capability-registry's own content checks, which this fixture stubs unconditional-success -- Specification Differences)
PASS: installed-layout-sh-full: fixture sanity -- no reachable git root from this tempdir (AC-028 'no reachable .git')
PASS: installed-layout-sh-full: fixture sanity -- no monorepo contracts/ copy of any of the six artifacts this feature's scripts locate (only the unrelated, always-git-root-only project-context.schema.json lives there, purely as a step-1 precondition)
PASS: installed-layout-sh-full: reaches the forced step-13 snapshot-generation-mismatch Block in a genuinely no-git, packaged-copy-only installed-standalone-plugin layout -- proving Registry+its-schema (step 5 discovery) and resolver-evidence/context-projection/full-track-schema (step 12 discovery+version-check) all resolved correctly via the packaged copy alone (AC-028; this label claims discovery, never validate-capability-registry's own content checks, which this fixture stubs unconditional-success -- Specification Differences)
PASS: installed-layout-sh-lite: fixture sanity -- no reachable git root from this tempdir (AC-028 'no reachable .git')
PASS: installed-layout-sh-lite: fixture sanity -- no monorepo contracts/ copy of any of the six artifacts this feature's scripts locate (only the unrelated, always-git-root-only project-context.schema.json lives there, purely as a step-1 precondition)
PASS: installed-layout-sh-lite: reaches the forced step-13 snapshot-generation-mismatch Block in a genuinely no-git, packaged-copy-only installed-standalone-plugin layout -- proving Registry+its-schema (step 5 discovery) and resolver-evidence/context-projection/lite-track-schema (step 12 discovery+version-check) all resolved correctly via the packaged copy alone (AC-028; this label claims discovery, never validate-capability-registry's own content checks, which this fixture stubs unconditional-success -- Specification Differences)
PASS: installed-layout-ps1-full: fixture sanity -- no reachable git root from this tempdir (AC-028 'no reachable .git')
PASS: installed-layout-ps1-full: fixture sanity -- no monorepo contracts/ copy of any of the six artifacts this feature's scripts locate (only the unrelated, always-git-root-only project-context.schema.json lives there, purely as a step-1 precondition)
PASS: installed-layout-ps1-full: reaches the forced step-13 snapshot-generation-mismatch Block in a genuinely no-git, packaged-copy-only installed-standalone-plugin layout -- proving Registry+its-schema (step 5 discovery) and resolver-evidence/context-projection/full-track-schema (step 12 discovery+version-check) all resolved correctly via the packaged copy alone (AC-028; this label claims discovery, never validate-capability-registry's own content checks, which this fixture stubs unconditional-success -- Specification Differences)
PASS: installed-layout-ps1-lite: fixture sanity -- no reachable git root from this tempdir (AC-028 'no reachable .git')
PASS: installed-layout-ps1-lite: fixture sanity -- no monorepo contracts/ copy of any of the six artifacts this feature's scripts locate (only the unrelated, always-git-root-only project-context.schema.json lives there, purely as a step-1 precondition)
PASS: installed-layout-ps1-lite: reaches the forced step-13 snapshot-generation-mismatch Block in a genuinely no-git, packaged-copy-only installed-standalone-plugin layout -- proving Registry+its-schema (step 5 discovery) and resolver-evidence/context-projection/lite-track-schema (step 12 discovery+version-check) all resolved correctly via the packaged copy alone (AC-028; this label claims discovery, never validate-capability-registry's own content checks, which this fixture stubs unconditional-success -- Specification Differences)
PASS: POSIX suite registered in tests/run-all.sh
PASS: PowerShell suite registered in tests/run-all.ps1
RESULT: 24 passed, 0 failed
########## tests/resolve-project-context-lite.tests.sh ##########
# runner: bash
PASS: advisory-missing: reaches the forced step-13 snapshot-generation-mismatch Block, proving step 10b's own Capability Summary assembly and step 12's own real capability-summary.schema.json self-validation already succeeded (steps 0-12 all passed)
PASS: advisory-missing: Resolver Evidence schema agreement
PASS: advisory-missing: Resolver Evidence publishes capability_evaluations[] (late-Block provenance, T-004)
PASS: advisory-missing: the reconstructed capability-summary.yaml validates via the REAL validate-capability-summary (AC-009)
PASS: advisory-missing: track_artifact is genuinely a Capability Summary shape (schema/track fields)
PASS: advisory-missing: no facet-manifest.yaml/capability-summary.yaml/project-context.resolved.json ever reaches a live path on this Lite-track invocation (B4/AC-009)
PASS: advisory-missing: fixture sanity -- cap-alpha's own trigger genuinely matches the sole affected component comp-a (characteristics.pii == true)
PASS: advisory-missing: cap-alpha's own absent required_lite_checks key contributes [] under advisory enforcement, never Blocking (AC-009(a))
PASS: zero-match: reaches the forced step-13 snapshot-generation-mismatch Block, proving step 10b's own Capability Summary assembly and step 12's own real capability-summary.schema.json self-validation already succeeded (steps 0-12 all passed)
PASS: zero-match: Resolver Evidence schema agreement
PASS: zero-match: Resolver Evidence publishes capability_evaluations[] (late-Block provenance, T-004)
PASS: zero-match: the reconstructed capability-summary.yaml validates via the REAL validate-capability-summary (AC-009)
PASS: zero-match: track_artifact is genuinely a Capability Summary shape (schema/track fields)
PASS: zero-match: no facet-manifest.yaml/capability-summary.yaml/project-context.resolved.json ever reaches a live path on this Lite-track invocation (B4/AC-009)
PASS: zero-match: fixture sanity -- zero matched Capabilities (zero affected components)
PASS: zero-match: zero matched Capabilities is vacuously capabilities: []/required_lite_checks: []/full_upgrade_required: false, never Blocking lite-check-source-undefined even under required enforcement (AC-009(b))
PASS: POSIX suite registered in tests/run-all.sh
PASS: PowerShell suite registered in tests/run-all.ps1
RESULT: 18 passed, 0 failed
########## tests/validate-resolver-evidence.tests.sh ##########
# runner: bash
PASS: clean: exit 0
PASS: clean: emits exactly [] and nothing else
PASS: clean: every diagnostic line follows the 'resolver-evidence: <check-id>: <detail>' convention
PASS: clean: nothing on stderr
PASS: clean: LF-only diagnostic bytes (no CR)
PASS: schema-invalid: exit 1
PASS: schema-invalid: emits exactly ['schema-invalid'] and nothing else
PASS: schema-invalid: every diagnostic line follows the 'resolver-evidence: <check-id>: <detail>' convention
PASS: schema-invalid: nothing on stderr
PASS: schema-invalid: LF-only diagnostic bytes (no CR)
PASS: registry-digest-unbound: exit 1
PASS: registry-digest-unbound: emits exactly ['registry-digest-unbound'] and nothing else
PASS: registry-digest-unbound: every diagnostic line follows the 'resolver-evidence: <check-id>: <detail>' convention
PASS: registry-digest-unbound: nothing on stderr
PASS: registry-digest-unbound: LF-only diagnostic bytes (no CR)
PASS: capability-set-mismatch: exit 1
PASS: capability-set-mismatch: emits exactly ['capability-set-mismatch'] and nothing else
PASS: capability-set-mismatch: every diagnostic line follows the 'resolver-evidence: <check-id>: <detail>' convention
PASS: capability-set-mismatch: nothing on stderr
PASS: capability-set-mismatch: LF-only diagnostic bytes (no CR)
PASS: capability-evaluation-id-duplicate: exit 1
PASS: capability-evaluation-id-duplicate: emits exactly ['capability-evaluation-id-duplicate'] and nothing else
PASS: capability-evaluation-id-duplicate: every diagnostic line follows the 'resolver-evidence: <check-id>: <detail>' convention
PASS: capability-evaluation-id-duplicate: nothing on stderr
PASS: capability-evaluation-id-duplicate: LF-only diagnostic bytes (no CR)
PASS: affected-component-provenance-mismatch: exit 1
PASS: affected-component-provenance-mismatch: emits exactly ['affected-component-provenance-mismatch'] and nothing else
PASS: affected-component-provenance-mismatch: every diagnostic line follows the 'resolver-evidence: <check-id>: <detail>' convention
PASS: affected-component-provenance-mismatch: nothing on stderr
PASS: affected-component-provenance-mismatch: LF-only diagnostic bytes (no CR)
PASS: trigger-evaluation-set-mismatch: exit 1
PASS: trigger-evaluation-set-mismatch: emits exactly ['trigger-evaluation-set-mismatch'] and nothing else
PASS: trigger-evaluation-set-mismatch: every diagnostic line follows the 'resolver-evidence: <check-id>: <detail>' convention
PASS: trigger-evaluation-set-mismatch: nothing on stderr
PASS: trigger-evaluation-set-mismatch: LF-only diagnostic bytes (no CR)
PASS: component-evaluation-id-duplicate: exit 1
PASS: component-evaluation-id-duplicate: emits exactly ['component-evaluation-id-duplicate'] and nothing else
PASS: component-evaluation-id-duplicate: every diagnostic line follows the 'resolver-evidence: <check-id>: <detail>' convention
PASS: component-evaluation-id-duplicate: nothing on stderr
PASS: component-evaluation-id-duplicate: LF-only diagnostic bytes (no CR)
PASS: matched-result-contradiction: exit 1
PASS: matched-result-contradiction: emits exactly ['matched-result-contradiction', 'matched-result-contradiction'] and nothing else
PASS: matched-result-contradiction: every diagnostic line follows the 'resolver-evidence: <check-id>: <detail>' convention
PASS: matched-result-contradiction: nothing on stderr
PASS: matched-result-contradiction: LF-only diagnostic bytes (no CR)
PASS: conditional-facet-set-mismatch: exit 1
PASS: conditional-facet-set-mismatch: emits exactly ['conditional-facet-set-mismatch', 'conditional-facet-set-mismatch'] and nothing else
PASS: conditional-facet-set-mismatch: every diagnostic line follows the 'resolver-evidence: <check-id>: <detail>' convention
PASS: conditional-facet-set-mismatch: nothing on stderr
PASS: conditional-facet-set-mismatch: LF-only diagnostic bytes (no CR)
PASS: conditional-facet-evaluation-set-mismatch: exit 1
PASS: conditional-facet-evaluation-set-mismatch: emits exactly ['conditional-facet-evaluation-set-mismatch'] and nothing else
PASS: conditional-facet-evaluation-set-mismatch: every diagnostic line follows the 'resolver-evidence: <check-id>: <detail>' convention
PASS: conditional-facet-evaluation-set-mismatch: nothing on stderr
PASS: conditional-facet-evaluation-set-mismatch: LF-only diagnostic bytes (no CR)
PASS: applied-result-contradiction: exit 1
PASS: applied-result-contradiction: emits exactly ['applied-result-contradiction', 'applied-result-contradiction'] and nothing else
PASS: applied-result-contradiction: every diagnostic line follows the 'resolver-evidence: <check-id>: <detail>' convention
PASS: applied-result-contradiction: nothing on stderr
PASS: applied-result-contradiction: LF-only diagnostic bytes (no CR)
PASS: array-not-stable-sorted: exit 1
PASS: array-not-stable-sorted: emits exactly ['array-not-stable-sorted', 'array-not-stable-sorted'] and nothing else
PASS: array-not-stable-sorted: every diagnostic line follows the 'resolver-evidence: <check-id>: <detail>' convention
PASS: array-not-stable-sorted: nothing on stderr
PASS: array-not-stable-sorted: LF-only diagnostic bytes (no CR)
PASS: provenance-registry-override-mismatch: exit 1
PASS: provenance-registry-override-mismatch: emits exactly ['registry-digest-unbound'] and nothing else
PASS: provenance-registry-override-mismatch: every diagnostic line follows the 'resolver-evidence: <check-id>: <detail>' convention
PASS: provenance-registry-override-mismatch: nothing on stderr
PASS: provenance-registry-override-mismatch: LF-only diagnostic bytes (no CR)
PASS: provenance-registry-self-discovery-mismatch: exit 1
PASS: provenance-registry-self-discovery-mismatch: emits exactly ['registry-digest-unbound'] and nothing else
PASS: provenance-registry-self-discovery-mismatch: every diagnostic line follows the 'resolver-evidence: <check-id>: <detail>' convention
PASS: provenance-registry-self-discovery-mismatch: nothing on stderr
PASS: provenance-registry-self-discovery-mismatch: LF-only diagnostic bytes (no CR)
PASS: provenance-registry-override-match: exit 0
PASS: provenance-registry-override-match: emits exactly [] and nothing else
PASS: provenance-registry-override-match: every diagnostic line follows the 'resolver-evidence: <check-id>: <detail>' convention
PASS: provenance-registry-override-match: nothing on stderr
PASS: provenance-registry-override-match: LF-only diagnostic bytes (no CR)
PASS: provenance-affected-components-override-contradiction: exit 1
PASS: provenance-affected-components-override-contradiction: emits exactly ['affected-component-provenance-mismatch'] and nothing else
PASS: provenance-affected-components-override-contradiction: every diagnostic line follows the 'resolver-evidence: <check-id>: <detail>' convention
PASS: provenance-affected-components-override-contradiction: nothing on stderr
PASS: provenance-affected-components-override-contradiction: LF-only diagnostic bytes (no CR)
PASS: provenance-affected-components-override-match: exit 0
PASS: provenance-affected-components-override-match: emits exactly [] and nothing else
PASS: provenance-affected-components-override-match: every diagnostic line follows the 'resolver-evidence: <check-id>: <detail>' convention
PASS: provenance-affected-components-override-match: nothing on stderr
PASS: provenance-affected-components-override-match: LF-only diagnostic bytes (no CR)
PASS: provenance-context-override-match: exit 0
PASS: provenance-context-override-match: emits exactly [] and nothing else
PASS: provenance-context-override-match: every diagnostic line follows the 'resolver-evidence: <check-id>: <detail>' convention
PASS: provenance-context-override-match: nothing on stderr
PASS: provenance-context-override-match: LF-only diagnostic bytes (no CR)
PASS: reader-journal-live: exit 1
PASS: reader-journal-live: emits exactly ['resolver-publication-in-progress'] and nothing else
PASS: reader-journal-live: every diagnostic line follows the 'resolver-evidence: <check-id>: <detail>' convention
PASS: reader-journal-live: nothing on stderr
PASS: reader-journal-live: LF-only diagnostic bytes (no CR)
PASS: reader-journal-absent: exit 0
PASS: reader-journal-absent: emits exactly [] and nothing else
PASS: reader-journal-absent: every diagnostic line follows the 'resolver-evidence: <check-id>: <detail>' convention
PASS: reader-journal-absent: nothing on stderr
PASS: reader-journal-absent: LF-only diagnostic bytes (no CR)
PASS: canonicalizer-stderr-containment: exit 1
PASS: canonicalizer-stderr-containment: emits exactly ['canonicalizer-invocation-failed'] and nothing else
PASS: canonicalizer-stderr-containment: every diagnostic line follows the 'resolver-evidence: <check-id>: <detail>' convention
PASS: canonicalizer-stderr-containment: nothing on stderr
PASS: canonicalizer-stderr-containment: LF-only diagnostic bytes (no CR)
PASS: canonicalizer-stderr-containment: no dependency raw-stderr text reaches this validator's own diagnostic (B5 containment)
PASS: schema-invalid-negative-declaration-index: exit 1
PASS: schema-invalid-negative-declaration-index: emits exactly ['schema-invalid'] and nothing else
PASS: schema-invalid-negative-declaration-index: every diagnostic line follows the 'resolver-evidence: <check-id>: <detail>' convention
PASS: schema-invalid-negative-declaration-index: nothing on stderr
PASS: schema-invalid-negative-declaration-index: LF-only diagnostic bytes (no CR)
PASS: registry-override-version-mismatch: exit 1
PASS: registry-override-version-mismatch: emits exactly ['registry-version-mismatch'] and nothing else
PASS: registry-override-version-mismatch: every diagnostic line follows the 'resolver-evidence: <check-id>: <detail>' convention
PASS: registry-override-version-mismatch: nothing on stderr
PASS: registry-override-version-mismatch: LF-only diagnostic bytes (no CR)
PASS: reader-journal-malformed: exit 1
PASS: reader-journal-malformed: emits exactly ['resolver-publication-in-progress'] and nothing else
PASS: reader-journal-malformed: every diagnostic line follows the 'resolver-evidence: <check-id>: <detail>' convention
PASS: reader-journal-malformed: nothing on stderr
PASS: reader-journal-malformed: LF-only diagnostic bytes (no CR)
PASS: TEST-021 matrix completeness: every one of the twelve check-ids was observed firing on its own fixture
PASS: TEST-021 namespace closure: no check-id outside the closed twelve-value enum (plus the reader-side refusal) was emitted
PASS: TEST-021 enum cardinality: design.md's own enum is twelve-valued
PASS: provenance-registry-override-mismatch: the fixture's own Registry capability set diverges from the Evidence instance's own, so the sole-diagnostic expectation is a genuine binding-before-exact-set ordering assertion (AC-050)
PASS: provenance-registry-self-discovery-mismatch: the fixture's own Registry capability set diverges from the Evidence instance's own, so the sole-diagnostic expectation is a genuine binding-before-exact-set ordering assertion (AC-050)
PASS: conditional-facet-set-mismatch: the fixture is name-blind by construction -- the Registry declares one facet name twice, the Evidence instance records that same name-set at a different cardinality, so only declaration_index keying can detect it (B7)
PASS: TEST-054 pair: the live-journal fixture and its control are identical in Registry/Evidence/Manifest and differ only by the planted journal
PASS: TEST-054 journal shape: the planted journal matches T-007's own TRANSACTION.json format and names the resolver-evidence.yaml path this validator is about to read
PASS: validate-resolver-evidence.sh: dispatches to the single .py implementation via a real process launch, and carries no check-id of its own
PASS: validate-resolver-evidence.ps1: dispatches to the single .py implementation via a real process launch, and carries no check-id of its own
PASS: POSIX suite registered in tests/run-all.sh
PASS: PowerShell suite registered in tests/run-all.ps1
RESULT: 138 passed, 0 failed
########## tests/resolve-project-context-parity.tests.sh ##########
# runner: bash
PASS: TEST-022 quick-block-canonicalizer-invocation-failed: two .py invocations of the identical input produce byte-identical exit/stdout/stderr and identical track-exclusive artifact bytes, across two independent invocations (AC-022)
PASS: TEST-022 clean-full-track-publication: two .py invocations of the identical input produce byte-identical exit/stdout/stderr and identical track-exclusive artifact bytes, across two independent invocations (AC-022)
PASS: TEST-023 disabled-legacy-invocation: .py/.sh/.ps1 invocations of the identical input produce byte-identical exit/stdout/stderr and identical track-exclusive artifact bytes (AC-023)
PASS: TEST-023 disabled-legacy-invocation (py): stderr is empty or consists entirely of this feature's own 'capability-resolver: <id>: <detail>' canonical line(s) -- never a dependency subprocess's own raw stderr text (M8)
PASS: TEST-023 disabled-legacy-invocation (sh): stderr is empty or consists entirely of this feature's own 'capability-resolver: <id>: <detail>' canonical line(s) -- never a dependency subprocess's own raw stderr text (M8)
PASS: TEST-023 disabled-legacy-invocation (ps1): stderr is empty or consists entirely of this feature's own 'capability-resolver: <id>: <detail>' canonical line(s) -- never a dependency subprocess's own raw stderr text (M8)
PASS: TEST-023 canonicalizer-invocation-failed: .py/.sh/.ps1 invocations of the identical input produce byte-identical exit/stdout/stderr and identical track-exclusive artifact bytes (AC-023)
PASS: TEST-023 canonicalizer-invocation-failed (py): stderr is empty or consists entirely of this feature's own 'capability-resolver: <id>: <detail>' canonical line(s) -- never a dependency subprocess's own raw stderr text (M8)
PASS: TEST-023 canonicalizer-invocation-failed (sh): stderr is empty or consists entirely of this feature's own 'capability-resolver: <id>: <detail>' canonical line(s) -- never a dependency subprocess's own raw stderr text (M8)
PASS: TEST-023 canonicalizer-invocation-failed (ps1): stderr is empty or consists entirely of this feature's own 'capability-resolver: <id>: <detail>' canonical line(s) -- never a dependency subprocess's own raw stderr text (M8)
PASS: TEST-023 windows-style-path: .py/.sh/.ps1 invocations of the identical input produce byte-identical exit/stdout/stderr and identical track-exclusive artifact bytes (AC-023)
PASS: TEST-023 windows-style-path (py): stderr is empty or consists entirely of this feature's own 'capability-resolver: <id>: <detail>' canonical line(s) -- never a dependency subprocess's own raw stderr text (M8)
PASS: TEST-023 windows-style-path (sh): stderr is empty or consists entirely of this feature's own 'capability-resolver: <id>: <detail>' canonical line(s) -- never a dependency subprocess's own raw stderr text (M8)
PASS: TEST-023 windows-style-path (ps1): stderr is empty or consists entirely of this feature's own 'capability-resolver: <id>: <detail>' canonical line(s) -- never a dependency subprocess's own raw stderr text (M8)
PASS: TEST-023 clean-full-track-publication: .py/.sh/.ps1 invocations of the identical input produce byte-identical exit/stdout/stderr and identical track-exclusive artifact bytes (AC-023)
PASS: TEST-023 clean-full-track-publication (py): stderr is empty or consists entirely of this feature's own 'capability-resolver: <id>: <detail>' canonical line(s) -- never a dependency subprocess's own raw stderr text (M8)
PASS: TEST-023 clean-full-track-publication (sh): stderr is empty or consists entirely of this feature's own 'capability-resolver: <id>: <detail>' canonical line(s) -- never a dependency subprocess's own raw stderr text (M8)
PASS: TEST-023 clean-full-track-publication (ps1): stderr is empty or consists entirely of this feature's own 'capability-resolver: <id>: <detail>' canonical line(s) -- never a dependency subprocess's own raw stderr text (M8)
PASS: TEST-023 windows-style-path non-vacuity: the published diagnostic detail genuinely embeds a raw backslash byte, unmutated (AC-023)
PASS: TEST-023 validate-resolver-evidence/clean: .py/.sh/.ps1 invocations of the identical input produce byte-identical exit/stdout/stderr (AC-023, T-008's own triad)
PASS: TEST-023 validate-resolver-evidence/schema-invalid: .py/.sh/.ps1 invocations of the identical input produce byte-identical exit/stdout/stderr (AC-023, T-008's own triad)
PASS: TEST-024 fixture sanity: the Registry's own capabilities[] declaration order is genuinely NOT ascending (['cap-gamma', 'cap-beta', 'cap-alpha']) -- otherwise this fixture could not distinguish 'sorted by construction' from 'sorted because the Resolver itself sorts'
PASS: TEST-024 registry-reordering (py): reaches the SPECIFIC forced snapshot-generation-mismatch Block (steps 0-12 all passed, capability_evaluations[] is observable), not some earlier, different Block that would leave capability_evaluations[] vacuously empty
PASS: TEST-024 registry-reordering (py): capability_evaluations[] is stable-sorted by capability_id even though the source Registry declares ['cap-gamma', 'cap-beta', 'cap-alpha'] (AC-024)
PASS: TEST-024 registry-reordering (py) non-vacuity: the exact expected three-capability set is present -- the sort assertion above is not vacuously true over an empty/partial list
PASS: TEST-024 registry-reordering (sh): reaches the SPECIFIC forced snapshot-generation-mismatch Block (steps 0-12 all passed, capability_evaluations[] is observable), not some earlier, different Block that would leave capability_evaluations[] vacuously empty
PASS: TEST-024 registry-reordering (sh): capability_evaluations[] is stable-sorted by capability_id even though the source Registry declares ['cap-gamma', 'cap-beta', 'cap-alpha'] (AC-024)
PASS: TEST-024 registry-reordering (sh) non-vacuity: the exact expected three-capability set is present -- the sort assertion above is not vacuously true over an empty/partial list
PASS: TEST-024 registry-reordering (ps1): reaches the SPECIFIC forced snapshot-generation-mismatch Block (steps 0-12 all passed, capability_evaluations[] is observable), not some earlier, different Block that would leave capability_evaluations[] vacuously empty
PASS: TEST-024 registry-reordering (ps1): capability_evaluations[] is stable-sorted by capability_id even though the source Registry declares ['cap-gamma', 'cap-beta', 'cap-alpha'] (AC-024)
PASS: TEST-024 registry-reordering (ps1) non-vacuity: the exact expected three-capability set is present -- the sort assertion above is not vacuously true over an empty/partial list
PASS: TEST-024 white-box fixture sanity: this hand-built Registry's own capabilities[] declaration order is genuinely NOT ascending (['cap-zebra', 'cap-mango', 'cap-apple'])
PASS: TEST-024 white-box: Facet Manifest capabilities[] is stable-sorted regardless of Registry declaration order or fed capability_evaluations order (AC-024)
PASS: TEST-024 white-box: Facet Manifest required_facets[] is stable-sorted (AC-024, Epic-A4-mandated array)
PASS: TEST-024 white-box: Facet Manifest resolved_gates[] is stable-sorted by id, deduplicated across contributing Capabilities (AC-024, Epic-A4-mandated array)
PASS: dsl-warn-unsorted-affected-components: exit 1
PASS: dsl-warn-unsorted-affected-components: canonical diagnostic line present and last on stderr (B5)
PASS: dsl-warn-unsorted-affected-components: exact Resolver Evidence
PASS: dsl-warn-unsorted-affected-components: Resolver Evidence schema agreement
PASS: dsl-warn-unsorted-affected-components: no partial live artifact
PASS: dsl-warn-unsorted-affected-components: resolve-component-paths invoked with --include-untracked forwarded verbatim, in its own CLI-contract position (immediately before --json, design.md API/Contract Plan step 4 order), when this invocation's own resolver CLI call supplies it -- the SUPPLIED half of AC-004's pass-through claim, now covered by T-003's own suite (previously only T-005's resolve-project-context-match-check.py)
PASS: TEST-024 diagnostics-sort reuse non-vacuity: reusing resolve-project-context-block-check.py's own dsl-warn-unsorted-affected-components case actually ran 6 assertion(s), not zero
PASS: TEST-025: scan target exists: specs/epic-193-a5-capability-resolver/human-copy/plugins/sdd-quality-loop/scripts/resolve-project-context.py
PASS: TEST-025: specs/epic-193-a5-capability-resolver/human-copy/plugins/sdd-quality-loop/scripts/resolve-project-context.py contains no datetime.now()/time.time()/network-primitive call (AC-025)
PASS: TEST-025: specs/epic-193-a5-capability-resolver/human-copy/plugins/sdd-quality-loop/scripts/resolve-project-context.py contains no provider-API-client allowlist term (AC-025)
PASS: TEST-025: scan target exists: specs/epic-193-a5-capability-resolver/human-copy/plugins/sdd-quality-loop/scripts/resolve-project-context.sh
PASS: TEST-025: specs/epic-193-a5-capability-resolver/human-copy/plugins/sdd-quality-loop/scripts/resolve-project-context.sh contains no datetime.now()/time.time()/network-primitive call (AC-025)
PASS: TEST-025: specs/epic-193-a5-capability-resolver/human-copy/plugins/sdd-quality-loop/scripts/resolve-project-context.sh contains no provider-API-client allowlist term (AC-025)
PASS: TEST-025: scan target exists: specs/epic-193-a5-capability-resolver/human-copy/plugins/sdd-quality-loop/scripts/resolve-project-context.ps1
PASS: TEST-025: specs/epic-193-a5-capability-resolver/human-copy/plugins/sdd-quality-loop/scripts/resolve-project-context.ps1 contains no datetime.now()/time.time()/network-primitive call (AC-025)
PASS: TEST-025: specs/epic-193-a5-capability-resolver/human-copy/plugins/sdd-quality-loop/scripts/resolve-project-context.ps1 contains no provider-API-client allowlist term (AC-025)
PASS: TEST-025: scan target exists: plugins/sdd-quality-loop/scripts/validate-resolver-evidence.py
PASS: TEST-025: plugins/sdd-quality-loop/scripts/validate-resolver-evidence.py contains no datetime.now()/time.time()/network-primitive call (AC-025)
PASS: TEST-025: plugins/sdd-quality-loop/scripts/validate-resolver-evidence.py contains no provider-API-client allowlist term (AC-025)
PASS: TEST-025: scan target exists: plugins/sdd-quality-loop/scripts/validate-resolver-evidence.sh
PASS: TEST-025: plugins/sdd-quality-loop/scripts/validate-resolver-evidence.sh contains no datetime.now()/time.time()/network-primitive call (AC-025)
PASS: TEST-025: plugins/sdd-quality-loop/scripts/validate-resolver-evidence.sh contains no provider-API-client allowlist term (AC-025)
PASS: TEST-025: scan target exists: plugins/sdd-quality-loop/scripts/validate-resolver-evidence.ps1
PASS: TEST-025: plugins/sdd-quality-loop/scripts/validate-resolver-evidence.ps1 contains no datetime.now()/time.time()/network-primitive call (AC-025)
PASS: TEST-025: plugins/sdd-quality-loop/scripts/validate-resolver-evidence.ps1 contains no provider-API-client allowlist term (AC-025)
PASS: TEST-025 non-vacuity: at least one scan target was actually found and scanned
PASS: TEST-025 non-vacuity canary: the dirty fixture is flagged for every one of this scan's own 5 categories
PASS: TEST-025 false-positive control: the clean fixture (benign English prose about time/networking, no literal forbidden API call) is not flagged
PASS: TEST-025 non-vacuity canary: the dirty provider-term fixture is flagged
PASS: TEST-025 false-positive control: the clean provider-term fixture (this feature's own vocabulary plus near-miss substrings) is not flagged
PASS: self-registration: tests/run-all.sh lists tests/resolve-project-context-parity.tests.sh
PASS: self-registration: tests/run-all.ps1 lists tests/resolve-project-context-parity.tests.ps1
PASS: self-registration: the staged .github/workflows/test.yml candidate carries this suite's CI steps
PASS: self-registration: staged .github/workflows/test.yml candidate sha256 matches its own MANIFEST.sha256 entry
PASS: self-registration: the live .github/workflows/test.yml is byte-unchanged relative to its committed state (this task never writes to it)
resolve-project-context-parity (sh launcher): 70 passed, 0 failed
RESULT: 70 passed, 0 failed
########## tests/resolve-project-context-metamorphic.tests.sh ##########
# runner: bash
PASS: combination-matrix-tt: clean run (exit 0)
PASS: combination-matrix-tt: fixture sanity -- comp-a/comp-b trigger results equal this cell's own pii values
PASS: combination-matrix-tt: matched == True exactly per the union-match rule (comp-a pii=True, comp-b pii=True) (AC-045(a))
PASS: combination-matrix-tt: trigger_evaluations exact, per-component results independently recomputed via the real evaluate-predicate
PASS: combination-matrix-tt: Resolver Evidence schema agreement
PASS: combination-matrix-tf: clean run (exit 0)
PASS: combination-matrix-tf: fixture sanity -- comp-a/comp-b trigger results equal this cell's own pii values
PASS: combination-matrix-tf: matched == True exactly per the union-match rule (comp-a pii=True, comp-b pii=False) (AC-045(a))
PASS: combination-matrix-tf: trigger_evaluations exact, per-component results independently recomputed via the real evaluate-predicate
PASS: combination-matrix-tf: Resolver Evidence schema agreement
PASS: combination-matrix-ft: clean run (exit 0)
PASS: combination-matrix-ft: fixture sanity -- comp-a/comp-b trigger results equal this cell's own pii values
PASS: combination-matrix-ft: matched == True exactly per the union-match rule (comp-a pii=False, comp-b pii=True) (AC-045(a))
PASS: combination-matrix-ft: trigger_evaluations exact, per-component results independently recomputed via the real evaluate-predicate
PASS: combination-matrix-ft: Resolver Evidence schema agreement
PASS: combination-matrix-ff: clean run (exit 0)
PASS: combination-matrix-ff: fixture sanity -- comp-a/comp-b trigger results equal this cell's own pii values
PASS: combination-matrix-ff: matched == False exactly per the union-match rule (comp-a pii=False, comp-b pii=False) (AC-045(a))
PASS: combination-matrix-ff: trigger_evaluations exact, per-component results independently recomputed via the real evaluate-predicate
PASS: combination-matrix-ff: Resolver Evidence schema agreement
PASS: order-invariance-a: clean run (exit 0)
PASS: order-invariance-b: clean run (exit 0)
PASS: order-invariance: fixture sanity -- Resolver Evidence bytes are genuinely non-empty (so the byte-identity checks below are not vacuously true on two empty strings)
PASS: order-invariance: stdout byte-identical regardless of affected_components[] input order ([comp-a, comp-b] vs. [comp-b, comp-a], same set) (AC-045(b), REQ-005)
PASS: order-invariance: stderr byte-identical regardless of affected_components[] input order ([comp-a, comp-b] vs. [comp-b, comp-a], same set) (AC-045(b), REQ-005)
PASS: order-invariance: evidence byte-identical regardless of affected_components[] input order ([comp-a, comp-b] vs. [comp-b, comp-a], same set) (AC-045(b), REQ-005)
PASS: order-invariance: manifest byte-identical regardless of affected_components[] input order ([comp-a, comp-b] vs. [comp-b, comp-a], same set) (AC-045(b), REQ-005)
PASS: order-invariance: projection byte-identical regardless of affected_components[] input order ([comp-a, comp-b] vs. [comp-b, comp-a], same set) (AC-045(b), REQ-005)
PASS: multi-true-dedup: clean run (exit 0)
PASS: multi-true-dedup: cap-union recorded exactly once in capability_evaluations[] despite more than one component's own evaluation being true (comp-a, comp-b), never duplicated (AC-045(c))
PASS: multi-true-dedup: fixture sanity -- more than one component's own evaluation is genuinely true (2)
PASS: multi-true-dedup: Facet Manifest capabilities[] names cap-union exactly once too
PASS: multi-true-dedup: Resolver Evidence schema agreement
PASS: reason-template: clean run (exit 0)
PASS: reason-template: Resolver Evidence's own per-Capability conditional_facet_evaluations[] entry is applied: false with no reason key at this level (reason is the aggregated Facet Manifest's own field, asserted verbatim below, AC-045(d))
PASS: reason-template: Facet Manifest's own conditional_facets[] applied: false entry carries `reason` VERBATIM against the exact template this feature's design fixes (AC-045(d))
PASS: reason-template: Resolver Evidence schema agreement
PASS: warn-matched-trigger: exit 1 (Block)
PASS: warn-matched-trigger: canonical diagnostic only
PASS: warn-matched-trigger: fixture sanity -- comp-a genuinely matches, comp-b genuinely WARNs (missing-path)
PASS: warn-matched-trigger: exact published Resolver Evidence (matched-capability-trigger-WARN, B2)
PASS: warn-matched-trigger: Resolver Evidence schema agreement
PASS: warn-matched-trigger: no live facet-manifest/capability-summary/projection written on Block
PASS: warn-unmatched-trigger: exit 1 (Block)
PASS: warn-unmatched-trigger: canonical diagnostic only
PASS: warn-unmatched-trigger: fixture sanity -- comp-a's own sole trigger evaluation genuinely WARNs (missing-path) and the Capability ends up unmatched
PASS: warn-unmatched-trigger: exact published Resolver Evidence (unmatched-capability-trigger-WARN, B2)
PASS: warn-unmatched-trigger: Resolver Evidence schema agreement
PASS: warn-unmatched-trigger: no live facet-manifest/capability-summary/projection written on Block
PASS: warn-conditional-facet: exit 1 (Block)
PASS: warn-conditional-facet: canonical diagnostic only
PASS: warn-conditional-facet: fixture sanity -- the trigger evaluation is a clean match (no WARN); the conditional facet's own `when` evaluation against the SAME component genuinely WARNs (missing-path)
PASS: warn-conditional-facet: exact published Resolver Evidence (matched-capability-conditional-facet-WARN, B2)
PASS: warn-conditional-facet: Resolver Evidence schema agreement
PASS: warn-conditional-facet: no live facet-manifest/capability-summary/projection written on Block
PASS: nested-array-completeness (clean, every level (a complete, non-corrupted fixture passes)): exit 0 via validate-resolver-evidence's own exact-set checks (AC-045(f))
PASS: nested-array-completeness (clean): emits exactly [] and nothing else
PASS: nested-array-completeness (clean): every diagnostic line well-formed
PASS: nested-array-completeness (capability-set-mismatch, capability_evaluations[]): exit 1 via validate-resolver-evidence's own exact-set checks (AC-045(f))
PASS: nested-array-completeness (capability-set-mismatch): emits exactly ['capability-set-mismatch'] and nothing else
PASS: nested-array-completeness (capability-set-mismatch): every diagnostic line well-formed
PASS: nested-array-completeness (trigger-evaluation-set-mismatch, trigger_evaluations[]): exit 1 via validate-resolver-evidence's own exact-set checks (AC-045(f))
PASS: nested-array-completeness (trigger-evaluation-set-mismatch): emits exactly ['trigger-evaluation-set-mismatch'] and nothing else
PASS: nested-array-completeness (trigger-evaluation-set-mismatch): every diagnostic line well-formed
PASS: nested-array-completeness (conditional-facet-set-mismatch, conditional_facet_evaluations[]): exit 1 via validate-resolver-evidence's own exact-set checks (AC-045(f))
PASS: nested-array-completeness (conditional-facet-set-mismatch): emits exactly ['conditional-facet-set-mismatch', 'conditional-facet-set-mismatch'] and nothing else
PASS: nested-array-completeness (conditional-facet-set-mismatch): every diagnostic line well-formed
PASS: nested-array-completeness (conditional-facet-evaluation-set-mismatch, evaluations[]): exit 1 via validate-resolver-evidence's own exact-set checks (AC-045(f))
PASS: nested-array-completeness (conditional-facet-evaluation-set-mismatch): emits exactly ['conditional-facet-evaluation-set-mismatch'] and nothing else
PASS: nested-array-completeness (conditional-facet-evaluation-set-mismatch): every diagnostic line well-formed
PASS: dependency-order-spy: clean run reaches exit 0 (no Block anywhere on the happy path)
PASS: dependency-order-spy: this invocation's own first seven subprocess launches are exactly canonicalize-sdd-yaml (Project Context pass) -> canonicalize-sdd-yaml (Context Projection pass) -> resolve-component-paths -> validate-capability-registry (this invocation's own step-5 subprocess-observable event -- step 5's own discovery half is an in-process sibling-module import, never a subprocess; design.md item 9(g)'s own "Registry discovery" label names this position, see this driver's own module docstring) -> generate-registry-digest -> evaluate-predicate (trigger fan-out) -> evaluate-predicate (conditional-facet fan-out) (design.md Test Strategy item 9(g))
PASS: dependency-order-spy-position-1: forced failure at position 1 Blocks (exit 1)
PASS: dependency-order-spy-position-1: Blocks with position 1's own correct diagnostic id 'canonicalizer-invocation-failed'
PASS: dependency-order-spy-position-1: detail names the correct sub-phase ('project context')
PASS: dependency-order-spy-position-1: exactly 1 subprocess launch(es) occurred -- no later-ordered subprocess was ever invoked after the forced failure
PASS: dependency-order-spy-position-1: no partial live artifact
PASS: dependency-order-spy-position-2: forced failure at position 2 Blocks (exit 1)
PASS: dependency-order-spy-position-2: Blocks with position 2's own correct diagnostic id 'canonicalizer-invocation-failed'
PASS: dependency-order-spy-position-2: detail names the correct sub-phase ('context projection')
PASS: dependency-order-spy-position-2: exactly 2 subprocess launch(es) occurred -- no later-ordered subprocess was ever invoked after the forced failure
PASS: dependency-order-spy-position-2: no partial live artifact
PASS: dependency-order-spy-position-3: forced failure at position 3 Blocks (exit 1)
PASS: dependency-order-spy-position-3: Blocks with position 3's own correct diagnostic id 'affected-component-resolution-failed'
PASS: dependency-order-spy-position-3: exactly 3 subprocess launch(es) occurred -- no later-ordered subprocess was ever invoked after the forced failure
PASS: dependency-order-spy-position-3: no partial live artifact
PASS: dependency-order-spy-position-4: forced failure at position 4 Blocks (exit 1)
PASS: dependency-order-spy-position-4: Blocks with position 4's own correct diagnostic id 'registry-validation-failed'
PASS: dependency-order-spy-position-4: exactly 4 subprocess launch(es) occurred -- no later-ordered subprocess was ever invoked after the forced failure
PASS: dependency-order-spy-position-4: no partial live artifact
PASS: dependency-order-spy-position-5: forced failure at position 5 Blocks (exit 1)
PASS: dependency-order-spy-position-5: Blocks with position 5's own correct diagnostic id 'dependency-subprocess-failed'
PASS: dependency-order-spy-position-5: exactly 5 subprocess launch(es) occurred -- no later-ordered subprocess was ever invoked after the forced failure
PASS: dependency-order-spy-position-5: no partial live artifact
PASS: dependency-order-spy-position-6: forced failure at position 6 Blocks (exit 1)
PASS: dependency-order-spy-position-6: Blocks with position 6's own correct diagnostic id 'dependency-subprocess-failed'
PASS: dependency-order-spy-position-6: exactly 6 subprocess launch(es) occurred -- no later-ordered subprocess was ever invoked after the forced failure
PASS: dependency-order-spy-position-6: no partial live artifact
PASS: dependency-order-spy-position-7: forced failure at position 7 Blocks (exit 1)
PASS: dependency-order-spy-position-7: Blocks with position 7's own correct diagnostic id 'dependency-subprocess-failed'
PASS: dependency-order-spy-position-7: exactly 7 subprocess launch(es) occurred -- no later-ordered subprocess was ever invoked after the forced failure
PASS: dependency-order-spy-position-7: no partial live artifact
PASS: feature-wide completeness: resolve-project-context-cli sh/ps1 launcher pair exists (nine of ten suites T-001..T-010 build, AC-026)
PASS: feature-wide completeness: resolve-project-context-cli registered in tests/run-all.sh
PASS: feature-wide completeness: resolve-project-context-cli registered in tests/run-all.ps1
PASS: feature-wide completeness: resolve-project-context-block sh/ps1 launcher pair exists (nine of ten suites T-001..T-010 build, AC-026)
PASS: feature-wide completeness: resolve-project-context-block registered in tests/run-all.sh
PASS: feature-wide completeness: resolve-project-context-block registered in tests/run-all.ps1
PASS: feature-wide completeness: resolve-project-context-match sh/ps1 launcher pair exists (nine of ten suites T-001..T-010 build, AC-026)
PASS: feature-wide completeness: resolve-project-context-match registered in tests/run-all.sh
PASS: feature-wide completeness: resolve-project-context-match registered in tests/run-all.ps1
PASS: feature-wide completeness: resolve-project-context-lite sh/ps1 launcher pair exists (nine of ten suites T-001..T-010 build, AC-026)
PASS: feature-wide completeness: resolve-project-context-lite registered in tests/run-all.sh
PASS: feature-wide completeness: resolve-project-context-lite registered in tests/run-all.ps1
PASS: feature-wide completeness: resolve-project-context-parity sh/ps1 launcher pair exists (nine of ten suites T-001..T-010 build, AC-026)
PASS: feature-wide completeness: resolve-project-context-parity registered in tests/run-all.sh
PASS: feature-wide completeness: resolve-project-context-parity registered in tests/run-all.ps1
PASS: feature-wide completeness: resolve-project-context-discovery sh/ps1 launcher pair exists (nine of ten suites T-001..T-010 build, AC-026)
PASS: feature-wide completeness: resolve-project-context-discovery registered in tests/run-all.sh
PASS: feature-wide completeness: resolve-project-context-discovery registered in tests/run-all.ps1
PASS: feature-wide completeness: resolver-evidence-schema sh/ps1 launcher pair exists (nine of ten suites T-001..T-010 build, AC-026)
PASS: feature-wide completeness: resolver-evidence-schema registered in tests/run-all.sh
PASS: feature-wide completeness: resolver-evidence-schema registered in tests/run-all.ps1
PASS: feature-wide completeness: validate-resolver-evidence sh/ps1 launcher pair exists (nine of ten suites T-001..T-010 build, AC-026)
PASS: feature-wide completeness: validate-resolver-evidence registered in tests/run-all.sh
PASS: feature-wide completeness: validate-resolver-evidence registered in tests/run-all.ps1
PASS: feature-wide completeness: resolve-project-context-metamorphic sh/ps1 launcher pair exists (nine of ten suites T-001..T-010 build, AC-026)
PASS: feature-wide completeness: resolve-project-context-metamorphic registered in tests/run-all.sh
PASS: feature-wide completeness: resolve-project-context-metamorphic registered in tests/run-all.ps1
PASS: feature-wide completeness: REQ-006 fixture-matrix item (a) anchor fixture present under tests/fixtures/capability-resolver/: tests/fixtures/capability-resolver/resolve-project-context-match/full-pipeline-match
PASS: feature-wide completeness: REQ-006 fixture-matrix item (b) anchor fixture present under tests/fixtures/capability-resolver/: tests/fixtures/capability-resolver/resolve-project-context-match/full-pipeline-match
PASS: feature-wide completeness: REQ-006 fixture-matrix item (c) anchor fixture present under tests/fixtures/capability-resolver/: tests/fixtures/capability-resolver/resolve-project-context-match/full-pipeline-match
PASS: feature-wide completeness: REQ-006 fixture-matrix item (d) anchor fixture present under tests/fixtures/capability-resolver/: tests/fixtures/capability-resolver/resolve-project-context-block/dsl-warn-matched-nondetermining
PASS: feature-wide completeness: REQ-006 fixture-matrix item (d) anchor fixture present under tests/fixtures/capability-resolver/: tests/fixtures/capability-resolver/resolve-project-context-block/dsl-warn-unmatched-trigger
PASS: feature-wide completeness: REQ-006 fixture-matrix item (d) anchor fixture present under tests/fixtures/capability-resolver/: tests/fixtures/capability-resolver/metamorphic/warn-conditional-facet
PASS: feature-wide completeness: REQ-006 fixture-matrix item (e) anchor fixture present under tests/fixtures/capability-resolver/: tests/fixtures/capability-resolver/resolve-project-context-block
PASS: feature-wide completeness: REQ-006 fixture-matrix item (f) anchor fixture present under tests/fixtures/capability-resolver/: tests/fixtures/capability-resolver/resolve-project-context-match/full-pipeline-match
PASS: feature-wide completeness: REQ-006 fixture-matrix item (g) anchor fixture present under tests/fixtures/capability-resolver/: tests/fixtures/capability-resolver/resolve-project-context-match/zero-affected-component-match
PASS: feature-wide completeness: REQ-006 fixture-matrix item (h) anchor fixture present under tests/fixtures/capability-resolver/: tests/fixtures/capability-resolver/metamorphic/combination-matrix
PASS: feature-wide completeness: REQ-006 fixture-matrix item (h) anchor fixture present under tests/fixtures/capability-resolver/: tests/fixtures/capability-resolver/metamorphic/order-invariance
PASS: feature-wide completeness: REQ-006 fixture-matrix item (h) anchor fixture present under tests/fixtures/capability-resolver/: tests/fixtures/capability-resolver/metamorphic/multi-true-dedup
PASS: feature-wide completeness: REQ-006 fixture-matrix item (h) anchor fixture present under tests/fixtures/capability-resolver/: tests/fixtures/capability-resolver/metamorphic/reason-template
PASS: feature-wide completeness: REQ-006 fixture-matrix item (h) anchor fixture present under tests/fixtures/capability-resolver/: tests/fixtures/capability-resolver/metamorphic/warn-matched-trigger
PASS: feature-wide completeness: REQ-006 fixture-matrix item (h) anchor fixture present under tests/fixtures/capability-resolver/: tests/fixtures/capability-resolver/metamorphic/warn-unmatched-trigger
PASS: feature-wide completeness: REQ-006 fixture-matrix item (h) anchor fixture present under tests/fixtures/capability-resolver/: tests/fixtures/capability-resolver/metamorphic/warn-conditional-facet
PASS: feature-wide completeness: REQ-006 fixture-matrix item (h) anchor fixture present under tests/fixtures/capability-resolver/: tests/fixtures/capability-resolver/metamorphic/dependency-order-spy
PASS: feature-wide completeness: REQ-006 item (e)'s own governing schema enum is closed at sixteen distinct diagnostic-id rows
PASS: feature-wide completeness: REQ-006 item (e)'s own 16-row diagnostic-id matrix has at least that many independently-invocable fixtures present under resolve-project-context-block/ (the exact id-to-fixture mapping is that suite's own already-passing `run_block_matrix_completeness_check` lock, cited by name in this task's own report)
PASS: POSIX suite registered in tests/run-all.sh
PASS: PowerShell suite registered in tests/run-all.ps1
RESULT: 150 passed, 0 failed
########## tests/component-path-resolver.tests.sh ##########
=== TEST-001: ** crosses / boundaries ===
ok: TEST-001.1: src/desktop/** matches src/desktop/file.ts (direct child)
ok: TEST-001.2: src/desktop/** matches src/desktop/sub/deep/file.ts (nested, crosses /)
=== TEST-002: bare * confined to one path segment ===
ok: TEST-002.1: src/*.ts matches src/file.ts
ok: TEST-002.2: src/*.ts does NOT match src/sub/file.ts (bare * never crosses /)
ok: TEST-002.3: src/*/file.ts matches src/a/file.ts (exactly one intervening segment)
ok: TEST-002.4: src/*/file.ts does NOT match src/a/b/file.ts (bare * segment does not cross /, unlike **)
ok: TEST-002.5: src/*/file.ts does NOT match src/file.ts (bare * segment requires exactly one segment, unlike **'s zero-segment case)
=== TEST-003: backslash pattern normalization ===
ok: TEST-003.1: backslash-separated pattern matches slash-separated path
=== TEST-004: NFC-normalized matching ===
ok: TEST-004.1: NFD-encoded raw path matches NFC-encoded 'café/**' pattern
=== TEST-005: case-sensitive matching ===
ok: TEST-005.1: 'Src/**' matches 'Src/file.ts'
ok: TEST-005.2: 'Src/**' does NOT match 'src/file.ts' (case differs)
=== TEST-006: unsupported metacharacter rejected fail-closed ===
ok: TEST-006.1: '[abc]' pattern rejected fail-closed at load time (exit 1)
ok: TEST-006.2: '?' pattern rejected fail-closed at load time (exit 1)
=== TEST-007: ** zero-segment case ===
ok: TEST-007.1: 'a/**/b' matches literal 'a/b' (zero intervening segments)
ok: TEST-007.2: 'a/**/b' also matches 'a/x/b' (one intervening segment)
ok: TEST-007.3: 'a/**/b' does not match unrelated 'a/c'
=== TEST-008: empty-set clauses ===
ok: TEST-008.1: empty changed-paths diff resolves vacuously (0 records, no error)
ok: TEST-008.2: component with empty include list is a config-load-time error
=== TEST-009: shared_paths zero-match this resolve ===
ok: TEST-009.1: a shared_paths entry that matches nothing this resolve does not disturb ordinary classification
=== TEST-010: NFC collision, raw identity, stable sort ===
ok: TEST-010.1: two distinct raw paths differing only in NFC/NFD form are rejected fail-closed
ok: TEST-010.2: output raw_path preserves the original NFD byte sequence exactly (not the NFC comparison key)
ok: TEST-010.3: output records are sorted by a stable, ordinal sort over raw path bytes (incl. an NFD/NFC-distinguishing pair)
=== TEST-011: A1 schema-conformance fixture ===
ok: TEST-011.1: schema-conformance check reports fail-closed non-zero when the artifact is absent (behavior proof)
ok: TEST-011.2: exact schema version/types and canonical components: [] report conformant:true
ok: TEST-011.2a: wrong project-context schema version is rejected fail-closed
ok: TEST-011.2b: divergent project-context field types are rejected fail-closed
ok: TEST-011.2c: mis-cased schema-contract field name is rejected fail-closed
ok: TEST-011.3: contracts/project-context.template.yaml conforms against A1's landed contract
ok: TEST-011.4: A1's template is validated as an instance against contracts/project-context.schema.json
ok: TEST-011.5: an instance violating A1's schema (legacy 'name' key) is rejected fail-closed
ok: TEST-011.6: an absent schema artifact still FAILS closed (never a skip)
ok: TEST-011.7: ordinary resolve rejects the pre-A1 legacy name field
ok: TEST-011.8: ownership_input preserves canonical component id
=== TEST-012: EXCLUSIVE classification ===
ok: TEST-012.1: single-component match classifies EXCLUSIVE
ok: TEST-012.2: EXCLUSIVE record names the owning component
=== TEST-013/014: exclude invariant + EXCLUDED_MATCH evidence ===
ok: TEST-013.1: a path inside C's own exclude is never attributed to C, even though include also matched
ok: TEST-014.1: the UNOWNED record carries an EXCLUDED_MATCH evidence tag naming the excluding component + pattern
=== TEST-015: UNOWNED (Fail-1), ordinary case ===
ok: TEST-015.1: a path matching no component's include classifies UNOWNED
ok: TEST-015.2: an ordinary UNOWNED record (no include ever matched) carries no EXCLUDED_MATCH evidence
=== TEST-016: OVERLAP (Fail-3) ===
ok: TEST-016.1: a path matching two components' include classifies OVERLAP
ok: TEST-016.2: OVERLAP record names every residual owner
=== TEST-017: shared_paths exemption ===
ok: TEST-017.1: shared_paths precedence applies with zero matching component includes
ok: TEST-017.2: shared_paths precedence applies with one matching component include
ok: TEST-017.3: shared_paths precedence applies with two matching component includes
=== TEST-018: shared_paths shape fail-closed ===
ok: TEST-018.1: shared_paths entry with BOTH components and classification is rejected fail-closed
ok: TEST-018.2: shared_paths entry with NEITHER components nor classification is rejected fail-closed
ok: TEST-018.3: mis-cased Cross-Cutting literal is rejected fail-closed
ok: TEST-018.4: mis-cased Components field is rejected fail-closed
=== TEST-042: cross-epic inventory conformance (A1 template) ===
ok: TEST-042: A1's landed template's cross-cutting shared_paths entries match the six-entry canonical set exactly, none misclassified, and contracts/** is not among them (a bounded contracts/** entry is accepted, not required absent, per requirements.md:1046 and AC-046)
=== TEST-042-negative: inventory-conformance check catches deliberately wrong seed sets (acceptance-first RED evidence) ===
ok: TEST-042-negative.1: the check correctly rejects missing entries + wrongly-included contracts/**
ok: TEST-042-negative.2: the check correctly rejects an arbitrary extra cross-cutting entry even when all six canonical entries are present and correctly classified ('no more')
ok: TEST-042-negative.3: the check correctly rejects a canonical entry wrongly classified as bounded instead of cross-cutting ('no differently classified')
ok: TEST-042-negative.4: the check correctly rejects a case-divergent classification literal
ok: TEST-042-negative.5: the check correctly rejects entries relocated under a key other than 'shared_paths'
ok: TEST-042-negative.6: the check correctly rejects a canonical entry combining classification: cross-cutting with a block-form components: list
=== TEST-043: no-op proof for the six-entry cross-cutting set ===
ok: TEST-043.0: the no-op fixture really does declare zero component owners (components: [])
ok: TEST-043: a diff confined to the six-entry cross-cutting set, with zero declared component owners, never triggers Fail-1/UNOWNED
=== TEST-044: day-one cross-epic integration proof (A1 template) ===
ok: TEST-044: a project-context.yaml shaped like A1's own landed template does not trip Fail-1 on an ordinary day-one specs/**/reports/** change
=== Coverage: affected_components unions EXCLUSIVE + bounded-shared ===
ok: COVERAGE-AFFECTED-COMPONENTS: affected_components == ["alpha","beta"] (EXCLUSIVE-only alpha unioned with bounded-shared-only beta)
=== TEST-045: fixture-tree base shape + suite/CI registration ===
ok: TEST-045.1: base fixture tree has >=2 components with an overlapping candidate owned path
ok: TEST-045.2: base fixture tree has a nested excluded subtree
ok: TEST-045.3: base fixture tree has a bounded shared_paths entry
ok: TEST-045.4: component-path-resolver suite self-registers in tests/run-all.sh and .ps1
ok: TEST-045.5 class lock: no repo-shared file is snapshotted in this bundle (no staged file, no manifest entry)
ok: TEST-045.6: no T-001 commit appears in the live .github/workflows/test.yml touch history (commit-attribution check, fail-closed on missing pinned commits in a full-history checkout)
ok: AC-049-SELFCHECK: no T-001 commit mutated a version-carrying surface (plugin.json manifests / validate-repository.ps1) outside a scripts/bump-version.sh invocation
ok: TEST-045.7: every component-path-ownership fixture uses A1's canonical 'id' key
=== TEST-056: present-but-malformed --config fails closed (plain and --diagnose) ===
ok: TEST-056.1: present-but-malformed config (malformed-tab.yaml, plain) exits non-zero naming the parse failure
ok: TEST-056.2: present-but-malformed config (malformed-tab.yaml, --diagnose) exits non-zero naming the parse failure
ok: TEST-056.3: present-but-malformed config (malformed-nonmap.yaml, plain) exits non-zero naming the parse failure
ok: TEST-056.4: present-but-malformed config (malformed-nonmap.yaml, --diagnose) exits non-zero naming the parse failure
ok: TEST-056.5: present-but-malformed config (malformed-unclosed.yaml, plain) exits non-zero naming the parse failure
ok: TEST-056.6: present-but-malformed config (malformed-unclosed.yaml, --diagnose) exits non-zero naming the parse failure

Results: 73 passed, 0 failed.
