Command: python3 tests/resolve-project-context-block-check.py --launcher sh (resolve-project-context.py reverted to pre-T-003, commit 99b8ba76)
PASS: disabled-legacy-invocation: exit 1
PASS: disabled-legacy-invocation: canonical diagnostic only
PASS: disabled-legacy-invocation: exact Resolver Evidence
PASS: disabled-legacy-invocation: Resolver Evidence schema agreement
PASS: disabled-legacy-invocation: no partial live artifact
PASS: disabled-legacy-invocation: no step-4-or-later subprocess
PASS: workflow-combination-invalid-lite: exit 1
PASS: workflow-combination-invalid-lite: canonical diagnostic only
PASS: workflow-combination-invalid-lite: exact Resolver Evidence
PASS: workflow-combination-invalid-lite: Resolver Evidence schema agreement
PASS: workflow-combination-invalid-lite: no partial live artifact
PASS: workflow-combination-invalid-lite: no step-4-or-later subprocess
PASS: workflow-combination-invalid-full: exit 1
PASS: workflow-combination-invalid-full: canonical diagnostic only
PASS: workflow-combination-invalid-full: exact Resolver Evidence
PASS: workflow-combination-invalid-full: Resolver Evidence schema agreement
PASS: workflow-combination-invalid-full: no partial live artifact
PASS: workflow-combination-invalid-full: no step-4-or-later subprocess
PASS: project-context-validation-failed: exit 1
PASS: project-context-validation-failed: canonical diagnostic only
PASS: project-context-validation-failed: exact Resolver Evidence
PASS: project-context-validation-failed: Resolver Evidence schema agreement
PASS: project-context-validation-failed: no partial live artifact
PASS: project-context-validation-failed: no step-4-or-later subprocess
PASS: canonicalizer-invocation-failed: exit 1
PASS: canonicalizer-invocation-failed: canonical diagnostic only
PASS: canonicalizer-invocation-failed: exact Resolver Evidence
PASS: canonicalizer-invocation-failed: Resolver Evidence schema agreement
PASS: canonicalizer-invocation-failed: no partial live artifact
PASS: canonicalizer-invocation-failed: no step-4-or-later subprocess
PASS: dependency-output-malformed: exit 1
PASS: dependency-output-malformed: canonical diagnostic only
PASS: dependency-output-malformed: exact Resolver Evidence
PASS: dependency-output-malformed: Resolver Evidence schema agreement
PASS: dependency-output-malformed: no partial live artifact
PASS: dependency-output-malformed: no step-4-or-later subprocess
PASS: projection-two-components: exit 0
PASS: projection-two-components: no diagnostic on either stream
PASS: projection-two-components: step 3 second canonicalizer pass ran in JSON mode
PASS: projection-two-components: Context Projection field set is REQ-003's exact five
PASS: projection-two-components: Context Projection schema const
PASS: projection-two-components: source_sha256 binds the canonical Project Context
PASS: projection-two-components: workflow copied verbatim
PASS: projection-two-components: components re-keyed by id with id stripped
PASS: projection-two-components: shared_paths carried as-is
PASS: projection-two-components: exact Context Projection document
PASS: projection-two-components: no Resolver Evidence on the success path
PASS: projection-two-components: no partial live artifact
PASS: projection-omits-components: exit 0
PASS: projection-omits-components: no diagnostic on either stream
PASS: projection-omits-components: step 3 second canonicalizer pass ran in JSON mode
PASS: projection-omits-components: Context Projection field set is REQ-003's exact five
PASS: projection-omits-components: Context Projection schema const
PASS: projection-omits-components: source_sha256 binds the canonical Project Context
PASS: projection-omits-components: workflow copied verbatim
PASS: projection-omits-components: components re-keyed by id with id stripped
PASS: projection-omits-components: shared_paths carried as-is
PASS: projection-omits-components: exact Context Projection document
PASS: projection-canonicalizer-invocation-failed: exit 1
PASS: projection-canonicalizer-invocation-failed: canonical diagnostic only
PASS: projection-canonicalizer-invocation-failed: exact Resolver Evidence
PASS: projection-canonicalizer-invocation-failed: Resolver Evidence schema agreement
PASS: projection-canonicalizer-invocation-failed: no partial live artifact
PASS: projection-canonicalizer-invocation-failed: no step-4-or-later subprocess
PASS: projection-dependency-output-malformed: exit 1
PASS: projection-dependency-output-malformed: canonical diagnostic only
PASS: projection-dependency-output-malformed: exact Resolver Evidence
PASS: projection-dependency-output-malformed: Resolver Evidence schema agreement
PASS: projection-dependency-output-malformed: no partial live artifact
PASS: projection-dependency-output-malformed: no step-4-or-later subprocess
FAIL: affected-component-resolution-failed: exit 1: got 0
FAIL: affected-component-resolution-failed: canonical diagnostic only, no upstream stderr embedded (M8): stdout='' stderr=''
FAIL: affected-component-resolution-failed: exact Resolver Evidence: [Errno 2] No such file or directory: '/private/var/folders/7z/hjmz6jdj4wb40srf64sl368w0000gn/T/resolver-t003-4sxodoqd/specs/example-feature/resolver-evidence.yaml'
FAIL: affected-component-resolution-failed: Resolver Evidence schema agreement: evidence absent
PASS: affected-component-resolution-failed: no partial live artifact
FAIL: contract-discovery-failed: exit 1: got 0
FAIL: contract-discovery-failed: canonical diagnostic only, no upstream stderr embedded (M8): stdout='' stderr=''
FAIL: contract-discovery-failed: exact Resolver Evidence: [Errno 2] No such file or directory: '/private/var/folders/7z/hjmz6jdj4wb40srf64sl368w0000gn/T/resolver-t003-49662re1/specs/example-feature/resolver-evidence.yaml'
FAIL: contract-discovery-failed: Resolver Evidence schema agreement: evidence absent
PASS: contract-discovery-failed: no partial live artifact
FAIL: registry-validation-failed: exit 1: got 0
FAIL: registry-validation-failed: canonical diagnostic only, no upstream stderr embedded (M8): stdout='' stderr=''
FAIL: registry-validation-failed: exact Resolver Evidence: [Errno 2] No such file or directory: '/private/var/folders/7z/hjmz6jdj4wb40srf64sl368w0000gn/T/resolver-t003-owcu6dzg/specs/example-feature/resolver-evidence.yaml'
FAIL: registry-validation-failed: Resolver Evidence schema agreement: evidence absent
PASS: registry-validation-failed: no partial live artifact
FAIL: dependency-subprocess-failed: exit 1: got 0
FAIL: dependency-subprocess-failed: canonical diagnostic only, no upstream stderr embedded (M8): stdout='' stderr=''
FAIL: dependency-subprocess-failed: exact Resolver Evidence: [Errno 2] No such file or directory: '/private/var/folders/7z/hjmz6jdj4wb40srf64sl368w0000gn/T/resolver-t003-t_ebqhjd/specs/example-feature/resolver-evidence.yaml'
FAIL: dependency-subprocess-failed: Resolver Evidence schema agreement: evidence absent
PASS: dependency-subprocess-failed: no partial live artifact
FAIL: dsl-warn-unmatched-trigger: exit 1: got 0
FAIL: dsl-warn-unmatched-trigger: canonical diagnostic only, no upstream stderr embedded (M8): stdout='' stderr=''
FAIL: dsl-warn-unmatched-trigger: exact Resolver Evidence: [Errno 2] No such file or directory: '/private/var/folders/7z/hjmz6jdj4wb40srf64sl368w0000gn/T/resolver-t003-03t0393f/specs/example-feature/resolver-evidence.yaml'
FAIL: dsl-warn-unmatched-trigger: Resolver Evidence schema agreement: evidence absent
PASS: dsl-warn-unmatched-trigger: no partial live artifact
FAIL: dsl-warn-matched-nondetermining: exit 1: got 0
FAIL: dsl-warn-matched-nondetermining: canonical diagnostic only, no upstream stderr embedded (M8): stdout='' stderr=''
FAIL: dsl-warn-matched-nondetermining: exact Resolver Evidence: [Errno 2] No such file or directory: '/private/var/folders/7z/hjmz6jdj4wb40srf64sl368w0000gn/T/resolver-t003-gjpm8q_i/specs/example-feature/resolver-evidence.yaml'
FAIL: dsl-warn-matched-nondetermining: Resolver Evidence schema agreement: evidence absent
PASS: dsl-warn-matched-nondetermining: no partial live artifact
PASS: POSIX suite registered in tests/run-all.sh
PASS: PowerShell suite registered in tests/run-all.ps1
RESULT: 78 passed, 24 failed
Exit: 1
