=== bash baseline GREEN ===
ok: F1 deterministic-script-output is byte-identical across two fixed-environment invocations and canonical
ok: F1 exit-code is byte-identical across two fixed-environment invocations and canonical
ok: F1 stdout-stderr is byte-identical across two fixed-environment invocations and canonical
ok: F1 template-copy-result is byte-identical across two fixed-environment invocations and canonical
ok: F1 schema-validator-result is byte-identical across two fixed-environment invocations and canonical
ok: F1 install-result is byte-identical across two fixed-environment invocations and canonical
ok: F1 uninstall-result is byte-identical across two fixed-environment invocations and canonical
ok: F1 generated-directory-listing is byte-identical across two fixed-environment invocations and canonical
ok: F1 plugin-manifest is byte-identical across two fixed-environment invocations and canonical
ok: F2 deterministic-script-output is byte-identical across two fixed-environment invocations and canonical
ok: F2 exit-code is byte-identical across two fixed-environment invocations and canonical
ok: F2 stdout-stderr is byte-identical across two fixed-environment invocations and canonical
ok: F2 template-copy-result is byte-identical across two fixed-environment invocations and canonical
ok: F2 schema-validator-result is byte-identical across two fixed-environment invocations and canonical
ok: F2 install-result is byte-identical across two fixed-environment invocations and canonical
ok: F2 uninstall-result is byte-identical across two fixed-environment invocations and canonical
ok: F2 generated-directory-listing is byte-identical across two fixed-environment invocations and canonical
ok: F2 plugin-manifest is byte-identical across two fixed-environment invocations and canonical
ok: CLI cell none|present|LITE is byte-identical and respects flag-marker-default priority
ok: CLI cell none|absent|FULL is byte-identical and respects flag-marker-default priority
ok: CLI cell --full|present|FULL is byte-identical and respects flag-marker-default priority
ok: CLI cell --full|absent|FULL is byte-identical and respects flag-marker-default priority
ok: CLI cell --lite|present|LITE is byte-identical and respects flag-marker-default priority
ok: CLI cell --lite|absent|LITE is byte-identical and respects flag-marker-default priority
ok: negative self-check detects a one-byte mutation in the golden baseline
25 passed, 0 failed
MUTATE bash canonical deterministic-script-output by one byte
FAIL: F1 deterministic-script-output differs across invocation or canonical
ok: F1 exit-code is byte-identical across two fixed-environment invocations and canonical
ok: F1 stdout-stderr is byte-identical across two fixed-environment invocations and canonical
ok: F1 template-copy-result is byte-identical across two fixed-environment invocations and canonical
ok: F1 schema-validator-result is byte-identical across two fixed-environment invocations and canonical
ok: F1 install-result is byte-identical across two fixed-environment invocations and canonical
ok: F1 uninstall-result is byte-identical across two fixed-environment invocations and canonical
ok: F1 generated-directory-listing is byte-identical across two fixed-environment invocations and canonical
ok: F1 plugin-manifest is byte-identical across two fixed-environment invocations and canonical
FAIL: F2 deterministic-script-output differs across invocation or canonical
ok: F2 exit-code is byte-identical across two fixed-environment invocations and canonical
ok: F2 stdout-stderr is byte-identical across two fixed-environment invocations and canonical
ok: F2 template-copy-result is byte-identical across two fixed-environment invocations and canonical
ok: F2 schema-validator-result is byte-identical across two fixed-environment invocations and canonical
ok: F2 install-result is byte-identical across two fixed-environment invocations and canonical
ok: F2 uninstall-result is byte-identical across two fixed-environment invocations and canonical
ok: F2 generated-directory-listing is byte-identical across two fixed-environment invocations and canonical
ok: F2 plugin-manifest is byte-identical across two fixed-environment invocations and canonical
ok: CLI cell none|present|LITE is byte-identical and respects flag-marker-default priority
ok: CLI cell none|absent|FULL is byte-identical and respects flag-marker-default priority
ok: CLI cell --full|present|FULL is byte-identical and respects flag-marker-default priority
ok: CLI cell --full|absent|FULL is byte-identical and respects flag-marker-default priority
ok: CLI cell --lite|present|LITE is byte-identical and respects flag-marker-default priority
ok: CLI cell --lite|absent|LITE is byte-identical and respects flag-marker-default priority
ok: negative self-check detects a one-byte mutation in the golden baseline
23 passed, 2 failed
EXPECTED RED: bash one-byte-mutated golden baseline (exit 1)
RESTORE bash canonical / GREEN
ok: F1 deterministic-script-output is byte-identical across two fixed-environment invocations and canonical
ok: F1 exit-code is byte-identical across two fixed-environment invocations and canonical
ok: F1 stdout-stderr is byte-identical across two fixed-environment invocations and canonical
ok: F1 template-copy-result is byte-identical across two fixed-environment invocations and canonical
ok: F1 schema-validator-result is byte-identical across two fixed-environment invocations and canonical
ok: F1 install-result is byte-identical across two fixed-environment invocations and canonical
ok: F1 uninstall-result is byte-identical across two fixed-environment invocations and canonical
ok: F1 generated-directory-listing is byte-identical across two fixed-environment invocations and canonical
ok: F1 plugin-manifest is byte-identical across two fixed-environment invocations and canonical
ok: F2 deterministic-script-output is byte-identical across two fixed-environment invocations and canonical
ok: F2 exit-code is byte-identical across two fixed-environment invocations and canonical
ok: F2 stdout-stderr is byte-identical across two fixed-environment invocations and canonical
ok: F2 template-copy-result is byte-identical across two fixed-environment invocations and canonical
ok: F2 schema-validator-result is byte-identical across two fixed-environment invocations and canonical
ok: F2 install-result is byte-identical across two fixed-environment invocations and canonical
ok: F2 uninstall-result is byte-identical across two fixed-environment invocations and canonical
ok: F2 generated-directory-listing is byte-identical across two fixed-environment invocations and canonical
ok: F2 plugin-manifest is byte-identical across two fixed-environment invocations and canonical
ok: CLI cell none|present|LITE is byte-identical and respects flag-marker-default priority
ok: CLI cell none|absent|FULL is byte-identical and respects flag-marker-default priority
ok: CLI cell --full|present|FULL is byte-identical and respects flag-marker-default priority
ok: CLI cell --full|absent|FULL is byte-identical and respects flag-marker-default priority
ok: CLI cell --lite|present|LITE is byte-identical and respects flag-marker-default priority
ok: CLI cell --lite|absent|LITE is byte-identical and respects flag-marker-default priority
ok: negative self-check detects a one-byte mutation in the golden baseline
25 passed, 0 failed
=== pwsh baseline GREEN ===
ok: F1 deterministic-script-output is byte-identical across two fixed-environment invocations and canonical
ok: F1 exit-code is byte-identical across two fixed-environment invocations and canonical
ok: F1 stdout-stderr is byte-identical across two fixed-environment invocations and canonical
ok: F1 template-copy-result is byte-identical across two fixed-environment invocations and canonical
ok: F1 schema-validator-result is byte-identical across two fixed-environment invocations and canonical
ok: F1 install-result is byte-identical across two fixed-environment invocations and canonical
ok: F1 uninstall-result is byte-identical across two fixed-environment invocations and canonical
ok: F1 generated-directory-listing is byte-identical across two fixed-environment invocations and canonical
ok: F1 plugin-manifest is byte-identical across two fixed-environment invocations and canonical
ok: F2 deterministic-script-output is byte-identical across two fixed-environment invocations and canonical
ok: F2 exit-code is byte-identical across two fixed-environment invocations and canonical
ok: F2 stdout-stderr is byte-identical across two fixed-environment invocations and canonical
ok: F2 template-copy-result is byte-identical across two fixed-environment invocations and canonical
ok: F2 schema-validator-result is byte-identical across two fixed-environment invocations and canonical
ok: F2 install-result is byte-identical across two fixed-environment invocations and canonical
ok: F2 uninstall-result is byte-identical across two fixed-environment invocations and canonical
ok: F2 generated-directory-listing is byte-identical across two fixed-environment invocations and canonical
ok: F2 plugin-manifest is byte-identical across two fixed-environment invocations and canonical
ok: CLI cell none|present|LITE is byte-identical and respects flag-marker-default priority
ok: CLI cell none|absent|FULL is byte-identical and respects flag-marker-default priority
ok: CLI cell --full|present|FULL is byte-identical and respects flag-marker-default priority
ok: CLI cell --full|absent|FULL is byte-identical and respects flag-marker-default priority
ok: CLI cell --lite|present|LITE is byte-identical and respects flag-marker-default priority
ok: CLI cell --lite|absent|LITE is byte-identical and respects flag-marker-default priority
ok: negative self-check detects a one-byte mutation in the golden baseline
25 passed, 0 failed
MUTATE pwsh canonical deterministic-script-output by one byte
FAIL: F1 deterministic-script-output differs across invocation or canonical
ok: F1 exit-code is byte-identical across two fixed-environment invocations and canonical
ok: F1 stdout-stderr is byte-identical across two fixed-environment invocations and canonical
ok: F1 template-copy-result is byte-identical across two fixed-environment invocations and canonical
ok: F1 schema-validator-result is byte-identical across two fixed-environment invocations and canonical
ok: F1 install-result is byte-identical across two fixed-environment invocations and canonical
ok: F1 uninstall-result is byte-identical across two fixed-environment invocations and canonical
ok: F1 generated-directory-listing is byte-identical across two fixed-environment invocations and canonical
ok: F1 plugin-manifest is byte-identical across two fixed-environment invocations and canonical
FAIL: F2 deterministic-script-output differs across invocation or canonical
ok: F2 exit-code is byte-identical across two fixed-environment invocations and canonical
ok: F2 stdout-stderr is byte-identical across two fixed-environment invocations and canonical
ok: F2 template-copy-result is byte-identical across two fixed-environment invocations and canonical
ok: F2 schema-validator-result is byte-identical across two fixed-environment invocations and canonical
ok: F2 install-result is byte-identical across two fixed-environment invocations and canonical
ok: F2 uninstall-result is byte-identical across two fixed-environment invocations and canonical
ok: F2 generated-directory-listing is byte-identical across two fixed-environment invocations and canonical
ok: F2 plugin-manifest is byte-identical across two fixed-environment invocations and canonical
ok: CLI cell none|present|LITE is byte-identical and respects flag-marker-default priority
ok: CLI cell none|absent|FULL is byte-identical and respects flag-marker-default priority
ok: CLI cell --full|present|FULL is byte-identical and respects flag-marker-default priority
ok: CLI cell --full|absent|FULL is byte-identical and respects flag-marker-default priority
ok: CLI cell --lite|present|LITE is byte-identical and respects flag-marker-default priority
ok: CLI cell --lite|absent|LITE is byte-identical and respects flag-marker-default priority
ok: negative self-check detects a one-byte mutation in the golden baseline
23 passed, 2 failed
EXPECTED RED: pwsh one-byte-mutated golden baseline (exit 1)
RESTORE pwsh canonical / GREEN
ok: F1 deterministic-script-output is byte-identical across two fixed-environment invocations and canonical
ok: F1 exit-code is byte-identical across two fixed-environment invocations and canonical
ok: F1 stdout-stderr is byte-identical across two fixed-environment invocations and canonical
ok: F1 template-copy-result is byte-identical across two fixed-environment invocations and canonical
ok: F1 schema-validator-result is byte-identical across two fixed-environment invocations and canonical
ok: F1 install-result is byte-identical across two fixed-environment invocations and canonical
ok: F1 uninstall-result is byte-identical across two fixed-environment invocations and canonical
ok: F1 generated-directory-listing is byte-identical across two fixed-environment invocations and canonical
ok: F1 plugin-manifest is byte-identical across two fixed-environment invocations and canonical
ok: F2 deterministic-script-output is byte-identical across two fixed-environment invocations and canonical
ok: F2 exit-code is byte-identical across two fixed-environment invocations and canonical
ok: F2 stdout-stderr is byte-identical across two fixed-environment invocations and canonical
ok: F2 template-copy-result is byte-identical across two fixed-environment invocations and canonical
ok: F2 schema-validator-result is byte-identical across two fixed-environment invocations and canonical
ok: F2 install-result is byte-identical across two fixed-environment invocations and canonical
ok: F2 uninstall-result is byte-identical across two fixed-environment invocations and canonical
ok: F2 generated-directory-listing is byte-identical across two fixed-environment invocations and canonical
ok: F2 plugin-manifest is byte-identical across two fixed-environment invocations and canonical
ok: CLI cell none|present|LITE is byte-identical and respects flag-marker-default priority
ok: CLI cell none|absent|FULL is byte-identical and respects flag-marker-default priority
ok: CLI cell --full|present|FULL is byte-identical and respects flag-marker-default priority
ok: CLI cell --full|absent|FULL is byte-identical and respects flag-marker-default priority
ok: CLI cell --lite|present|LITE is byte-identical and respects flag-marker-default priority
ok: CLI cell --lite|absent|LITE is byte-identical and respects flag-marker-default priority
ok: negative self-check detects a one-byte mutation in the golden baseline
25 passed, 0 failed
baseline mutation proof complete
