ok: A1 compatibility suite twins exist
ok: A2 Bash suite sources the fixture builder and names F1/F2
ok: A2 PowerShell suite dot-sources the fixture builder and names F1/F2
ok: A3 Bash suite asserts all nine canonical targets
ok: A3 PowerShell suite asserts all nine canonical targets
ok: A4 Bash suite carries all six CLI cells and reads both live contracts
ok: A4 PowerShell suite carries all six CLI cells and reads both live contracts
ok: A5 Bash suite includes a one-byte negative self-check
ok: A5 PowerShell suite includes a one-byte negative self-check
ok: A6 tests/install.tests.sh has the T-003 context-presence invariant
ok: A6 tests/install.tests.ps1 has the T-003 context-presence invariant
ok: A6 tests/uninstall.tests.sh has the T-003 context-presence invariant
ok: A6 tests/uninstall.tests.ps1 has the T-003 context-presence invariant
ok: A7 Bash aggregate runner directly registers the suite
ok: A7 PowerShell aggregate runner directly registers the suite
ok: A8 generated-directory-listing capture_format matches the frozen inventory
ok: F1 deterministic-script-output is byte-identical across two fixed-environment invocations and canonical
ok: F1 exit-code is byte-identical across two fixed-environment invocations and canonical
ok: F1 stdout-stderr is byte-identical across two fixed-environment invocations and canonical
ok: F1 template-copy-result is byte-identical across two fixed-environment invocations and canonical
ok: F1 schema-validator-result is byte-identical across two fixed-environment invocations and canonical
ok: F1 install-result is byte-identical across two fixed-environment invocations and canonical
ok: F1 uninstall-result is byte-identical across two fixed-environment invocations and canonical
ok: F1 generated-directory-listing is byte-identical across two fixed-environment invocations and canonical
ok: F1 plugin-manifest is byte-identical across two fixed-environment invocations and canonical
ok: F2 deterministic-script-output is byte-identical across two fixed-environment invocations and canonical
ok: F2 exit-code is byte-identical across two fixed-environment invocations and canonical
ok: F2 stdout-stderr is byte-identical across two fixed-environment invocations and canonical
ok: F2 template-copy-result is byte-identical across two fixed-environment invocations and canonical
ok: F2 schema-validator-result is byte-identical across two fixed-environment invocations and canonical
ok: F2 install-result is byte-identical across two fixed-environment invocations and canonical
ok: F2 uninstall-result is byte-identical across two fixed-environment invocations and canonical
ok: F2 generated-directory-listing is byte-identical across two fixed-environment invocations and canonical
ok: F2 plugin-manifest is byte-identical across two fixed-environment invocations and canonical
ok: CLI cell none|present resolves identically from both live product contracts
ok: CLI cell none|absent resolves identically from both live product contracts
ok: CLI cell --full|present resolves identically from both live product contracts
ok: CLI cell --full|absent resolves identically from both live product contracts
ok: CLI cell --lite|present resolves identically from both live product contracts
ok: CLI cell --lite|absent resolves identically from both live product contracts
ok: negative self-check: canonical target bytes match the manifest sha256
25 passed, 0 failed
ok: A9 Bash compatibility suite is GREEN
ok: F1 deterministic-script-output is byte-identical across two fixed-environment invocations and canonical
ok: F1 exit-code is byte-identical across two fixed-environment invocations and canonical
ok: F1 stdout-stderr is byte-identical across two fixed-environment invocations and canonical
ok: F1 template-copy-result is byte-identical across two fixed-environment invocations and canonical
ok: F1 schema-validator-result is byte-identical across two fixed-environment invocations and canonical
ok: F1 install-result is byte-identical across two fixed-environment invocations and canonical
ok: F1 uninstall-result is byte-identical across two fixed-environment invocations and canonical
ok: F1 generated-directory-listing is byte-identical across two fixed-environment invocations and canonical
ok: F1 plugin-manifest is byte-identical across two fixed-environment invocations and canonical
ok: F2 deterministic-script-output is byte-identical across two fixed-environment invocations and canonical
ok: F2 exit-code is byte-identical across two fixed-environment invocations and canonical
ok: F2 stdout-stderr is byte-identical across two fixed-environment invocations and canonical
ok: F2 template-copy-result is byte-identical across two fixed-environment invocations and canonical
ok: F2 schema-validator-result is byte-identical across two fixed-environment invocations and canonical
ok: F2 install-result is byte-identical across two fixed-environment invocations and canonical
ok: F2 uninstall-result is byte-identical across two fixed-environment invocations and canonical
ok: F2 generated-directory-listing is byte-identical across two fixed-environment invocations and canonical
ok: F2 plugin-manifest is byte-identical across two fixed-environment invocations and canonical
ok: CLI cell none|present resolves identically from both live product contracts
ok: CLI cell none|absent resolves identically from both live product contracts
ok: CLI cell --full|present resolves identically from both live product contracts
ok: CLI cell --full|absent resolves identically from both live product contracts
ok: CLI cell --lite|present resolves identically from both live product contracts
ok: CLI cell --lite|absent resolves identically from both live product contracts
ok: negative self-check: canonical target bytes match the manifest sha256
25 passed, 0 failed
ok: A9 PowerShell compatibility suite is GREEN
18 passed, 0 failed
