ok: F1 deterministic-script-output is byte-identical across two fixed-environment invocations and canonical
ok: F1 exit-code is byte-identical across two fixed-environment invocations and canonical
ok: F1 stdout-stderr is byte-identical across two fixed-environment invocations and canonical
ok: F1 template-copy-result is byte-identical across two fixed-environment invocations and canonical
ok: F1 schema-validator-result is byte-identical across two fixed-environment invocations and canonical
ok: F1 install-result is byte-identical across two fixed-environment invocations and canonical
ok: F1 uninstall-result is byte-identical across two fixed-environment invocations and canonical
ok: F1 generated-directory-listing is byte-identical across two fixed-environment invocations and canonical
ok: F1 plugin-manifest is byte-identical across two fixed-environment invocations and canonical
ok: F2 deterministic-script-output is byte-identical across two fixed-environment invocations and canonical
ok: F2 exit-code is byte-identical across two fixed-environment invocations and canonical
ok: F2 stdout-stderr is byte-identical across two fixed-environment invocations and canonical
ok: F2 template-copy-result is byte-identical across two fixed-environment invocations and canonical
ok: F2 schema-validator-result is byte-identical across two fixed-environment invocations and canonical
ok: F2 install-result is byte-identical across two fixed-environment invocations and canonical
ok: F2 uninstall-result is byte-identical across two fixed-environment invocations and canonical
ok: F2 generated-directory-listing is byte-identical across two fixed-environment invocations and canonical
ok: F2 plugin-manifest is byte-identical across two fixed-environment invocations and canonical
ok: CLI cell none|present resolves identically from both live product contracts
ok: CLI cell none|absent resolves identically from both live product contracts
ok: CLI cell --full|present resolves identically from both live product contracts
ok: CLI cell --full|absent resolves identically from both live product contracts
ok: CLI cell --lite|present resolves identically from both live product contracts
ok: CLI cell --lite|absent resolves identically from both live product contracts
ok: negative self-check: canonical target bytes match the manifest sha256
25 passed, 0 failed
