# runner: pwsh
PASS: disabled-legacy-invocation: exit 1
PASS: disabled-legacy-invocation: canonical diagnostic only
PASS: disabled-legacy-invocation: exact Resolver Evidence
PASS: disabled-legacy-invocation: Resolver Evidence schema agreement
PASS: disabled-legacy-invocation: no partial live artifact
PASS: disabled-legacy-invocation: no step-4-or-later subprocess
PASS: workflow-combination-invalid-lite: exit 1
PASS: workflow-combination-invalid-lite: canonical diagnostic only
PASS: workflow-combination-invalid-lite: exact Resolver Evidence
PASS: workflow-combination-invalid-lite: Resolver Evidence schema agreement
PASS: workflow-combination-invalid-lite: no partial live artifact
PASS: workflow-combination-invalid-lite: no step-4-or-later subprocess
PASS: workflow-combination-invalid-full: exit 1
PASS: workflow-combination-invalid-full: canonical diagnostic only
PASS: workflow-combination-invalid-full: exact Resolver Evidence
PASS: workflow-combination-invalid-full: Resolver Evidence schema agreement
PASS: workflow-combination-invalid-full: no partial live artifact
PASS: workflow-combination-invalid-full: no step-4-or-later subprocess
PASS: project-context-validation-failed: exit 1
PASS: project-context-validation-failed: canonical diagnostic only
PASS: project-context-validation-failed: exact Resolver Evidence
PASS: project-context-validation-failed: Resolver Evidence schema agreement
PASS: project-context-validation-failed: no partial live artifact
PASS: project-context-validation-failed: no step-4-or-later subprocess
PASS: canonicalizer-invocation-failed: exit 1
PASS: canonicalizer-invocation-failed: canonical diagnostic only
PASS: canonicalizer-invocation-failed: exact Resolver Evidence
PASS: canonicalizer-invocation-failed: Resolver Evidence schema agreement
PASS: canonicalizer-invocation-failed: no partial live artifact
PASS: canonicalizer-invocation-failed: no step-4-or-later subprocess
PASS: dependency-output-malformed: exit 1
PASS: dependency-output-malformed: canonical diagnostic only
PASS: dependency-output-malformed: exact Resolver Evidence
PASS: dependency-output-malformed: Resolver Evidence schema agreement
PASS: dependency-output-malformed: no partial live artifact
PASS: dependency-output-malformed: no step-4-or-later subprocess
PASS: projection-two-components: exit 0
PASS: projection-two-components: no diagnostic on either stream
PASS: projection-two-components: step 3 second canonicalizer pass ran in JSON mode
PASS: projection-two-components: Context Projection field set is REQ-003's exact five
PASS: projection-two-components: Context Projection schema const
PASS: projection-two-components: source_sha256 binds the canonical Project Context
PASS: projection-two-components: workflow copied verbatim
PASS: projection-two-components: components re-keyed by id with id stripped
PASS: projection-two-components: shared_paths carried as-is
PASS: projection-two-components: exact Context Projection document
PASS: projection-two-components: the Full-track clean resolve published its whole track-exclusive output set through step 14's own transaction
PASS: projection-two-components: no capability-summary.yaml on a Full-track resolve (B4)
PASS: projection-two-components: Complete left no journal or staging litter
PASS: projection-omits-components: exit 0
PASS: projection-omits-components: no diagnostic on either stream
PASS: projection-omits-components: step 3 second canonicalizer pass ran in JSON mode
PASS: projection-omits-components: Context Projection field set is REQ-003's exact five
PASS: projection-omits-components: Context Projection schema const
PASS: projection-omits-components: source_sha256 binds the canonical Project Context
PASS: projection-omits-components: workflow copied verbatim
PASS: projection-omits-components: components re-keyed by id with id stripped
PASS: projection-omits-components: shared_paths carried as-is
PASS: projection-omits-components: exact Context Projection document
PASS: projection-canonicalizer-invocation-failed: exit 1
PASS: projection-canonicalizer-invocation-failed: canonical diagnostic only
PASS: projection-canonicalizer-invocation-failed: exact Resolver Evidence
PASS: projection-canonicalizer-invocation-failed: Resolver Evidence schema agreement
PASS: projection-canonicalizer-invocation-failed: no partial live artifact
PASS: projection-canonicalizer-invocation-failed: no step-4-or-later subprocess
PASS: projection-dependency-output-malformed: exit 1
PASS: projection-dependency-output-malformed: canonical diagnostic only
PASS: projection-dependency-output-malformed: exact Resolver Evidence
PASS: projection-dependency-output-malformed: Resolver Evidence schema agreement
PASS: projection-dependency-output-malformed: no partial live artifact
PASS: projection-dependency-output-malformed: no step-4-or-later subprocess
PASS: projection-output-not-object: exit 1
PASS: projection-output-not-object: canonical diagnostic only
PASS: projection-output-not-object: exact Resolver Evidence
PASS: projection-output-not-object: Resolver Evidence schema agreement
PASS: projection-output-not-object: no partial live artifact
PASS: projection-output-not-object: no step-4-or-later subprocess
PASS: projection-components-not-object: exit 1
PASS: projection-components-not-object: canonical diagnostic only
PASS: projection-components-not-object: exact Resolver Evidence
PASS: projection-components-not-object: Resolver Evidence schema agreement
PASS: projection-components-not-object: no partial live artifact
PASS: projection-components-not-object: no step-4-or-later subprocess
PASS: affected-component-resolution-failed: exit 1
PASS: affected-component-resolution-failed: canonical diagnostic line present and last on stderr (B5)
PASS: affected-component-resolution-failed: dependency stderr re-emitted verbatim before the canonical line (B5, REQ-005)
PASS: affected-component-resolution-failed: exact Resolver Evidence
PASS: affected-component-resolution-failed: Resolver Evidence schema agreement
PASS: affected-component-resolution-failed: no partial live artifact
PASS: resolve-component-paths-launch-failed: exit 1
PASS: resolve-component-paths-launch-failed: canonical diagnostic line present and last on stderr (B5)
PASS: resolve-component-paths-launch-failed: exact Resolver Evidence
PASS: resolve-component-paths-launch-failed: Resolver Evidence schema agreement
PASS: resolve-component-paths-launch-failed: no partial live artifact
PASS: contract-discovery-failed: exit 1
PASS: contract-discovery-failed: canonical diagnostic line present and last on stderr (B5)
PASS: contract-discovery-failed: exact Resolver Evidence
PASS: contract-discovery-failed: Resolver Evidence schema agreement
PASS: contract-discovery-failed: no partial live artifact
PASS: registry-discovery-unimportable: exit 1
PASS: registry-discovery-unimportable: canonical diagnostic line present and last on stderr (B5)
PASS: registry-discovery-unimportable: exact Resolver Evidence
PASS: registry-discovery-unimportable: Resolver Evidence schema agreement
PASS: registry-discovery-unimportable: no partial live artifact
PASS: registry-validation-failed: exit 1
PASS: registry-validation-failed: canonical diagnostic line present and last on stderr (B5)
PASS: registry-validation-failed: exact Resolver Evidence
PASS: registry-validation-failed: Resolver Evidence schema agreement
PASS: registry-validation-failed: no partial live artifact
PASS: validate-capability-registry-launch-failed: exit 1
PASS: validate-capability-registry-launch-failed: canonical diagnostic line present and last on stderr (B5)
PASS: validate-capability-registry-launch-failed: exact Resolver Evidence
PASS: validate-capability-registry-launch-failed: Resolver Evidence schema agreement
PASS: validate-capability-registry-launch-failed: no partial live artifact
PASS: dependency-subprocess-failed: exit 1
PASS: dependency-subprocess-failed: canonical diagnostic line present and last on stderr (B5)
PASS: dependency-subprocess-failed: dependency stderr re-emitted verbatim before the canonical line (B5, REQ-005)
PASS: dependency-subprocess-failed: exact Resolver Evidence
PASS: dependency-subprocess-failed: Resolver Evidence schema agreement
PASS: dependency-subprocess-failed: no partial live artifact
PASS: affected-component-duplicate-ids: exit 1
PASS: affected-component-duplicate-ids: canonical diagnostic line present and last on stderr (B5)
PASS: affected-component-duplicate-ids: exact Resolver Evidence
PASS: affected-component-duplicate-ids: Resolver Evidence schema agreement
PASS: affected-component-duplicate-ids: no partial live artifact
PASS: resolve-component-paths-binding-not-object: exit 1
PASS: resolve-component-paths-binding-not-object: canonical diagnostic line present and last on stderr (B5)
PASS: resolve-component-paths-binding-not-object: exact Resolver Evidence
PASS: resolve-component-paths-binding-not-object: Resolver Evidence schema agreement
PASS: resolve-component-paths-binding-not-object: no partial live artifact
PASS: evaluate-predicate-output-malformed: exit 1
PASS: evaluate-predicate-output-malformed: canonical diagnostic line present and last on stderr (B5)
PASS: evaluate-predicate-output-malformed: exact Resolver Evidence
PASS: evaluate-predicate-output-malformed: Resolver Evidence schema agreement
PASS: evaluate-predicate-output-malformed: no partial live artifact
PASS: evaluate-predicate-output-malformed-nested: exit 1
PASS: evaluate-predicate-output-malformed-nested: canonical diagnostic line present and last on stderr (B5)
PASS: evaluate-predicate-output-malformed-nested: exact Resolver Evidence
PASS: evaluate-predicate-output-malformed-nested: Resolver Evidence schema agreement
PASS: evaluate-predicate-output-malformed-nested: no partial live artifact
PASS: evaluate-predicate-output-malformed-unhashable: exit 1
PASS: evaluate-predicate-output-malformed-unhashable: canonical diagnostic line present and last on stderr (B5)
PASS: evaluate-predicate-output-malformed-unhashable: exact Resolver Evidence
PASS: evaluate-predicate-output-malformed-unhashable: Resolver Evidence schema agreement
PASS: evaluate-predicate-output-malformed-unhashable: no partial live artifact
PASS: evaluate-predicate-schema-error: exit 1
PASS: evaluate-predicate-schema-error: canonical diagnostic line present and last on stderr (B5)
PASS: evaluate-predicate-schema-error: exact Resolver Evidence
PASS: evaluate-predicate-schema-error: Resolver Evidence schema agreement
PASS: evaluate-predicate-schema-error: no partial live artifact
PASS: evaluate-predicate-failure-after-warn: exit 1
PASS: evaluate-predicate-failure-after-warn: canonical diagnostic line present and last on stderr (B5)
PASS: evaluate-predicate-failure-after-warn: dependency stderr re-emitted verbatim before the canonical line (B5, REQ-005)
PASS: evaluate-predicate-failure-after-warn: exact Resolver Evidence
PASS: evaluate-predicate-failure-after-warn: Resolver Evidence schema agreement
PASS: evaluate-predicate-failure-after-warn: no partial live artifact
PASS: dsl-warn-unmatched-trigger: exit 1
PASS: dsl-warn-unmatched-trigger: canonical diagnostic line present and last on stderr (B5)
PASS: dsl-warn-unmatched-trigger: exact Resolver Evidence
PASS: dsl-warn-unmatched-trigger: Resolver Evidence schema agreement
PASS: dsl-warn-unmatched-trigger: no partial live artifact
PASS: dsl-warn-matched-nondetermining: exit 1
PASS: dsl-warn-matched-nondetermining: canonical diagnostic line present and last on stderr (B5)
PASS: dsl-warn-matched-nondetermining: exact Resolver Evidence
PASS: dsl-warn-matched-nondetermining: Resolver Evidence schema agreement
PASS: dsl-warn-matched-nondetermining: no partial live artifact
PASS: dsl-warn-unsorted-affected-components: exit 1
PASS: dsl-warn-unsorted-affected-components: canonical diagnostic line present and last on stderr (B5)
PASS: dsl-warn-unsorted-affected-components: exact Resolver Evidence
PASS: dsl-warn-unsorted-affected-components: Resolver Evidence schema agreement
PASS: dsl-warn-unsorted-affected-components: no partial live artifact
PASS: dsl-warn-unsorted-affected-components: resolve-component-paths invoked with --include-untracked forwarded verbatim, in its own CLI-contract position (immediately before --json, design.md API/Contract Plan step 4 order), when this invocation's own resolver CLI call supplies it -- the SUPPLIED half of AC-004's pass-through claim, now covered by T-003's own suite (previously only T-005's resolve-project-context-match-check.py)
PASS: registry-swapped-during-validation: exit 1
PASS: registry-swapped-during-validation: canonical diagnostic line present and last on stderr (B5)
PASS: registry-swapped-during-validation: exact Resolver Evidence
PASS: registry-swapped-during-validation: Resolver Evidence schema agreement
PASS: registry-swapped-during-validation: no partial live artifact
PASS: affected-component-absent-from-context: exit 1
PASS: affected-component-absent-from-context: canonical diagnostic line present and last on stderr (B5)
PASS: affected-component-absent-from-context: exact Resolver Evidence
PASS: affected-component-absent-from-context: Resolver Evidence schema agreement
PASS: affected-component-absent-from-context: no partial live artifact
PASS: registry-discovery-syntax-error: exit 1
PASS: registry-discovery-syntax-error: canonical diagnostic line present and last on stderr (B5)
PASS: registry-discovery-syntax-error: exact Resolver Evidence
PASS: registry-discovery-syntax-error: Resolver Evidence schema agreement
PASS: registry-discovery-syntax-error: no partial live artifact
PASS: lite-check-source-undefined: exit 1
PASS: lite-check-source-undefined: canonical diagnostic line present and last on stderr (B5)
PASS: lite-check-source-undefined: exact Resolver Evidence
PASS: lite-check-source-undefined: Resolver Evidence schema agreement
PASS: lite-check-source-undefined: no partial live artifact
PASS: output-schema-validation-failed-evidence: exit 1
PASS: output-schema-validation-failed-evidence: canonical diagnostic line present and last on stderr (B5)
PASS: output-schema-validation-failed-evidence: no Resolver Evidence written (B3)
PASS: output-schema-validation-failed-evidence: no partial live artifact
PASS: output-schema-validation-failed-artifact: exit 1
PASS: output-schema-validation-failed-artifact: canonical diagnostic line present and last on stderr (B5)
PASS: output-schema-validation-failed-artifact: exact Resolver Evidence
PASS: output-schema-validation-failed-artifact: Resolver Evidence schema agreement
PASS: output-schema-validation-failed-artifact: no partial live artifact
PASS: output-schema-validation-failed-facet-manifest: exit 1
PASS: output-schema-validation-failed-facet-manifest: canonical diagnostic line present and last on stderr (B5)
PASS: output-schema-validation-failed-facet-manifest: exact Resolver Evidence
PASS: output-schema-validation-failed-facet-manifest: Resolver Evidence schema agreement
PASS: output-schema-validation-failed-facet-manifest: no partial live artifact
PASS: snapshot-generation-mismatch: exit 1
PASS: snapshot-generation-mismatch: canonical diagnostic line present and last on stderr (B5)
PASS: snapshot-generation-mismatch: exact Resolver Evidence
PASS: snapshot-generation-mismatch: Resolver Evidence schema agreement
PASS: snapshot-generation-mismatch: no partial live artifact
PASS: contract-discovery-failed-governing-schema: exit 1
PASS: contract-discovery-failed-governing-schema: canonical diagnostic line present and last on stderr (B5)
PASS: contract-discovery-failed-governing-schema: exact Resolver Evidence
PASS: contract-discovery-failed-governing-schema: Resolver Evidence schema agreement
PASS: contract-discovery-failed-governing-schema: no partial live artifact
PASS: contract-discovery-failed-governing-schema-wrong-version: exit 1
PASS: contract-discovery-failed-governing-schema-wrong-version: canonical diagnostic line present and last on stderr (B5)
PASS: contract-discovery-failed-governing-schema-wrong-version: exact Resolver Evidence
PASS: contract-discovery-failed-governing-schema-wrong-version: Resolver Evidence schema agreement
PASS: contract-discovery-failed-governing-schema-wrong-version: no partial live artifact
PASS: contract-discovery-failed-governing-schema-malformed: exit 1
PASS: contract-discovery-failed-governing-schema-malformed: canonical diagnostic line present and last on stderr (B5)
PASS: contract-discovery-failed-governing-schema-malformed: exact Resolver Evidence
PASS: contract-discovery-failed-governing-schema-malformed: Resolver Evidence schema agreement
PASS: contract-discovery-failed-governing-schema-malformed: no partial live artifact
PASS: contract-discovery-failed-governing-schema-invalid-utf8: exit 1
PASS: contract-discovery-failed-governing-schema-invalid-utf8: canonical diagnostic line present and last on stderr (B5)
PASS: contract-discovery-failed-governing-schema-invalid-utf8: exact Resolver Evidence
PASS: contract-discovery-failed-governing-schema-invalid-utf8: Resolver Evidence schema agreement
PASS: contract-discovery-failed-governing-schema-invalid-utf8: no partial live artifact
PASS: contract-discovery-failed-governing-schema-malformed-ref: exit 1
PASS: contract-discovery-failed-governing-schema-malformed-ref: canonical diagnostic line present and last on stderr (B5)
PASS: contract-discovery-failed-governing-schema-malformed-ref: exact Resolver Evidence
PASS: contract-discovery-failed-governing-schema-malformed-ref: Resolver Evidence schema agreement
PASS: contract-discovery-failed-governing-schema-malformed-ref: no partial live artifact
PASS: recheck-dependency-failed: exit 1
PASS: recheck-dependency-failed: canonical diagnostic line present and last on stderr (B5)
PASS: recheck-dependency-failed: dependency stderr re-emitted verbatim before the canonical line (B5, REQ-005)
PASS: recheck-dependency-failed: exact Resolver Evidence
PASS: recheck-dependency-failed: Resolver Evidence schema agreement
PASS: recheck-dependency-failed: no partial live artifact
PASS: clean-full-track-publication: exit 0 with no diagnostic of any kind (AC-010's own negative fixture)
PASS: clean-full-track-publication: exact published Facet Manifest at its live path
PASS: clean-full-track-publication: exact published Context Projection bytes at its live path (Full track only)
PASS: clean-full-track-publication: exact published Resolver Evidence, diagnostics[] empty (AC-010 negative)
PASS: clean-full-track-publication: Resolver Evidence schema agreement
PASS: clean-full-track-publication: no capability-summary.yaml on a Full-track resolve (B4 track-exclusive set)
PASS: clean-full-track-publication: Complete deletes the journal and leaves no staging litter
PASS: publication-journal-recovery-crash: the kill hook genuinely killed the first invocation mid-commit (never an ordinary Block exit)
PASS: publication-journal-recovery-crash: the crash left exactly one in-progress transaction journal standing
PASS: publication-journal-recovery-crash: the crash left an observable MIXED generation (target 1 advanced, target 2 did not) -- the exact partial-publish state the scan must never leave standing
PASS: publication-journal-recovery-crash: the recovering invocation proceeded past step 0 into its own separate resolve (reaching step 4), rather than Blocking on the stale journal
PASS: publication-journal-recovery-crash: the already-committed target was RESTORED to its own PRE-transaction bytes from the journal's own pre/ backup -- never `unlink`ed (B1's own destroyed-bytes gap)
PASS: publication-journal-recovery-crash: every not-yet-renamed target is still at its own PRE bytes (no mixed generation)
PASS: publication-journal-recovery-crash: the converged journal and its pre/ backups are deleted once recovery completes
PASS: publication-journal-recovery-crash: the recovering invocation's own separate Block is what Resolver Evidence records
PASS: publication-journal-recovery: the kill hook genuinely killed the first invocation mid-commit (never an ordinary Block exit)
PASS: publication-journal-recovery: the crash left exactly one in-progress transaction journal standing
PASS: publication-journal-recovery: the crash left an observable MIXED generation (target 1 advanced, target 2 did not) -- the exact partial-publish state the scan must never leave standing
PASS: publication-journal-recovery: Prepare captured a byte-exact pre-image backup for the target that had live content
PASS: publication-journal-recovery: exit 1
PASS: publication-journal-recovery: canonical diagnostic only (AC-014)
PASS: publication-journal-recovery: no Registry/ownership work began (step-4-or-later spy never fired)
PASS: publication-journal-recovery: the unrecoverable journal and its backups are RETAINED for manual operator intervention
PASS: publication-journal-recovery: the live state is left exactly as found -- no partial recovery attempted
PASS: publication-journal-recovery: exact Resolver Evidence -- and no `state` key, since the scan Blocks before the Project Context is ever read (AC-012)
PASS: publication-journal-recovery: Resolver Evidence schema agreement
PASS: artifact-publication-failed: exit 1
PASS: artifact-publication-failed: canonical diagnostic whose own detail records the journal-based rollback attempt (AC-039)
PASS: artifact-publication-failed: the already-completed sibling rename was rolled back to its own PRE-transaction live bytes via the journal -- never a bare `unlink` (AC-039, B1's own destroyed-bytes gap)
PASS: artifact-publication-failed: no live artifact this invocation had not already committed to survives partially written (AC-011/TEST-038)
PASS: artifact-publication-failed: a fully-successful in-process rollback deletes the journal it converged
PASS: artifact-publication-failed[prepare-phase]: a Prepare-phase failure Blocks artifact-publication-failed and records that no rename had been committed (AC-039's own no-rollback-required variant)
PASS: artifact-publication-failed[prepare-phase]: a Prepare/Journal-phase failure leaves NO orphaned staging directory -- a journal-less nonce directory is invisible to every later crash-recovery scan
PASS: artifact-publication-failed[prepare-phase]: nothing reached a live path (TEST-038)
PASS: artifact-publication-failed: exact Resolver Evidence (AC-012)
PASS: artifact-publication-failed: Resolver Evidence schema agreement
PASS: post-publication-generation-mismatch: exit 1
PASS: post-publication-generation-mismatch: canonical diagnostic only (AC-014)
PASS: post-publication-generation-mismatch: the Block fires only AFTER every rename in the transaction has already, briefly, succeeded -- all three targets observed live from inside the verification window (AC-049(a))
PASS: post-publication-generation-mismatch: every one of those just-completed renames is rolled back to its own PRE-transaction state via the journal before this invocation exits -- restored bytes, never a bare `unlink` (AC-049(b)(c), AC-011)
PASS: post-publication-generation-mismatch: the journal is deleted once every target is confirmed back at PRE
PASS: post-publication-generation-mismatch: exact Resolver Evidence (AC-012)
PASS: post-publication-generation-mismatch: Resolver Evidence schema agreement
PASS: post-publication-generation-mismatch[leaf-symlinked]: precondition -- the publication target is a symlink to an in-tree sibling carrying the PRE bytes
PASS: post-publication-generation-mismatch[leaf-symlinked]: the leaf symlink does NOT make the publish refuse -- the run reaches the same post-publication Block, with the same rollback clause, as the non-symlinked fixture (ruling (b))
PASS: post-publication-generation-mismatch[leaf-symlinked]: after rollback the target is ABSENT -- ruling (A) makes a symlinked target's PRE state ABSENT (the referent's bytes are not this artifact's own content and are never read), so the rollback restores ABSENT by unlinking rather than putting the link back
PASS: post-publication-generation-mismatch[leaf-symlinked]: the symlink's referent is byte-untouched -- nothing was written THROUGH the symlink, and under ruling (A) nothing was READ through it either
PASS: post-publication-generation-mismatch[leaf-symlinked]: the referent's bytes were never captured anywhere -- no PRE-image backup holds them, which is what ruling (A) closes and what a repository-containment check alone would have missed for an in-tree referent like this one
PASS: post-publication-generation-mismatch[leaf-symlinked]: the journal is deleted once the Block record is durable, and no staging litter survives
PASS: post-publication-generation-mismatch[leaf-symlink-escapes-repo]: precondition -- the publication target is a symlink whose referent lives OUTSIDE the repository and holds bytes the Resolver must never read
PASS: post-publication-generation-mismatch[leaf-symlink-escapes-repo]: the run Blocks with a canonical diagnostic rather than publishing
PASS: post-publication-generation-mismatch[leaf-symlink-escapes-repo]: the referent's bytes appear NOWHERE inside the feature directory -- no PRE-image backup, no staged copy, no published artifact. This is the assertion the read-escape fails, because the PRE capture would copy them into .resolver-staging/<nonce>/pre/
PASS: post-publication-generation-mismatch[leaf-symlink-escapes-repo]: the outside file itself is byte-untouched and still a real file
PASS: post-publication-generation-mismatch[leaf-symlink-escapes-repo]: and no referent byte reaches the diagnostic either (B5: attacker-controlled content is never interpolated into a canonical line)
PASS: publication-journal-target-escape[pre-image-symlink-escapes-repo]: precondition -- the PRE-image backup is a symlink to a file OUTSIDE the repository, and its recorded pre_hash is that file's real hash, so the post-read hash check would pass
PASS: publication-journal-target-escape[pre-image-symlink-escapes-repo]: Blocks publication-journal-recovery with the canonical line only
PASS: publication-journal-target-escape[pre-image-symlink-escapes-repo]: the referent's bytes appear NOWHERE as a real file in the repository -- this is the assertion the unguarded backup read fails, because the restore would write them into facet-manifest.yaml with a hash check that passes
PASS: publication-journal-target-escape[pre-image-symlink-escapes-repo]: the live artifact still holds its own bytes, not the referent's
PASS: publication-journal-target-escape[pre-image-symlink-escapes-repo]: the outside file itself is byte-untouched
PASS: snapshot-generation-mismatch-affected-components: exit 1
PASS: snapshot-generation-mismatch-affected-components: Blocks on the affected_components set difference ALONE, with every digest including ownership_digest byte-identical (AC-040's own second fixture)
PASS: snapshot-generation-mismatch-affected-components: no partial live artifact (TEST-038)
PASS: snapshot-generation-mismatch-affected-components: a step-13 Block never opens a publication transaction at all
PASS: snapshot-generation-mismatch-affected-components: exact Resolver Evidence (AC-012)
PASS: snapshot-generation-mismatch-affected-components: Resolver Evidence schema agreement
PASS: publication-journal-target-escape[relative-traversal-write]: Blocks publication-journal-recovery with the canonical line only
PASS: publication-journal-target-escape[relative-traversal-write]: the out-of-set path the journal named is BYTE-UNTOUCHED -- recovery never writes or deletes outside the Resolver's own fixed publication target set (requirements.md Security Boundaries bullet 1)
PASS: publication-journal-target-escape[relative-traversal-write]: the in-set targets are untouched too -- the refusal happens BEFORE any recovery write, never half-way through one
PASS: publication-journal-target-escape[relative-traversal-write]: the rejected journal is retained for manual operator intervention
PASS: publication-journal-target-escape[relative-traversal-write]: exact Resolver Evidence, with no journal content interpolated into the detail (AC-012/AC-014, security-spec.md B5)
PASS: publication-journal-target-escape[relative-traversal-write]: Resolver Evidence schema agreement
PASS: publication-journal-target-escape[absolute-path-unlink]: Blocks publication-journal-recovery with the canonical line only
PASS: publication-journal-target-escape[absolute-path-unlink]: the out-of-set path the journal named is BYTE-UNTOUCHED -- recovery never writes or deletes outside the Resolver's own fixed publication target set (requirements.md Security Boundaries bullet 1)
PASS: publication-journal-target-escape[absolute-path-unlink]: the in-set targets are untouched too -- the refusal happens BEFORE any recovery write, never half-way through one
PASS: publication-journal-target-escape[absolute-path-unlink]: the rejected journal is retained for manual operator intervention
PASS: publication-journal-target-escape[absolute-path-unlink]: exact Resolver Evidence, with no journal content interpolated into the detail (AC-012/AC-014, security-spec.md B5)
PASS: publication-journal-target-escape[absolute-path-unlink]: Resolver Evidence schema agreement
PASS: publication-journal-target-escape[in-set-non-bundle]: an in-set but non-bundle target set Blocks publication-journal-recovery with the canonical line only -- the shape is refused even though every individual path is allowed
PASS: publication-journal-target-escape[in-set-non-bundle]: the live artifact the fabricated journal marked ABSENT-at-PRE is STILL THERE -- this is the assertion the defect fails, because a MIX rollback would unlink it
PASS: publication-journal-target-escape[in-set-non-bundle]: the other in-set targets are untouched too -- the refusal happens BEFORE any recovery write
PASS: publication-journal-target-escape[in-set-non-bundle]: the rejected journal is retained for manual operator intervention
PASS: publication-journal-target-escape[nonce-names-another-batch]: precondition -- plant_journal records the batch's own nonce, so the mismatch below is the only difference from a well-formed journal
PASS: publication-journal-target-escape[nonce-names-another-batch]: a journal whose nonce names another batch is refused -- without the binding this all-PRE journal classifies as SAFE abandonment and the run exits 0, which is exactly what this assertion catches
PASS: publication-journal-target-escape[nonce-names-another-batch]: the refused journal is retained for manual operator intervention rather than discarded as an abandoned batch
PASS: publication-fsync-failure: a failed durability barrier on an already-live rename Blocks artifact-publication-failed with a ONE-rename rollback clause -- the live-but-unfsynced entry was counted, so the rollback included it
PASS: publication-fsync-failure: facet-manifest is back at its PRE bytes -- this is the assertion mutant N fails, because an uncounted-but-live rename is skipped by the rollback and its POST bytes stay published
PASS: publication-fsync-failure: the Block record reached Evidence -- the injection is single-shot, so the direct Evidence write's own barrier succeeded
PASS: publication-fsync-failure: the journal is gone once the Block record is durable, and no staging litter survives
PASS: publication-staging-chain-fsync-failure: a failed staging-chain barrier Blocks with a ZERO-rename clause -- the barrier precedes the journal write, so nothing can be live yet
PASS: publication-staging-chain-fsync-failure: facet-manifest is untouched -- the run refused before publishing anything
PASS: publication-staging-chain-fsync-failure: the Block record still reached Evidence -- the injection is single-shot, so the Evidence write's own barrier succeeded
PASS: publication-staging-chain-fsync-failure: no journal and no staging litter survive a refusal that never published
PASS: post-publication-crash-before-evidence: the first invocation dies in the window rather than exiting normally (the kill hook fired)
PASS: post-publication-crash-before-evidence: the journal is STILL STANDING after a crash between the rollback and the Block Evidence write -- this is the assertion the pre-round-9 ordering fails, because it deleted the journal before that write
PASS: post-publication-crash-before-evidence: the next invocation consumes that journal -- the crash left a state the recovery scan could converge, not a permanent one
PASS: post-publication-crash-before-evidence: and the publication artifacts are at their PRE bytes throughout -- the rolled-back publication stayed rolled back across the crash and the recovery
PASS: publication-target-parent-symlink: a symlinked `generated/` parent Blocks artifact-publication-failed before any live write, rather than following the symlink (MAJOR 2)
PASS: publication-target-parent-symlink: the file OUTSIDE the publication set (reached only through the symlinked parent) is byte-untouched -- the projection never escaped the fixed set (requirements.md:1144-1151)
PASS: publication-target-parent-symlink: the Full-track track artifact never reached its live path -- the refusal precedes the whole publication transaction (TEST-038)
PASS: publication-target-parent-symlink: the Block's own Resolver Evidence is still written (AC-012) -- and its own single-target transaction, which only ever touches resolver-evidence.yaml, is unaffected by the symlinked generated/ parent
PASS: publication-target-parent-symlink: Resolver Evidence schema agreement
PASS: publication-target-parent-symlink: no journal or staging litter survives -- the refused publish left none, and the Block Evidence write creates none (it is a direct temp+fsync+rename into the target's own parent, with no staging area and no journal)
PASS: publication-staging-parent-symlink[staging-root-symlinked]: an uncontained staging root Blocks publication-journal-recovery before the scan globs it -- never a misattributed publication failure
PASS: publication-staging-parent-symlink[staging-root-symlinked]: the EXTERNAL directory the symlink points at survives intact -- no rmtree, no unlink, nothing outside the fixed named set touched (requirements.md:1144-1151)
PASS: publication-staging-parent-symlink[staging-root-symlinked]: no live artifact was published either -- the refusal precedes step 1 entirely (TEST-038)
PASS: publication-staging-parent-symlink[staging-root-symlinked]: Resolver Evidence IS written, through the direct `temp file + fsync + rename` route design.md requires for an Evidence-only write -- a compromised BOOKKEEPING area does not obstruct a write that never passes through it, so AC-012's always-emitted rule holds here with no third exception
PASS: publication-staging-parent-symlink[staging-root-symlinked]: Resolver Evidence schema agreement
PASS: publication-staging-parent-symlink[nonce-dir-symlinked]: an uncontained staging root Blocks publication-journal-recovery before the scan globs it -- never a misattributed publication failure
PASS: publication-staging-parent-symlink[nonce-dir-symlinked]: the EXTERNAL directory the symlink points at survives intact -- no rmtree, no unlink, nothing outside the fixed named set touched (requirements.md:1144-1151)
PASS: publication-staging-parent-symlink[nonce-dir-symlinked]: no live artifact was published either -- the refusal precedes step 1 entirely (TEST-038)
PASS: publication-staging-parent-symlink[nonce-dir-symlinked]: Resolver Evidence IS written, through the direct `temp file + fsync + rename` route design.md requires for an Evidence-only write -- a compromised BOOKKEEPING area does not obstruct a write that never passes through it, so AC-012's always-emitted rule holds here with no third exception
PASS: publication-staging-parent-symlink[nonce-dir-symlinked]: Resolver Evidence schema agreement
PASS: publication-staging-parent-symlink[feature-dir-symlinked]: an uncontained staging root Blocks publication-journal-recovery before the scan globs it -- never a misattributed publication failure
PASS: publication-staging-parent-symlink[feature-dir-symlinked]: the EXTERNAL directory the symlink points at survives intact -- no rmtree, no unlink, nothing outside the fixed named set touched (requirements.md:1144-1151)
PASS: publication-staging-parent-symlink[feature-dir-symlinked]: no live artifact was published either -- the refusal precedes step 1 entirely (TEST-038)
PASS: publication-staging-parent-symlink[feature-dir-symlinked]: NO Resolver Evidence -- `specs/<feature>` is itself the symlink, so the record's own destination lies outside the tree and writing it would be the very escape this fixture exists to close; the Block still reports `publication-journal-recovery`, never a misattributed publication failure
PASS: publication-journal-roundtrip-unresolved-repo: the kill hook left exactly one genuine, resolver-authored journal standing
PASS: publication-journal-roundtrip-unresolved-repo: the Resolver ACCEPTS its own journal under an unresolved repo_root -- a journal that can be safely converged is silently resolved and never reaches this diagnostic at all (REQ-002's own publication-journal-recovery row)
PASS: publication-journal-roundtrip-unresolved-repo: having converged the stale journal, the invocation completes its own separate resolve normally (exit 0, no diagnostic)
PASS: publication-journal-roundtrip-unresolved-repo: the converged journal is deleted, leaving no staging litter
PASS: draft7-validator-keywords: a matched:false entry with no conditional_facet_evaluations conforms (sanity)
PASS: draft7-validator-keywords: `not` -- a matched:false entry carrying conditional_facet_evaluations is rejected (resolver-evidence.schema.json capabilityEvaluation.then.not.required)
PASS: draft7-validator-keywords: `minimum` -- a negative declaration_index is rejected (resolver-evidence.schema.json conditional_facet_evaluations[].declaration_index minimum:0)
PASS: draft7-validator-keywords: declaration_index: 0 conforms (sanity, minimum is inclusive)
PASS: draft7-validator-keywords: `pattern` -- a feature value carrying a trailing newline is rejected, never accepted via Python re's own $-before-trailing-newline exception to ECMA-262 semantics (resolver-evidence.schema.json feature pattern)
PASS: draft7-validator-keywords: feature: 'example-feature' (no trailing newline) conforms (sanity)
PASS: draft7-keyword-coverage: resolver-evidence.schema.json uses only keywords _draft7_validate implements
PASS: draft7-keyword-coverage: context-projection.schema.json uses only keywords _draft7_validate implements
PASS: draft7-keyword-coverage: facet-manifest.schema.json uses only keywords _draft7_validate implements
PASS: draft7-keyword-coverage: capability-summary.schema.json uses only keywords _draft7_validate implements
PASS: sys-path-hygiene: _discover_registry restores sys.path on a clean return
PASS: sys-path-hygiene: _discover_registry restores sys.path on the ContractDiscoveryFailed path
PASS: sys-path-hygiene: a caller's pre-existing identical sys.path entry survives the call
PASS: TEST-010: the governing schema's own diagnostic-id enum is closed at sixteen distinct rows
PASS: TEST-014: every literal diagnostic prefix in the SHIPPED SOURCE uses a check-id from the closed enum -- a line no fixture reaches is still bound by AC-014
PASS: TEST-014: every diagnostic id this suite's fixtures emitted is drawn from the closed enum
PASS: TEST-010: every one of the sixteen REQ-002 diagnostic-id rows has an independently-triggerable fixture in this suite (AC-010, complete)
PASS: TEST-059: the live Resolver family is either wholly applied or wholly unapplied -- a partial application would leave an unscanned live twin
PASS: TEST-059: scan target exists: specs/epic-193-a5-capability-resolver/human-copy/plugins/sdd-quality-loop/scripts/resolve-project-context.py
PASS: TEST-059: scan target exists: specs/epic-193-a5-capability-resolver/human-copy/plugins/sdd-quality-loop/scripts/resolve-project-context.sh
PASS: TEST-059: scan target exists: specs/epic-193-a5-capability-resolver/human-copy/plugins/sdd-quality-loop/scripts/resolve-project-context.ps1
PASS: TEST-059: specs/epic-193-a5-capability-resolver/human-copy/plugins/sdd-quality-loop/scripts/resolve-project-context.py never names an approval-surface path, so it writes to none of them (AC-059)
PASS: TEST-059: specs/epic-193-a5-capability-resolver/human-copy/plugins/sdd-quality-loop/scripts/resolve-project-context.sh never names an approval-surface path, so it writes to none of them (AC-059)
PASS: TEST-059: specs/epic-193-a5-capability-resolver/human-copy/plugins/sdd-quality-loop/scripts/resolve-project-context.ps1 never names an approval-surface path, so it writes to none of them (AC-059)
PASS: TEST-059 non-vacuity: at least one scan target was actually found and scanned
PASS: TEST-059 completeness: the scanned set is the whole staged Resolver family (py, sh, ps1), plus every live twin that exists (0 of 3 applied), and nothing else
PASS: TEST-059 non-vacuity canary: the dirty canary is flagged for every one of this scan's own 3 categories
PASS: TEST-059 false-positive control: the clean canary (English prose plus plural/near-miss path spellings) is not flagged
PASS: POSIX suite registered in tests/run-all.sh
PASS: PowerShell suite registered in tests/run-all.ps1
RESULT: 392 passed, 0 failed
