# GREEN evidence -- evaluate-predicate (bash)
$ bash tests/evaluate-predicate.tests.sh
ok: TEST-007 predicate-fail-closed-equals-missing: result=false
ok: TEST-007 predicate-fail-closed-equals-missing: evidence[0].outcome=warn
ok: TEST-007 predicate-fail-closed-equals-missing: evidence[0].reason populated
ok: TEST-013 predicate-fail-closed-equals-missing: evidence conforms
ok: TEST-007 predicate-fail-closed-equals-null: result=false
ok: TEST-007 predicate-fail-closed-equals-null: evidence[0].outcome=warn
ok: TEST-007 predicate-fail-closed-equals-null: evidence[0].reason populated
ok: TEST-013 predicate-fail-closed-equals-null: evidence conforms
ok: TEST-007 predicate-fail-closed-not-equals-missing: result=false
ok: TEST-007 predicate-fail-closed-not-equals-missing: evidence[0].outcome=warn
ok: TEST-007 predicate-fail-closed-not-equals-missing: evidence[0].reason populated
ok: TEST-013 predicate-fail-closed-not-equals-missing: evidence conforms
ok: TEST-007 predicate-fail-closed-not-equals-null: result=false
ok: TEST-007 predicate-fail-closed-not-equals-null: evidence[0].outcome=warn
ok: TEST-007 predicate-fail-closed-not-equals-null: evidence[0].reason populated
ok: TEST-013 predicate-fail-closed-not-equals-null: evidence conforms
ok: TEST-007 predicate-fail-closed-contains-missing: result=false
ok: TEST-007 predicate-fail-closed-contains-missing: evidence[0].outcome=warn
ok: TEST-007 predicate-fail-closed-contains-missing: evidence[0].reason populated
ok: TEST-013 predicate-fail-closed-contains-missing: evidence conforms
ok: TEST-007 predicate-fail-closed-contains-null: result=false
ok: TEST-007 predicate-fail-closed-contains-null: evidence[0].outcome=warn
ok: TEST-007 predicate-fail-closed-contains-null: evidence[0].reason populated
ok: TEST-013 predicate-fail-closed-contains-null: evidence conforms
ok: TEST-007 predicate-fail-closed-in-missing: result=false
ok: TEST-007 predicate-fail-closed-in-missing: evidence[0].outcome=warn
ok: TEST-007 predicate-fail-closed-in-missing: evidence[0].reason populated
ok: TEST-013 predicate-fail-closed-in-missing: evidence conforms
ok: TEST-007 predicate-fail-closed-in-null: result=false
ok: TEST-007 predicate-fail-closed-in-null: evidence[0].outcome=warn
ok: TEST-007 predicate-fail-closed-in-null: evidence[0].reason populated
ok: TEST-013 predicate-fail-closed-in-null: evidence conforms
ok: TEST-007 equals-type-mismatch: warn/type-mismatch
ok: TEST-007 not-equals-type-mismatch: warn (never a true match on type mismatch)
ok: TEST-007 contains-nonarray: warn
ok: TEST-007 in-malformed-value: warn/malformed-value-array
ok: TEST-008 exists present-with-null: match (true), no type inspection
ok: TEST-008 exists present-with-value: match (true)
ok: TEST-008 exists absent: false + WARN
ok: TEST-009 all-empty: true (vacuous)
ok: TEST-009 all-true: true, 2 children recorded
ok: TEST-009 all-false: false, both children recorded (no short-circuit)
ok: TEST-009 any-empty: false (vacuous)
ok: TEST-009 any-mixed: true, all 3 children recorded despite match on child 2
ok: TEST-009 any-false: false, both children recorded
ok: TEST-010: trigger-context and when-context produce byte-identical evidence (single shared evaluator)
ok: TEST-011: field outside allowlist rejected as PREDICATE_SCHEMA_ERROR
ok: TEST-011: drift-check passes against a matching Project Context fixture
ok: TEST-011: drift-check fails against a diverging Project Context fixture
ok: TEST-012: not with zero children is PREDICATE_SCHEMA_ERROR
ok: TEST-012: not with two children is PREDICATE_SCHEMA_ERROR
ok: TEST-012: not(child=true) -> false
ok: TEST-012: not(child=false) -> true
ok: TEST-012: not(child=warn) -> false (not naive negation), child WARN preserved
ok: TEST-013: every non-error fixture's evidence conforms to the Evidence JSON Schema
ok: TEST-013: nested all/any/not tree produces byte-identical, stably-ordered evidence across repeated runs
ok: TEST-013: nested tree depth-first order (all[0]=any, all[1]=not)
ok: TEST-040: 'regex' operator token rejected as PREDICATE_SCHEMA_ERROR
ok: TEST-040: 'jsonpath' operator token rejected as PREDICATE_SCHEMA_ERROR
ok: self-registration: evaluate-predicate.tests.sh registered in tests/run-all.sh
ok: self-registration: evaluate-predicate.tests.ps1 registered in tests/run-all.ps1
ok: human-copy: staged workflow candidate registers this suite's CI steps
ok: human-copy: staged workflow candidate sha256 matches MANIFEST.sha256
---- summary: pass=63 fail=0 ----
evaluate-predicate suite passed (63 checks)
exit: 0
