# T-004 GREEN evidence -- cross-reference integrity pass (REQ-004(d)-(i), AC-022)
#
# Captured AFTER both validator twins implemented the checks, against the
# working tree exactly as this task leaves it.
# Repository HEAD at task start: cdfd7f604077be4b1bd1dee494047e8a82397c84
# Host: macOS 26.5.2 (Darwin 25.5.0) arm64; pwsh 7.6.2; Pester 4.10.1;
#       Python 3.14.5; GNU bash 5.3.9. Windows PowerShell 5.1 is NOT present
#       on this host and was NOT exercised.

# ===== Run 1 of 3: the v2 suite (T-001..T-004) =====
# pwsh -NoProfile -Command 'Import-Module Pester -RequiredVersion 4.10.1; Invoke-Pester -Script "tests/sdd-domain/contract-v2-schema.Tests.ps1"'

Pester v4.10.1
Executing all tests in 'tests/sdd-domain/contract-v2-schema.Tests.ps1'

Executing script tests/sdd-domain/contract-v2-schema.Tests.ps1

  Describing domain-contract.v2.schema.json shape (TEST-001, AC-001)
    [+] the v2 schema file exists 32ms
    [+] parses as valid JSON 25ms

    Context once parsed
      [+] declares draft-07 3ms
      [+] declares the domain-contract/v2 schema const 2ms
      [+] declares root required schema/meta/contexts/concepts, exactly those four 13ms
      [+] declares a v1-shaped meta definition (version/status/generated_from) 11ms
      [+] declares concepts as a required top-level array with minItems 1 3ms
      [+] duplicates the v1 boundedContext/term/aggregate/contextRelation definitions in-file (DD-3) and adds a concept definition 4ms
      [+] does not $ref the v1 schema file (DD-3: definitions are duplicated, not cross-referenced) 1ms
      [+] declares contexts[].terms[].concept_id as optional with the concept-id pattern (REQ-003) 3ms

  Describing domain-contract.v1.schema.json byte-identity drift lock (TEST-002, AC-002, REQ-007)
    [+] the v1 schema file still exists 1ms
    [+] v1 schema file SHA-256 equals the recorded feature-start baseline 2ms

  Describing validate-domain-contract twins exist (TEST-017/TEST-012 preconditions, REQ-004)
    [+] the .sh twin exists 1ms
    [+] the .ps1 twin exists 1ms

  Describing validate-domain-contract fail-closed input handling (TEST-017, AC-017, REQ-004(a))

    Context fixture 1 of 2 -- syntactically broken JSON (truncated body)
      [+] ps1 twin: exits 1 with one V2-PARSE line, no stdout, no stack trace 576ms
      [+] sh twin: exits 1 with one V2-PARSE line, no stdout, no stack trace 53ms

    Context fixture 2 of 2 -- a file larger than the 10 MiB ceiling
      [+] the fixture really does exceed the ceiling (non-vacuity) 33ms
      [+] ps1 twin: exits 1 with one V2-INPUT-TOO-LARGE line, no stdout, no stack trace 534ms
      [+] sh twin: exits 1 with one V2-INPUT-TOO-LARGE line, no stdout, no stack trace 61ms

  Describing validate-domain-contract argument and path errors (REQ-004(a), Edge Cases fail-closed)

    Context no argument
      [+] ps1 twin: exits 1 with one V2-USAGE line 504ms
      [+] sh twin: exits 1 with one V2-USAGE line 25ms

    Context a path that does not exist
      [+] ps1 twin: exits 1 with one V2-INPUT-NOT-FOUND line 534ms
      [+] sh twin: exits 1 with one V2-INPUT-NOT-FOUND line 43ms

    Context a path that is a directory, not a contract file
      [+] ps1 twin: exits 1 with one V2-INPUT-NOT-FILE line 535ms
      [+] sh twin: exits 1 with one V2-INPUT-NOT-FILE line 53ms

    Context a regular file the process may not read (POSIX mode 000)
      [+] ps1 twin: exits 1 with one V2-INPUT-UNREADABLE line [SKIPPED when chmod is unavailable or ineffective] 564ms
      [+] sh twin: exits 1 with one V2-INPUT-UNREADABLE line [SKIPPED when chmod is unavailable or ineffective] 76ms

  Describing validate-domain-contract v2 version dispatch (TEST-012, AC-012, REQ-004(b), DD-6)
    [+] the v1 fixture really declares domain-contract/v1 (non-vacuity) 1ms
    [+] ps1 twin: rejects a domain-contract/v1 contract with one V2-WRONG-SCHEMA line naming the v2-only constraint 544ms
    [+] sh twin: rejects a domain-contract/v1 contract with one V2-WRONG-SCHEMA line naming the v2-only constraint 43ms

  Describing T-003 structural negative fixture allocation (tasks.md Negative Fixture Allocation table)
    [+] contributes exactly 62 negative fixtures 0ms
    [+] allocates 29 fixtures to AC-024 (type mismatch) 0ms
    [+] allocates 7 fixtures to AC-014 (concept required key absent) 0ms
    [+] allocates 7 fixtures to AC-021 (root and meta required key absent) 3ms
    [+] allocates 8 fixtures to AC-023 (minLength) 0ms
    [+] allocates 4 fixtures to AC-020 (nested required inside an optional array) 0ms
    [+] allocates 3 fixtures to AC-018 (pattern) 0ms
    [+] allocates 3 fixtures to AC-019 (minItems) 2ms
    [+] allocates 1 fixture to AC-016 (empty concepts array) 0ms
    [+] gives every fixture a distinct contract body (no fixture silently duplicates another) 10ms
    [+] keeps every fixture body well-formed JSON, so only the declared structural defect is under test 19ms

  Describing validate-domain-contract structural pass -- base fixture acceptance (non-vacuity for the 62 negatives)
    [+] ps1 twin: accepts the unmutated base contract with exit 0 and no output at all 574ms
    [+] sh twin: accepts the unmutated base contract with exit 0 and no output at all 44ms

  Describing validate-domain-contract structural check pass (TEST-014/016/018/019/020/021/023/024, REQ-004(c))
    [+] ps1 twin -- AC-024 (1) root schema is not a string 532ms
    [+] sh twin -- AC-024 (1) root schema is not a string 45ms
    [+] ps1 twin -- AC-024 (2) root meta is not an object 572ms
    [+] sh twin -- AC-024 (2) root meta is not an object 48ms
    [+] ps1 twin -- AC-024 (3) root contexts is not an array 560ms
    [+] sh twin -- AC-024 (3) root contexts is not an array 45ms
    [+] ps1 twin -- AC-024 (4) root concepts is not an array 570ms
    [+] sh twin -- AC-024 (4) root concepts is not an array 49ms
    [+] ps1 twin -- AC-024 (5) meta.version is not a string 632ms
    [+] sh twin -- AC-024 (5) meta.version is not a string 46ms
    [+] ps1 twin -- AC-024 (6) meta.status is not a string 562ms
    [+] sh twin -- AC-024 (6) meta.status is not a string 45ms
    [+] ps1 twin -- AC-024 (7) meta.generated_from is neither a string nor the declared array 576ms
    [+] sh twin -- AC-024 (7) meta.generated_from is neither a string nor the declared array 52ms
    [+] ps1 twin -- AC-024 (8) a concepts[] element is not an object 567ms
    [+] sh twin -- AC-024 (8) a concepts[] element is not an object 46ms
    [+] ps1 twin -- AC-024 (9) concepts[].id is not a string -- reported as a type violation, not a pattern violation 565ms
    [+] sh twin -- AC-024 (9) concepts[].id is not a string -- reported as a type violation, not a pattern violation 45ms
    [+] ps1 twin -- AC-024 (10) concepts[].name is not a string -- reported as a type violation, not a pattern violation 560ms
    [+] sh twin -- AC-024 (10) concepts[].name is not a string -- reported as a type violation, not a pattern violation 44ms
    [+] ps1 twin -- AC-024 (11) concepts[].context is not a string -- reported as a type violation, not a pattern violation 561ms
    [+] sh twin -- AC-024 (11) concepts[].context is not a string -- reported as a type violation, not a pattern violation 45ms
    [+] ps1 twin -- AC-024 (12) concepts[].definition is not a string 560ms
    [+] sh twin -- AC-024 (12) concepts[].definition is not a string 45ms
    [+] ps1 twin -- AC-024 (13) concepts[].essence is not a string 560ms
    [+] sh twin -- AC-024 (13) concepts[].essence is not a string 48ms
    [+] ps1 twin -- AC-024 (14) concepts[].responsibilities is not an array 565ms
    [+] sh twin -- AC-024 (14) concepts[].responsibilities is not an array 46ms
    [+] ps1 twin -- AC-024 (15) concepts[].evidence is not an array 566ms
    [+] sh twin -- AC-024 (15) concepts[].evidence is not an array 45ms
    [+] ps1 twin -- AC-024 (16) concepts[].must_not_own is not an array 565ms
    [+] sh twin -- AC-024 (16) concepts[].must_not_own is not an array 45ms
    [+] ps1 twin -- AC-024 (17) a concepts[].responsibilities element is not a string -- reported as a type violation, not a minLength violation 565ms
    [+] sh twin -- AC-024 (17) a concepts[].responsibilities element is not a string -- reported as a type violation, not a minLength violation 45ms
    [+] ps1 twin -- AC-024 (18) a concepts[].evidence element is not a string -- reported as a type violation, not a minLength violation 561ms
    [+] sh twin -- AC-024 (18) a concepts[].evidence element is not a string -- reported as a type violation, not a minLength violation 47ms
    [+] ps1 twin -- AC-024 (19) a concepts[].must_not_own element is not a string -- reported as a type violation, not a minLength violation 567ms
    [+] sh twin -- AC-024 (19) a concepts[].must_not_own element is not a string -- reported as a type violation, not a minLength violation 45ms
    [+] ps1 twin -- AC-024 (20) concepts[].stakeholder_perspectives is not an array 563ms
    [+] sh twin -- AC-024 (20) concepts[].stakeholder_perspectives is not an array 45ms
    [+] ps1 twin -- AC-024 (21) a stakeholder_perspectives element is not an object 562ms
    [+] sh twin -- AC-024 (21) a stakeholder_perspectives element is not an object 47ms
    [+] ps1 twin -- AC-024 (22) stakeholder_perspectives[].actor is not a string 566ms
    [+] sh twin -- AC-024 (22) stakeholder_perspectives[].actor is not a string 45ms
    [+] ps1 twin -- AC-024 (23) stakeholder_perspectives[].concern is not a string 568ms
    [+] sh twin -- AC-024 (23) stakeholder_perspectives[].concern is not a string 44ms
    [+] ps1 twin -- AC-024 (24) concepts[].distinguished_from is not an array 561ms
    [+] sh twin -- AC-024 (24) concepts[].distinguished_from is not an array 47ms
    [+] ps1 twin -- AC-024 (25) a distinguished_from element is not an object 564ms
    [+] sh twin -- AC-024 (25) a distinguished_from element is not an object 45ms
    [+] ps1 twin -- AC-024 (26) distinguished_from[].concept_id is not a string 558ms
    [+] sh twin -- AC-024 (26) distinguished_from[].concept_id is not a string 44ms
    [+] ps1 twin -- AC-024 (27) distinguished_from[].reasons is not an array 566ms
    [+] sh twin -- AC-024 (27) distinguished_from[].reasons is not an array 45ms
    [+] ps1 twin -- AC-024 (28) a distinguished_from[].reasons element is not a string 563ms
    [+] sh twin -- AC-024 (28) a distinguished_from[].reasons element is not a string 46ms
    [+] ps1 twin -- AC-024 (29) contexts[].terms[].concept_id is not a string 564ms
    [+] sh twin -- AC-024 (29) contexts[].terms[].concept_id is not a string 45ms
    [+] ps1 twin -- AC-014 (1) concepts[].id is absent 560ms
    [+] sh twin -- AC-014 (1) concepts[].id is absent 44ms
    [+] ps1 twin -- AC-014 (2) concepts[].name is absent 562ms
    [+] sh twin -- AC-014 (2) concepts[].name is absent 44ms
    [+] ps1 twin -- AC-014 (3) concepts[].context is absent 565ms
    [+] sh twin -- AC-014 (3) concepts[].context is absent 44ms
    [+] ps1 twin -- AC-014 (4) concepts[].definition is absent 559ms
    [+] sh twin -- AC-014 (4) concepts[].definition is absent 46ms
    [+] ps1 twin -- AC-014 (5) concepts[].essence is absent 565ms
    [+] sh twin -- AC-014 (5) concepts[].essence is absent 46ms
    [+] ps1 twin -- AC-014 (6) concepts[].responsibilities is absent 564ms
    [+] sh twin -- AC-014 (6) concepts[].responsibilities is absent 44ms
    [+] ps1 twin -- AC-014 (7) concepts[].evidence is absent 569ms
    [+] sh twin -- AC-014 (7) concepts[].evidence is absent 45ms
    [+] ps1 twin -- AC-021 (1) root schema is absent 524ms
    [+] sh twin -- AC-021 (1) root schema is absent 48ms
    [+] ps1 twin -- AC-021 (2) root meta is absent 575ms
    [+] sh twin -- AC-021 (2) root meta is absent 45ms
    [+] ps1 twin -- AC-021 (3) root contexts is absent 562ms
    [+] sh twin -- AC-021 (3) root contexts is absent 45ms
    [+] ps1 twin -- AC-021 (4) root concepts is absent -- a different path from the empty concepts array 546ms
    [+] sh twin -- AC-021 (4) root concepts is absent -- a different path from the empty concepts array 45ms
    [+] ps1 twin -- AC-021 (5) meta.version is absent 568ms
    [+] sh twin -- AC-021 (5) meta.version is absent 44ms
    [+] ps1 twin -- AC-021 (6) meta.status is absent 565ms
    [+] sh twin -- AC-021 (6) meta.status is absent 45ms
    [+] ps1 twin -- AC-021 (7) meta.generated_from is absent 558ms
    [+] sh twin -- AC-021 (7) meta.generated_from is absent 45ms
    [+] ps1 twin -- AC-023 (1) concepts[].definition is an empty string 565ms
    [+] sh twin -- AC-023 (1) concepts[].definition is an empty string 46ms
    [+] ps1 twin -- AC-023 (2) concepts[].essence is an empty string 564ms
    [+] sh twin -- AC-023 (2) concepts[].essence is an empty string 45ms
    [+] ps1 twin -- AC-023 (3) a concepts[].responsibilities element is an empty string 567ms
    [+] sh twin -- AC-023 (3) a concepts[].responsibilities element is an empty string 46ms
    [+] ps1 twin -- AC-023 (4) a concepts[].evidence element is an empty string 564ms
    [+] sh twin -- AC-023 (4) a concepts[].evidence element is an empty string 47ms
    [+] ps1 twin -- AC-023 (5) a concepts[].must_not_own element is an empty string 562ms
    [+] sh twin -- AC-023 (5) a concepts[].must_not_own element is an empty string 44ms
    [+] ps1 twin -- AC-023 (6) stakeholder_perspectives[].actor is an empty string 561ms
    [+] sh twin -- AC-023 (6) stakeholder_perspectives[].actor is an empty string 45ms
    [+] ps1 twin -- AC-023 (7) stakeholder_perspectives[].concern is an empty string 565ms
    [+] sh twin -- AC-023 (7) stakeholder_perspectives[].concern is an empty string 46ms
    [+] ps1 twin -- AC-023 (8) a distinguished_from[].reasons element is an empty string 565ms
    [+] sh twin -- AC-023 (8) a distinguished_from[].reasons element is an empty string 47ms
    [+] ps1 twin -- AC-020 (1) stakeholder_perspectives[].actor is absent 561ms
    [+] sh twin -- AC-020 (1) stakeholder_perspectives[].actor is absent 45ms
    [+] ps1 twin -- AC-020 (2) stakeholder_perspectives[].concern is absent 586ms
    [+] sh twin -- AC-020 (2) stakeholder_perspectives[].concern is absent 44ms
    [+] ps1 twin -- AC-020 (3) distinguished_from[].concept_id is absent 557ms
    [+] sh twin -- AC-020 (3) distinguished_from[].concept_id is absent 45ms
    [+] ps1 twin -- AC-020 (4) distinguished_from[].reasons is absent 568ms
    [+] sh twin -- AC-020 (4) distinguished_from[].reasons is absent 46ms
    [+] ps1 twin -- AC-018 (1) concepts[].id does not match the concept-id pattern 570ms
    [+] sh twin -- AC-018 (1) concepts[].id does not match the concept-id pattern 44ms
    [+] ps1 twin -- AC-018 (2) concepts[].name does not match the PascalCase pattern 568ms
    [+] sh twin -- AC-018 (2) concepts[].name does not match the PascalCase pattern 44ms
    [+] ps1 twin -- AC-018 (3) concepts[].context does not match the kebab-case pattern 570ms
    [+] sh twin -- AC-018 (3) concepts[].context does not match the kebab-case pattern 46ms
    [+] ps1 twin -- AC-019 (1) concepts[].responsibilities is an empty array 563ms
    [+] sh twin -- AC-019 (1) concepts[].responsibilities is an empty array 46ms
    [+] ps1 twin -- AC-019 (2) concepts[].evidence is an empty array 559ms
    [+] sh twin -- AC-019 (2) concepts[].evidence is an empty array 45ms
    [+] ps1 twin -- AC-019 (3) distinguished_from[].reasons is an empty array 563ms
    [+] sh twin -- AC-019 (3) distinguished_from[].reasons is an empty array 46ms
    [+] ps1 twin -- AC-016 (1) concepts is an empty array 545ms
    [+] sh twin -- AC-016 (1) concepts is an empty array 46ms

  Describing validate-domain-contract structural pass enumerates every violation (design.md Error Handling, DD-7)
    [+] ps1 twin: a contract with two independent violations produces exactly two stderr lines 569ms
    [+] sh twin: a contract with two independent violations produces exactly two stderr lines 44ms

  Describing T-004 cross-reference negative fixture allocation (tasks.md Negative Fixture Allocation table)
    [+] contributes exactly 8 negative fixtures 0ms
    [+] allocates 1 fixture to AC-006 (duplicate concept id) 0ms
    [+] allocates 1 fixture to AC-007 (dangling concept.context) 0ms
    [+] allocates 1 fixture to AC-008 (dangling distinguished_from.concept_id, self-reference included) 0ms
    [+] allocates 1 fixture to AC-009 (dangling term.concept_id) 0ms
    [+] allocates 1 fixture to AC-010 (responsibilities / must_not_own self-contradiction) 0ms
    [+] allocates 1 fixture to AC-011 (duplicate name within one context) 1ms
    [+] allocates 2 fixtures to AC-022 (reference-field pattern violations) 0ms
    [+] gives every fixture a distinct contract body (no fixture silently duplicates another) 0ms
    [+] keeps every fixture body well-formed JSON, so only the declared cross-reference defect is under test 2ms
    [+] makes every fixture a real mutation of the accepted base contract 1ms

  Describing validate-domain-contract cross-reference integrity pass (TEST-006/007/008/009/010/011/022, REQ-004(d)-(i))
    [+] ps1 twin -- AC-006 (1) two concepts declare the same id -- stderr names the duplicated id 584ms
    [+] sh twin -- AC-006 (1) two concepts declare the same id -- stderr names the duplicated id 48ms
    [+] ps1 twin -- AC-007 (1) concepts[].context names a context no contexts[] entry declares 569ms
    [+] sh twin -- AC-007 (1) concepts[].context names a context no contexts[] entry declares 47ms
    [+] ps1 twin -- AC-008 (1) distinguished_from points at the concept itself and at an undeclared id 567ms
    [+] sh twin -- AC-008 (1) distinguished_from points at the concept itself and at an undeclared id 47ms
    [+] ps1 twin -- AC-009 (1) contexts[].terms[].concept_id names an id no concept declares 568ms
    [+] sh twin -- AC-009 (1) contexts[].terms[].concept_id names an id no concept declares 46ms
    [+] ps1 twin -- AC-010 (1) one concept lists the identical string in responsibilities and must_not_own 572ms
    [+] sh twin -- AC-010 (1) one concept lists the identical string in responsibilities and must_not_own 46ms
    [+] ps1 twin -- AC-011 (1) two concepts share a name inside one context 567ms
    [+] sh twin -- AC-011 (1) two concepts share a name inside one context 46ms
    [+] ps1 twin -- AC-022 (1) distinguished_from[].concept_id violates the concept-id pattern -- a pattern violation, not a dangling reference 569ms
    [+] sh twin -- AC-022 (1) distinguished_from[].concept_id violates the concept-id pattern -- a pattern violation, not a dangling reference 46ms
    [+] ps1 twin -- AC-022 (2) contexts[].terms[].concept_id violates the concept-id pattern -- a pattern violation, not a dangling reference 568ms
    [+] sh twin -- AC-022 (2) contexts[].terms[].concept_id violates the concept-id pattern -- a pattern violation, not a dangling reference 47ms

  Describing validate-domain-contract permits the same concept name in different contexts (tasks.md Done When; INV-012)
    [+] the control contract really does carry one name in two different contexts (non-vacuity) 1ms
    [+] ps1 twin: accepts it with exit 0 and no output at all 568ms
    [+] sh twin: accepts it with exit 0 and no output at all 44ms

  Describing validate-domain-contract compares responsibilities and must_not_own by exact string equality (REQ-004(h))
    [+] the control contract's must_not_own entries differ from the responsibility only in case and surrounding whitespace (non-vacuity) 2ms
    [+] ps1 twin: accepts it with exit 0 and no output at all 562ms
    [+] sh twin: accepts it with exit 0 and no output at all 43ms
Tests completed in 49.99s
Tests Passed: 202, Failed: 0, Skipped: 0, Pending: 0, Inconclusive: 0 

# ===== Run 2 of 3: REQ-007 non-regression -- the v1 suite, byte-unchanged =====
# pwsh -NoProfile -Command 'Import-Module Pester -RequiredVersion 4.10.1; Invoke-Pester -Script "tests/sdd-domain/contract-schema.Tests.ps1"'

Pester v4.10.1
Executing all tests in 'tests/sdd-domain/contract-schema.Tests.ps1'

Executing script tests/sdd-domain/contract-schema.Tests.ps1

  Describing domain-contract.v1.schema.json
    [+] the schema file itself parses as valid JSON 33ms
    [+] declares the domain-contract/v1 schema const 10ms
    [+] declares the full contextRelation pattern enum 15ms

    Context valid fixture
      [+] passes schema validation with zero errors 23ms

    Context corrupt fixture: missing required field (meta)
      [+] is rejected for missing meta 5ms

    Context corrupt fixture: wrong schema const value
      [+] is rejected for schema = domain-contract/v2 2ms

    Context corrupt fixture: invalid pattern enum value
      [+] is rejected for an unrecognized contextRelation pattern 3ms

    Context corrupt fixture: missing required aggregate field
      [+] is rejected when an aggregate is missing invariants 3ms
Tests completed in 242ms
Tests Passed: 8, Failed: 0, Skipped: 0, Pending: 0, Inconclusive: 0 

# ===== Run 3 of 3: direct byte-level twin parity smoke over this task's
#       eight negative fixtures and three accepted control contracts.
#       Not a Pester run: each contract is handed to BOTH twins as a real
#       child process and their exit code, stdout and stderr are compared
#       byte for byte. This is the evidence that both shells were actually
#       executed rather than reasoned about.

=== AC-006 duplicate concept id
    exit sh=1 ps=1   stdout sh=0 ps=0 bytes   PARITY=IDENTICAL
    sh stderr | V2-DUP-CONCEPT-ID: concepts[2].id: id CONCEPT-ORDER is already declared by an earlier concept; concept ids must be unique
=== AC-007 dangling context
    exit sh=1 ps=1   stdout sh=0 ps=0 bytes   PARITY=IDENTICAL
    sh stderr | V2-DANGLING-CONTEXT: concepts[0].context: context shipping is not declared in contexts
=== AC-008 self + dangling distinction
    exit sh=1 ps=1   stdout sh=0 ps=0 bytes   PARITY=IDENTICAL
    sh stderr | V2-DANGLING-DISTINCTION: concepts[0].distinguished_from[0].concept_id: CONCEPT-ORDER is the concept's own id; a concept cannot be distinguished from itself
    sh stderr | V2-DANGLING-DISTINCTION: concepts[0].distinguished_from[1].concept_id: CONCEPT-GHOST does not resolve to any declared concept id
=== AC-009 dangling term
    exit sh=1 ps=1   stdout sh=0 ps=0 bytes   PARITY=IDENTICAL
    sh stderr | V2-DANGLING-TERM: contexts[0].terms[0].concept_id: CONCEPT-GHOST does not resolve to any declared concept id
=== AC-010 self contradiction
    exit sh=1 ps=1   stdout sh=0 ps=0 bytes   PARITY=IDENTICAL
    sh stderr | V2-SELF-CONTRADICTION: concepts[0]: purchase intent appears in both responsibilities and must_not_own
=== AC-011 duplicate name in context
    exit sh=1 ps=1   stdout sh=0 ps=0 bytes   PARITY=IDENTICAL
    sh stderr | V2-DUP-NAME-IN-CONTEXT: concepts[1].name: name Order is already declared by another concept in context order-taking; names must be unique within a context
=== AC-022(1) pattern on distinguished_from
    exit sh=1 ps=1   stdout sh=0 ps=0 bytes   PARITY=IDENTICAL
    sh stderr | V2-PATTERN: concepts[0].distinguished_from[0].concept_id: value concept-order does not match ^CONCEPT-[A-Z][A-Z0-9-]*$
=== AC-022(2) pattern on term
    exit sh=1 ps=1   stdout sh=0 ps=0 bytes   PARITY=IDENTICAL
    sh stderr | V2-PATTERN: contexts[0].terms[0].concept_id: value concept-order does not match ^CONCEPT-[A-Z][A-Z0-9-]*$
=== CONTROL cross-context same name (expect exit 0)
    exit sh=0 ps=0   stdout sh=0 ps=0 bytes   PARITY=IDENTICAL
=== CONTROL exact string equality (expect exit 0)
    exit sh=0 ps=0   stdout sh=0 ps=0 bytes   PARITY=IDENTICAL
=== CONTROL unmutated base (expect exit 0)
    exit sh=0 ps=0   stdout sh=0 ps=0 bytes   PARITY=IDENTICAL

twin parity mismatches: 0
# parity script exit: 0
