# T-004 RED evidence -- cross-reference integrity pass (REQ-004(d)-(i), AC-022)
#
# Captured with the FINAL test file in place and BOTH validator twins at
# their T-003 state, i.e. with check_cross_references (.sh) and
# Invoke-CrossReferenceCheck (.ps1) still the no-op extension points T-003
# handed over. Their SHA-256 during this run were the values committed at
# HEAD cdfd7f604077be4b1bd1dee494047e8a82397c84:
#   validate-domain-contract.sh  1bc1cc9c2983eb34212b0b29b7fc8313c57ded4a4621f60226f59fa6c87000de
#   validate-domain-contract.ps1 855c5b7b1780c791c7e626501d2d90228229673f43450d07add8cc3747e68c7b
#
# The 16 failures below are exactly this task's 8 negative fixtures run
# against both twins. Everything else passes, and legitimately so: the 169
# checks T-001..T-003 contributed, the 11 fixture-allocation checks, and the
# 6 accepted-control checks. A control asserts that a VALID contract is
# still accepted, which does not depend on the unimplemented pass.
#
# Host: macOS 26.5.2 (Darwin 25.5.0) arm64; pwsh 7.6.2; Pester 4.10.1.
# Command:
#   pwsh -NoProfile -Command 'Import-Module Pester -RequiredVersion 4.10.1; Invoke-Pester -Script "tests/sdd-domain/contract-v2-schema.Tests.ps1"'

Pester v4.10.1
Executing all tests in 'tests/sdd-domain/contract-v2-schema.Tests.ps1'

Executing script tests/sdd-domain/contract-v2-schema.Tests.ps1

  Describing domain-contract.v2.schema.json shape (TEST-001, AC-001)
    [+] the v2 schema file exists 31ms
    [+] parses as valid JSON 16ms

    Context once parsed
      [+] declares draft-07 3ms
      [+] declares the domain-contract/v2 schema const 2ms
      [+] declares root required schema/meta/contexts/concepts, exactly those four 13ms
      [+] declares a v1-shaped meta definition (version/status/generated_from) 11ms
      [+] declares concepts as a required top-level array with minItems 1 3ms
      [+] duplicates the v1 boundedContext/term/aggregate/contextRelation definitions in-file (DD-3) and adds a concept definition 4ms
      [+] does not $ref the v1 schema file (DD-3: definitions are duplicated, not cross-referenced) 1ms
      [+] declares contexts[].terms[].concept_id as optional with the concept-id pattern (REQ-003) 3ms

  Describing domain-contract.v1.schema.json byte-identity drift lock (TEST-002, AC-002, REQ-007)
    [+] the v1 schema file still exists 1ms
    [+] v1 schema file SHA-256 equals the recorded feature-start baseline 2ms

  Describing validate-domain-contract twins exist (TEST-017/TEST-012 preconditions, REQ-004)
    [+] the .sh twin exists 1ms
    [+] the .ps1 twin exists 1ms

  Describing validate-domain-contract fail-closed input handling (TEST-017, AC-017, REQ-004(a))

    Context fixture 1 of 2 -- syntactically broken JSON (truncated body)
      [+] ps1 twin: exits 1 with one V2-PARSE line, no stdout, no stack trace 537ms
      [+] sh twin: exits 1 with one V2-PARSE line, no stdout, no stack trace 53ms

    Context fixture 2 of 2 -- a file larger than the 10 MiB ceiling
      [+] the fixture really does exceed the ceiling (non-vacuity) 32ms
      [+] ps1 twin: exits 1 with one V2-INPUT-TOO-LARGE line, no stdout, no stack trace 539ms
      [+] sh twin: exits 1 with one V2-INPUT-TOO-LARGE line, no stdout, no stack trace 67ms

  Describing validate-domain-contract argument and path errors (REQ-004(a), Edge Cases fail-closed)

    Context no argument
      [+] ps1 twin: exits 1 with one V2-USAGE line 513ms
      [+] sh twin: exits 1 with one V2-USAGE line 34ms

    Context a path that does not exist
      [+] ps1 twin: exits 1 with one V2-INPUT-NOT-FOUND line 536ms
      [+] sh twin: exits 1 with one V2-INPUT-NOT-FOUND line 48ms

    Context a path that is a directory, not a contract file
      [+] ps1 twin: exits 1 with one V2-INPUT-NOT-FILE line 528ms
      [+] sh twin: exits 1 with one V2-INPUT-NOT-FILE line 57ms

    Context a regular file the process may not read (POSIX mode 000)
      [+] ps1 twin: exits 1 with one V2-INPUT-UNREADABLE line [SKIPPED when chmod is unavailable or ineffective] 577ms
      [+] sh twin: exits 1 with one V2-INPUT-UNREADABLE line [SKIPPED when chmod is unavailable or ineffective] 88ms

  Describing validate-domain-contract v2 version dispatch (TEST-012, AC-012, REQ-004(b), DD-6)
    [+] the v1 fixture really declares domain-contract/v1 (non-vacuity) 1ms
    [+] ps1 twin: rejects a domain-contract/v1 contract with one V2-WRONG-SCHEMA line naming the v2-only constraint 543ms
    [+] sh twin: rejects a domain-contract/v1 contract with one V2-WRONG-SCHEMA line naming the v2-only constraint 48ms

  Describing T-003 structural negative fixture allocation (tasks.md Negative Fixture Allocation table)
    [+] contributes exactly 62 negative fixtures 0ms
    [+] allocates 29 fixtures to AC-024 (type mismatch) 0ms
    [+] allocates 7 fixtures to AC-014 (concept required key absent) 0ms
    [+] allocates 7 fixtures to AC-021 (root and meta required key absent) 2ms
    [+] allocates 8 fixtures to AC-023 (minLength) 0ms
    [+] allocates 4 fixtures to AC-020 (nested required inside an optional array) 0ms
    [+] allocates 3 fixtures to AC-018 (pattern) 0ms
    [+] allocates 3 fixtures to AC-019 (minItems) 2ms
    [+] allocates 1 fixture to AC-016 (empty concepts array) 0ms
    [+] gives every fixture a distinct contract body (no fixture silently duplicates another) 13ms
    [+] keeps every fixture body well-formed JSON, so only the declared structural defect is under test 19ms

  Describing validate-domain-contract structural pass -- base fixture acceptance (non-vacuity for the 62 negatives)
    [+] ps1 twin: accepts the unmutated base contract with exit 0 and no output at all 559ms
    [+] sh twin: accepts the unmutated base contract with exit 0 and no output at all 48ms

  Describing validate-domain-contract structural check pass (TEST-014/016/018/019/020/021/023/024, REQ-004(c))
    [+] ps1 twin -- AC-024 (1) root schema is not a string 535ms
    [+] sh twin -- AC-024 (1) root schema is not a string 48ms
    [+] ps1 twin -- AC-024 (2) root meta is not an object 554ms
    [+] sh twin -- AC-024 (2) root meta is not an object 48ms
    [+] ps1 twin -- AC-024 (3) root contexts is not an array 548ms
    [+] sh twin -- AC-024 (3) root contexts is not an array 47ms
    [+] ps1 twin -- AC-024 (4) root concepts is not an array 534ms
    [+] sh twin -- AC-024 (4) root concepts is not an array 47ms
    [+] ps1 twin -- AC-024 (5) meta.version is not a string 564ms
    [+] sh twin -- AC-024 (5) meta.version is not a string 46ms
    [+] ps1 twin -- AC-024 (6) meta.status is not a string 550ms
    [+] sh twin -- AC-024 (6) meta.status is not a string 48ms
    [+] ps1 twin -- AC-024 (7) meta.generated_from is neither a string nor the declared array 550ms
    [+] sh twin -- AC-024 (7) meta.generated_from is neither a string nor the declared array 48ms
    [+] ps1 twin -- AC-024 (8) a concepts[] element is not an object 552ms
    [+] sh twin -- AC-024 (8) a concepts[] element is not an object 49ms
    [+] ps1 twin -- AC-024 (9) concepts[].id is not a string -- reported as a type violation, not a pattern violation 554ms
    [+] sh twin -- AC-024 (9) concepts[].id is not a string -- reported as a type violation, not a pattern violation 48ms
    [+] ps1 twin -- AC-024 (10) concepts[].name is not a string -- reported as a type violation, not a pattern violation 552ms
    [+] sh twin -- AC-024 (10) concepts[].name is not a string -- reported as a type violation, not a pattern violation 48ms
    [+] ps1 twin -- AC-024 (11) concepts[].context is not a string -- reported as a type violation, not a pattern violation 546ms
    [+] sh twin -- AC-024 (11) concepts[].context is not a string -- reported as a type violation, not a pattern violation 48ms
    [+] ps1 twin -- AC-024 (12) concepts[].definition is not a string 549ms
    [+] sh twin -- AC-024 (12) concepts[].definition is not a string 47ms
    [+] ps1 twin -- AC-024 (13) concepts[].essence is not a string 551ms
    [+] sh twin -- AC-024 (13) concepts[].essence is not a string 50ms
    [+] ps1 twin -- AC-024 (14) concepts[].responsibilities is not an array 555ms
    [+] sh twin -- AC-024 (14) concepts[].responsibilities is not an array 48ms
    [+] ps1 twin -- AC-024 (15) concepts[].evidence is not an array 550ms
    [+] sh twin -- AC-024 (15) concepts[].evidence is not an array 48ms
    [+] ps1 twin -- AC-024 (16) concepts[].must_not_own is not an array 548ms
    [+] sh twin -- AC-024 (16) concepts[].must_not_own is not an array 47ms
    [+] ps1 twin -- AC-024 (17) a concepts[].responsibilities element is not a string -- reported as a type violation, not a minLength violation 552ms
    [+] sh twin -- AC-024 (17) a concepts[].responsibilities element is not a string -- reported as a type violation, not a minLength violation 49ms
    [+] ps1 twin -- AC-024 (18) a concepts[].evidence element is not a string -- reported as a type violation, not a minLength violation 553ms
    [+] sh twin -- AC-024 (18) a concepts[].evidence element is not a string -- reported as a type violation, not a minLength violation 49ms
    [+] ps1 twin -- AC-024 (19) a concepts[].must_not_own element is not a string -- reported as a type violation, not a minLength violation 556ms
    [+] sh twin -- AC-024 (19) a concepts[].must_not_own element is not a string -- reported as a type violation, not a minLength violation 48ms
    [+] ps1 twin -- AC-024 (20) concepts[].stakeholder_perspectives is not an array 555ms
    [+] sh twin -- AC-024 (20) concepts[].stakeholder_perspectives is not an array 49ms
    [+] ps1 twin -- AC-024 (21) a stakeholder_perspectives element is not an object 556ms
    [+] sh twin -- AC-024 (21) a stakeholder_perspectives element is not an object 50ms
    [+] ps1 twin -- AC-024 (22) stakeholder_perspectives[].actor is not a string 549ms
    [+] sh twin -- AC-024 (22) stakeholder_perspectives[].actor is not a string 48ms
    [+] ps1 twin -- AC-024 (23) stakeholder_perspectives[].concern is not a string 552ms
    [+] sh twin -- AC-024 (23) stakeholder_perspectives[].concern is not a string 48ms
    [+] ps1 twin -- AC-024 (24) concepts[].distinguished_from is not an array 554ms
    [+] sh twin -- AC-024 (24) concepts[].distinguished_from is not an array 48ms
    [+] ps1 twin -- AC-024 (25) a distinguished_from element is not an object 549ms
    [+] sh twin -- AC-024 (25) a distinguished_from element is not an object 49ms
    [+] ps1 twin -- AC-024 (26) distinguished_from[].concept_id is not a string 552ms
    [+] sh twin -- AC-024 (26) distinguished_from[].concept_id is not a string 47ms
    [+] ps1 twin -- AC-024 (27) distinguished_from[].reasons is not an array 552ms
    [+] sh twin -- AC-024 (27) distinguished_from[].reasons is not an array 48ms
    [+] ps1 twin -- AC-024 (28) a distinguished_from[].reasons element is not a string 558ms
    [+] sh twin -- AC-024 (28) a distinguished_from[].reasons element is not a string 50ms
    [+] ps1 twin -- AC-024 (29) contexts[].terms[].concept_id is not a string 551ms
    [+] sh twin -- AC-024 (29) contexts[].terms[].concept_id is not a string 48ms
    [+] ps1 twin -- AC-014 (1) concepts[].id is absent 547ms
    [+] sh twin -- AC-014 (1) concepts[].id is absent 48ms
    [+] ps1 twin -- AC-014 (2) concepts[].name is absent 551ms
    [+] sh twin -- AC-014 (2) concepts[].name is absent 48ms
    [+] ps1 twin -- AC-014 (3) concepts[].context is absent 549ms
    [+] sh twin -- AC-014 (3) concepts[].context is absent 48ms
    [+] ps1 twin -- AC-014 (4) concepts[].definition is absent 549ms
    [+] sh twin -- AC-014 (4) concepts[].definition is absent 49ms
    [+] ps1 twin -- AC-014 (5) concepts[].essence is absent 582ms
    [+] sh twin -- AC-014 (5) concepts[].essence is absent 51ms
    [+] ps1 twin -- AC-014 (6) concepts[].responsibilities is absent 568ms
    [+] sh twin -- AC-014 (6) concepts[].responsibilities is absent 48ms
    [+] ps1 twin -- AC-014 (7) concepts[].evidence is absent 551ms
    [+] sh twin -- AC-014 (7) concepts[].evidence is absent 48ms
    [+] ps1 twin -- AC-021 (1) root schema is absent 538ms
    [+] sh twin -- AC-021 (1) root schema is absent 51ms
    [+] ps1 twin -- AC-021 (2) root meta is absent 559ms
    [+] sh twin -- AC-021 (2) root meta is absent 48ms
    [+] ps1 twin -- AC-021 (3) root contexts is absent 549ms
    [+] sh twin -- AC-021 (3) root contexts is absent 48ms
    [+] ps1 twin -- AC-021 (4) root concepts is absent -- a different path from the empty concepts array 534ms
    [+] sh twin -- AC-021 (4) root concepts is absent -- a different path from the empty concepts array 49ms
    [+] ps1 twin -- AC-021 (5) meta.version is absent 561ms
    [+] sh twin -- AC-021 (5) meta.version is absent 50ms
    [+] ps1 twin -- AC-021 (6) meta.status is absent 553ms
    [+] sh twin -- AC-021 (6) meta.status is absent 48ms
    [+] ps1 twin -- AC-021 (7) meta.generated_from is absent 547ms
    [+] sh twin -- AC-021 (7) meta.generated_from is absent 49ms
    [+] ps1 twin -- AC-023 (1) concepts[].definition is an empty string 550ms
    [+] sh twin -- AC-023 (1) concepts[].definition is an empty string 48ms
    [+] ps1 twin -- AC-023 (2) concepts[].essence is an empty string 551ms
    [+] sh twin -- AC-023 (2) concepts[].essence is an empty string 50ms
    [+] ps1 twin -- AC-023 (3) a concepts[].responsibilities element is an empty string 549ms
    [+] sh twin -- AC-023 (3) a concepts[].responsibilities element is an empty string 50ms
    [+] ps1 twin -- AC-023 (4) a concepts[].evidence element is an empty string 547ms
    [+] sh twin -- AC-023 (4) a concepts[].evidence element is an empty string 49ms
    [+] ps1 twin -- AC-023 (5) a concepts[].must_not_own element is an empty string 550ms
    [+] sh twin -- AC-023 (5) a concepts[].must_not_own element is an empty string 49ms
    [+] ps1 twin -- AC-023 (6) stakeholder_perspectives[].actor is an empty string 555ms
    [+] sh twin -- AC-023 (6) stakeholder_perspectives[].actor is an empty string 49ms
    [+] ps1 twin -- AC-023 (7) stakeholder_perspectives[].concern is an empty string 558ms
    [+] sh twin -- AC-023 (7) stakeholder_perspectives[].concern is an empty string 49ms
    [+] ps1 twin -- AC-023 (8) a distinguished_from[].reasons element is an empty string 551ms
    [+] sh twin -- AC-023 (8) a distinguished_from[].reasons element is an empty string 49ms
    [+] ps1 twin -- AC-020 (1) stakeholder_perspectives[].actor is absent 550ms
    [+] sh twin -- AC-020 (1) stakeholder_perspectives[].actor is absent 48ms
    [+] ps1 twin -- AC-020 (2) stakeholder_perspectives[].concern is absent 552ms
    [+] sh twin -- AC-020 (2) stakeholder_perspectives[].concern is absent 49ms
    [+] ps1 twin -- AC-020 (3) distinguished_from[].concept_id is absent 555ms
    [+] sh twin -- AC-020 (3) distinguished_from[].concept_id is absent 50ms
    [+] ps1 twin -- AC-020 (4) distinguished_from[].reasons is absent 553ms
    [+] sh twin -- AC-020 (4) distinguished_from[].reasons is absent 49ms
    [+] ps1 twin -- AC-018 (1) concepts[].id does not match the concept-id pattern 555ms
    [+] sh twin -- AC-018 (1) concepts[].id does not match the concept-id pattern 48ms
    [+] ps1 twin -- AC-018 (2) concepts[].name does not match the PascalCase pattern 552ms
    [+] sh twin -- AC-018 (2) concepts[].name does not match the PascalCase pattern 48ms
    [+] ps1 twin -- AC-018 (3) concepts[].context does not match the kebab-case pattern 561ms
    [+] sh twin -- AC-018 (3) concepts[].context does not match the kebab-case pattern 49ms
    [+] ps1 twin -- AC-019 (1) concepts[].responsibilities is an empty array 553ms
    [+] sh twin -- AC-019 (1) concepts[].responsibilities is an empty array 48ms
    [+] ps1 twin -- AC-019 (2) concepts[].evidence is an empty array 550ms
    [+] sh twin -- AC-019 (2) concepts[].evidence is an empty array 49ms
    [+] ps1 twin -- AC-019 (3) distinguished_from[].reasons is an empty array 549ms
    [+] sh twin -- AC-019 (3) distinguished_from[].reasons is an empty array 49ms
    [+] ps1 twin -- AC-016 (1) concepts is an empty array 537ms
    [+] sh twin -- AC-016 (1) concepts is an empty array 48ms

  Describing validate-domain-contract structural pass enumerates every violation (design.md Error Handling, DD-7)
    [+] ps1 twin: a contract with two independent violations produces exactly two stderr lines 558ms
    [+] sh twin: a contract with two independent violations produces exactly two stderr lines 48ms

  Describing T-004 cross-reference negative fixture allocation (tasks.md Negative Fixture Allocation table)
    [+] contributes exactly 8 negative fixtures 0ms
    [+] allocates 1 fixture to AC-006 (duplicate concept id) 0ms
    [+] allocates 1 fixture to AC-007 (dangling concept.context) 0ms
    [+] allocates 1 fixture to AC-008 (dangling distinguished_from.concept_id, self-reference included) 0ms
    [+] allocates 1 fixture to AC-009 (dangling term.concept_id) 0ms
    [+] allocates 1 fixture to AC-010 (responsibilities / must_not_own self-contradiction) 1ms
    [+] allocates 1 fixture to AC-011 (duplicate name within one context) 0ms
    [+] allocates 2 fixtures to AC-022 (reference-field pattern violations) 0ms
    [+] gives every fixture a distinct contract body (no fixture silently duplicates another) 0ms
    [+] keeps every fixture body well-formed JSON, so only the declared cross-reference defect is under test 3ms
    [+] makes every fixture a real mutation of the accepted base contract 2ms

  Describing validate-domain-contract cross-reference integrity pass (TEST-006/007/008/009/010/011/022, REQ-004(d)-(i))
    [-] ps1 twin -- AC-006 (1) two concepts declare the same id -- stderr names the duplicated id 556ms
      Expected 1, but got 0.
      1182:     $Result.ExitCode | Should Be 1
      at Assert-CrossReferenceViolations, /Users/jrmag/Projects/active/sdd-forge/tests/sdd-domain/contract-v2-schema.Tests.ps1: line 1182
      at <ScriptBlock>, /Users/jrmag/Projects/active/sdd-forge/tests/sdd-domain/contract-v2-schema.Tests.ps1: line 1391
    [-] sh twin -- AC-006 (1) two concepts declare the same id -- stderr names the duplicated id 48ms
      Expected 1, but got 0.
      1182:     $Result.ExitCode | Should Be 1
      at Assert-CrossReferenceViolations, /Users/jrmag/Projects/active/sdd-forge/tests/sdd-domain/contract-v2-schema.Tests.ps1: line 1182
      at <ScriptBlock>, /Users/jrmag/Projects/active/sdd-forge/tests/sdd-domain/contract-v2-schema.Tests.ps1: line 1401
    [-] ps1 twin -- AC-007 (1) concepts[].context names a context no contexts[] entry declares 548ms
      Expected 1, but got 0.
      1182:     $Result.ExitCode | Should Be 1
      at Assert-CrossReferenceViolations, /Users/jrmag/Projects/active/sdd-forge/tests/sdd-domain/contract-v2-schema.Tests.ps1: line 1182
      at <ScriptBlock>, /Users/jrmag/Projects/active/sdd-forge/tests/sdd-domain/contract-v2-schema.Tests.ps1: line 1391
    [-] sh twin -- AC-007 (1) concepts[].context names a context no contexts[] entry declares 47ms
      Expected 1, but got 0.
      1182:     $Result.ExitCode | Should Be 1
      at Assert-CrossReferenceViolations, /Users/jrmag/Projects/active/sdd-forge/tests/sdd-domain/contract-v2-schema.Tests.ps1: line 1182
      at <ScriptBlock>, /Users/jrmag/Projects/active/sdd-forge/tests/sdd-domain/contract-v2-schema.Tests.ps1: line 1401
    [-] ps1 twin -- AC-008 (1) distinguished_from points at the concept itself and at an undeclared id 553ms
      Expected 1, but got 0.
      1182:     $Result.ExitCode | Should Be 1
      at Assert-CrossReferenceViolations, /Users/jrmag/Projects/active/sdd-forge/tests/sdd-domain/contract-v2-schema.Tests.ps1: line 1182
      at <ScriptBlock>, /Users/jrmag/Projects/active/sdd-forge/tests/sdd-domain/contract-v2-schema.Tests.ps1: line 1391
    [-] sh twin -- AC-008 (1) distinguished_from points at the concept itself and at an undeclared id 48ms
      Expected 1, but got 0.
      1182:     $Result.ExitCode | Should Be 1
      at Assert-CrossReferenceViolations, /Users/jrmag/Projects/active/sdd-forge/tests/sdd-domain/contract-v2-schema.Tests.ps1: line 1182
      at <ScriptBlock>, /Users/jrmag/Projects/active/sdd-forge/tests/sdd-domain/contract-v2-schema.Tests.ps1: line 1401
    [-] ps1 twin -- AC-009 (1) contexts[].terms[].concept_id names an id no concept declares 552ms
      Expected 1, but got 0.
      1182:     $Result.ExitCode | Should Be 1
      at Assert-CrossReferenceViolations, /Users/jrmag/Projects/active/sdd-forge/tests/sdd-domain/contract-v2-schema.Tests.ps1: line 1182
      at <ScriptBlock>, /Users/jrmag/Projects/active/sdd-forge/tests/sdd-domain/contract-v2-schema.Tests.ps1: line 1391
    [-] sh twin -- AC-009 (1) contexts[].terms[].concept_id names an id no concept declares 47ms
      Expected 1, but got 0.
      1182:     $Result.ExitCode | Should Be 1
      at Assert-CrossReferenceViolations, /Users/jrmag/Projects/active/sdd-forge/tests/sdd-domain/contract-v2-schema.Tests.ps1: line 1182
      at <ScriptBlock>, /Users/jrmag/Projects/active/sdd-forge/tests/sdd-domain/contract-v2-schema.Tests.ps1: line 1401
    [-] ps1 twin -- AC-010 (1) one concept lists the identical string in responsibilities and must_not_own 545ms
      Expected 1, but got 0.
      1182:     $Result.ExitCode | Should Be 1
      at Assert-CrossReferenceViolations, /Users/jrmag/Projects/active/sdd-forge/tests/sdd-domain/contract-v2-schema.Tests.ps1: line 1182
      at <ScriptBlock>, /Users/jrmag/Projects/active/sdd-forge/tests/sdd-domain/contract-v2-schema.Tests.ps1: line 1391
    [-] sh twin -- AC-010 (1) one concept lists the identical string in responsibilities and must_not_own 48ms
      Expected 1, but got 0.
      1182:     $Result.ExitCode | Should Be 1
      at Assert-CrossReferenceViolations, /Users/jrmag/Projects/active/sdd-forge/tests/sdd-domain/contract-v2-schema.Tests.ps1: line 1182
      at <ScriptBlock>, /Users/jrmag/Projects/active/sdd-forge/tests/sdd-domain/contract-v2-schema.Tests.ps1: line 1401
    [-] ps1 twin -- AC-011 (1) two concepts share a name inside one context 547ms
      Expected 1, but got 0.
      1182:     $Result.ExitCode | Should Be 1
      at Assert-CrossReferenceViolations, /Users/jrmag/Projects/active/sdd-forge/tests/sdd-domain/contract-v2-schema.Tests.ps1: line 1182
      at <ScriptBlock>, /Users/jrmag/Projects/active/sdd-forge/tests/sdd-domain/contract-v2-schema.Tests.ps1: line 1391
    [-] sh twin -- AC-011 (1) two concepts share a name inside one context 47ms
      Expected 1, but got 0.
      1182:     $Result.ExitCode | Should Be 1
      at Assert-CrossReferenceViolations, /Users/jrmag/Projects/active/sdd-forge/tests/sdd-domain/contract-v2-schema.Tests.ps1: line 1182
      at <ScriptBlock>, /Users/jrmag/Projects/active/sdd-forge/tests/sdd-domain/contract-v2-schema.Tests.ps1: line 1401
    [-] ps1 twin -- AC-022 (1) distinguished_from[].concept_id violates the concept-id pattern -- a pattern violation, not a dangling reference 548ms
      Expected 1, but got 0.
      1182:     $Result.ExitCode | Should Be 1
      at Assert-CrossReferenceViolations, /Users/jrmag/Projects/active/sdd-forge/tests/sdd-domain/contract-v2-schema.Tests.ps1: line 1182
      at <ScriptBlock>, /Users/jrmag/Projects/active/sdd-forge/tests/sdd-domain/contract-v2-schema.Tests.ps1: line 1391
    [-] sh twin -- AC-022 (1) distinguished_from[].concept_id violates the concept-id pattern -- a pattern violation, not a dangling reference 47ms
      Expected 1, but got 0.
      1182:     $Result.ExitCode | Should Be 1
      at Assert-CrossReferenceViolations, /Users/jrmag/Projects/active/sdd-forge/tests/sdd-domain/contract-v2-schema.Tests.ps1: line 1182
      at <ScriptBlock>, /Users/jrmag/Projects/active/sdd-forge/tests/sdd-domain/contract-v2-schema.Tests.ps1: line 1401
    [-] ps1 twin -- AC-022 (2) contexts[].terms[].concept_id violates the concept-id pattern -- a pattern violation, not a dangling reference 547ms
      Expected 1, but got 0.
      1182:     $Result.ExitCode | Should Be 1
      at Assert-CrossReferenceViolations, /Users/jrmag/Projects/active/sdd-forge/tests/sdd-domain/contract-v2-schema.Tests.ps1: line 1182
      at <ScriptBlock>, /Users/jrmag/Projects/active/sdd-forge/tests/sdd-domain/contract-v2-schema.Tests.ps1: line 1391
    [-] sh twin -- AC-022 (2) contexts[].terms[].concept_id violates the concept-id pattern -- a pattern violation, not a dangling reference 47ms
      Expected 1, but got 0.
      1182:     $Result.ExitCode | Should Be 1
      at Assert-CrossReferenceViolations, /Users/jrmag/Projects/active/sdd-forge/tests/sdd-domain/contract-v2-schema.Tests.ps1: line 1182
      at <ScriptBlock>, /Users/jrmag/Projects/active/sdd-forge/tests/sdd-domain/contract-v2-schema.Tests.ps1: line 1401

  Describing validate-domain-contract permits the same concept name in different contexts (tasks.md Done When; INV-012)
    [+] the control contract really does carry one name in two different contexts (non-vacuity) 3ms
    [+] ps1 twin: accepts it with exit 0 and no output at all 551ms
    [+] sh twin: accepts it with exit 0 and no output at all 47ms

  Describing validate-domain-contract compares responsibilities and must_not_own by exact string equality (REQ-004(h))
    [+] the control contract's must_not_own entries differ from the responsibility only in case and surrounding whitespace (non-vacuity) 2ms
    [+] ps1 twin: accepts it with exit 0 and no output at all 551ms
    [+] sh twin: accepts it with exit 0 and no output at all 47ms
Tests completed in 49.26s
Tests Passed: 186, Failed: 16, Skipped: 0, Pending: 0, Inconclusive: 0 
