PASS: TEST-005 anchor rejected
PASS: TEST-005 alias rejected
PASS: TEST-005 custom tag rejected
PASS: TEST-005 duplicate key rejected
PASS: TEST-006 1.1-only tokens (yes/no/on/off, any casing) stay strings; true/TRUE/FALSE resolve as booleans
PASS: TEST-007 precomposed vs. decomposed NFC fixture pair produce byte-identical canonical output
PASS: TEST-007 precomposed vs. decomposed NFC fixture pair produce an identical SHA-256
PASS: TEST-008 JCS golden byte sequence (key sort, hex int, trailing-zero float, bool/null)
PASS: TEST-009 .py and .ps1 produce an identical SHA-256
PASS: TEST-009 .sh produces the identical SHA-256 as .py
PASS: TEST-009 .js produces the identical SHA-256 as .py
PASS: TEST-009 .ps1 dispatch-not-reimplement proof (.ps1 alone, without .py, fails -- no native PowerShell fallback exists)
PASS: TEST-009 .ps1 denies fail-closed with CANONICALIZER_RUNTIME_UNAVAILABLE (exit 3) when no python3/python is on PATH
PASS: TEST-037 multi-document rejection
PASS: TEST-037 non-string-key rejection
PASS: TEST-037 post-NFC duplicate-key collision rejection
PASS: TEST-037 non-finite number rejection (.inf)
PASS: TEST-037 non-finite number rejection (.nan)
PASS: TEST-037 RFC 8785 §3.2.2.3 numeric-formatting boundary vector (1e20/1e21, 1e-6/1e-7)
PASS: TEST-037 byte-exact stdout framing: default mode has no trailing newline byte
PASS: TEST-037 byte-exact stdout framing: default mode byte count matches exactly (51 bytes)
PASS: TEST-037 byte-exact stdout framing: --hash-only emits exactly 'sha256:' + 64 hex chars
PASS: TEST-037 byte-exact stdout framing: --hash-only output ends with exactly one trailing newline
PASS: TEST-037 exit-code table: every rejection category exercised by this suite uses a distinct, stable, non-zero exit code
PASS: self-registration: tests/canonicalize-sdd-yaml.tests.sh registered in tests/run-all.sh
PASS: self-registration: tests/canonicalize-sdd-yaml.tests.ps1 registered in tests/run-all.ps1
PASS: 26
FAIL: 0
