===== T-005 gate Done-decision checks: 2026-08-17T11:15:00Z =====
----- check-evidence-bundle T-005.evidence.json -----
Verification contract passed for task T-005.
Evidence bundle passed for task T-005.
exit=0
----- check-task-state (post-Done) -----
Verification contract passed for task T-001.
Evidence bundle passed for task T-001.
Verification contract passed for task T-002.
Evidence bundle passed for task T-002.
Verification contract passed for task T-003.
Evidence bundle passed for task T-003.
Verification contract passed for task T-004.
Evidence bundle passed for task T-004.
Verification contract passed for task T-005.
Evidence bundle passed for task T-005.
Task state check passed for 5 task(s).
exit=0
----- check-workflow-state (post-Done) -----
workflow-state: ok
exit=0
