T-005 GREEN evidence (pwsh) -- full suite, clean tree
======================================================

--- tests/facet-manifest-schema.tests.ps1 ---
ok: TEST-001: $schema is draft-07
ok: TEST-001: $id exact match (https://github.com/aharada54914/sdd-forge/contracts/facet-manifest.schema.json)
ok: TEST-002 positive baseline: valid-base.json valid (exit 0, no diagnostics)
ok: TEST-002 YAML round-trip (real canonicalizer subprocess): canonicalizer-roundtrip-valid.yaml valid (exit 0, no diagnostics)
ok: TEST-002: required-missing-schema.json invalid as expected (contains 'missing required property 'schema'')
ok: TEST-002: required-missing-feature.json invalid as expected (contains 'missing required property 'feature'')
ok: TEST-002: required-missing-affected-components.json invalid as expected (contains 'missing required property 'affected_components'')
ok: TEST-002: required-missing-required-facets.json invalid as expected (contains 'missing required property 'required_facets'')
ok: TEST-002: required-missing-conditional-facets.json invalid as expected (contains 'missing required property 'conditional_facets'')
ok: TEST-002: required-missing-resolved-gates.json invalid as expected (contains 'missing required property 'resolved_gates'')
ok: TEST-002: required-missing-capabilities.json invalid as expected (contains 'missing required property 'capabilities'')
ok: TEST-002: required-missing-lite-eligibility.json invalid as expected (contains 'missing required property 'lite_eligibility'')
ok: TEST-002: required-missing-context-binding.json invalid as expected (contains 'missing required property 'context_binding'')
ok: TEST-002: required-missing-resolver.json invalid as expected (contains 'missing required property 'resolver'')
ok: TEST-003: empty-arrays-valid.json valid (exit 0, no diagnostics)
ok: TEST-003: duplicate-affected-components.json invalid as expected (contains 'uniqueItems violated')
ok: TEST-003: duplicate-required-facets.json invalid as expected (contains 'uniqueItems violated')
ok: TEST-003: duplicate-capabilities.json invalid as expected (contains 'uniqueItems violated')
ok: TEST-004: conditional-facet-applied-false-missing-reason.json invalid as expected (contains 'missing required property 'reason'')
ok: TEST-004: conditional-facet-applied-true-with-reason.json invalid as expected (contains 'matched a schema under 'not'')
ok: TEST-004: conditional-facet-applied-true-valid.json valid (exit 0, no diagnostics)
ok: TEST-004 acceptance case (applied: false WITH reason): conditional-facet-applied-false-with-reason-valid.json valid (exit 0, no diagnostics)
ok: TEST-005: evidence-invalid-operator.json invalid as expected (contains 'expected one of')
ok: TEST-005: evidence-warn-missing-reason.json invalid as expected (contains 'missing required property 'reason'')
ok: TEST-005: evidence-warn-with-reason-valid.json valid (exit 0, no diagnostics)
ok: TEST-006: resolved-gate-invalid-stage.json invalid as expected (contains 'expected one of')
ok: TEST-006: resolved-gate-valid-multi.json valid (exit 0, no diagnostics)
ok: TEST-006: resolved-gate-missing-id.json invalid as expected (contains 'missing required property 'id'')
ok: TEST-006: resolved-gate-missing-stage.json invalid as expected (contains 'missing required property 'stage'')
ok: TEST-006: resolved-gate-missing-blocking.json invalid as expected (contains 'missing required property 'blocking'')
ok: TEST-007: capability-minimum-enforcement-invalid-value.json invalid as expected (contains 'expected const 'required'')
ok: TEST-007: capability-minimum-enforcement-absent-valid.json valid (exit 0, no diagnostics)
ok: TEST-007: capability-minimum-enforcement-aggregate-valid.json valid (exit 0, no diagnostics)
ok: TEST-008: lite-eligibility-missing-upgrade-reasons.json invalid as expected (contains 'missing required property 'upgrade_reasons'')
ok: TEST-008: lite-eligibility-empty-upgrade-reasons-valid.json valid (exit 0, no diagnostics)
ok: TEST-008: lite-eligibility-missing-eligible.json invalid as expected (contains 'missing required property 'eligible'')
ok: TEST-009: context-binding-malformed-digest.json invalid as expected (contains 'does not match pattern')
ok: TEST-009: context-binding-empty-dependency-pointers.json invalid as expected (contains '< minItems 1')
ok: TEST-009: context-binding-full-context-revision-malformed-digest.json invalid as expected (contains '/context_binding/full_context_revision: does not match pattern')
ok: TEST-009: context-binding-projection-sha256-malformed-digest.json invalid as expected (contains '/context_binding/projection_sha256: does not match pattern')
ok: TEST-009: context-binding-registry-digest-malformed-digest.json invalid as expected (contains '/context_binding/registry_digest: does not match pattern')
ok: TEST-009: context-binding-ownership-digest-malformed-digest.json invalid as expected (contains '/context_binding/ownership_digest: does not match pattern')
ok: TEST-010: resolver-malformed-semver.json invalid as expected (contains 'does not match pattern')
ok: TEST-010: resolver-valid-semver.json valid (exit 0, no diagnostics)
ok: TEST-011: decision-doc-v2-section16-worked-example.json valid (exit 0, no diagnostics)
ok: TEST-017: dependency-pointer-root-not-allowlisted.json invalid as expected (contains 'does not match pattern')
ok: TEST-018: dependency-pointer-malformed-rfc6901.json invalid as expected (contains 'does not match pattern')
ok: TEST-017/018: dependency-pointer-all-roots-valid.json valid (exit 0, no diagnostics)
ok: TEST-041: covered by evidence-warn-{missing-reason,with-reason-valid} above
ok: TEST-048: upgrade-reasons-duplicate.json invalid as expected (contains 'uniqueItems violated')
ok: ECMA pattern semantics: trailing-newline digest rejected: context-binding-registry-digest-trailing-newline.json invalid as expected (contains '/context_binding/registry_digest: does not match pattern')
ok: ECMA pattern semantics: trailing-newline digest rejected: resolver-version-trailing-newline.json invalid as expected (contains '/resolver/version: does not match pattern')
ok: canonicalizer-invocation-failed: nonexistent .yaml path fails closed (exit=1, contains diagnostic)
ok: manifest-unreadable: non-UTF-8 byte input fails closed (exit=1, single-line diagnostic, no traceback)
ok: manifest-unreadable: non-UTF-8 byte input diagnostic is exactly one line
ok: TEST-034: facet-manifest.yaml/capability-summary.yaml alongside specs/<feature>/ files does not break check-sdd-structure.sh
ok: self-registration: tests/run-all.ps1 lists this suite

facet-manifest-schema: 57 passed, 0 failed

--- tests/facet-manifest-semantics.tests.ps1 ---
ok: TEST-028: schema-invalid.json invalid as expected (contains 'facet-manifest: schema-invalid:')
ok: TEST-028: resolved-gate-id-duplicate.json invalid as expected (contains 'facet-manifest: resolved-gate-id-duplicate:')
ok: TEST-028: facet-classification-conflict.json invalid as expected (contains 'facet-manifest: facet-classification-conflict:')
ok: TEST-028: conditional-facet-duplicate.json invalid as expected (contains 'facet-manifest: conditional-facet-duplicate:')
ok: TEST-028: affected-components-not-sorted.json invalid as expected (contains 'facet-manifest: array-not-stable-sorted:')
ok: TEST-028 negative proof: fully-clean.json valid (exit 0, no diagnostics)
ok: AC-047: conditional-facet-duplicate.json invalid as expected (contains 'duplicate conditional_facets facet')
ok: array-not-stable-sorted: required-facets-not-sorted.json invalid as expected (contains 'facet-manifest: array-not-stable-sorted: /required_facets:')
ok: array-not-stable-sorted: capabilities-not-sorted.json invalid as expected (contains 'facet-manifest: array-not-stable-sorted: /capabilities:')
ok: array-not-stable-sorted / AC-048 semantic half: upgrade-reasons-not-sorted.json invalid as expected (contains 'facet-manifest: array-not-stable-sorted: /lite_eligibility/upgrade_reasons:')
ok: array-not-stable-sorted: conditional-facets-not-sorted.json invalid as expected (contains 'facet-manifest: array-not-stable-sorted: /conditional_facets:')
ok: array-not-stable-sorted: resolved-gates-not-sorted.json invalid as expected (contains 'facet-manifest: array-not-stable-sorted: /resolved_gates:')
ok: determinism: single-diagnostic fixture emits exactly one line, matching expected text exactly
ok: determinism: multi-diagnostic fixture emits 4 lines in exact (check-id, pointer) ascending order
ok: self-registration: tests/run-all.ps1 lists this suite

facet-manifest-semantics: 15 passed, 0 failed

--- tests/capability-summary-schema.tests.ps1 ---
ok: contracts/capability-summary.schema.json exists
ok: $schema is draft-07
ok: $id exact match (https://github.com/aharada54914/sdd-forge/contracts/capability-summary.schema.json)
ok: TEST-012: top-level 'required' is exactly the six-field Lite-only set
ok: TEST-012: 'track' is const 'lite' -- no full-track branch in this schema
ok: TEST-012: required-missing-schema.json invalid as expected (contains 'missing required property 'schema'')
ok: TEST-012: required-missing-feature.json invalid as expected (contains 'missing required property 'feature'')
ok: TEST-012: required-missing-track.json invalid as expected (contains 'missing required property 'track'')
ok: TEST-012: required-missing-capabilities.json invalid as expected (contains 'missing required property 'capabilities'')
ok: TEST-012: required-missing-required-lite-checks.json invalid as expected (contains 'missing required property 'required_lite_checks'')
ok: TEST-012: required-missing-full-upgrade-required.json invalid as expected (contains 'missing required property 'full_upgrade_required'')
ok: TEST-013: decision-doc-v2-section6-worked-example.json valid (exit 0, no diagnostics)
ok: TEST-013 YAML round-trip (real canonicalizer subprocess): canonicalizer-roundtrip-valid.yaml valid (exit 0, no diagnostics)
ok: TEST-014: extra-property-facet-manifest-ref-invalid.json invalid as expected (contains '/facet_manifest_ref: additional property not allowed')
ok: TEST-012 regression: track-invalid-value.json invalid as expected (contains '/track: expected const 'lite', got 'full'')
ok: feature pattern regression: feature-invalid-pattern.json invalid as expected (contains '/feature: does not match pattern')
ok: ECMA pattern semantics: trailing-newline feature rejected: feature-trailing-newline.json invalid as expected (contains '/feature: does not match pattern')
ok: diagnostic determinism: multi-diagnostic-ordering.json emits exactly 2 lines in (check-id, pointer) order
ok: TEST-029: validate-capability-summary.py exits 0 on AC-013's own worked-example fixture
ok: TEST-029: validate-capability-summary.py exits non-zero with 'capability-summary: schema-invalid:' on AC-014's fixture
ok: canonicalizer-invocation-failed: nonexistent .yaml path fails closed (exit=1, contains diagnostic)
ok: summary-unreadable: non-UTF-8 byte input fails closed (exit=1, single-line diagnostic, no traceback)
ok: summary-unreadable: non-UTF-8 byte input diagnostic is exactly one line
ok: self-registration: tests/run-all.ps1 lists this suite

capability-summary-schema: 24 passed, 0 failed

--- tests/context-projection-schema.tests.ps1 ---
ok: contracts/context-projection.schema.json exists
ok: $schema is draft-07
ok: $id exact match (https://github.com/aharada54914/sdd-forge/contracts/context-projection.schema.json)
ok: top-level 'required' is exactly the five-field set (AC-015)
ok: workflow.required is exactly the three-field set
ok: top-level required: required-missing-schema.json invalid as expected (contains 'missing required property 'schema'')
ok: top-level required: required-missing-source-sha256.json invalid as expected (contains 'missing required property 'source_sha256'')
ok: top-level required: required-missing-workflow.json invalid as expected (contains 'missing required property 'workflow'')
ok: top-level required: required-missing-components.json invalid as expected (contains 'missing required property 'components'')
ok: top-level required: required-missing-shared-paths.json invalid as expected (contains 'missing required property 'shared_paths'')
ok: workflow required: workflow-missing-spec-profile.json invalid as expected (contains '/workflow/spec_profile: missing required property 'spec_profile'')
ok: workflow required: workflow-missing-artifact-layout.json invalid as expected (contains '/workflow/artifact_layout: missing required property 'artifact_layout'')
ok: workflow required: workflow-missing-capability-enforcement.json invalid as expected (contains '/workflow/capability_enforcement: missing required property 'capability_enforcement'')
ok: spec_profile enum: workflow-spec-profile-invalid.json invalid as expected (contains '/workflow/spec_profile: expected one of ['full', 'lite']')
ok: artifact_layout enum: workflow-artifact-layout-invalid.json invalid as expected (contains '/workflow/artifact_layout: expected one of ['lite-three-file', 'legacy-seven-layer', 'facet-hybrid', 'facet-native']')
ok: capability_enforcement enum: workflow-capability-enforcement-invalid.json invalid as expected (contains '/workflow/capability_enforcement: expected one of ['advisory', 'required']')
ok: schema const: schema-invalid-const.json invalid as expected (contains '/schema: expected const 'sdd-context-projection/v1'')
ok: TEST-015: rekeyed-two-component-non-slug-id.json valid (exit 0, no diagnostics)
ok: TEST-015: components re-keys to exactly two id-valued keys (incl. non-slug 'Desktop/App'), no 'id' sub-field
ok: TEST-015 (B8 source-omission): source-omission-empty-valid.json valid (exit 0, no diagnostics)
ok: TEST-015 (B8): source-omission fixture materializes components: {} / shared_paths: []
ok: TEST-016: /components/desktop-client/artifact_kinds resolves to a real value (executable,installer)
ok: TEST-030: rekeyed-two-component-non-slug-id.json valid (exit 0, no diagnostics)
ok: TEST-030: components-still-array-shaped.json invalid as expected (contains '/components: expected type 'object', got list')
ok: AC-015 components propertyNames: components-empty-string-key.json invalid as expected (contains '/components/: length 0 < minLength 1')
ok: AC-015 projectedComponent additionalProperties: component-unknown-field.json invalid as expected (contains '/components/desktop-client/bogus_field: additional property not allowed')
ok: AC-015 projectedComponent $ref (platform_targets required): platform-targets-missing-architecture.json invalid as expected (contains '/components/desktop-client/platform_targets/0/architecture: missing required property 'architecture'')
ok: AC-015 projectedComponent $ref (characteristics type): characteristics-pii-non-boolean.json invalid as expected (contains '/components/desktop-client/characteristics/pii: expected type 'boolean', got str')
ok: TEST-042 (bounded): shared-path-bounded-valid.json valid (exit 0, no diagnostics)
ok: TEST-042 (unbounded): shared-path-unbounded-valid.json valid (exit 0, no diagnostics)
ok: TEST-042 (both): shared-path-both-rejected.json invalid as expected (contains '/shared_paths/0: expected exactly one 'oneOf' branch to match, 2 matched')
ok: TEST-042 (neither): shared-path-neither-rejected.json invalid as expected (contains '/shared_paths/0: expected exactly one 'oneOf' branch to match, 0 matched')
ok: shared_paths[] required 'pattern': shared-path-missing-pattern.json invalid as expected (contains '/shared_paths/0/pattern: missing required property 'pattern'')
ok: source_sha256 pattern regression: source-sha256-malformed-digest.json invalid as expected (contains '/source_sha256: does not match pattern')
ok: provider_bindings_sha256 pattern regression: provider-bindings-sha256-malformed-digest.json invalid as expected (contains '/provider_bindings_sha256: does not match pattern')
ok: ECMA pattern semantics: trailing-newline source_sha256 rejected: source-sha256-trailing-newline.json invalid as expected (contains '/source_sha256: does not match pattern')
ok: diagnostic determinism: multi-diagnostic-ordering.json emits exactly 2 lines in (check-id, pointer) order
ok: projection-unreadable: nonexistent .json path fails closed (exit=1, contains diagnostic)
ok: projection-unreadable: non-UTF-8 byte input fails closed (exit=1, diagnostic present, no traceback)
ok: self-registration: tests/run-all.ps1 lists this suite

context-projection-schema: 40 passed, 0 failed

--- tests/facet-manifest-staleness.tests.ps1 ---
ok: TEST-019 digest-only-change not-stale lock: base-old.json vs registry-digest-only-new.json -> fresh:metadata-only-refresh (exit=0, stdout pinned, stderr empty)
ok: TEST-020 same-gate-ID attribute-change stale lock: base-old.json vs gate-blocking-change-new.json -> stale:semantic-output-changed (exit=1, stdout pinned, stderr empty)
ok: TEST-021 evidence-inclusion lock (reversed): base-old.json vs evidence-change-new.json -> stale:semantic-output-changed (exit=1, stdout pinned, stderr empty)
ok: TEST-022 minimum-enforcement-tightening lock: minimum-enforcement-old.json vs minimum-enforcement-new.json -> stale:semantic-output-changed (exit=1, stdout pinned, stderr empty)
ok: TEST-023 Policy-Weakening short-circuit lock: base-old.json vs projection-digest-only-new.json -> blocked:policy-weakening-blocked:projection (exit=2, stdout pinned, stderr empty)
ok: TEST-024(1) fail-closed lock (indeterminate): base-old.json vs registry-digest-only-new.json -> blocked:weakening-verdict-indeterminate:registry (exit=2, stdout pinned, stderr empty)
ok: TEST-024(2) forward-compatibility sub-case (not-weakened): base-old.json vs registry-digest-only-new.json -> fresh:metadata-only-refresh (exit=0, stdout pinned, stderr empty)
ok: TEST-039 unchanged-digests WARN-only lock: base-old.json vs no-axis-change-semantic-differs-new.json -> fresh:unchanged (exit=0, stdout pinned, stderr empty)
ok: TEST-040(1) ownership-axis not-weakened -> not stale: base-old.json vs ownership-digest-only-new.json -> fresh:metadata-only-refresh (exit=0, stdout pinned, stderr empty)
ok: TEST-040(2) ownership-axis indeterminate -> Block: base-old.json vs ownership-digest-only-new.json -> blocked:weakening-verdict-indeterminate:ownership (exit=2, stdout pinned, stderr empty)
ok: branch-1 all-changed-axes lock (registry not-weakened, ownership weakened): base-old.json vs multi-axis-mixed-verdict-new.json -> blocked:policy-weakening-blocked:ownership (exit=2, stdout pinned, stderr empty)
ok: branch-1 fixed-axis-order precedence lock (registry indeterminate wins over ownership weakened): base-old.json vs multi-axis-mixed-verdict-new.json -> blocked:weakening-verdict-indeterminate:registry (exit=2, stdout pinned, stderr empty)
ok: TEST-025 patch-tier no-op lock: base-old.json vs patch-bump-new.json -> fresh:unchanged (exit=0, stdout pinned, stderr empty)
ok: TEST-026(1) minor-tier impact assessment, semantic output changed: base-old.json vs minor-bump-changed-new.json -> stale:semantic-output-changed (exit=1, stdout pinned, stderr empty)
ok: TEST-026(2) minor-tier impact assessment, semantic output unchanged: base-old.json vs minor-bump-unchanged-new.json -> fresh:metadata-only-refresh (exit=0, stdout pinned, stderr empty)
ok: TEST-027(1) major-tier forced-regardless lock: base-old.json vs major-bump-new.json -> stale:major-version-forced (exit=1, stdout pinned, stderr empty)
ok: TEST-027(2) Block precedence over major-tier forced-stale: base-old.json vs major-bump-block-new.json -> blocked:policy-weakening-blocked:projection (exit=2, stdout pinned, stderr empty)
ok: TEST-045(1) branch-3 fix: minor bump reaches ordinary comparison: base-old.json vs minor-bump-changed-new.json -> stale:semantic-output-changed (exit=1, stdout pinned, stderr empty)
ok: TEST-045(2) branch-3 fix parity: minor-rule-set bump reaches ordinary comparison: base-old.json vs minor-rule-set-bump-changed-new.json -> stale:semantic-output-changed (exit=1, stdout pinned, stderr empty)
ok: TEST-044 missing --old-manifest: exit=3, stdout empty, stderr contains 'the following arguments are required: --old-manifest'
ok: TEST-044 missing --new-manifest: exit=3, stdout empty, stderr contains 'the following arguments are required: --new-manifest'
ok: TEST-044 missing --projection-weakening: exit=3, stdout empty, stderr contains 'the following arguments are required: --projection-weakening'
ok: TEST-044 missing --registry-weakening: exit=3, stdout empty, stderr contains 'the following arguments are required: --registry-weakening'
ok: TEST-044 missing --ownership-weakening: exit=3, stdout empty, stderr contains 'the following arguments are required: --ownership-weakening'
ok: TEST-044 missing --resolver-version-bump: exit=3, stdout empty, stderr contains 'the following arguments are required: --resolver-version-bump'
ok: TEST-044 invalid --projection-weakening enum: exit=3, stdout empty, stderr contains 'argument --projection-weakening: invalid choice: 'bogus''
ok: TEST-044 invalid --registry-weakening enum: exit=3, stdout empty, stderr contains 'argument --registry-weakening: invalid choice: 'bogus''
ok: TEST-044 invalid --ownership-weakening enum: exit=3, stdout empty, stderr contains 'argument --ownership-weakening: invalid choice: 'bogus''
ok: TEST-044 invalid --resolver-version-bump enum: exit=3, stdout empty, stderr contains 'argument --resolver-version-bump: invalid choice: 'bogus''
ok: TEST-044 schema-invalid --old-manifest: exit=3, stdout empty, stderr contains 'facet-manifest-staleness: schema-invalid: /old-manifest/schema: missing required property 'schema''
ok: TEST-044 schema-invalid --new-manifest: exit=3, stdout empty, stderr contains 'facet-manifest-staleness: schema-invalid: /new-manifest/schema: missing required property 'schema''
ok: manifest-unreadable: nonexistent --old-manifest path fails closed (exit=3, diagnostic on stderr)
ok: manifest-unreadable: non-UTF-8 byte input fails closed (exit=3, diagnostic present, no traceback)
ok: TEST-046 patch declared against an actual minor diff: exit=3, stdout empty, stderr contains 'facet-manifest-staleness: resolver-version-bump-inconsistent: declared 'patch' but the two manifests' own resolver block actually differs at tier 'minor''
ok: TEST-046 minor declared against an actual minor-rule-set diff (version unchanged): exit=3, stdout empty, stderr contains 'facet-manifest-staleness: resolver-version-bump-inconsistent: declared 'minor' but the two manifests' own resolver block actually differs at tier 'minor-rule-set''
ok: TEST-046 minor-rule-set declared against an actual resolver.version change: exit=3, stdout empty, stderr contains 'facet-manifest-staleness: resolver-version-bump-inconsistent: declared 'minor-rule-set' but the two manifests' own resolver block actually differs at tier 'minor''
ok: TEST-046 minor-rule-set declared against an unchanged rule_set_revision: exit=3, stdout empty, stderr contains 'facet-manifest-staleness: resolver-version-bump-inconsistent: declared 'minor-rule-set' but the two manifests' own resolver block actually differs at tier 'none''
ok: TEST-046 patch declared against an actual major diff: exit=3, stdout empty, stderr contains 'facet-manifest-staleness: resolver-version-bump-inconsistent: declared 'patch' but the two manifests' own resolver block actually differs at tier 'major''
ok: Major-1 lock: major-forced precedes ordinary comparison even when both a digest and semantic output differ: base-old.json vs major-bump-semantic-changed-new.json -> stale:major-version-forced (exit=1, stdout pinned, stderr empty)
ok: Major-2 lock: 'feature' is a compared semantic-output field: base-old.json vs feature-change-new.json -> stale:semantic-output-changed (exit=1, stdout pinned, stderr empty)
ok: Major-2 lock: 'affected_components' is a compared semantic-output field: base-old.json vs affected-components-change-new.json -> stale:semantic-output-changed (exit=1, stdout pinned, stderr empty)
ok: Major-2 lock: 'required_facets' is a compared semantic-output field: base-old.json vs required-facets-change-new.json -> stale:semantic-output-changed (exit=1, stdout pinned, stderr empty)
ok: Major-2 lock: 'lite_eligibility' is a compared semantic-output field: base-old.json vs lite-eligibility-change-new.json -> stale:semantic-output-changed (exit=1, stdout pinned, stderr empty)
ok: Major-2 lock: 'schema' is a compared semantic-output field (classify() unit check, schema's own const keyword forbids a real fixture pair)
ok: Major-3 lock: missing sibling validate-facet-manifest.py fails closed (exit=3, stdout empty, diagnostic present, no traceback)
ok: RT-20260817-005(1) lock: a sibling validate-facet-manifest.py calling sys.exit(7) at import time fails closed on exit=3 (never raw exit=7), stdout empty, diagnostic present, no traceback
ok: multi-component semver lock: patch declared against a minor+patch actual diff is rejected: exit=3, stdout empty, stderr contains 'facet-manifest-staleness: resolver-version-bump-inconsistent: declared 'patch' but the two manifests' own resolver block actually differs at tier 'minor''
ok: multi-component semver lock: minor (the coarsest actually-changed component) is accepted and proceeds: base-old.json vs multi-component-bump-new.json -> stale:semantic-output-changed (exit=1, stdout pinned, stderr empty)
ok: self-registration: tests/run-all.ps1 lists this suite

facet-manifest-staleness: 49 passed, 0 failed

--- tests/facet-manifest-parity.tests.ps1 ---
ok: TEST-031 validate-facet-manifest: canonicalizer-roundtrip-valid.yaml (exit=0, stdout/stderr byte-identical across .py/.sh/.ps1)
ok: TEST-031 validate-facet-manifest: capability-minimum-enforcement-absent-valid.json (exit=0, stdout/stderr byte-identical across .py/.sh/.ps1)
ok: TEST-031 validate-facet-manifest: capability-minimum-enforcement-aggregate-valid.json (exit=0, stdout/stderr byte-identical across .py/.sh/.ps1)
ok: TEST-031 validate-facet-manifest: capability-minimum-enforcement-invalid-value.json (exit=1, stdout/stderr byte-identical across .py/.sh/.ps1)
ok: TEST-031 validate-facet-manifest: conditional-facet-applied-false-missing-reason.json (exit=1, stdout/stderr byte-identical across .py/.sh/.ps1)
ok: TEST-031 validate-facet-manifest: conditional-facet-applied-false-with-reason-valid.json (exit=0, stdout/stderr byte-identical across .py/.sh/.ps1)
ok: TEST-031 validate-facet-manifest: conditional-facet-applied-true-valid.json (exit=0, stdout/stderr byte-identical across .py/.sh/.ps1)
ok: TEST-031 validate-facet-manifest: conditional-facet-applied-true-with-reason.json (exit=1, stdout/stderr byte-identical across .py/.sh/.ps1)
ok: TEST-031 validate-facet-manifest: context-binding-empty-dependency-pointers.json (exit=1, stdout/stderr byte-identical across .py/.sh/.ps1)
ok: TEST-031 validate-facet-manifest: context-binding-full-context-revision-malformed-digest.json (exit=1, stdout/stderr byte-identical across .py/.sh/.ps1)
ok: TEST-031 validate-facet-manifest: context-binding-malformed-digest.json (exit=1, stdout/stderr byte-identical across .py/.sh/.ps1)
ok: TEST-031 validate-facet-manifest: context-binding-ownership-digest-malformed-digest.json (exit=1, stdout/stderr byte-identical across .py/.sh/.ps1)
ok: TEST-031 validate-facet-manifest: context-binding-projection-sha256-malformed-digest.json (exit=1, stdout/stderr byte-identical across .py/.sh/.ps1)
ok: TEST-031 validate-facet-manifest: context-binding-registry-digest-malformed-digest.json (exit=1, stdout/stderr byte-identical across .py/.sh/.ps1)
ok: TEST-031 validate-facet-manifest: context-binding-registry-digest-trailing-newline.json (exit=1, stdout/stderr byte-identical across .py/.sh/.ps1)
ok: TEST-031 validate-facet-manifest: decision-doc-v2-section16-worked-example.json (exit=0, stdout/stderr byte-identical across .py/.sh/.ps1)
ok: TEST-031 validate-facet-manifest: dependency-pointer-all-roots-valid.json (exit=0, stdout/stderr byte-identical across .py/.sh/.ps1)
ok: TEST-031 validate-facet-manifest: dependency-pointer-malformed-rfc6901.json (exit=1, stdout/stderr byte-identical across .py/.sh/.ps1)
ok: TEST-031 validate-facet-manifest: dependency-pointer-root-not-allowlisted.json (exit=1, stdout/stderr byte-identical across .py/.sh/.ps1)
ok: TEST-031 validate-facet-manifest: duplicate-affected-components.json (exit=1, stdout/stderr byte-identical across .py/.sh/.ps1)
ok: TEST-031 validate-facet-manifest: duplicate-capabilities.json (exit=1, stdout/stderr byte-identical across .py/.sh/.ps1)
ok: TEST-031 validate-facet-manifest: duplicate-required-facets.json (exit=1, stdout/stderr byte-identical across .py/.sh/.ps1)
ok: TEST-031 validate-facet-manifest: empty-arrays-valid.json (exit=0, stdout/stderr byte-identical across .py/.sh/.ps1)
ok: TEST-031 validate-facet-manifest: evidence-invalid-operator.json (exit=1, stdout/stderr byte-identical across .py/.sh/.ps1)
ok: TEST-031 validate-facet-manifest: evidence-warn-missing-reason.json (exit=1, stdout/stderr byte-identical across .py/.sh/.ps1)
ok: TEST-031 validate-facet-manifest: evidence-warn-with-reason-valid.json (exit=0, stdout/stderr byte-identical across .py/.sh/.ps1)
ok: TEST-031 validate-facet-manifest: lite-eligibility-empty-upgrade-reasons-valid.json (exit=0, stdout/stderr byte-identical across .py/.sh/.ps1)
ok: TEST-031 validate-facet-manifest: lite-eligibility-missing-eligible.json (exit=1, stdout/stderr byte-identical across .py/.sh/.ps1)
ok: TEST-031 validate-facet-manifest: lite-eligibility-missing-upgrade-reasons.json (exit=1, stdout/stderr byte-identical across .py/.sh/.ps1)
ok: TEST-031 validate-facet-manifest: manifest-non-utf8-bytes.bin (exit=1, stdout/stderr byte-identical across .py/.sh/.ps1)
ok: TEST-031 validate-facet-manifest: required-missing-affected-components.json (exit=1, stdout/stderr byte-identical across .py/.sh/.ps1)
ok: TEST-031 validate-facet-manifest: required-missing-capabilities.json (exit=1, stdout/stderr byte-identical across .py/.sh/.ps1)
ok: TEST-031 validate-facet-manifest: required-missing-conditional-facets.json (exit=1, stdout/stderr byte-identical across .py/.sh/.ps1)
ok: TEST-031 validate-facet-manifest: required-missing-context-binding.json (exit=1, stdout/stderr byte-identical across .py/.sh/.ps1)
ok: TEST-031 validate-facet-manifest: required-missing-feature.json (exit=1, stdout/stderr byte-identical across .py/.sh/.ps1)
ok: TEST-031 validate-facet-manifest: required-missing-lite-eligibility.json (exit=1, stdout/stderr byte-identical across .py/.sh/.ps1)
ok: TEST-031 validate-facet-manifest: required-missing-required-facets.json (exit=1, stdout/stderr byte-identical across .py/.sh/.ps1)
ok: TEST-031 validate-facet-manifest: required-missing-resolved-gates.json (exit=1, stdout/stderr byte-identical across .py/.sh/.ps1)
ok: TEST-031 validate-facet-manifest: required-missing-resolver.json (exit=1, stdout/stderr byte-identical across .py/.sh/.ps1)
ok: TEST-031 validate-facet-manifest: required-missing-schema.json (exit=1, stdout/stderr byte-identical across .py/.sh/.ps1)
ok: TEST-031 validate-facet-manifest: resolved-gate-invalid-stage.json (exit=1, stdout/stderr byte-identical across .py/.sh/.ps1)
ok: TEST-031 validate-facet-manifest: resolved-gate-missing-blocking.json (exit=1, stdout/stderr byte-identical across .py/.sh/.ps1)
ok: TEST-031 validate-facet-manifest: resolved-gate-missing-id.json (exit=1, stdout/stderr byte-identical across .py/.sh/.ps1)
ok: TEST-031 validate-facet-manifest: resolved-gate-missing-stage.json (exit=1, stdout/stderr byte-identical across .py/.sh/.ps1)
ok: TEST-031 validate-facet-manifest: resolved-gate-valid-multi.json (exit=0, stdout/stderr byte-identical across .py/.sh/.ps1)
ok: TEST-031 validate-facet-manifest: resolver-malformed-semver.json (exit=1, stdout/stderr byte-identical across .py/.sh/.ps1)
ok: TEST-031 validate-facet-manifest: resolver-valid-semver.json (exit=0, stdout/stderr byte-identical across .py/.sh/.ps1)
ok: TEST-031 validate-facet-manifest: resolver-version-trailing-newline.json (exit=1, stdout/stderr byte-identical across .py/.sh/.ps1)
ok: TEST-031 validate-facet-manifest: upgrade-reasons-duplicate.json (exit=1, stdout/stderr byte-identical across .py/.sh/.ps1)
ok: TEST-031 validate-facet-manifest: valid-base.json (exit=0, stdout/stderr byte-identical across .py/.sh/.ps1)
ok: TEST-031 validate-facet-manifest: affected-components-not-sorted.json (exit=1, stdout/stderr byte-identical across .py/.sh/.ps1)
ok: TEST-031 validate-facet-manifest: capabilities-not-sorted.json (exit=1, stdout/stderr byte-identical across .py/.sh/.ps1)
ok: TEST-031 validate-facet-manifest: conditional-facet-duplicate.json (exit=1, stdout/stderr byte-identical across .py/.sh/.ps1)
ok: TEST-031 validate-facet-manifest: conditional-facets-not-sorted.json (exit=1, stdout/stderr byte-identical across .py/.sh/.ps1)
ok: TEST-031 validate-facet-manifest: facet-classification-conflict.json (exit=1, stdout/stderr byte-identical across .py/.sh/.ps1)
ok: TEST-031 validate-facet-manifest: fully-clean.json (exit=0, stdout/stderr byte-identical across .py/.sh/.ps1)
ok: TEST-031 validate-facet-manifest: multi-diagnostic-ordering.json (exit=1, stdout/stderr byte-identical across .py/.sh/.ps1)
ok: TEST-031 validate-facet-manifest: required-facets-not-sorted.json (exit=1, stdout/stderr byte-identical across .py/.sh/.ps1)
ok: TEST-031 validate-facet-manifest: resolved-gate-id-duplicate.json (exit=1, stdout/stderr byte-identical across .py/.sh/.ps1)
ok: TEST-031 validate-facet-manifest: resolved-gates-not-sorted.json (exit=1, stdout/stderr byte-identical across .py/.sh/.ps1)
ok: TEST-031 validate-facet-manifest: schema-invalid.json (exit=1, stdout/stderr byte-identical across .py/.sh/.ps1)
ok: TEST-031 validate-facet-manifest: upgrade-reasons-not-sorted.json (exit=1, stdout/stderr byte-identical across .py/.sh/.ps1)
ok: TEST-031 validate-capability-summary: canonicalizer-roundtrip-valid.yaml (exit=0, stdout/stderr byte-identical across .py/.sh/.ps1)
ok: TEST-031 validate-capability-summary: decision-doc-v2-section6-worked-example.json (exit=0, stdout/stderr byte-identical across .py/.sh/.ps1)
ok: TEST-031 validate-capability-summary: extra-property-facet-manifest-ref-invalid.json (exit=1, stdout/stderr byte-identical across .py/.sh/.ps1)
ok: TEST-031 validate-capability-summary: feature-invalid-pattern.json (exit=1, stdout/stderr byte-identical across .py/.sh/.ps1)
ok: TEST-031 validate-capability-summary: feature-trailing-newline.json (exit=1, stdout/stderr byte-identical across .py/.sh/.ps1)
ok: TEST-031 validate-capability-summary: multi-diagnostic-ordering.json (exit=1, stdout/stderr byte-identical across .py/.sh/.ps1)
ok: TEST-031 validate-capability-summary: required-missing-capabilities.json (exit=1, stdout/stderr byte-identical across .py/.sh/.ps1)
ok: TEST-031 validate-capability-summary: required-missing-feature.json (exit=1, stdout/stderr byte-identical across .py/.sh/.ps1)
ok: TEST-031 validate-capability-summary: required-missing-full-upgrade-required.json (exit=1, stdout/stderr byte-identical across .py/.sh/.ps1)
ok: TEST-031 validate-capability-summary: required-missing-required-lite-checks.json (exit=1, stdout/stderr byte-identical across .py/.sh/.ps1)
ok: TEST-031 validate-capability-summary: required-missing-schema.json (exit=1, stdout/stderr byte-identical across .py/.sh/.ps1)
ok: TEST-031 validate-capability-summary: required-missing-track.json (exit=1, stdout/stderr byte-identical across .py/.sh/.ps1)
ok: TEST-031 validate-capability-summary: summary-non-utf8-bytes.bin (exit=1, stdout/stderr byte-identical across .py/.sh/.ps1)
ok: TEST-031 validate-capability-summary: track-invalid-value.json (exit=1, stdout/stderr byte-identical across .py/.sh/.ps1)
ok: TEST-031 validate-context-projection: characteristics-pii-non-boolean.json (exit=1, stdout/stderr byte-identical across .py/.sh/.ps1)
ok: TEST-031 validate-context-projection: component-unknown-field.json (exit=1, stdout/stderr byte-identical across .py/.sh/.ps1)
ok: TEST-031 validate-context-projection: components-empty-string-key.json (exit=1, stdout/stderr byte-identical across .py/.sh/.ps1)
ok: TEST-031 validate-context-projection: components-still-array-shaped.json (exit=1, stdout/stderr byte-identical across .py/.sh/.ps1)
ok: TEST-031 validate-context-projection: multi-diagnostic-ordering.json (exit=1, stdout/stderr byte-identical across .py/.sh/.ps1)
ok: TEST-031 validate-context-projection: platform-targets-missing-architecture.json (exit=1, stdout/stderr byte-identical across .py/.sh/.ps1)
ok: TEST-031 validate-context-projection: projection-non-utf8-bytes.bin (exit=1, stdout/stderr byte-identical across .py/.sh/.ps1)
ok: TEST-031 validate-context-projection: provider-bindings-sha256-malformed-digest.json (exit=1, stdout/stderr byte-identical across .py/.sh/.ps1)
ok: TEST-031 validate-context-projection: rekeyed-two-component-non-slug-id.json (exit=0, stdout/stderr byte-identical across .py/.sh/.ps1)
ok: TEST-031 validate-context-projection: required-missing-components.json (exit=1, stdout/stderr byte-identical across .py/.sh/.ps1)
ok: TEST-031 validate-context-projection: required-missing-schema.json (exit=1, stdout/stderr byte-identical across .py/.sh/.ps1)
ok: TEST-031 validate-context-projection: required-missing-shared-paths.json (exit=1, stdout/stderr byte-identical across .py/.sh/.ps1)
ok: TEST-031 validate-context-projection: required-missing-source-sha256.json (exit=1, stdout/stderr byte-identical across .py/.sh/.ps1)
ok: TEST-031 validate-context-projection: required-missing-workflow.json (exit=1, stdout/stderr byte-identical across .py/.sh/.ps1)
ok: TEST-031 validate-context-projection: schema-invalid-const.json (exit=1, stdout/stderr byte-identical across .py/.sh/.ps1)
ok: TEST-031 validate-context-projection: shared-path-both-rejected.json (exit=1, stdout/stderr byte-identical across .py/.sh/.ps1)
ok: TEST-031 validate-context-projection: shared-path-bounded-valid.json (exit=0, stdout/stderr byte-identical across .py/.sh/.ps1)
ok: TEST-031 validate-context-projection: shared-path-missing-pattern.json (exit=1, stdout/stderr byte-identical across .py/.sh/.ps1)
ok: TEST-031 validate-context-projection: shared-path-neither-rejected.json (exit=1, stdout/stderr byte-identical across .py/.sh/.ps1)
ok: TEST-031 validate-context-projection: shared-path-unbounded-valid.json (exit=0, stdout/stderr byte-identical across .py/.sh/.ps1)
ok: TEST-031 validate-context-projection: source-omission-empty-valid.json (exit=0, stdout/stderr byte-identical across .py/.sh/.ps1)
ok: TEST-031 validate-context-projection: source-sha256-malformed-digest.json (exit=1, stdout/stderr byte-identical across .py/.sh/.ps1)
ok: TEST-031 validate-context-projection: source-sha256-trailing-newline.json (exit=1, stdout/stderr byte-identical across .py/.sh/.ps1)
ok: TEST-031 validate-context-projection: workflow-artifact-layout-invalid.json (exit=1, stdout/stderr byte-identical across .py/.sh/.ps1)
ok: TEST-031 validate-context-projection: workflow-capability-enforcement-invalid.json (exit=1, stdout/stderr byte-identical across .py/.sh/.ps1)
ok: TEST-031 validate-context-projection: workflow-missing-artifact-layout.json (exit=1, stdout/stderr byte-identical across .py/.sh/.ps1)
ok: TEST-031 validate-context-projection: workflow-missing-capability-enforcement.json (exit=1, stdout/stderr byte-identical across .py/.sh/.ps1)
ok: TEST-031 validate-context-projection: workflow-missing-spec-profile.json (exit=1, stdout/stderr byte-identical across .py/.sh/.ps1)
ok: TEST-031 validate-context-projection: workflow-spec-profile-invalid.json (exit=1, stdout/stderr byte-identical across .py/.sh/.ps1)
ok: TEST-031 compare-facet-manifest-staleness: base-old.json vs registry-digest-only-new.json (not-weakened/not-weakened/not-weakened/none) (exit=0, stdout/stderr byte-identical across .py/.sh/.ps1)
ok: TEST-031 compare-facet-manifest-staleness: base-old.json vs gate-blocking-change-new.json (not-weakened/not-weakened/not-weakened/none) (exit=1, stdout/stderr byte-identical across .py/.sh/.ps1)
ok: TEST-031 compare-facet-manifest-staleness: base-old.json vs evidence-change-new.json (not-weakened/not-weakened/not-weakened/none) (exit=1, stdout/stderr byte-identical across .py/.sh/.ps1)
ok: TEST-031 compare-facet-manifest-staleness: minimum-enforcement-old.json vs minimum-enforcement-new.json (not-weakened/not-weakened/not-weakened/none) (exit=1, stdout/stderr byte-identical across .py/.sh/.ps1)
ok: TEST-031 compare-facet-manifest-staleness: base-old.json vs projection-digest-only-new.json (weakened/not-weakened/not-weakened/none) (exit=2, stdout/stderr byte-identical across .py/.sh/.ps1)
ok: TEST-031 compare-facet-manifest-staleness: base-old.json vs registry-digest-only-new.json (not-weakened/indeterminate/not-weakened/none) (exit=2, stdout/stderr byte-identical across .py/.sh/.ps1)
ok: TEST-031 compare-facet-manifest-staleness: base-old.json vs no-axis-change-semantic-differs-new.json (not-weakened/not-weakened/not-weakened/none) (exit=0, stdout/stderr byte-identical across .py/.sh/.ps1)
ok: TEST-031 compare-facet-manifest-staleness: base-old.json vs ownership-digest-only-new.json (not-weakened/not-weakened/not-weakened/none) (exit=0, stdout/stderr byte-identical across .py/.sh/.ps1)
ok: TEST-031 compare-facet-manifest-staleness: base-old.json vs ownership-digest-only-new.json (not-weakened/not-weakened/indeterminate/none) (exit=2, stdout/stderr byte-identical across .py/.sh/.ps1)
ok: TEST-031 compare-facet-manifest-staleness: base-old.json vs multi-axis-mixed-verdict-new.json (not-weakened/not-weakened/weakened/none) (exit=2, stdout/stderr byte-identical across .py/.sh/.ps1)
ok: TEST-031 compare-facet-manifest-staleness: base-old.json vs multi-axis-mixed-verdict-new.json (not-weakened/indeterminate/weakened/none) (exit=2, stdout/stderr byte-identical across .py/.sh/.ps1)
ok: TEST-031 compare-facet-manifest-staleness: base-old.json vs patch-bump-new.json (not-weakened/not-weakened/not-weakened/patch) (exit=0, stdout/stderr byte-identical across .py/.sh/.ps1)
ok: TEST-031 compare-facet-manifest-staleness: base-old.json vs minor-bump-changed-new.json (not-weakened/not-weakened/not-weakened/minor) (exit=1, stdout/stderr byte-identical across .py/.sh/.ps1)
ok: TEST-031 compare-facet-manifest-staleness: base-old.json vs minor-bump-unchanged-new.json (not-weakened/not-weakened/not-weakened/minor) (exit=0, stdout/stderr byte-identical across .py/.sh/.ps1)
ok: TEST-031 compare-facet-manifest-staleness: base-old.json vs major-bump-new.json (not-weakened/not-weakened/not-weakened/major) (exit=1, stdout/stderr byte-identical across .py/.sh/.ps1)
ok: TEST-031 compare-facet-manifest-staleness: base-old.json vs major-bump-block-new.json (weakened/not-weakened/not-weakened/major) (exit=2, stdout/stderr byte-identical across .py/.sh/.ps1)
ok: TEST-031 compare-facet-manifest-staleness: base-old.json vs minor-rule-set-bump-changed-new.json (not-weakened/not-weakened/not-weakened/minor-rule-set) (exit=1, stdout/stderr byte-identical across .py/.sh/.ps1)
ok: TEST-031 compare-facet-manifest-staleness: base-old.json vs major-bump-semantic-changed-new.json (not-weakened/not-weakened/not-weakened/major) (exit=1, stdout/stderr byte-identical across .py/.sh/.ps1)
ok: TEST-031 compare-facet-manifest-staleness: base-old.json vs feature-change-new.json (not-weakened/not-weakened/not-weakened/none) (exit=1, stdout/stderr byte-identical across .py/.sh/.ps1)
ok: TEST-031 compare-facet-manifest-staleness: base-old.json vs affected-components-change-new.json (not-weakened/not-weakened/not-weakened/none) (exit=1, stdout/stderr byte-identical across .py/.sh/.ps1)
ok: TEST-031 compare-facet-manifest-staleness: base-old.json vs required-facets-change-new.json (not-weakened/not-weakened/not-weakened/none) (exit=1, stdout/stderr byte-identical across .py/.sh/.ps1)
ok: TEST-031 compare-facet-manifest-staleness: base-old.json vs lite-eligibility-change-new.json (not-weakened/not-weakened/not-weakened/none) (exit=1, stdout/stderr byte-identical across .py/.sh/.ps1)
ok: TEST-031 compare-facet-manifest-staleness: base-old.json vs multi-component-bump-new.json (not-weakened/not-weakened/not-weakened/minor) (exit=1, stdout/stderr byte-identical across .py/.sh/.ps1)
ok: TEST-031 compare-facet-manifest-staleness: schema-invalid-manifest.json vs registry-digest-only-new.json (not-weakened/not-weakened/not-weakened/none) (exit=3, stdout/stderr byte-identical across .py/.sh/.ps1)
ok: TEST-031 compare-facet-manifest-staleness: base-old.json vs schema-invalid-manifest.json (not-weakened/not-weakened/not-weakened/none) (exit=3, stdout/stderr byte-identical across .py/.sh/.ps1)
ok: TEST-031 compare-facet-manifest-staleness: base-old.json vs minor-bump-changed-new.json (not-weakened/not-weakened/not-weakened/patch) (exit=3, stdout/stderr byte-identical across .py/.sh/.ps1)
ok: TEST-031 compare-facet-manifest-staleness: base-old.json vs major-bump-new.json (not-weakened/not-weakened/not-weakened/patch) (exit=3, stdout/stderr byte-identical across .py/.sh/.ps1)
ok: TEST-031 compare-facet-manifest-staleness: manifest-non-utf8-bytes.bin vs base-old.json (not-weakened/not-weakened/not-weakened/none) (exit=3, stdout/stderr byte-identical across .py/.sh/.ps1)
ok: TEST-031 compare-facet-manifest-staleness: nonexistent --old-manifest path (exit=3, stdout/stderr byte-identical across .py/.sh/.ps1)
ok: TEST-031 compare-facet-manifest-staleness: missing --resolver-version-bump (exit-3 diagnostic channel) (exit=3, stdout/stderr byte-identical across .py/.sh/.ps1)
ok: TEST-031 compare-facet-manifest-staleness: out-of-enum --registry-weakening (exit-3 diagnostic channel) (exit=3, stdout/stderr byte-identical across .py/.sh/.ps1)
ok: TEST-031 validate-facet-manifest: Windows-style backslash path argument (exit=1, stdout/stderr byte-identical across .py/.sh/.ps1)
ok: TEST-031 compare-facet-manifest-staleness: Windows-style backslash --old-manifest path (exit-3 channel) (exit=3, stdout/stderr byte-identical across .py/.sh/.ps1)
ok: TEST-032 installed-layout discovery: validate-facet-manifest (py)
ok: TEST-032 installed-layout discovery: validate-capability-summary (py)
ok: TEST-032 installed-layout discovery: validate-context-projection (py)
ok: TEST-032 installed-layout discovery: compare-facet-manifest-staleness (py)
ok: TEST-032 installed-layout discovery: validate-facet-manifest (sh)
ok: TEST-032 installed-layout discovery: validate-capability-summary (sh)
ok: TEST-032 installed-layout discovery: validate-context-projection (sh)
ok: TEST-032 installed-layout discovery: compare-facet-manifest-staleness (sh)
ok: TEST-032 installed-layout discovery: validate-facet-manifest (ps1)
ok: TEST-032 installed-layout discovery: validate-capability-summary (ps1)
ok: TEST-032 installed-layout discovery: validate-context-projection (ps1)
ok: TEST-032 installed-layout discovery: compare-facet-manifest-staleness (ps1)
ok: TEST-032 non-vacuity canary: removing the packaged contracts/ copy makes discovery fail closed (schema-discovery-failed)
ok: TEST-033: tests/run-all.sh registers tests/facet-manifest-schema.tests.sh
ok: TEST-033: tests/run-all.ps1 registers tests/facet-manifest-schema.tests.ps1
ok: TEST-033: tests/run-all.sh registers tests/facet-manifest-semantics.tests.sh
ok: TEST-033: tests/run-all.ps1 registers tests/facet-manifest-semantics.tests.ps1
ok: TEST-033: tests/run-all.sh registers tests/capability-summary-schema.tests.sh
ok: TEST-033: tests/run-all.ps1 registers tests/capability-summary-schema.tests.ps1
ok: TEST-033: tests/run-all.sh registers tests/context-projection-schema.tests.sh
ok: TEST-033: tests/run-all.ps1 registers tests/context-projection-schema.tests.ps1
ok: TEST-033: tests/run-all.sh registers tests/facet-manifest-staleness.tests.sh
ok: TEST-033: tests/run-all.ps1 registers tests/facet-manifest-staleness.tests.ps1
ok: TEST-033: tests/run-all.sh registers tests/facet-manifest-parity.tests.sh
ok: TEST-033: tests/run-all.ps1 registers tests/facet-manifest-parity.tests.ps1
ok: TEST-033: the staged .github/workflows/test.yml candidate carries all six suites' CI steps
ok: TEST-033: staged candidate sha256 matches its own MANIFEST.sha256 entry
ok: TEST-033: the live .github/workflows/test.yml is byte-unchanged relative to its committed state (this task never writes to it)
ok: TEST-043: facet-manifest.schema.json contains no provider-neutrality-allowlist term
ok: TEST-043: capability-summary.schema.json contains no provider-neutrality-allowlist term
ok: TEST-043: context-projection.schema.json contains no provider-neutrality-allowlist term
ok: TEST-043: validate-facet-manifest.py contains no provider-neutrality-allowlist term (Python's own 'lambda' keyword excluded)
ok: TEST-043: validate-capability-summary.py contains no provider-neutrality-allowlist term (Python's own 'lambda' keyword excluded)
ok: TEST-043: validate-context-projection.py contains no provider-neutrality-allowlist term (Python's own 'lambda' keyword excluded)
ok: TEST-043: compare-facet-manifest-staleness.py contains no provider-neutrality-allowlist term (Python's own 'lambda' keyword excluded)
ok: TEST-043 non-vacuity canary: the dirty fixture is correctly flagged (azure,aws)
ok: TEST-043: the clean fixture (this feature's own provider-neutral vocabulary) produces no false positive
ok: TEST-043: the clean fixture genuinely contains 'distribution_channels' (the no-hit result above is not vacuous)
ok: vendor-capability-registry.py --check exits 0 against the clean tree (extended to cover the three new schema filenames)
ok: self-registration: tests/run-all.ps1 lists this suite

facet-manifest-parity: 178 passed, 0 failed
