ok: [py] invariant: Write live workflow file denied (exit 2)
ok: [js] invariant: Write live workflow file denied (exit 2)
ok: [ps1] invariant: Write live workflow file denied (exit 2)
ok: [py] invariant: Write live guard script denied (exit 2)
ok: [js] invariant: Write live guard script denied (exit 2)
ok: [ps1] invariant: Write live guard script denied (exit 2)
ok: [py] invariant: Write registered human-copy publisher denied (exit 2)
ok: [js] invariant: Write registered human-copy publisher denied (exit 2)
ok: [ps1] invariant: Write registered human-copy publisher denied (exit 2)
ok: [py] invariant: dot-dot traversal out of human-copy denied (exit 2)
ok: [js] invariant: dot-dot traversal out of human-copy denied (exit 2)
ok: [ps1] invariant: dot-dot traversal out of human-copy denied (exit 2)
ok: [py] invariant: bash rm of live guard denied (exit 2)
ok: [js] invariant: bash rm of live guard denied (exit 2)
ok: [ps1] invariant: bash rm of live guard denied (exit 2)
ok: [py] invariant: bash redirect into live workflow denied (exit 2)
ok: [js] invariant: bash redirect into live workflow denied (exit 2)
ok: [ps1] invariant: bash redirect into live workflow denied (exit 2)
ok: [py] fix: Write human-copy staging candidate allowed (exit 0)
ok: [js] fix: Write human-copy staging candidate allowed (exit 0)
ok: [ps1] fix: Write human-copy staging candidate allowed (exit 0)
ok: [py] fix: Write human-copy staged guard candidate allowed (exit 0)
ok: [js] fix: Write human-copy staged guard candidate allowed (exit 0)
ok: [ps1] fix: Write human-copy staged guard candidate allowed (exit 0)
ok: [py] fix: bash cp into human-copy staging allowed (exit 0)
ok: [js] fix: bash cp into human-copy staging allowed (exit 0)
ok: [ps1] fix: bash cp into human-copy staging allowed (exit 0)
ok: [py] fix: commit message prose mention (heredoc) allowed (exit 0)
ok: [js] fix: commit message prose mention (heredoc) allowed (exit 0)
ok: [ps1] fix: commit message prose mention (heredoc) allowed (exit 0)
ok: [py] fix: commit message prose mention (backtick) allowed (exit 0)
ok: [js] fix: commit message prose mention (backtick) allowed (exit 0)
ok: [ps1] fix: commit message prose mention (backtick) allowed (exit 0)

guard-staging-exemption.tests.sh: 33 passed, 0 failed
