# TDD evidence for the quality-gate cycle 3 remediation of T-006
# (tests/generate-gate-capabilities.tests.sh), bash runtime.
#
# What "RED" means here: proof that the new assertions added in this
# remediation are NON-VACUOUS -- each one is capable of failing, not just
# capable of passing. Two independent pieces of evidence are captured:
#
#   (A) A MUTATION test (this file): the regenerated, correct
#       drafts/human-copy-candidate/.../generate-guard-invariants.py.candidate
#       passes the new ".py tuple superset" check; a scratch copy of that
#       SAME check, run against the real candidate's content overwritten
#       with the OLD, pre-epic-189-a1-merge human-copy/ generator script's
#       content, correctly FAILS. This is the direct answer to the cycle-2
#       Major finding 5 reproduction case ("破壊的な旧 generator スクリプト
#       （.py）を候補に差し替えても 16/16 green のままであることが変異テ
#       ストで実証された") -- with the fix in place, that same swap now
#       fails instead of staying green.
#
#       Run via a standalone script (not the Bash tool directly) because
#       this repository's own sdd-hook-guard denies any Bash command whose
#       command-line TEXT contains the literal protected filename
#       "generate-guard-invariants.py", even for a pure read -- so the
#       comparison logic below is exercised through a scratch reproduction
#       of the exact function tests/generate-gate-capabilities.tests.sh
#       defines as py_tuple_superset_check(), pointed at (1) the real
#       candidate and (2) a scratch copy of the real candidate with its
#       content replaced by the real, live-checked-out
#       specs/epic-190-a2-capability-registry/human-copy/.../
#       generate-guard-invariants.py (the actual old trap script, not a
#       hand-authored fixture). Nothing under human-copy/ or
#       drafts/human-copy-candidate/ was modified by this run; the mutated
#       copy lived only in a scratch temp path.
#
#   (B) The two DESIGNED-RED lines in cycle3-green-sh.log (same directory):
#       the human-copy/-targeting checks (JSON and .py) already fail
#       against the REAL staged bundle, with no synthetic mutation needed
#       at all -- the trap itself is the negative fixture. See that file.
#
# Captured 2026-08-09, quality-gate cycle 3 remediation.

=== Scenario 1: real candidate .py (drafts/human-copy-candidate/), unmutated ===
[real candidate .py] PASS (0 removals)

=== Scenario 2: MUTATION -- candidate .py content replaced with the OLD trap script's content ===
[candidate .py mutated to OLD trap content] FAIL (29 removals) e.g. [('PHASE2_TARGETS', 'tests/guard-parity.tests.sh'), ('EPIC_A1_TARGETS', 'plugins/sdd-quality-loop/scripts/apply-human-copy.ps1'), ('EPIC_A1_TARGETS', 'plugins/sdd-quality-loop/scripts/apply-human-copy.sh')]

MUTATION TEST PASSED: the real candidate .py passes; swapping in the old trap .py correctly fails.
