=====================================================================
T-006 remaining human action -- command rehearsal in an isolated tree
date: 2026-08-10T23:50:49Z
real repo (READ ONLY here): /Users/jrmag/Projects/active/sdd-forge-wt-epic-190
sandbox: /private/tmp/t006-apply-rehearsal.8gKinJ
=====================================================================

## apply-human-copy.sh CLI surface (from the script itself)

    # CLI:
    #   apply-human-copy.sh --staging-dir <dir> --manifest <file>
    #       [--simulate-crash-after <stage>]
    #       [--simulate-crash-during-recovery-after <stage>]
    #       [--simulate-substitution]
    #   apply-human-copy.sh
    #       [--simulate-crash-during-recovery-after <stage>]
    #
    # With no --staging-dir/--manifest, the tool performs ONLY the mandatory
    # start-of-invocation crash-recovery scan (Human-copy publisher
    # transactional bundle contract, design.md) and exits.
    #
    # --staging-dir/--manifest describe a BATCH: --manifest is a GNU
    # sha256sum-format file (`<64-hex-lowercase>  <repo-relative-path>`, two
    # spaces, one line per target, in COMMIT ORDER) whose staged candidate
    # bytes live at <staging-dir>/<repo-relative-path>; targets are published
    # relative to the CURRENT WORKING DIRECTORY, matching this epic's other
    # scripts' "invoked from the project root" convention (no --repo-root
    # flag). A single-target manifest is the ordinary case; a 2+ target
    # manifest is applied as ONE journaled transaction (design.md "Human-copy
    # publisher transactional bundle contract").
    #
    # --simulate-crash-after / --simulate-crash-during-recovery-after /

    => flags accepted: --staging-dir, --manifest,
       --simulate-crash-after, --simulate-crash-during-recovery-after,
       --simulate-substitution (the last three are TEST-ONLY
       fault injectors that SIGKILL the process).
    => there is NO --dry-run, NO --verify, NO --check mode.

## No-argument mode (the only non-mutating invocation) -- run against the sandbox

    {"status":"ok","recovered":0,"targets":[]}
    exit=0  (crash-recovery scan only; publishes nothing)

## Sandbox construction

    live copy  .github/workflows/test.yml
    live copy  plugins/sdd-quality-loop/references/guard-invariants.json
    live copy  plugins/sdd-quality-loop/scripts/generate-guard-invariants.py
    live copy  plugins/sdd-quality-loop/scripts/generated/guard_invariants.py
    live copy  plugins/sdd-quality-loop/scripts/generated/guard-invariants.generated.js
    live copy  plugins/sdd-quality-loop/scripts/generated/guard-invariants.generated.ps1
    live copy  plugins/sdd-quality-loop/scripts/generated/guard-invariants.generated.sh
    staging bundle copied to specs/epic-190-a2-capability-registry/human-copy

## Pre-apply live hashes (sandbox == real repo, verified below)

    8beba70cd04800f9ab79c24b911c9f43043968edf3362bbcd2ac50e76c380998  .github/workflows/test.yml
    acc3c11e1e2e52926a135cafd6d42100300795a0dcf01f5b86315e2a28dbd8b5  plugins/sdd-quality-loop/references/guard-invariants.json
    2aeeb4b65abf85d752e01d2a73f8000877c005ef35c04b6b136b5ecc750ecd0e  plugins/sdd-quality-loop/scripts/generate-guard-invariants.py
    d619bbf945cd22fad2807c5765f5870fac7acb1fa930916186f702ecbfcb0f55  plugins/sdd-quality-loop/scripts/generated/guard_invariants.py
    aaceb26a8c2a9bae7413611eeda7223c943f7a93279bbcdd64a128dc56ec99e5  plugins/sdd-quality-loop/scripts/generated/guard-invariants.generated.js
    2ff26b1bbcf272c0d34b71d67081ea3e9831031584c3391e6c8f886266fe33c8  plugins/sdd-quality-loop/scripts/generated/guard-invariants.generated.ps1
    67d422e19fe767733855961c50b788d77376bbcd3abe27a225241676c9489b19  plugins/sdd-quality-loop/scripts/generated/guard-invariants.generated.sh

## THE COMMAND (run from the repository root)

    bash plugins/sdd-quality-loop/scripts/apply-human-copy.sh \
      --staging-dir specs/epic-190-a2-capability-registry/human-copy \
      --manifest    specs/epic-190-a2-capability-registry/human-copy/MANIFEST.sha256

## Rehearsal run (identical command, cwd = sandbox repo root)

    {"status":"ok","recovered":0,"targets":[".github/workflows/test.yml","plugins/sdd-quality-loop/references/guard-invariants.json","plugins/sdd-quality-loop/scripts/generate-guard-invariants.py","plugins/sdd-quality-loop/scripts/generated/guard_invariants.py","plugins/sdd-quality-loop/scripts/generated/guard-invariants.generated.js","plugins/sdd-quality-loop/scripts/generated/guard-invariants.generated.ps1","plugins/sdd-quality-loop/scripts/generated/guard-invariants.generated.sh"]}

    exit=0

## Post-apply hashes in the sandbox vs. the MANIFEST (expected: equal)

    OK        a37a37956e6292b2a1625f16a843cc0b2923af8b4162fa4b2e0e7df873cb7442  .github/workflows/test.yml
    OK        639fa2cc5ec9b02fded7266057e8e968dff839b3b6bbbbff4b43b158dae3a6c8  plugins/sdd-quality-loop/references/guard-invariants.json
    OK        3a7b718d2d343609a5cc139cc4af895a43a835a05aa29f098a42cf0dde601dbd  plugins/sdd-quality-loop/scripts/generate-guard-invariants.py
    OK        26858e3ec91240632250d1ba31bca7f93e336a54a562cc96ba287ce7b3015590  plugins/sdd-quality-loop/scripts/generated/guard_invariants.py
    OK        5b152b9f9337f1ba67da69be850896d79a73d0462169eb1dc2cb1de71320f612  plugins/sdd-quality-loop/scripts/generated/guard-invariants.generated.js
    OK        588f607bfc97486efa204f33f0634533edc0f3d613d86a3a98612aac424db344  plugins/sdd-quality-loop/scripts/generated/guard-invariants.generated.ps1
    OK        b253ed97472f61f2b4357797f0c29934ca9b368b03a468840906ad23cd27eb9b  plugins/sdd-quality-loop/scripts/generated/guard-invariants.generated.sh

## shasum -a 256 -c against the applied sandbox tree

    .github/workflows/test.yml: OK
    plugins/sdd-quality-loop/references/guard-invariants.json: OK
    plugins/sdd-quality-loop/scripts/generate-guard-invariants.py: OK
    plugins/sdd-quality-loop/scripts/generated/guard_invariants.py: OK
    plugins/sdd-quality-loop/scripts/generated/guard-invariants.generated.js: OK
    plugins/sdd-quality-loop/scripts/generated/guard-invariants.generated.ps1: OK
    plugins/sdd-quality-loop/scripts/generated/guard-invariants.generated.sh: OK
    exit=0

## generate-guard-invariants.py --check against the applied sandbox tree

    exit=0

## guard-invariants.json array sizes, before (real live) vs after (applied)

    protected_gate_suffixes: 70 -> 77  (+7 / -0)
        + contracts/capability-registry.schema.json
        + contracts/capability-registry.json
        + contracts/lite-upgrade-reason-catalog.json
        + plugins/sdd-quality-loop/scripts/generate-gate-capabilities.py
        + plugins/sdd-quality-loop/scripts/generated/gate-capabilities.json
        + plugins/sdd-quality-loop/contracts/capability-registry.json
        + plugins/sdd-quality-loop/contracts/capability-registry.schema.json
    phase2_human_copy_targets: 19 -> 26  (+7 / -0)
        + contracts/capability-registry.schema.json
        + contracts/capability-registry.json
        + contracts/lite-upgrade-reason-catalog.json
        + plugins/sdd-quality-loop/scripts/generate-gate-capabilities.py
        + plugins/sdd-quality-loop/scripts/generated/gate-capabilities.json
        + plugins/sdd-quality-loop/contracts/capability-registry.json
        + plugins/sdd-quality-loop/contracts/capability-registry.schema.json
    top-level key set unchanged: True

## The real repository was not modified by this rehearsal

     M reports/implementation/epic-190-a2-capability-registry/T-006.md
     M specs/epic-190-a2-capability-registry/drafts/human-copy-candidate/.github/workflows/test.yml.candidate
     M specs/epic-190-a2-capability-registry/drafts/human-copy-candidate/MANIFEST.sha256.candidate
     M specs/epic-190-a2-capability-registry/human-copy/.github/workflows/test.yml
     M specs/epic-190-a2-capability-registry/human-copy/MANIFEST.sha256
     M tests/generate-gate-capabilities.tests.ps1
     M tests/generate-gate-capabilities.tests.sh
    ?? specs/epic-190-a2-capability-registry/verification/T-006/cycle4-green-ps1.log
    ?? specs/epic-190-a2-capability-registry/verification/T-006/cycle4-green-sh.log
    ?? specs/epic-190-a2-capability-registry/verification/T-006/cycle4-red-ps1.log
    ?? specs/epic-190-a2-capability-registry/verification/T-006/cycle4-red-sh.log

