############ LEG 1: whole-batch, both bundles ############
== whole-batch epic-136-phase2
  exit=19 (expected 19) | {"status":"denied","category":"DUPLICATE_BASENAME_IN_BATCH","message":"manifest target 'pl
  [whole-batch epic-136-phase2] changed=0  CI-steps-lost=0  registry-keys-lost=0
== whole-batch epic-189-a1
  exit=19 (expected 19) | {"status":"denied","category":"DUPLICATE_BASENAME_IN_BATCH","message":"manifest target 'pl
  [whole-batch epic-189-a1] changed=0  CI-steps-lost=0  registry-keys-lost=0

############ LEG 2: single-target, EVERY manifest entry ############
== single epic-136-phase2-gates :: plugins/sdd-quality-loop/scripts/sdd-hook-guard.py
  exit=0 (expected 0) | {"status":"ok","recovered":0,"targets":["plugins/sdd-quality-loop/scripts/sdd-hook-guard.p
  [single epic-136-phase2-gates :: plugins/sdd-quality-loop/scripts/sdd-hook-guard.py] changed=0  CI-steps-lost=0  registry-keys-lost=0
== single epic-136-phase2-gates :: plugins/sdd-quality-loop/scripts/sdd-hook-guard.js
  exit=0 (expected 0) | {"status":"ok","recovered":0,"targets":["plugins/sdd-quality-loop/scripts/sdd-hook-guard.j
  [single epic-136-phase2-gates :: plugins/sdd-quality-loop/scripts/sdd-hook-guard.js] changed=0  CI-steps-lost=0  registry-keys-lost=0
== single epic-136-phase2-gates :: plugins/sdd-quality-loop/scripts/sdd-hook-guard.ps1
  exit=0 (expected 0) | {"status":"ok","recovered":0,"targets":["plugins/sdd-quality-loop/scripts/sdd-hook-guard.p
  [single epic-136-phase2-gates :: plugins/sdd-quality-loop/scripts/sdd-hook-guard.ps1] changed=0  CI-steps-lost=0  registry-keys-lost=0
== single epic-136-phase2-gates :: plugins/sdd-quality-loop/scripts/sdd-hook-guard.sh
  exit=0 (expected 0) | {"status":"ok","recovered":0,"targets":["plugins/sdd-quality-loop/scripts/sdd-hook-guard.s
  [single epic-136-phase2-gates :: plugins/sdd-quality-loop/scripts/sdd-hook-guard.sh] changed=0  CI-steps-lost=0  registry-keys-lost=0
== single epic-136-phase2-gates :: plugins/sdd-quality-loop/scripts/check-contract.ps1
  exit=0 (expected 0) | {"status":"ok","recovered":0,"targets":["plugins/sdd-quality-loop/scripts/check-contract.p
  [single epic-136-phase2-gates :: plugins/sdd-quality-loop/scripts/check-contract.ps1] changed=0  CI-steps-lost=0  registry-keys-lost=0
== single epic-136-phase2-gates :: plugins/sdd-lite/references/risk-upgrade-policy.md
  exit=0 (expected 0) | {"status":"ok","recovered":0,"targets":["plugins/sdd-lite/references/risk-upgrade-policy.m
  [single epic-136-phase2-gates :: plugins/sdd-lite/references/risk-upgrade-policy.md] changed=0  CI-steps-lost=0  registry-keys-lost=0
== single epic-136-phase2-gates :: plugins/sdd-lite/scripts/check-risk-upgrade.sh
  exit=0 (expected 0) | {"status":"ok","recovered":0,"targets":["plugins/sdd-lite/scripts/check-risk-upgrade.sh"]}
  [single epic-136-phase2-gates :: plugins/sdd-lite/scripts/check-risk-upgrade.sh] changed=0  CI-steps-lost=0  registry-keys-lost=0
== single epic-136-phase2-gates :: plugins/sdd-lite/scripts/check-risk-upgrade.ps1
  exit=0 (expected 0) | {"status":"ok","recovered":0,"targets":["plugins/sdd-lite/scripts/check-risk-upgrade.ps1"]
  [single epic-136-phase2-gates :: plugins/sdd-lite/scripts/check-risk-upgrade.ps1] changed=0  CI-steps-lost=0  registry-keys-lost=0
== single epic-136-phase2-gates :: plugins/sdd-lite/skills/lite-spec/SKILL.md
  exit=0 (expected 0) | {"status":"ok","recovered":0,"targets":["plugins/sdd-lite/skills/lite-spec/SKILL.md"]}
  [single epic-136-phase2-gates :: plugins/sdd-lite/skills/lite-spec/SKILL.md] changed=0  CI-steps-lost=0  registry-keys-lost=0
== single epic-136-phase2-gates :: plugins/sdd-ship/skills/ship/SKILL.md
  exit=0 (expected 0) | {"status":"ok","recovered":0,"targets":["plugins/sdd-ship/skills/ship/SKILL.md"]}
  [single epic-136-phase2-gates :: plugins/sdd-ship/skills/ship/SKILL.md] changed=0  CI-steps-lost=0  registry-keys-lost=0
== single epic-136-phase2-gates :: tests/guard-parity.tests.sh
  exit=0 (expected 0) | {"status":"ok","recovered":0,"targets":["tests/guard-parity.tests.sh"]}
  [single epic-136-phase2-gates :: tests/guard-parity.tests.sh] changed=0  CI-steps-lost=0  registry-keys-lost=0
== single epic-136-phase2-gates :: specs/epic-136-phase2-gates/human-copy/apply-protected-files.ps1
  exit=0 (expected 0) | {"status":"ok","recovered":0,"targets":["specs/epic-136-phase2-gates/human-copy/apply-prot
  [single epic-136-phase2-gates :: specs/epic-136-phase2-gates/human-copy/apply-protected-files.ps1] changed=0  CI-steps-lost=0  registry-keys-lost=0
== single epic-189-a1-project-context :: specs/epic-189-a1-project-context/human-copy/PROTECTED-MANIFEST.md
  exit=0 (expected 0) | {"status":"ok","recovered":0,"targets":["specs/epic-189-a1-project-context/human-copy/PROT
  [single epic-189-a1-project-context :: specs/epic-189-a1-project-context/human-copy/PROTECTED-MANIFEST.md] changed=0  CI-steps-lost=0  registry-keys-lost=0
== single epic-189-a1-project-context :: plugins/sdd-quality-loop/references/guard-invariants.json
  exit=0 (expected 0) | {"status":"ok","recovered":0,"targets":["plugins/sdd-quality-loop/references/guard-invaria
  [single epic-189-a1-project-context :: plugins/sdd-quality-loop/references/guard-invariants.json] changed=0  CI-steps-lost=0  registry-keys-lost=0
== single epic-189-a1-project-context :: plugins/sdd-quality-loop/scripts/generate-guard-invariants.py
  exit=0 (expected 0) | {"status":"ok","recovered":0,"targets":["plugins/sdd-quality-loop/scripts/generate-guard-i
  [single epic-189-a1-project-context :: plugins/sdd-quality-loop/scripts/generate-guard-invariants.py] changed=0  CI-steps-lost=0  registry-keys-lost=0
== single epic-189-a1-project-context :: plugins/sdd-quality-loop/scripts/generated/guard_invariants.py
  exit=0 (expected 0) | {"status":"ok","recovered":0,"targets":["plugins/sdd-quality-loop/scripts/generated/guard_
  [single epic-189-a1-project-context :: plugins/sdd-quality-loop/scripts/generated/guard_invariants.py] changed=0  CI-steps-lost=0  registry-keys-lost=0
== single epic-189-a1-project-context :: plugins/sdd-quality-loop/scripts/generated/guard-invariants.generated.js
  exit=0 (expected 0) | {"status":"ok","recovered":0,"targets":["plugins/sdd-quality-loop/scripts/generated/guard-
  [single epic-189-a1-project-context :: plugins/sdd-quality-loop/scripts/generated/guard-invariants.generated.js] changed=0  CI-steps-lost=0  registry-keys-lost=0
== single epic-189-a1-project-context :: plugins/sdd-quality-loop/scripts/generated/guard-invariants.generated.ps1
  exit=0 (expected 0) | {"status":"ok","recovered":0,"targets":["plugins/sdd-quality-loop/scripts/generated/guard-
  [single epic-189-a1-project-context :: plugins/sdd-quality-loop/scripts/generated/guard-invariants.generated.ps1] changed=0  CI-steps-lost=0  registry-keys-lost=0
== single epic-189-a1-project-context :: plugins/sdd-quality-loop/scripts/generated/guard-invariants.generated.sh
  exit=0 (expected 0) | {"status":"ok","recovered":0,"targets":["plugins/sdd-quality-loop/scripts/generated/guard-
  [single epic-189-a1-project-context :: plugins/sdd-quality-loop/scripts/generated/guard-invariants.generated.sh] changed=0  CI-steps-lost=0  registry-keys-lost=0
== single epic-189-a1-project-context :: plugins/sdd-ship/skills/ship/SKILL.md
  exit=0 (expected 0) | {"status":"ok","recovered":0,"targets":["plugins/sdd-ship/skills/ship/SKILL.md"]}
  [single epic-189-a1-project-context :: plugins/sdd-ship/skills/ship/SKILL.md] changed=0  CI-steps-lost=0  registry-keys-lost=0
== single epic-189-a1-project-context :: plugins/sdd-lite/skills/lite-spec/SKILL.md
  exit=0 (expected 0) | {"status":"ok","recovered":0,"targets":["plugins/sdd-lite/skills/lite-spec/SKILL.md"]}
  [single epic-189-a1-project-context :: plugins/sdd-lite/skills/lite-spec/SKILL.md] changed=0  CI-steps-lost=0  registry-keys-lost=0
== single epic-189-a1-project-context :: plugins/sdd-quality-loop/scripts/apply-human-copy.sh
  exit=0 (expected 0) | {"status":"ok","recovered":0,"targets":["plugins/sdd-quality-loop/scripts/apply-human-copy
  [single epic-189-a1-project-context :: plugins/sdd-quality-loop/scripts/apply-human-copy.sh] changed=0  CI-steps-lost=0  registry-keys-lost=0
== single epic-189-a1-project-context :: plugins/sdd-quality-loop/scripts/apply-human-copy.ps1
  exit=0 (expected 0) | {"status":"ok","recovered":0,"targets":["plugins/sdd-quality-loop/scripts/apply-human-copy
  [single epic-189-a1-project-context :: plugins/sdd-quality-loop/scripts/apply-human-copy.ps1] changed=0  CI-steps-lost=0  registry-keys-lost=0
== single epic-189-a1-project-context :: plugins/sdd-quality-loop/scripts/generate-approval-sidecar.py
  exit=0 (expected 0) | {"status":"ok","recovered":0,"targets":["plugins/sdd-quality-loop/scripts/generate-approva
  [single epic-189-a1-project-context :: plugins/sdd-quality-loop/scripts/generate-approval-sidecar.py] changed=0  CI-steps-lost=0  registry-keys-lost=0
== single epic-189-a1-project-context :: plugins/sdd-quality-loop/scripts/validate-approval-sidecar.py
  exit=0 (expected 0) | {"status":"ok","recovered":0,"targets":["plugins/sdd-quality-loop/scripts/validate-approva
  [single epic-189-a1-project-context :: plugins/sdd-quality-loop/scripts/validate-approval-sidecar.py] changed=0  CI-steps-lost=0  registry-keys-lost=0
== single epic-189-a1-project-context :: plugins/sdd-quality-loop/scripts/canonicalize-sdd-yaml.py
  exit=0 (expected 0) | {"status":"ok","recovered":0,"targets":["plugins/sdd-quality-loop/scripts/canonicalize-sdd
  [single epic-189-a1-project-context :: plugins/sdd-quality-loop/scripts/canonicalize-sdd-yaml.py] changed=0  CI-steps-lost=0  registry-keys-lost=0
== single epic-189-a1-project-context :: plugins/sdd-quality-loop/scripts/sdd-hook-guard.ps1
  exit=0 (expected 0) | {"status":"ok","recovered":0,"targets":["plugins/sdd-quality-loop/scripts/sdd-hook-guard.p
  [single epic-189-a1-project-context :: plugins/sdd-quality-loop/scripts/sdd-hook-guard.ps1] changed=0  CI-steps-lost=0  registry-keys-lost=0
== single epic-189-a1-project-context :: plugins/sdd-quality-loop/scripts/sdd-hook-guard.py
  exit=0 (expected 0) | {"status":"ok","recovered":0,"targets":["plugins/sdd-quality-loop/scripts/sdd-hook-guard.p
  [single epic-189-a1-project-context :: plugins/sdd-quality-loop/scripts/sdd-hook-guard.py] changed=0  CI-steps-lost=0  registry-keys-lost=0
== single epic-189-a1-project-context :: plugins/sdd-quality-loop/scripts/sdd-hook-guard.js
  exit=0 (expected 0) | {"status":"ok","recovered":0,"targets":["plugins/sdd-quality-loop/scripts/sdd-hook-guard.j
  [single epic-189-a1-project-context :: plugins/sdd-quality-loop/scripts/sdd-hook-guard.js] changed=0  CI-steps-lost=0  registry-keys-lost=0

############ LEG 3: adversarial replay of every EVICTED line ############
# The 2026-08-11 hazard shape: hand-craft the deleted manifest line and
# apply it as a single-target batch. Must be REFUSED (candidate absent).
== REPLAY 136 :: .github/workflows/test.yml
  exit=10 (expected 10) | {"status":"denied","category":"PRE_EXISTING_SYMLINK_DENIED","message":"staged candidate fo
  [REPLAY 136 :: .github/workflows/test.yml] changed=0  CI-steps-lost=0  registry-keys-lost=0
== REPLAY 189 :: 
  exit=10 (expected 10) | {"status":"denied","category":"PRE_EXISTING_SYMLINK_DENIED","message":"staged candidate fo
  [REPLAY 189 :: ] changed=0  CI-steps-lost=0  registry-keys-lost=0
== REPLAY 136 :: plugins/sdd-quality-loop/references/guard-invariants.json
  exit=10 (expected 10) | {"status":"denied","category":"PRE_EXISTING_SYMLINK_DENIED","message":"staged candidate fo
  [REPLAY 136 :: plugins/sdd-quality-loop/references/guard-invariants.json] changed=0  CI-steps-lost=0  registry-keys-lost=0
== REPLAY 189 :: 
  exit=0 (expected 0) | {"status":"ok","recovered":0,"targets":["plugins/sdd-quality-loop/references/guard-invaria
  [REPLAY 189 :: ] changed=0  CI-steps-lost=0  registry-keys-lost=0
== REPLAY 136 :: plugins/sdd-quality-loop/scripts/generate-guard-invariants.py
  exit=10 (expected 10) | {"status":"denied","category":"PRE_EXISTING_SYMLINK_DENIED","message":"staged candidate fo
  [REPLAY 136 :: plugins/sdd-quality-loop/scripts/generate-guard-invariants.py] changed=0  CI-steps-lost=0  registry-keys-lost=0
== REPLAY 189 :: 
  exit=0 (expected 0) | {"status":"ok","recovered":0,"targets":["plugins/sdd-quality-loop/scripts/generate-guard-i
  [REPLAY 189 :: ] changed=0  CI-steps-lost=0  registry-keys-lost=0
== REPLAY 136 :: plugins/sdd-quality-loop/scripts/generated/guard_invariants.py
  exit=10 (expected 10) | {"status":"denied","category":"PRE_EXISTING_SYMLINK_DENIED","message":"staged candidate fo
  [REPLAY 136 :: plugins/sdd-quality-loop/scripts/generated/guard_invariants.py] changed=0  CI-steps-lost=0  registry-keys-lost=0
== REPLAY 189 :: 
  exit=0 (expected 0) | {"status":"ok","recovered":0,"targets":["plugins/sdd-quality-loop/scripts/generated/guard_
  [REPLAY 189 :: ] changed=0  CI-steps-lost=0  registry-keys-lost=0
== REPLAY 136 :: plugins/sdd-quality-loop/scripts/generated/guard-invariants.generated.js
  exit=10 (expected 10) | {"status":"denied","category":"PRE_EXISTING_SYMLINK_DENIED","message":"staged candidate fo
  [REPLAY 136 :: plugins/sdd-quality-loop/scripts/generated/guard-invariants.generated.js] changed=0  CI-steps-lost=0  registry-keys-lost=0
== REPLAY 189 :: 
  exit=0 (expected 0) | {"status":"ok","recovered":0,"targets":["plugins/sdd-quality-loop/scripts/generated/guard-
  [REPLAY 189 :: ] changed=0  CI-steps-lost=0  registry-keys-lost=0
== REPLAY 136 :: plugins/sdd-quality-loop/scripts/generated/guard-invariants.generated.ps1
  exit=10 (expected 10) | {"status":"denied","category":"PRE_EXISTING_SYMLINK_DENIED","message":"staged candidate fo
  [REPLAY 136 :: plugins/sdd-quality-loop/scripts/generated/guard-invariants.generated.ps1] changed=0  CI-steps-lost=0  registry-keys-lost=0
== REPLAY 189 :: 
  exit=0 (expected 0) | {"status":"ok","recovered":0,"targets":["plugins/sdd-quality-loop/scripts/generated/guard-
  [REPLAY 189 :: ] changed=0  CI-steps-lost=0  registry-keys-lost=0
== REPLAY 136 :: plugins/sdd-quality-loop/scripts/generated/guard-invariants.generated.sh
  exit=10 (expected 10) | {"status":"denied","category":"PRE_EXISTING_SYMLINK_DENIED","message":"staged candidate fo
  [REPLAY 136 :: plugins/sdd-quality-loop/scripts/generated/guard-invariants.generated.sh] changed=0  CI-steps-lost=0  registry-keys-lost=0
== REPLAY 189 :: 
  exit=0 (expected 0) | {"status":"ok","recovered":0,"targets":["plugins/sdd-quality-loop/scripts/generated/guard-
  [REPLAY 189 :: ] changed=0  CI-steps-lost=0  registry-keys-lost=0

############ LEG 4: bundle-specific runner ############
== runner apply-protected-files.ps1
  exit=2 | apply-protected-files: Windows is required
  [runner] SKIPPED: host is not Windows; the runner refused before copying anything, so this leg proves nothing

############ VERDICT ############
watched live paths: 25 (plus the CI step-name set and every canonical array)
leg 4 (bundle runner): SKIPPED (non-Windows host)
publisher legs with an unexpected exit code: 0
ZERO REMOVALS across every MEASURED leg: no live file deleted, no live
line lost, no CI step lost, no registry key lost.
NOTE: the runner leg was skipped and contributes NOTHING to this verdict.
