ok contract-mismatch-self-check schema
ok contract-mismatch-self-check mode
ok contract-mismatch-self-check install_root
ok contract-mismatch-self-check state
ok contract-mismatch-self-check surface
ok contract-mismatch-self-check source_ref
ok contract-mismatch-self-check installed_ref
ok contract-mismatch-self-check change_type
ok contract-mismatch-self-check installed_sha256
ok contract-mismatch-self-check repo_sha256
ok wrapper-contract ps1 rejects mis-cased mode
ok wrapper-contract ps1 Windows default deferred to Windows CI
not ok TEST-023 not_installed preflight: state mismatch: got installed_synced, expected not_installed
not ok TEST-023 not_installed verify: state mismatch: got installed_synced, expected not_installed
ok TEST-023 installed_synced preflight
ok TEST-023 installed_synced verify
not ok TEST-022 all surfaces and TEST-023 drift preflight: state mismatch: got installed_synced, expected installed_drifted
not ok TEST-022 file/added exact entry: state mismatch: got installed_synced, expected installed_drifted
not ok TEST-022 file/removed exact entry: state mismatch: got installed_synced, expected installed_drifted
not ok TEST-022 file/modified exact entry: state mismatch: got installed_synced, expected installed_drifted
not ok TEST-022 file/type-changed exact entry: state mismatch: got installed_synced, expected installed_drifted
not ok TEST-022 delimited-region/added exact entry: state mismatch: got installed_synced, expected installed_drifted
not ok TEST-022 delimited-region/removed exact entry: state mismatch: got installed_synced, expected installed_drifted
not ok TEST-022 delimited-region/modified exact entry: state mismatch: got installed_synced, expected installed_drifted
not ok TEST-022 delimited-region/type-changed exact entry: state mismatch: got installed_synced, expected installed_drifted
not ok TEST-022 all surfaces and TEST-023 drift verify: state mismatch: got installed_synced, expected installed_drifted
not ok TEST-022 file/added exact entry: state mismatch: got installed_synced, expected installed_drifted
not ok TEST-022 file/removed exact entry: state mismatch: got installed_synced, expected installed_drifted
not ok TEST-022 file/modified exact entry: state mismatch: got installed_synced, expected installed_drifted
not ok TEST-022 file/type-changed exact entry: state mismatch: got installed_synced, expected installed_drifted
not ok TEST-022 delimited-region/added exact entry: state mismatch: got installed_synced, expected installed_drifted
not ok TEST-022 delimited-region/removed exact entry: state mismatch: got installed_synced, expected installed_drifted
not ok TEST-022 delimited-region/modified exact entry: state mismatch: got installed_synced, expected installed_drifted
not ok TEST-022 delimited-region/type-changed exact entry: state mismatch: got installed_synced, expected installed_drifted
ok TEST-022 negative lifecycle initial sync
not ok TEST-022 negative lifecycle detects later mutation: state mismatch: got installed_synced, expected installed_drifted
FAIL 5 case group(s)
  not_installed/preflight: state mismatch: got installed_synced, expected not_installed
  not_installed/verify: state mismatch: got installed_synced, expected not_installed
  drift/preflight: state mismatch: got installed_synced, expected installed_drifted
  drift/verify: state mismatch: got installed_synced, expected installed_drifted
  negative-lifecycle: state mismatch: got installed_synced, expected installed_drifted
