GUARD_PY=/Users/jrmag/Projects/active/sdd-forge-wt-phase3/plugins/sdd-quality-loop/scripts/sdd-hook-guard.py
GUARD_JS=/Users/jrmag/Projects/active/sdd-forge-wt-phase3/plugins/sdd-quality-loop/scripts/sdd-hook-guard.js
GUARD_PS1=/Users/jrmag/Projects/active/sdd-forge-wt-phase3/plugins/sdd-quality-loop/scripts/sdd-hook-guard.ps1
GUARD_SH=/Users/jrmag/Projects/active/sdd-forge-wt-phase3/plugins/sdd-quality-loop/scripts/sdd-hook-guard.sh
node: present (.js legs run)
PS_INTERP=pwsh (.ps1 legs run)
=== TEST-008 (AC-008): cd&&rm R-10 bypass denied across 4 runtimes x 3 tool_name shapes ===
ok: TEST-008 .py/Bash: cd&&rm-bypass -> DENY as expected
ok: TEST-008 .js/Bash: cd&&rm-bypass -> DENY as expected
ok: TEST-008 .ps1/Bash: cd&&rm-bypass -> DENY as expected
ok: TEST-008 .sh/Bash: cd&&rm-bypass -> DENY as expected
ok: TEST-008 .py/exec_command: cd&&rm-bypass -> DENY as expected
ok: TEST-008 .js/exec_command: cd&&rm-bypass -> DENY as expected
ok: TEST-008 .ps1/exec_command: cd&&rm-bypass -> DENY as expected
ok: TEST-008 .sh/exec_command: cd&&rm-bypass -> DENY as expected
ok: TEST-008 .py/apply_patch: cd&&rm-bypass -> DENY as expected
ok: TEST-008 .js/apply_patch: cd&&rm-bypass -> DENY as expected
ok: TEST-008 .ps1/apply_patch: cd&&rm-bypass -> DENY as expected
ok: TEST-008 .sh/apply_patch: cd&&rm-bypass -> DENY as expected
=== TEST-009 (AC-009): triple-quote payload correctly classified across 4 runtimes x 3 tool_name shapes ===
ok: TEST-009 .py/Bash: triple-quote -> DENY as expected
ok: TEST-009 .js/Bash: triple-quote -> DENY as expected
ok: TEST-009 .ps1/Bash: triple-quote -> DENY as expected
ok: TEST-009 .sh/Bash: triple-quote -> DENY as expected
ok: TEST-009 .py/exec_command: triple-quote -> DENY as expected
ok: TEST-009 .js/exec_command: triple-quote -> DENY as expected
ok: TEST-009 .ps1/exec_command: triple-quote -> DENY as expected
ok: TEST-009 .sh/exec_command: triple-quote -> DENY as expected
ok: TEST-009 .py/apply_patch: triple-quote -> DENY as expected
ok: TEST-009 .js/apply_patch: triple-quote -> DENY as expected
ok: TEST-009 .ps1/apply_patch: triple-quote -> DENY as expected
ok: TEST-009 .sh/apply_patch: triple-quote -> DENY as expected
=== TEST-009 control (AC-009): read-only """-decorated payload AGAINST the protected path must never trigger a false DENY ===
ok: TEST-009-control: read-only triple-quote-decorated payload against the protected path ('cat """notes""" plugins/sdd-quality-loop/scripts/sdd-hook-guard.py') ALLOWED across every available runtime — no false DENY (AC-009, literal Done-When satisfaction)
=== TEST-010 (AC-010): task-id-collision decided purely on basename match, same matrix ===
ok: TEST-010 .py/Bash: task-id-collision -> DENY as expected
ok: TEST-010 .js/Bash: task-id-collision -> DENY as expected
ok: TEST-010 .ps1/Bash: task-id-collision -> DENY as expected
ok: TEST-010 .sh/Bash: task-id-collision -> DENY as expected
ok: TEST-010 .py/exec_command: task-id-collision -> DENY as expected
ok: TEST-010 .js/exec_command: task-id-collision -> DENY as expected
ok: TEST-010 .ps1/exec_command: task-id-collision -> DENY as expected
ok: TEST-010 .sh/exec_command: task-id-collision -> DENY as expected
ok: TEST-010 .py/apply_patch: task-id-collision -> DENY as expected
ok: TEST-010 .js/apply_patch: task-id-collision -> DENY as expected
ok: TEST-010 .ps1/apply_patch: task-id-collision -> DENY as expected
ok: TEST-010 .sh/apply_patch: task-id-collision -> DENY as expected
=== TEST-010 control (AC-010): numeric-substring-alone payload must never trigger a false DENY ===
ok: TEST-010-control: numeric-substring-alone payload ('# see T-0010', no protected basename) ALLOWED across every available runtime — no false DENY (AC-010)
=== TEST-011 (AC-011): cross-runtime decision-parity aggregation (post-loop pass) ===
ok: TEST-011 cd&&rm-bypass/Bash: every runtime that reached a decision agrees (DENY) (AC-011)
ok: TEST-011 cd&&rm-bypass/exec_command: every runtime that reached a decision agrees (DENY) (AC-011)
ok: TEST-011 cd&&rm-bypass/apply_patch: every runtime that reached a decision agrees (DENY) (AC-011)
ok: TEST-011 triple-quote/Bash: every runtime that reached a decision agrees (DENY) (AC-011)
ok: TEST-011 triple-quote/exec_command: every runtime that reached a decision agrees (DENY) (AC-011)
ok: TEST-011 triple-quote/apply_patch: every runtime that reached a decision agrees (DENY) (AC-011)
ok: TEST-011 task-id-collision/Bash: every runtime that reached a decision agrees (DENY) (AC-011)
ok: TEST-011 task-id-collision/exec_command: every runtime that reached a decision agrees (DENY) (AC-011)
ok: TEST-011 task-id-collision/apply_patch: every runtime that reached a decision agrees (DENY) (AC-011)

guard-negative-corpus.tests.sh: 47 passed, 0 failed, 0 skipped
EXIT=0
