=== regression mode note: individual-suite runs (both lanes). tests/run-all.sh aborts at tests/prepare-panelist.tests.sh, whose failure PRE-DATES this task (last content commits 298cf22b/2f93edd6, #108/#185-era; reproduced env-independently; part of the known run-all failure chain) - NOT attributable to T-008. Set is the epic-189-a1 suites OTHER than T-008's own (which is recorded in focused-tests.log), now including apply-human-copy (T-007, landed). ===
=== bash tests/project-context-schema.tests.sh ===
PASS: TEST-001 positive fixture (full field coverage) validates
PASS: TEST-001 deleting required pointer /schema is rejected
PASS: TEST-001 deleting required pointer /workflow is rejected
PASS: TEST-001 deleting required pointer /workflow/spec_profile is rejected
PASS: TEST-001 deleting required pointer /workflow/artifact_layout is rejected
PASS: TEST-001 deleting required pointer /workflow/capability_enforcement is rejected
PASS: TEST-001 deleting required pointer /components/*/id is rejected
PASS: TEST-001 deleting required pointer /components/*/platform_targets/*/os is rejected
PASS: TEST-001 deleting required pointer /components/*/platform_targets/*/architecture is rejected
PASS: TEST-002 allowlist path artifact_kinds resolves to a schema field
PASS: TEST-002 allowlist path runtime_classes resolves to a schema field
PASS: TEST-002 allowlist path characteristics.pii resolves to a schema field
PASS: TEST-002 allowlist path characteristics.ui resolves to a schema field
PASS: TEST-002 allowlist path characteristics.auto_update resolves to a schema field
PASS: TEST-002 allowlist path characteristics.local_persistence resolves to a schema field
PASS: TEST-002 allowlist path distribution_channels resolves to a schema field
PASS: TEST-002 allowlist path data_classification resolves to a schema field
PASS: TEST-003 positive fixture with state_authority/credentials passthrough validates
PASS: TEST-003 deleting required pointer /schema is rejected
PASS: TEST-003 deleting required pointer /bindings is rejected
PASS: TEST-003 deleting required pointer /bindings/*/id is rejected
PASS: TEST-003 deleting required pointer /bindings/*/provider is rejected
PASS: TEST-003 deleting required pointer /bindings/*/product is rejected
PASS: TEST-003 deleting required pointer /bindings/*/purpose is rejected
PASS: TEST-004 no fixed Provider enum exists in the schema
PASS: TEST-004 invented provider string 'totally-invented-provider-xyz' validates
PASS: TEST-040 duplicate-id components[] fixture still passes plain JSON Schema (M18)
PASS: TEST-040 semantic-validator layer rejects duplicate components[].id (DUPLICATE_COMPONENT_ID)
PASS: TEST-040 duplicate-id bindings[] fixture still passes plain JSON Schema (M18)
PASS: TEST-040 semantic-validator layer rejects duplicate bindings[].id (DUPLICATE_BINDING_ID)
PASS: TEST-041 bindings[] entry declaring adapter_paths validates
PASS: TEST-041 bindings[] entry with no adapter_paths also validates
PASS: TEST-042 project-context.template.yaml parses
PASS: TEST-042 project-context.template.yaml validates against the schema
PASS: TEST-042 shared_paths contains cross-cutting seed pattern 'specs/**'
PASS: TEST-042 shared_paths contains cross-cutting seed pattern 'reports/**'
PASS: TEST-042 shared_paths contains cross-cutting seed pattern 'docs/**'
PASS: TEST-042 shared_paths contains cross-cutting seed pattern '.github/**'
PASS: TEST-042 shared_paths contains cross-cutting seed pattern 'tests/fixtures/**'
PASS: TEST-042 shared_paths contains cross-cutting seed pattern 'CHANGELOG.md'
PASS: TEST-042 shared_paths contains exactly the six canonical seed patterns
PASS: 41
FAIL: 0
exit=0
=== pwsh tests/project-context-schema.tests.ps1 ===
PASS: TEST-001 positive fixture (full field coverage) validates
PASS: TEST-001 deleting required pointer /schema is rejected
PASS: TEST-001 deleting required pointer /workflow is rejected
PASS: TEST-001 deleting required pointer /workflow/spec_profile is rejected
PASS: TEST-001 deleting required pointer /workflow/artifact_layout is rejected
PASS: TEST-001 deleting required pointer /workflow/capability_enforcement is rejected
PASS: TEST-001 deleting required pointer /components/*/id is rejected
PASS: TEST-001 deleting required pointer /components/*/platform_targets/*/os is rejected
PASS: TEST-001 deleting required pointer /components/*/platform_targets/*/architecture is rejected
PASS: TEST-002 allowlist path artifact_kinds resolves to a schema field
PASS: TEST-002 allowlist path runtime_classes resolves to a schema field
PASS: TEST-002 allowlist path characteristics.pii resolves to a schema field
PASS: TEST-002 allowlist path characteristics.ui resolves to a schema field
PASS: TEST-002 allowlist path characteristics.auto_update resolves to a schema field
PASS: TEST-002 allowlist path characteristics.local_persistence resolves to a schema field
PASS: TEST-002 allowlist path distribution_channels resolves to a schema field
PASS: TEST-002 allowlist path data_classification resolves to a schema field
PASS: TEST-003 positive fixture with state_authority/credentials passthrough validates
PASS: TEST-003 deleting required pointer /schema is rejected
PASS: TEST-003 deleting required pointer /bindings is rejected
PASS: TEST-003 deleting required pointer /bindings/*/id is rejected
PASS: TEST-003 deleting required pointer /bindings/*/provider is rejected
PASS: TEST-003 deleting required pointer /bindings/*/product is rejected
PASS: TEST-003 deleting required pointer /bindings/*/purpose is rejected
PASS: TEST-004 no fixed Provider enum exists in the schema
PASS: TEST-004 invented provider string 'totally-invented-provider-xyz' validates
PASS: TEST-040 duplicate-id components[] fixture still passes plain JSON Schema (M18)
PASS: TEST-040 semantic-validator layer rejects duplicate components[].id (DUPLICATE_COMPONENT_ID)
PASS: TEST-040 duplicate-id bindings[] fixture still passes plain JSON Schema (M18)
PASS: TEST-040 semantic-validator layer rejects duplicate bindings[].id (DUPLICATE_BINDING_ID)
PASS: TEST-041 bindings[] entry declaring adapter_paths validates
PASS: TEST-041 bindings[] entry with no adapter_paths also validates
PASS: TEST-042 project-context.template.yaml parses
PASS: TEST-042 project-context.template.yaml validates against the schema
PASS: TEST-042 shared_paths contains cross-cutting seed pattern 'specs/**'
PASS: TEST-042 shared_paths contains cross-cutting seed pattern 'reports/**'
PASS: TEST-042 shared_paths contains cross-cutting seed pattern 'docs/**'
PASS: TEST-042 shared_paths contains cross-cutting seed pattern '.github/**'
PASS: TEST-042 shared_paths contains cross-cutting seed pattern 'tests/fixtures/**'
PASS: TEST-042 shared_paths contains cross-cutting seed pattern 'CHANGELOG.md'
PASS: TEST-042 shared_paths contains exactly the six canonical seed patterns
PASS: 41
FAIL: 0
exit=0
=== bash tests/approver-registry-schema.tests.sh ===
PASS: TEST-044 positive fixture (id+name+registered_at) validates
PASS: TEST-044 deleting required field /approvers/*/id is rejected
PASS: TEST-044 deleting required field /approvers/*/name is rejected
PASS: TEST-044 non-array 'approvers' value is rejected
PASS: TEST-044 zero-entry 'approvers: []' fixture validates
PASS: TEST-045 duplicate-id fixture still passes plain JSON Schema (M18-equivalent)
PASS: TEST-045 semantic-validator layer rejects duplicate approvers[].id (DUPLICATE_APPROVER_REGISTRY_ID)
PASS: TEST-046 zero-identity 'approvers: []' fixture validates against the schema
PASS: 8
FAIL: 0
exit=0
=== pwsh tests/approver-registry-schema.tests.ps1 ===
PASS: TEST-044 positive fixture (id+name+registered_at) validates
PASS: TEST-044 deleting required field /approvers/*/id is rejected
PASS: TEST-044 deleting required field /approvers/*/name is rejected
PASS: TEST-044 non-array 'approvers' value is rejected
PASS: TEST-044 zero-entry 'approvers: []' fixture validates
PASS: TEST-045 duplicate-id fixture still passes plain JSON Schema (M18-equivalent)
PASS: TEST-045 semantic-validator layer rejects duplicate approvers[].id (DUPLICATE_APPROVER_REGISTRY_ID)
PASS: TEST-046 zero-identity 'approvers: []' fixture validates against the schema
PASS: 8
FAIL: 0
exit=0
=== bash tests/canonicalize-sdd-yaml.tests.sh ===
PASS: TEST-005 anchor rejected
PASS: TEST-005 alias rejected
PASS: TEST-005 custom tag rejected
PASS: TEST-005 duplicate key rejected
PASS: TEST-006 1.1-only tokens (yes/no/on/off, any casing) stay strings; true/TRUE/FALSE resolve as booleans
PASS: TEST-007 precomposed vs. decomposed NFC fixture pair produce byte-identical canonical output
PASS: TEST-007 precomposed vs. decomposed NFC fixture pair produce an identical SHA-256
PASS: TEST-008 JCS golden byte sequence (key sort, hex int, trailing-zero float, bool/null)
PASS: TEST-009 .py and .sh produce an identical SHA-256
PASS: TEST-009 .ps1 produces the identical SHA-256 as .py
PASS: TEST-009 .js produces the identical SHA-256 as .py
PASS: TEST-009 .sh dispatch-not-reimplement proof (.sh alone, without .py, fails -- it truly dispatches to canonicalize-sdd-yaml.py)
PASS: TEST-009 .ps1 dispatch-not-reimplement proof (.ps1 alone, without .py, fails -- no native PowerShell fallback exists)
PASS: TEST-009 .js dispatch-not-reimplement proof (.js alone, without .py, fails -- it truly dispatches to canonicalize-sdd-yaml.py)
PASS: TEST-009 .sh denies fail-closed with CANONICALIZER_RUNTIME_UNAVAILABLE (exit 3) when no python3/python is on PATH
PASS: TEST-037 multi-document rejection
PASS: TEST-037 non-string-key rejection
PASS: TEST-037 post-NFC duplicate-key collision rejection
PASS: TEST-037 non-finite number rejection (.inf)
PASS: TEST-037 non-finite number rejection (.nan)
PASS: TEST-037 RFC 8785 §3.2.2.3 numeric-formatting boundary vector (1e20/1e21, 1e-6/1e-7)
PASS: TEST-037 byte-exact stdout framing: default mode has no trailing newline byte
PASS: TEST-037 byte-exact stdout framing: default mode byte count matches exactly (51 bytes)
PASS: TEST-037 byte-exact stdout framing: --hash-only emits exactly 'sha256:' + 64 hex chars
PASS: TEST-037 byte-exact stdout framing: --hash-only output ends with exactly one trailing newline
PASS: TEST-037(remedy) CATEGORY_EXIT_CODES read from canonicalize-sdd-yaml.py itself matches the documented table
PASS: TEST-REMEDY lone surrogate in a double-quoted scalar VALUE (YAML mode) is INVALID_UTF8_REJECTED, not an uncaught exception
PASS: TEST-REMEDY lone surrogate in a double-quoted scalar VALUE (YAML mode, --hash-only) is INVALID_UTF8_REJECTED
PASS: TEST-REMEDY lone surrogate in a quoted mapping KEY (YAML mode) is INVALID_UTF8_REJECTED
PASS: TEST-REMEDY lone surrogate in a string VALUE (JSON input mode) is INVALID_UTF8_REJECTED
PASS: TEST-REMEDY lone surrogate in an object KEY (JSON input mode) is INVALID_UTF8_REJECTED
PASS: TEST-REMEDY a correctly-paired surrogate escape (astral character) still succeeds
PASS: TEST-REMEDY plain scalar value 'b: c' (embedded ': ') is rejected, not best-effort-interpreted as "b: c"
PASS: TEST-REMEDY embedded ': ' rejection carries the quote-the-scalar hint
PASS: TEST-REMEDY plain scalar value 'value:' (trailing ':') is rejected
PASS: TEST-REMEDY embedded ': ' is rejected inside an inline '- key: value' mapping too
PASS: TEST-REMEDY a URL value (':' not followed by a space) still succeeds
PASS: TEST-REMEDY a QUOTED value containing ': ' still succeeds
PASS: TEST-REMEDY(26) block scalar indicator is UNSUPPORTED_SYNTAX_REJECTED
PASS: TEST-REMEDY(26) non-empty flow sequence is UNSUPPORTED_SYNTAX_REJECTED
PASS: TEST-REMEDY(26) tab indentation is UNSUPPORTED_SYNTAX_REJECTED
PASS: TEST-REMEDY(26) a leading '---' marker on a single document is UNSUPPORTED_SYNTAX_REJECTED
PASS: TEST-REMEDY(10) genuinely invalid UTF-8 input BYTES (not an escape) is INVALID_UTF8_REJECTED
PASS: TEST-REMEDY(11) malformed JSON input is INVALID_JSON_REJECTED
PASS: TEST-REMEDY JSON input mode round-trips and re-sorts keys (extension auto-detection)
PASS: TEST-REMEDY JSON input mode round-trips via explicit --input-format json (no .json extension)
PASS: TEST-REMEDY JSON input mode rejects a duplicate object key
PASS: TEST-REMEDY JSON input mode rejects the non-standard NaN constant
PASS: TEST-REMEDY JSON input mode rejects the non-standard Infinity constant
PASS: TEST-REMEDY2 sequence item '-  a' (2 spaces) is rejected, not silently parsed as ' a'
PASS: TEST-REMEDY2 sequence item '-   a' (3 spaces) is rejected
PASS: TEST-REMEDY2 sequence inline mapping '-  k: v' (2 spaces) is rejected, not key-corrupted to {' k':'v'}
PASS: TEST-REMEDY2 the multi-line coupled fixture (nested '-   k: v' + aligned sibling) now gets the construct-specific separator diagnostic, not the misleading generic one
PASS: TEST-REMEDY2 sequence item '-<TAB>a' is rejected, not reinterpreted as a bare scalar document
PASS: TEST-REMEDY2 the tab-separator rejection names 'tab' specifically
PASS: TEST-REMEDY2 inline nested-sequence lookalike '- - a' is rejected, not swallowed as '- a'
PASS: TEST-REMEDY2 correct single-space '- k: v' still succeeds
PASS: TEST-REMEDY2 multi-line nested sequence (bare '-' + indented block) still succeeds
PASS: TEST-REMEDY2(c) a '%' directive gets a construct-specific diagnostic
PASS: TEST-REMEDY2(c) the '%' rejection names 'directive' specifically
PASS: TEST-REMEDY2(c) a '?' explicit key gets a construct-specific diagnostic
PASS: TEST-REMEDY2(c) the '?' rejection names 'explicit-key' specifically
PASS: TEST-REMEDY3 nested merge key with a mapping value is rejected, not key-polluted to {"<<":{...}}
PASS: TEST-REMEDY3 the merge-key rejection names 'merge key' specifically
PASS: TEST-REMEDY3 top-level merge key with an empty-flow-map value is rejected
PASS: TEST-REMEDY3 merge key with a sequence value is rejected
PASS: TEST-REMEDY3 merge key with a null (colon-nothing) value is rejected
PASS: TEST-REMEDY3 '<<: *base' now reports the merge-key rejection (not ALIAS_REJECTED)
PASS: TEST-REMEDY3 a quoted '<<' key still succeeds as a literal string key
PASS: TEST-REMEDY3 a value merely starting with '<' (not merge-key syntax) still succeeds
PASS: TEST-REMEDY3 a key merely starting with '<' (not the exact key '<<') still succeeds
PASS: TEST-REMEDY3 a depth-2000 in-subset document succeeds (no RecursionError, no artificial depth cap)
PASS: TEST-REMEDY3(c) a nested '?' explicit key gets a construct-specific diagnostic
PASS: TEST-REMEDY3(c) the nested '?' rejection names 'explicit-key' specifically
PASS: TEST-REMEDY3(c) a nested '%' directive gets a construct-specific diagnostic
PASS: TEST-REMEDY3(c) the nested '%' rejection names 'directive' specifically
PASS: TEST-REMEDY3(c) mapping-side 'k:   v' (multiple spaces after ':') still succeeds (deliberate, recorded non-change)
PASS: self-registration: tests/canonicalize-sdd-yaml.tests.sh registered in tests/run-all.sh
PASS: self-registration: tests/canonicalize-sdd-yaml.tests.ps1 registered in tests/run-all.ps1
PASS: self-registration: tests/canonicalize-sdd-yaml.tests.ps1 twin exists
PASS: 80
FAIL: 0
exit=0
=== pwsh tests/canonicalize-sdd-yaml.tests.ps1 ===
PASS: TEST-005 anchor rejected
PASS: TEST-005 alias rejected
PASS: TEST-005 custom tag rejected
PASS: TEST-005 duplicate key rejected
PASS: TEST-006 1.1-only tokens (yes/no/on/off, any casing) stay strings; true/TRUE/FALSE resolve as booleans
PASS: TEST-007 precomposed vs. decomposed NFC fixture pair produce byte-identical canonical output
PASS: TEST-007 precomposed vs. decomposed NFC fixture pair produce an identical SHA-256
PASS: TEST-008 JCS golden byte sequence (key sort, hex int, trailing-zero float, bool/null)
PASS: TEST-009 .py and .ps1 produce an identical SHA-256
PASS: TEST-009 .sh produces the identical SHA-256 as .py
PASS: TEST-009 .js produces the identical SHA-256 as .py
PASS: TEST-009 .ps1 dispatch-not-reimplement proof (.ps1 alone, without .py, fails -- no native PowerShell fallback exists)
PASS: TEST-009 .ps1 denies fail-closed with CANONICALIZER_RUNTIME_UNAVAILABLE (exit 3) when no python3/python is on PATH
PASS: TEST-037 multi-document rejection
PASS: TEST-037 non-string-key rejection
PASS: TEST-037 post-NFC duplicate-key collision rejection
PASS: TEST-037 non-finite number rejection (.inf)
PASS: TEST-037 non-finite number rejection (.nan)
PASS: TEST-037 RFC 8785 §3.2.2.3 numeric-formatting boundary vector (1e20/1e21, 1e-6/1e-7)
PASS: TEST-037 byte-exact stdout framing: default mode has no trailing newline byte
PASS: TEST-037 byte-exact stdout framing: default mode byte count matches exactly (51 bytes)
PASS: TEST-037 byte-exact stdout framing: --hash-only emits exactly 'sha256:' + 64 hex chars
PASS: TEST-037 byte-exact stdout framing: --hash-only output ends with exactly one trailing newline
PASS: TEST-037(remedy) CATEGORY_EXIT_CODES read from canonicalize-sdd-yaml.py itself matches the documented table
PASS: TEST-REMEDY lone surrogate in a double-quoted scalar VALUE (YAML mode) is INVALID_UTF8_REJECTED, not an uncaught exception
PASS: TEST-REMEDY lone surrogate in a double-quoted scalar VALUE (YAML mode, --hash-only) is INVALID_UTF8_REJECTED
PASS: TEST-REMEDY lone surrogate in a quoted mapping KEY (YAML mode) is INVALID_UTF8_REJECTED
PASS: TEST-REMEDY lone surrogate in a string VALUE (JSON input mode) is INVALID_UTF8_REJECTED
PASS: TEST-REMEDY lone surrogate in an object KEY (JSON input mode) is INVALID_UTF8_REJECTED
PASS: TEST-REMEDY a correctly-paired surrogate escape (astral character) still succeeds
PASS: TEST-REMEDY plain scalar value 'b: c' (embedded ': ') is rejected, not best-effort-interpreted
PASS: TEST-REMEDY embedded ': ' rejection carries the quote-the-scalar hint
PASS: TEST-REMEDY plain scalar value 'value:' (trailing ':') is rejected
PASS: TEST-REMEDY embedded ': ' is rejected inside an inline '- key: value' mapping too
PASS: TEST-REMEDY a URL value (':' not followed by a space) still succeeds
PASS: TEST-REMEDY a QUOTED value containing ': ' still succeeds
PASS: TEST-REMEDY(26) block scalar indicator is UNSUPPORTED_SYNTAX_REJECTED
PASS: TEST-REMEDY(26) non-empty flow sequence is UNSUPPORTED_SYNTAX_REJECTED
PASS: TEST-REMEDY(26) tab indentation is UNSUPPORTED_SYNTAX_REJECTED
PASS: TEST-REMEDY(26) a leading '---' marker on a single document is UNSUPPORTED_SYNTAX_REJECTED
PASS: TEST-REMEDY(10) genuinely invalid UTF-8 input BYTES (not an escape) is INVALID_UTF8_REJECTED
PASS: TEST-REMEDY(11) malformed JSON input is INVALID_JSON_REJECTED
PASS: TEST-REMEDY JSON input mode round-trips and re-sorts keys (extension auto-detection)
PASS: TEST-REMEDY JSON input mode round-trips via explicit --input-format json (no .json extension)
PASS: TEST-REMEDY JSON input mode rejects a duplicate object key
PASS: TEST-REMEDY JSON input mode rejects the non-standard NaN constant
PASS: TEST-REMEDY JSON input mode rejects the non-standard Infinity constant
PASS: TEST-REMEDY2 sequence item '-  a' (2 spaces) is rejected, not silently parsed as ' a'
PASS: TEST-REMEDY2 sequence item '-   a' (3 spaces) is rejected
PASS: TEST-REMEDY2 sequence inline mapping '-  k: v' (2 spaces) is rejected, not key-corrupted
PASS: TEST-REMEDY2 the multi-line coupled fixture now gets the construct-specific separator diagnostic, not the misleading generic one
PASS: TEST-REMEDY2 sequence item '-<TAB>a' is rejected, not reinterpreted as a bare scalar document
PASS: TEST-REMEDY2 the tab-separator rejection names 'tab' specifically
PASS: TEST-REMEDY2 inline nested-sequence lookalike '- - a' is rejected, not swallowed as '- a'
PASS: TEST-REMEDY2 correct single-space '- k: v' still succeeds
PASS: TEST-REMEDY2 multi-line nested sequence (bare '-' + indented block) still succeeds
PASS: TEST-REMEDY2(c) a '%' directive gets a construct-specific diagnostic
PASS: TEST-REMEDY2(c) the '%' rejection names 'directive' specifically
PASS: TEST-REMEDY2(c) a '?' explicit key gets a construct-specific diagnostic
PASS: TEST-REMEDY2(c) the '?' rejection names 'explicit-key' specifically
PASS: TEST-REMEDY3 nested merge key with a mapping value is rejected, not key-polluted
PASS: TEST-REMEDY3 the merge-key rejection names 'merge key' specifically
PASS: TEST-REMEDY3 top-level merge key with an empty-flow-map value is rejected
PASS: TEST-REMEDY3 merge key with a sequence value is rejected
PASS: TEST-REMEDY3 merge key with a null (colon-nothing) value is rejected
PASS: TEST-REMEDY3 '<<: *base' now reports the merge-key rejection (not ALIAS_REJECTED)
PASS: TEST-REMEDY3 a quoted '<<' key still succeeds as a literal string key
PASS: TEST-REMEDY3 a value merely starting with '<' (not merge-key syntax) still succeeds
PASS: TEST-REMEDY3 a key merely starting with '<' (not the exact key '<<') still succeeds
PASS: TEST-REMEDY3 a depth-2000 in-subset document succeeds (no RecursionError, no artificial depth cap)
PASS: TEST-REMEDY3(c) a nested '?' explicit key gets a construct-specific diagnostic
PASS: TEST-REMEDY3(c) the nested '?' rejection names 'explicit-key' specifically
PASS: TEST-REMEDY3(c) a nested '%' directive gets a construct-specific diagnostic
PASS: TEST-REMEDY3(c) the nested '%' rejection names 'directive' specifically
PASS: TEST-REMEDY3(c) mapping-side 'k:   v' still succeeds (deliberate, recorded non-change)
PASS: self-registration: tests/canonicalize-sdd-yaml.tests.sh registered in tests/run-all.sh
PASS: self-registration: tests/canonicalize-sdd-yaml.tests.ps1 registered in tests/run-all.ps1
PASS: 77
FAIL: 0
exit=0
=== bash tests/generate-approval-sidecar.tests.sh ===
PASS: TEST-010 full-field fixture (non-null second_approval/effective_at) validates
PASS: TEST-010 hmac shorter than 64 hex chars is rejected
PASS: TEST-010 hmac containing an uppercase character is rejected
PASS: TEST-011 staged signing succeeds (exit 0)
PASS: TEST-011 all three staged artifacts (sidecar, snapshot, manifest) exist
PASS: TEST-011 approved-context snapshot is byte-exact with the live content file
PASS: TEST-011 MANIFEST.sha256 hashes match the actual staged file hashes
PASS: TEST-011 context_sha256 matches the live content file's independently-recomputed SHA-256
PASS: TEST-011 staged sidecar's hmac verifies under independent preimage/HMAC re-derivation
PASS: TEST-011 no resolvable SDD_CONTEXT_KEY: exit 11/NO_CONTEXT_KEY
PASS: TEST-011 no-key refusal writes NO staged artifact at all
PASS: TEST-012 two sidecars differing ONLY in hmac produce an identical preimage
PASS: TEST-013 case 1/4 (env var): identical key bytes to _resolve_sudo_key
PASS: TEST-013 case 2/4 (env-file, BOM+whitespace-stripped): identical key bytes to _resolve_sudo_key
PASS: TEST-013 case 3/4 (home-path, BOM+whitespace-stripped): identical key bytes to _resolve_sudo_key
PASS: TEST-013 case 4/4 (none resolvable): both resolvers return None
PASS: TEST-034 the live sidecar path is never opened for writing (byte-identical before/after)
PASS: TEST-034 a simulated failure after the sidecar write leaves no partial artifact at the staged path
PASS: TEST-034 no stray temp staging directory remains after a simulated failure
PASS: TEST-034 a simulated failure after the snapshot write leaves no partial artifact at the staged path
PASS: TEST-034 a re-run after a mid-write failure succeeds with a fresh nonce/staging subdirectory
PASS: TEST-036 golden vector's HMAC matches the hand-verified expected value
PASS: TEST-036 mutating schema changes the HMAC
PASS: TEST-036 mutating context_sha256 changes the HMAC
PASS: TEST-036 mutating primary_approval.status changes the HMAC
PASS: TEST-036 mutating primary_approval.approver changes the HMAC
PASS: TEST-036 mutating primary_approval.approved_at changes the HMAC
PASS: TEST-036 mutating second_approval.status changes the HMAC
PASS: TEST-036 mutating second_approval.approver changes the HMAC
PASS: TEST-036 mutating second_approval.approved_at changes the HMAC
PASS: TEST-036 mutating effective_at changes the HMAC
PASS: TEST-036 mutating predecessor_context_sha256 changes the HMAC
PASS: TEST-036 mutating weakening_verdict.policy_weakening changes the HMAC
PASS: TEST-036 mutating weakening_verdict.categories.capability_enforcement_weakened changes the HMAC
PASS: TEST-036 mutating weakening_verdict.two_person_required changes the HMAC
PASS: TEST-036 mutating weakening_verdict.cooldown_hours changes the HMAC
PASS: TEST-036 mutating approval_epoch changes the HMAC
PASS: SEAM bootstrap (no live sidecar): signing succeeds
PASS: SEAM bootstrap: predecessor_context_sha256/weakening_verdict = null, approval_epoch = 1
PASS: SEAM non-bootstrap (live sidecar present, detector now wired): signing succeeds
PASS: SEAM non-bootstrap: WEAKENING_DETECTOR_UNAVAILABLE no longer fires for this fixture
PASS: SEAM non-bootstrap: a staged candidate IS written now that a real verdict resolves
PASS: SEAM non-bootstrap: the embedded weakening_verdict is non-null (T-005's in-process seam)
PASS: TEST-HARDEN(a) identical primary/second approver id refused (DUPLICATE_APPROVER_IDENTITY)
PASS: TEST-HARDEN(a) DUPLICATE_APPROVER_IDENTITY refusal writes no staged artifact
PASS: TEST-HARDEN(b) an invalid-UTF-8 approver id is rejected (PREIMAGE_CANONICALIZATION_FAILED), never a traceback
PASS: TEST-HARDEN(b) hostile-field refusal writes no staged artifact
PASS: TEST-HARDEN(c) a missing required argument (--live-sidecar) is a clean usage error (exit 2)
PASS: TEST-HARDEN(c) --status not exactly "Approved" is a clean usage error (exit 2)
PASS: TEST-HARDEN(d) --stage-dir = existing non-empty directory: clean STAGING_IO_ERROR (exit 16), never a traceback
PASS: TEST-HARDEN(d) a stage-dir directory collision writes no staged candidate into it
PASS: TEST-HARDEN(d) a stage-dir directory collision leaves no stray temp staging directory
PASS: TEST-HARDEN(d) --stage-dir = existing regular file: clean STAGING_IO_ERROR (exit 16), never a traceback
PASS: TEST-HARDEN(d) a stage-dir file collision leaves no stray temp staging directory
PASS: TEST-HARDEN(d) default path with 'sdd' as a regular file: clean STAGING_IO_ERROR (exit 16), never a traceback
PASS: TEST-HARDEN(d) default path with 'sdd' as a regular file: no staged artifact or stray temp path created anywhere
PASS: self-registration: tests/generate-approval-sidecar.tests.sh registered in tests/run-all.sh
PASS: self-registration: tests/generate-approval-sidecar.tests.ps1 registered in tests/run-all.ps1
PASS: self-registration: tests/generate-approval-sidecar.tests.ps1 twin exists
PASS: 59
FAIL: 0
exit=0
=== pwsh tests/generate-approval-sidecar.tests.ps1 ===
PASS: TEST-010 full-field fixture (non-null second_approval/effective_at) validates
PASS: TEST-010 hmac shorter than 64 hex chars is rejected
PASS: TEST-010 hmac containing an uppercase character is rejected
PASS: TEST-011 staged signing succeeds (exit 0)
PASS: TEST-011 all three staged artifacts (sidecar, snapshot, manifest) exist
PASS: TEST-011 approved-context snapshot is byte-exact with the live content file
PASS: TEST-011 MANIFEST.sha256 hashes match the actual staged file hashes
PASS: TEST-011 context_sha256 matches the live content file's independently-recomputed SHA-256
PASS: TEST-011 staged sidecar's hmac verifies under independent preimage/HMAC re-derivation
PASS: TEST-011 no resolvable SDD_CONTEXT_KEY: exit 11/NO_CONTEXT_KEY
PASS: TEST-011 no-key refusal writes NO staged artifact at all
PASS: TEST-012 two sidecars differing ONLY in hmac produce an identical preimage
PASS: TEST-013 case 1/4 (env var): identical key bytes to _resolve_sudo_key
PASS: TEST-013 case 2/4 (env-file, BOM+whitespace-stripped): identical key bytes to _resolve_sudo_key
PASS: TEST-013 case 3/4 (home-path, BOM+whitespace-stripped): identical key bytes to _resolve_sudo_key
PASS: TEST-013 case 4/4 (none resolvable): both resolvers return None
PASS: TEST-034 the live sidecar path is never opened for writing (byte-identical before/after)
PASS: TEST-034 a simulated failure after the sidecar write leaves no partial artifact at the staged path
PASS: TEST-034 no stray temp staging directory remains after a simulated failure
PASS: TEST-034 a simulated failure after the snapshot write leaves no partial artifact at the staged path
PASS: TEST-034 a re-run after a mid-write failure succeeds with a fresh nonce/staging subdirectory
PASS: TEST-036 golden vector's HMAC matches the hand-verified expected value
PASS: TEST-036 mutating schema changes the HMAC
PASS: TEST-036 mutating context_sha256 changes the HMAC
PASS: TEST-036 mutating primary_approval.status changes the HMAC
PASS: TEST-036 mutating primary_approval.approver changes the HMAC
PASS: TEST-036 mutating primary_approval.approved_at changes the HMAC
PASS: TEST-036 mutating second_approval.status changes the HMAC
PASS: TEST-036 mutating second_approval.approver changes the HMAC
PASS: TEST-036 mutating second_approval.approved_at changes the HMAC
PASS: TEST-036 mutating effective_at changes the HMAC
PASS: TEST-036 mutating predecessor_context_sha256 changes the HMAC
PASS: TEST-036 mutating weakening_verdict.policy_weakening changes the HMAC
PASS: TEST-036 mutating weakening_verdict.categories.capability_enforcement_weakened changes the HMAC
PASS: TEST-036 mutating weakening_verdict.two_person_required changes the HMAC
PASS: TEST-036 mutating weakening_verdict.cooldown_hours changes the HMAC
PASS: TEST-036 mutating approval_epoch changes the HMAC
PASS: SEAM bootstrap (no live sidecar): signing succeeds
PASS: SEAM bootstrap: predecessor_context_sha256/weakening_verdict = null, approval_epoch = 1
PASS: SEAM non-bootstrap (live sidecar present, detector now wired): signing succeeds
PASS: SEAM non-bootstrap: WEAKENING_DETECTOR_UNAVAILABLE no longer fires for this fixture
PASS: SEAM non-bootstrap: a staged candidate IS written now that a real verdict resolves
PASS: SEAM non-bootstrap: the embedded weakening_verdict is non-null (T-005's in-process seam)
PASS: TEST-HARDEN(a) identical primary/second approver id refused (DUPLICATE_APPROVER_IDENTITY)
PASS: TEST-HARDEN(a) DUPLICATE_APPROVER_IDENTITY refusal writes no staged artifact
PASS: TEST-HARDEN(b) an invalid-UTF-8/unpaired-surrogate field value is rejected (PREIMAGE_CANONICALIZATION_FAILED), never a traceback
PASS: TEST-HARDEN(c) a missing required argument (--live-sidecar) is a clean usage error (exit 2)
PASS: TEST-HARDEN(c) --status not exactly "Approved" is a clean usage error (exit 2)
PASS: TEST-HARDEN(d) --stage-dir = existing non-empty directory: clean STAGING_IO_ERROR (exit 16), never a traceback
PASS: TEST-HARDEN(d) a stage-dir directory collision writes no staged candidate into it
PASS: TEST-HARDEN(d) a stage-dir directory collision leaves no stray temp staging directory
PASS: TEST-HARDEN(d) --stage-dir = existing regular file: clean STAGING_IO_ERROR (exit 16), never a traceback
PASS: TEST-HARDEN(d) a stage-dir file collision leaves no stray temp staging directory
PASS: TEST-HARDEN(d) default path with 'sdd' as a regular file: clean STAGING_IO_ERROR (exit 16), never a traceback
PASS: TEST-HARDEN(d) default path with 'sdd' as a regular file: no staged artifact or stray temp path created anywhere
PASS: self-registration: tests/generate-approval-sidecar.tests.sh registered in tests/run-all.sh
PASS: self-registration: tests/generate-approval-sidecar.tests.ps1 registered in tests/run-all.ps1
PASS: 57
FAIL: 0
exit=0
=== bash tests/detect-policy-weakening.tests.sh ===
PASS: TEST-016 capability_enforcement_weakened: tool exits 0
PASS: TEST-016 capability_enforcement_weakened classifies 'weakened' (required -> advisory)
PASS: TEST-016 capability_enforcement_weakened: overall policy_weakening is True
PASS: TEST-016 N/A category 'capability_removed' reported explicitly as n/a, never omitted
PASS: TEST-016 N/A category 'public_distribution_descoped' reported explicitly as n/a, never omitted
PASS: TEST-016 N/A category 'criticality_lowered' reported explicitly as n/a, never omitted
PASS: TEST-016 N/A category 'provider_allowlist_widened' reported explicitly as n/a, never omitted
PASS: TEST-016 N/A category 'production_write_path_changed' reported explicitly as n/a, never omitted
PASS: TEST-016 N/A category 'required_gate_removed' reported explicitly as n/a, never omitted
PASS: TEST-016 component_path_narrowed classifies 'weakened' (src/** -> src/desktop/**)
PASS: TEST-016 component_path_narrowed: overall policy_weakening is True
PASS: TEST-016 spec_profile_full_to_lite classifies 'weakened' (full -> lite)
PASS: TEST-016 spec_profile_full_to_lite: overall policy_weakening is True
PASS: TEST-017 a strengthening change (advisory -> required) classifies 'not_weakened'
PASS: TEST-017 a strengthening change is NOT misclassified as weakening
PASS: TEST-018 a 2-distinct-identity registry emits two_person_required: true
PASS: TEST-018 the two-person path emits cooldown_hours: null
PASS: TEST-018 a 1-identity registry emits two_person_required: false
PASS: TEST-018 a 1-identity registry emits cooldown_hours: 24
PASS: TEST-046 a zero-entry (approvers: []) registry emits two_person_required: false
PASS: TEST-046 a zero-entry registry emits cooldown_hours: 24, identical to the 1-identity case
PASS: TEST-046 a MISSING registry file is treated identically to a zero-entry one (two_person_required: false)
PASS: TEST-046 a MISSING registry file emits cooldown_hours: 24
PASS: TEST-031 (1) an include pattern removed narrows coverage
PASS: TEST-031 (2) an include pattern replaced by a more specific one at unchanged count narrows coverage
PASS: TEST-031 (3) an exclude pattern added narrows coverage
PASS: TEST-031 (4) an exclude pattern replaced by a broader one narrows coverage
PASS: TEST-031 (5) a pure-broadening change (include pattern added, nothing removed) does NOT narrow
PASS: TEST-031 (5) a pure-broadening change is not classified as policy-weakening
PASS: TEST-031 (6a) a whole component removed (docs) narrows coverage (fail-closed extension beyond design.md's five literal fixtures)
PASS: TEST-031 (6a) a whole component removed is classified as policy-weakening
PASS: TEST-031 (6b) mirror case: a NEW component added (docs) does NOT narrow (the baseline's own components are untouched)
PASS: TEST-031 (6b) a component addition is NOT classified as policy-weakening
PASS: TEST-030 (1) a candidate identical to the approved anchor classifies policy_weakening: false
PASS: TEST-030 (2a) before any change, candidate matches the anchor: policy_weakening: false
PASS: TEST-030 (2b) a genuine weakening diff classifies true IMMEDIATELY (before any commit)
PASS: TEST-030 (2c) the weakening diff STILL classifies true AFTER landing as an ordinary git commit (a commit never moves the anchor)
PASS: TEST-030 (3) generate-approval-sidecar.py never passes --approved-context to the detector
PASS: TEST-030 (4) no approved-context anchor yet: exit 0 with the documented NO_APPROVED_CONTEXT_ANCHOR note
PASS: TEST-030 (4) with no anchor, every category treated as a new addition (policy_weakening: false)
PASS: TEST-030 (5) a live TRANSACTION.json naming the anchor fails closed (exit 21/HUMAN_COPY_PUBLISH_IN_PROGRESS)
PASS: TEST-030 (5) the in-progress-publish refusal emits no verdict on stdout
PASS: WIRING a non-bootstrap signing fixture succeeds now that the detector is present (exit 0)
PASS: WIRING WEAKENING_DETECTOR_UNAVAILABLE no longer fires for this fixture
PASS: WIRING a staged sidecar candidate was written
PASS: WIRING the sidecar's embedded weakening_verdict is EXACTLY the in-process-computed verdict
PASS: WIRING carry-forward #1: an unexpected compute_verdict() exception surfaces as classified WEAKENING_DETECTOR_ERROR (exit 17), never a raw traceback
PASS: WIRING carry-forward #1b: the detector's own named category is passed through verbatim (exit 20/CANDIDATE_NOT_SCHEMA_VALID), never collapsed to a generic label
PASS: WIRING carry-forward #2: a malformed verdict is rejected BEFORE preimage construction (exit 18/WEAKENING_VERDICT_MALFORMED), never a downstream TypeError
PASS: WIRING carry-forward #2b: a non-serializable cooldown_hours value is rejected as WEAKENING_VERDICT_MALFORMED (exit 18), never an uncaught TypeError
PASS: WIRING carry-forward #3: a None verdict for a non-bootstrap transition is refused (exit 18/WEAKENING_VERDICT_MALFORMED), never embedded as weakening_verdict: null
PASS: WIRING carry-forward #3: the refusal writes no staged candidate
PASS: TEST-HARDEN(a) a missing --candidate file is rejected cleanly (exit 20/CANDIDATE_NOT_SCHEMA_VALID), never a traceback
PASS: TEST-HARDEN(b) an unrecognized 'schema' field is rejected cleanly (exit 20/CANDIDATE_NOT_SCHEMA_VALID), never a traceback
PASS: TEST-HARDEN(c) a corrupt (out-of-subset) approved-context anchor is rejected cleanly (exit 22/APPROVED_CONTEXT_ANCHOR_UNREADABLE), never a traceback
PASS: TEST-HARDEN(d) a malformed (non-object) approver-registry.yaml is rejected cleanly (exit 23/APPROVER_REGISTRY_UNREADABLE), never a traceback
PASS: TEST-HARDEN(e) a missing required --candidate argument is a clean usage error (exit 2), never a traceback
PASS: self-registration: tests/detect-policy-weakening.tests.sh registered in tests/run-all.sh
PASS: self-registration: tests/detect-policy-weakening.tests.ps1 registered in tests/run-all.ps1
PASS: self-registration: tests/detect-policy-weakening.tests.ps1 twin exists
PASS: 60
FAIL: 0
exit=0
=== pwsh tests/detect-policy-weakening.tests.ps1 ===
PASS: TEST-016 capability_enforcement_weakened: tool exits 0
PASS: TEST-016 capability_enforcement_weakened classifies 'weakened' (required -> advisory)
PASS: TEST-016 capability_enforcement_weakened: overall policy_weakening is True
PASS: TEST-016 N/A category 'capability_removed' reported explicitly as n/a, never omitted
PASS: TEST-016 N/A category 'public_distribution_descoped' reported explicitly as n/a, never omitted
PASS: TEST-016 N/A category 'criticality_lowered' reported explicitly as n/a, never omitted
PASS: TEST-016 N/A category 'provider_allowlist_widened' reported explicitly as n/a, never omitted
PASS: TEST-016 N/A category 'production_write_path_changed' reported explicitly as n/a, never omitted
PASS: TEST-016 N/A category 'required_gate_removed' reported explicitly as n/a, never omitted
PASS: TEST-016 component_path_narrowed classifies 'weakened' (src/** -> src/desktop/**)
PASS: TEST-016 component_path_narrowed: overall policy_weakening is True
PASS: TEST-016 spec_profile_full_to_lite classifies 'weakened' (full -> lite)
PASS: TEST-016 spec_profile_full_to_lite: overall policy_weakening is True
PASS: TEST-017 a strengthening change (advisory -> required) classifies 'not_weakened'
PASS: TEST-017 a strengthening change is NOT misclassified as weakening
PASS: TEST-018 a 2-distinct-identity registry emits two_person_required: true
PASS: TEST-018 the two-person path emits cooldown_hours: null
PASS: TEST-018 a 1-identity registry emits two_person_required: false
PASS: TEST-018 a 1-identity registry emits cooldown_hours: 24
PASS: TEST-046 a zero-entry (approvers: []) registry emits two_person_required: false
PASS: TEST-046 a zero-entry registry emits cooldown_hours: 24, identical to the 1-identity case
PASS: TEST-046 a MISSING registry file is treated identically to a zero-entry one (two_person_required: false)
PASS: TEST-046 a MISSING registry file emits cooldown_hours: 24
PASS: TEST-031 (1) an include pattern removed narrows coverage
PASS: TEST-031 (2) an include pattern replaced by a more specific one at unchanged count narrows coverage
PASS: TEST-031 (3) an exclude pattern added narrows coverage
PASS: TEST-031 (4) an exclude pattern replaced by a broader one narrows coverage
PASS: TEST-031 (5) a pure-broadening change (include pattern added, nothing removed) does NOT narrow
PASS: TEST-031 (5) a pure-broadening change is not classified as policy-weakening
PASS: TEST-031 (6a) a whole component removed (docs) narrows coverage (fail-closed extension beyond design.md's five literal fixtures)
PASS: TEST-031 (6a) a whole component removed is classified as policy-weakening
PASS: TEST-031 (6b) mirror case: a NEW component added (docs) does NOT narrow (the baseline's own components are untouched)
PASS: TEST-031 (6b) a component addition is NOT classified as policy-weakening
PASS: TEST-030 (1) a candidate identical to the approved anchor classifies policy_weakening: false
PASS: TEST-030 (2a) before any change, candidate matches the anchor: policy_weakening: false
PASS: TEST-030 (2b) a genuine weakening diff classifies true IMMEDIATELY (before any commit)
PASS: TEST-030 (2c) the weakening diff STILL classifies true AFTER landing as an ordinary git commit (a commit never moves the anchor)
PASS: TEST-030 (3) generate-approval-sidecar.py never passes --approved-context to the detector
PASS: TEST-030 (4) no approved-context anchor yet: exit 0 with the documented NO_APPROVED_CONTEXT_ANCHOR note
PASS: TEST-030 (4) with no anchor, every category treated as a new addition (policy_weakening: false)
PASS: TEST-030 (5) a live TRANSACTION.json naming the anchor fails closed (exit 21/HUMAN_COPY_PUBLISH_IN_PROGRESS)
PASS: TEST-030 (5) the in-progress-publish refusal emits no verdict on stdout
PASS: WIRING a non-bootstrap signing fixture succeeds now that the detector is present (exit 0)
PASS: WIRING WEAKENING_DETECTOR_UNAVAILABLE no longer fires for this fixture
PASS: WIRING a staged sidecar candidate was written
PASS: WIRING the sidecar's embedded weakening_verdict is EXACTLY the in-process-computed verdict
PASS: WIRING carry-forward #1: an unexpected compute_verdict() exception surfaces as classified WEAKENING_DETECTOR_ERROR (exit 17), never a raw traceback
PASS: WIRING carry-forward #1b: the detector's own named category is passed through verbatim (exit 20/CANDIDATE_NOT_SCHEMA_VALID), never collapsed to a generic label
PASS: WIRING carry-forward #2: a malformed verdict is rejected BEFORE preimage construction (exit 18/WEAKENING_VERDICT_MALFORMED), never a downstream TypeError
PASS: WIRING carry-forward #2b: a non-serializable cooldown_hours value is rejected as WEAKENING_VERDICT_MALFORMED (exit 18), never an uncaught TypeError
PASS: WIRING carry-forward #3: a None verdict for a non-bootstrap transition is refused (exit 18/WEAKENING_VERDICT_MALFORMED), never embedded as weakening_verdict: null
PASS: WIRING carry-forward #3: the refusal writes no staged candidate
PASS: TEST-HARDEN(a) a missing --candidate file is rejected cleanly (exit 20/CANDIDATE_NOT_SCHEMA_VALID), never a traceback
PASS: TEST-HARDEN(b) an unrecognized 'schema' field is rejected cleanly (exit 20/CANDIDATE_NOT_SCHEMA_VALID), never a traceback
PASS: TEST-HARDEN(c) a corrupt (out-of-subset) approved-context anchor is rejected cleanly (exit 22/APPROVED_CONTEXT_ANCHOR_UNREADABLE), never a traceback
PASS: TEST-HARDEN(d) a malformed (non-object) approver-registry.yaml is rejected cleanly (exit 23/APPROVER_REGISTRY_UNREADABLE), never a traceback
PASS: TEST-HARDEN(e) a missing required --candidate argument is a clean usage error (exit 2), never a traceback
PASS: self-registration: tests/detect-policy-weakening.tests.sh registered in tests/run-all.sh
PASS: self-registration: tests/detect-policy-weakening.tests.ps1 registered in tests/run-all.ps1
PASS: 59
FAIL: 0
exit=0
=== bash tests/validate-approval-sidecar.tests.sh ===
PASS: TEST-015 positive fixture (correct hash/HMAC/registered approver/null effective_at) validates PASS
PASS: TEST-015 positive fixture (two distinct registered approvers, elapsed effective_at) validates PASS
PASS: TEST-014 (1) content-schema violation (duplicate components[].id) rejected (DUPLICATE_COMPONENT_ID)
PASS: TEST-014 (2) hash mismatch rejected (HASH_MISMATCH)
PASS: TEST-014 (3) HMAC mismatch (context_sha256 matches; hmac signed under a different key) rejected (HMAC_MISMATCH)
PASS: TEST-014 (4) unregistered approver id rejected (UNREGISTERED_APPROVER)
PASS: TEST-014 (5) duplicate approver identity (primary == second) rejected (DUPLICATE_APPROVER_IDENTITY)
PASS: TEST-014 (6) future effective_at rejected (EFFECTIVE_AT_NOT_YET_REACHED)
PASS: TEST-020 validator rejects applying a cooldown sidecar before its effective_at
PASS: TEST-020 validator accepts applying a cooldown sidecar after its effective_at has elapsed
PASS: TEST-019 (a) [discharge note] generate-approval-sidecar.py currently SIGNS a solo-approved two-person-required transition (documented T-003 gap, not this task's to fix)
PASS: TEST-019 (a) the signed solo sidecar carries a two_person_required:true verdict with second_approval: null (the exact underapproved shape)
PASS: TEST-019 (a) validate-approval-sidecar.py REJECTS the solo-approved two-person-required sidecar (WEAKENING_PROVENANCE_UNDERAPPROVED) -- the canonical enforcement point (obligation 4b)
PASS: TEST-019 (b) generate-approval-sidecar.py signs successfully with two DISTINCT registered approver ids
PASS: TEST-019 (b) validate-approval-sidecar.py accepts the two-distinct-approver sidecar
PASS: TEST-019 (c) generate-approval-sidecar.py refuses to sign when second_approval.approver == primary_approval.approver (DUPLICATE_APPROVER_IDENTITY)
PASS: TEST-019 (c) same-identity refusal writes NO staged artifact
PASS: TEST-046 validate-approval-sidecar.py refuses to validate against a zero-entry approvers:[] registry (no id can ever resolve, UNREGISTERED_APPROVER)
PASS: AC-045 PRODUCTION discharge: validate-approval-sidecar.py rejects a duplicate-id approver-registry.yaml (DUPLICATE_APPROVER_REGISTRY_ID)
PASS: OBLIGATION 2 a non-bootstrap sidecar (predecessor_context_sha256 present) with weakening_verdict: null is rejected (WEAKENING_VERDICT_MISSING)
PASS: OBLIGATION 2 --verify-provenance also rejects a non-bootstrap null-verdict sidecar (WEAKENING_VERDICT_MISSING)
PASS: TEST-043 --verify-provenance PASSES a correctly-two-person-approved weakening sidecar after its predecessor anchor is gone
PASS: TEST-043 --verify-provenance FAILS an underapproved (solo) weakening sidecar after its predecessor anchor is gone (WEAKENING_PROVENANCE_UNDERAPPROVED)
PASS: TEST-043 --verify-provenance PASSES the bootstrap case (approval_epoch:1, weakening_verdict: null) with no second-approval requirement implied
PASS: TEST-043 a live TRANSACTION.json naming the sidecar path fails closed (HUMAN_COPY_PUBLISH_IN_PROGRESS)
PASS: TEST-043 standard validation path: a live TRANSACTION.json naming the content path fails closed (HUMAN_COPY_PUBLISH_IN_PROGRESS)
PASS: SEQ0355 REMEDY (a) --verify-provenance rejects a two-person-required sidecar whose second_approval.approver duplicates primary_approval.approver (WEAKENING_PROVENANCE_UNDERAPPROVED, gate 5's duplicate clause)
PASS: SEQ0355 REMEDY (b) the SAME fixture on the standard path is intercepted by gate 3 (DUPLICATE_APPROVER_IDENTITY), never reaching gate 5 -- the two-path split is pinned
PASS: TEST-HARDEN a malformed (non-array approvers) registry is rejected (APPROVER_REGISTRY_SCHEMA_VIOLATION)
PASS: TEST-HARDEN no resolvable SDD_CONTEXT_KEY: exit 11/NO_CONTEXT_KEY, never a skip
PASS: TEST-HARDEN missing --content (without --verify-provenance) is a clean usage error, never a traceback
PASS: TEST-HARDEN --content combined with --verify-provenance is a clean usage error
PASS: TEST-HARDEN a missing --sidecar file is rejected cleanly (SIDECAR_UNREADABLE), never a traceback
PASS: OBLIGATION 1 (TEST-013-style) case 1/4 (env var): validate-approval-sidecar.py's resolve_context_key() matches generate-approval-sidecar.py's AND sdd-hook-guard.py's _resolve_sudo_key byte-for-byte
PASS: OBLIGATION 1 (TEST-013-style) case 2/4 (env-file, BOM+whitespace-stripped): identical key bytes across all three resolvers
PASS: OBLIGATION 1 (TEST-013-style) case 3/4 (home-path, BOM+whitespace-stripped): identical key bytes across all three resolvers
PASS: OBLIGATION 1 (TEST-013-style) case 4/4 (none resolvable): all three resolvers return None
PASS: self-registration: tests/validate-approval-sidecar.tests.sh registered in tests/run-all.sh
PASS: self-registration: tests/validate-approval-sidecar.tests.ps1 registered in tests/run-all.ps1
PASS: self-registration: tests/validate-approval-sidecar.tests.ps1 twin exists
PASS: 40
FAIL: 0
exit=0
=== pwsh tests/validate-approval-sidecar.tests.ps1 ===
PASS: TEST-015 positive fixture (correct hash/HMAC/registered approver/null effective_at) validates PASS
PASS: TEST-015 positive fixture (two distinct registered approvers, elapsed effective_at) validates PASS
PASS: TEST-014 (1) content-schema violation (duplicate components[].id) rejected (DUPLICATE_COMPONENT_ID)
PASS: TEST-014 (2) hash mismatch rejected (HASH_MISMATCH)
PASS: TEST-014 (3) HMAC mismatch (context_sha256 matches; hmac signed under a different key) rejected (HMAC_MISMATCH)
PASS: TEST-014 (4) unregistered approver id rejected (UNREGISTERED_APPROVER)
PASS: TEST-014 (5) duplicate approver identity (primary == second) rejected (DUPLICATE_APPROVER_IDENTITY)
PASS: TEST-014 (6) future effective_at rejected (EFFECTIVE_AT_NOT_YET_REACHED)
PASS: TEST-020 validator rejects applying a cooldown sidecar before its effective_at
PASS: TEST-020 validator accepts applying a cooldown sidecar after its effective_at has elapsed
PASS: TEST-019 (a) [discharge note] generate-approval-sidecar.py currently SIGNS a solo-approved two-person-required transition (documented T-003 gap, not this task's to fix)
PASS: TEST-019 (a) the signed solo sidecar carries a two_person_required:true verdict with second_approval: null (the exact underapproved shape)
PASS: TEST-019 (a) validate-approval-sidecar.py REJECTS the solo-approved two-person-required sidecar (WEAKENING_PROVENANCE_UNDERAPPROVED) -- the canonical enforcement point (obligation 4b)
PASS: TEST-019 (b) generate-approval-sidecar.py signs successfully with two DISTINCT registered approver ids
PASS: TEST-019 (b) validate-approval-sidecar.py accepts the two-distinct-approver sidecar
PASS: TEST-019 (c) generate-approval-sidecar.py refuses to sign when second_approval.approver == primary_approval.approver (DUPLICATE_APPROVER_IDENTITY)
PASS: TEST-019 (c) same-identity refusal writes NO staged artifact
PASS: TEST-046 validate-approval-sidecar.py refuses to validate against a zero-entry approvers:[] registry (no id can ever resolve, UNREGISTERED_APPROVER)
PASS: AC-045 PRODUCTION discharge: validate-approval-sidecar.py rejects a duplicate-id approver-registry.yaml (DUPLICATE_APPROVER_REGISTRY_ID)
PASS: OBLIGATION 2 a non-bootstrap sidecar (predecessor_context_sha256 present) with weakening_verdict: null is rejected (WEAKENING_VERDICT_MISSING)
PASS: OBLIGATION 2 --verify-provenance also rejects a non-bootstrap null-verdict sidecar (WEAKENING_VERDICT_MISSING)
PASS: TEST-043 --verify-provenance PASSES a correctly-two-person-approved weakening sidecar after its predecessor anchor is gone
PASS: TEST-043 --verify-provenance FAILS an underapproved (solo) weakening sidecar after its predecessor anchor is gone (WEAKENING_PROVENANCE_UNDERAPPROVED)
PASS: TEST-043 --verify-provenance PASSES the bootstrap case (approval_epoch:1, weakening_verdict: null) with no second-approval requirement implied
PASS: TEST-043 a live TRANSACTION.json naming the sidecar path fails closed (HUMAN_COPY_PUBLISH_IN_PROGRESS)
PASS: TEST-043 standard validation path: a live TRANSACTION.json naming the content path fails closed (HUMAN_COPY_PUBLISH_IN_PROGRESS)
PASS: SEQ0355 REMEDY (a) --verify-provenance rejects a two-person-required sidecar whose second_approval.approver duplicates primary_approval.approver (WEAKENING_PROVENANCE_UNDERAPPROVED, gate 5's duplicate clause)
PASS: SEQ0355 REMEDY (b) the SAME fixture on the standard path is intercepted by gate 3 (DUPLICATE_APPROVER_IDENTITY), never reaching gate 5 -- the two-path split is pinned
PASS: TEST-HARDEN a malformed (non-array approvers) registry is rejected (APPROVER_REGISTRY_SCHEMA_VIOLATION)
PASS: TEST-HARDEN no resolvable SDD_CONTEXT_KEY: exit 11/NO_CONTEXT_KEY, never a skip
PASS: TEST-HARDEN missing --content (without --verify-provenance) is a clean usage error, never a traceback
PASS: TEST-HARDEN --content combined with --verify-provenance is a clean usage error
PASS: TEST-HARDEN a missing --sidecar file is rejected cleanly (SIDECAR_UNREADABLE), never a traceback
PASS: OBLIGATION 1 (TEST-013-style) case 1/4 (env var): validate-approval-sidecar.py's resolve_context_key() matches generate-approval-sidecar.py's AND sdd-hook-guard.py's _resolve_sudo_key byte-for-byte
PASS: OBLIGATION 1 (TEST-013-style) case 2/4 (env-file, BOM+whitespace-stripped): identical key bytes across all three resolvers
PASS: OBLIGATION 1 (TEST-013-style) case 3/4 (home-path, BOM+whitespace-stripped): identical key bytes across all three resolvers
PASS: OBLIGATION 1 (TEST-013-style) case 4/4 (none resolvable): all three resolvers return None
PASS: self-registration: tests/validate-approval-sidecar.tests.sh registered in tests/run-all.sh
PASS: self-registration: tests/validate-approval-sidecar.tests.ps1 registered in tests/run-all.ps1
PASS: 39
FAIL: 0
exit=0
=== bash tests/apply-human-copy.tests.sh ===
PASS: TEST-033a fresh single-target publish: tool exits 0
PASS: TEST-033a fresh single-target publish: live content matches candidate
PASS: TEST-033a fresh single-target publish: no journal/staging litter remains
PASS: TEST-033b publish over existing live content: content replaced
PASS: TEST-033c pre-existing symlink at destination leaf denied (exit 16, category RENAME_FAILED)
PASS: TEST-033c symlink target (canary) is never written through
PASS: TEST-033c the pre-existing symlink itself is left in place, not silently replaced
PASS: TEST-033d symlinked intermediate destination-parent segment denied (exit 21)
PASS: TEST-033d write never redirected through the symlinked segment
PASS: TEST-033e symlinked staged source candidate denied (exit 10)
PASS: TEST-033e no live target created from a symlinked source
PASS: TEST-033f hard-link non-propagation: live target updated
PASS: TEST-033f hard-link non-propagation: alias name retains OLD bytes
PASS: TEST-033g staged-candidate hash mismatch denied (STAGED_CANDIDATE_HASH_MISMATCH)
PASS: TEST-033g live target unchanged on preparation-stage failure
PASS: TEST-033h malformed manifest line rejected (MANIFEST_INVALID)
PASS: TEST-033h traversal target path rejected (MANIFEST_INVALID)
PASS: TEST-033h duplicate manifest target rejected (MANIFEST_INVALID)
tests/apply-human-copy.tests.sh: 87 行:  2545 Killed: 9                  ( cd "$repo_dir" && "$APPLY_SH" "$@" ) > "$WORK/out" 2> "$WORK/err"
PASS: TEST-033i [pre-existing] crash before any rename: both targets still PRE immediately after the crash
PASS: TEST-033i [pre-existing] recovery converges to ALL-PRE (crash before any rename)
PASS: TEST-033i [pre-existing] stale journal cleaned up after recovery
PASS: TEST-033i [pre-existing] a subsequent UNRELATED batch still publishes (publisher not bricked)
tests/apply-human-copy.tests.sh: 87 行:  5025 Killed: 9                  ( cd "$repo_dir" && "$APPLY_SH" "$@" ) > "$WORK/out" 2> "$WORK/err"
PASS: TEST-033j [pre-existing] mid-batch crash leaves an observable partial state right after the crash (a advanced, b not)
PASS: TEST-033j [pre-existing] recovery converges to ALL-PRE (mid-batch crash rolled back)
PASS: TEST-033j [pre-existing] journal/staging litter fully cleaned up after convergence
tests/apply-human-copy.tests.sh: 87 行:  6634 Killed: 9                  ( cd "$repo_dir" && "$APPLY_SH" "$@" ) > "$WORK/out" 2> "$WORK/err"
PASS: TEST-033k [pre-existing] recovery converges to ALL-POST (crash after last rename, before journal delete)
PASS: TEST-033k [pre-existing] journal removed once recovery confirms ALL-POST
tests/apply-human-copy.tests.sh: 87 行:  8128 Killed: 9                  ( cd "$repo_dir" && "$APPLY_SH" "$@" ) > "$WORK/out" 2> "$WORK/err"
tests/apply-human-copy.tests.sh: 87 行: 10133 Killed: 9                  ( cd "$repo_dir" && "$APPLY_SH" "$@" ) > "$WORK/out" 2> "$WORK/err"
PASS: TEST-033l [pre-existing] a second crash mid-recovery leaves an observable partial-recovery state
PASS: TEST-033l [pre-existing] the FOLLOWING invocation still converges to ALL-PRE (recovery is idempotent/re-entrant)
PASS: TEST-033l [pre-existing] journal fully cleaned up after the second recovery invocation
tests/apply-human-copy.tests.sh: 87 行: 10434 Killed: 9                  ( cd "$repo_dir" && "$APPLY_SH" "$@" ) > "$WORK/out" 2> "$WORK/err"
PASS: TEST-033i [absent] crash before any rename: both targets still PRE immediately after the crash
PASS: TEST-033i [absent] recovery converges to ALL-PRE (crash before any rename)
PASS: TEST-033i [absent] stale journal cleaned up after recovery
PASS: TEST-033i [absent] a subsequent UNRELATED batch still publishes (publisher not bricked)
tests/apply-human-copy.tests.sh: 87 行: 12829 Killed: 9                  ( cd "$repo_dir" && "$APPLY_SH" "$@" ) > "$WORK/out" 2> "$WORK/err"
PASS: TEST-033j [absent] mid-batch crash leaves an observable partial state right after the crash (a advanced, b not)
PASS: TEST-033j [absent] recovery converges to ALL-PRE (mid-batch crash rolled back)
PASS: TEST-033j [absent] journal/staging litter fully cleaned up after convergence
tests/apply-human-copy.tests.sh: 87 行: 14350 Killed: 9                  ( cd "$repo_dir" && "$APPLY_SH" "$@" ) > "$WORK/out" 2> "$WORK/err"
PASS: TEST-033k [absent] recovery converges to ALL-POST (crash after last rename, before journal delete)
PASS: TEST-033k [absent] journal removed once recovery confirms ALL-POST
tests/apply-human-copy.tests.sh: 87 行: 15893 Killed: 9                  ( cd "$repo_dir" && "$APPLY_SH" "$@" ) > "$WORK/out" 2> "$WORK/err"
tests/apply-human-copy.tests.sh: 87 行: 17872 Killed: 9                  ( cd "$repo_dir" && "$APPLY_SH" "$@" ) > "$WORK/out" 2> "$WORK/err"
PASS: TEST-033l [absent] a second crash mid-recovery leaves an observable partial-recovery state
PASS: TEST-033l [absent] the FOLLOWING invocation still converges to ALL-PRE (recovery is idempotent/re-entrant)
PASS: TEST-033l [absent] journal fully cleaned up after the second recovery invocation
PASS: TEST-033m shape-mismatched journal (missing targets[]) is REJECTED, not silently ignored (JOURNAL_SHAPE_INVALID)
PASS: TEST-033m the malformed journal is left in place for human inspection, not deleted
PASS: TEST-033m an unparsable (non-JSON) journal is ALSO fail-closed, identically to a shape mismatch
PASS: TEST-033n recovery-only invocation with nothing stale exits 0
PASS: TEST-033n recovery-only invocation reports recovered:0
PASS: TEST-033o substitution-resistance fixture: tool still completes successfully
PASS: TEST-033o the newly-substituted directory at the ORIGINAL name never receives the candidate
PASS: TEST-033o the write lands in the TRUE, anchored original directory (now at its new name)
tests/apply-human-copy.tests.sh: 87 行: 19857 Killed: 9                  ( cd "$repo_dir" && "$APPLY_SH" "$@" ) > "$WORK/out" 2> "$WORK/err"
PASS: TEST-033p zero-byte live target survives mid-batch crash + recovery, converging ALL-PRE (exit 0)
PASS: TEST-033p the publisher remains usable afterward (a subsequent legitimate publish succeeds, not permanently bricked)
PASS: TEST-033q duplicate-basename batch rejected (DUPLICATE_BASENAME_IN_BATCH)
PASS: TEST-033q both live targets unchanged (refused before any live mutation)
tests/apply-human-copy.tests.sh: 87 行: 22820 Killed: 9                  ( cd "$repo_dir" && "$APPLY_SH" "$@" ) > "$WORK/out" 2> "$WORK/err"
PASS: TEST-033r sh and ps1 journals have IDENTICAL leading 3 bytes (no BOM divergence, got 7b2273)
PASS: TEST-033r sh journal parses via plain python3 json.load
PASS: TEST-033r ps1 journal parses via plain python3 json.load (no utf-8-sig needed)
PASS: TEST-033s embedded-space path publishes correctly (exit 0, correct content)
tests/apply-human-copy.tests.sh: 87 行: 24704 Killed: 9                  ( cd "$repo_dir" && "$APPLY_SH" "$@" ) > "$WORK/out" 2> "$WORK/err"
PASS: TEST-033s journal preserves the embedded-space live_path byte-exact
PASS: TEST-033s journal's pre_hash/post_hash for the space-containing target are each EXACTLY one 64-hex value (never concatenated)
PASS: TEST-033s mid-batch crash with an embedded-space target converges to ALL-PRE on recovery
PASS: TEST-033s 'b.txt' is never false-positive-flagged as a duplicate of 'a b.txt' (both publish correctly)
PASS: TEST-033s genuine duplicate-path rejection still fires (regression lock on the grep-based rewrite)
PASS: TEST-033s a tab character embedded in a path is preserved end-to-end
tests/apply-human-copy.tests.sh: 87 行: 29485 Killed: 9                  ( cd "$repo_dir" && "$APPLY_SH" "$@" ) > "$WORK/out" 2> "$WORK/err"
PASS: TEST-033t [space] journal round-trips live_path exactly via plain python3 json.load
PASS: TEST-033t [space] T-005-reader surrogate correctly reports IN-PROGRESS for the mid-publish path
PASS: TEST-033t [space] recovery converges ALL-PRE (target absent, sibling unchanged)
PASS: TEST-033t [space] no journal/staging litter remains after recovery
PASS: TEST-033t [space] sh/ps1 parity: both publish identically (exit 0, same content, same declared path)
tests/apply-human-copy.tests.sh: 87 行: 32050 Killed: 9                  ( cd "$repo_dir" && "$APPLY_SH" "$@" ) > "$WORK/out" 2> "$WORK/err"
PASS: TEST-033t [tab] journal round-trips live_path exactly via plain python3 json.load
PASS: TEST-033t [tab] T-005-reader surrogate correctly reports IN-PROGRESS for the mid-publish path
PASS: TEST-033t [tab] recovery converges ALL-PRE (target absent, sibling unchanged)
PASS: TEST-033t [tab] no journal/staging litter remains after recovery
PASS: TEST-033t [tab] sh/ps1 parity: both publish identically (exit 0, same content, same declared path)
tests/apply-human-copy.tests.sh: 87 行: 34600 Killed: 9                  ( cd "$repo_dir" && "$APPLY_SH" "$@" ) > "$WORK/out" 2> "$WORK/err"
PASS: TEST-033t [leadtrail] journal round-trips live_path exactly via plain python3 json.load
PASS: TEST-033t [leadtrail] T-005-reader surrogate correctly reports IN-PROGRESS for the mid-publish path
PASS: TEST-033t [leadtrail] recovery converges ALL-PRE (target absent, sibling unchanged)
PASS: TEST-033t [leadtrail] no journal/staging litter remains after recovery
PASS: TEST-033t [leadtrail] sh/ps1 parity: both publish identically (exit 0, same content, same declared path)
tests/apply-human-copy.tests.sh: 87 行: 37131 Killed: 9                  ( cd "$repo_dir" && "$APPLY_SH" "$@" ) > "$WORK/out" 2> "$WORK/err"
PASS: TEST-033t [dquote] journal round-trips live_path exactly via plain python3 json.load
PASS: TEST-033t [dquote] T-005-reader surrogate correctly reports IN-PROGRESS for the mid-publish path
PASS: TEST-033t [dquote] recovery converges ALL-PRE (target absent, sibling unchanged)
PASS: TEST-033t [dquote] no journal/staging litter remains after recovery
PASS: TEST-033t [dquote] sh/ps1 parity: both publish identically (exit 0, same content, same declared path)
tests/apply-human-copy.tests.sh: 87 行: 39719 Killed: 9                  ( cd "$repo_dir" && "$APPLY_SH" "$@" ) > "$WORK/out" 2> "$WORK/err"
PASS: TEST-033t [obrace] journal round-trips live_path exactly via plain python3 json.load
PASS: TEST-033t [obrace] T-005-reader surrogate correctly reports IN-PROGRESS for the mid-publish path
PASS: TEST-033t [obrace] recovery converges ALL-PRE (target absent, sibling unchanged)
PASS: TEST-033t [obrace] no journal/staging litter remains after recovery
PASS: TEST-033t [obrace] sh/ps1 parity: both publish identically (exit 0, same content, same declared path)
tests/apply-human-copy.tests.sh: 87 行: 42237 Killed: 9                  ( cd "$repo_dir" && "$APPLY_SH" "$@" ) > "$WORK/out" 2> "$WORK/err"
PASS: TEST-033t [cbrace] journal round-trips live_path exactly via plain python3 json.load
PASS: TEST-033t [cbrace] T-005-reader surrogate correctly reports IN-PROGRESS for the mid-publish path
PASS: TEST-033t [cbrace] recovery converges ALL-PRE (target absent, sibling unchanged)
PASS: TEST-033t [cbrace] no journal/staging litter remains after recovery
PASS: TEST-033t [cbrace] sh/ps1 parity: both publish identically (exit 0, same content, same declared path)
tests/apply-human-copy.tests.sh: 87 行: 44827 Killed: 9                  ( cd "$repo_dir" && "$APPLY_SH" "$@" ) > "$WORK/out" 2> "$WORK/err"
PASS: TEST-033t [comma] journal round-trips live_path exactly via plain python3 json.load
PASS: TEST-033t [comma] T-005-reader surrogate correctly reports IN-PROGRESS for the mid-publish path
PASS: TEST-033t [comma] recovery converges ALL-PRE (target absent, sibling unchanged)
PASS: TEST-033t [comma] no journal/staging litter remains after recovery
PASS: TEST-033t [comma] sh/ps1 parity: both publish identically (exit 0, same content, same declared path)
tests/apply-human-copy.tests.sh: 87 行: 47349 Killed: 9                  ( cd "$repo_dir" && "$APPLY_SH" "$@" ) > "$WORK/out" 2> "$WORK/err"
PASS: TEST-033t [star] journal round-trips live_path exactly via plain python3 json.load
PASS: TEST-033t [star] T-005-reader surrogate correctly reports IN-PROGRESS for the mid-publish path
PASS: TEST-033t [star] recovery converges ALL-PRE (target absent, sibling unchanged)
PASS: TEST-033t [star] no journal/staging litter remains after recovery
PASS: TEST-033t [star] sh/ps1 parity: both publish identically (exit 0, same content, same declared path)
tests/apply-human-copy.tests.sh: 87 行: 49907 Killed: 9                  ( cd "$repo_dir" && "$APPLY_SH" "$@" ) > "$WORK/out" 2> "$WORK/err"
PASS: TEST-033t [question] journal round-trips live_path exactly via plain python3 json.load
PASS: TEST-033t [question] T-005-reader surrogate correctly reports IN-PROGRESS for the mid-publish path
PASS: TEST-033t [question] recovery converges ALL-PRE (target absent, sibling unchanged)
PASS: TEST-033t [question] no journal/staging litter remains after recovery
PASS: TEST-033t [question] sh/ps1 parity: both publish identically (exit 0, same content, same declared path)
tests/apply-human-copy.tests.sh: 87 行: 52497 Killed: 9                  ( cd "$repo_dir" && "$APPLY_SH" "$@" ) > "$WORK/out" 2> "$WORK/err"
PASS: TEST-033t [obracket] journal round-trips live_path exactly via plain python3 json.load
PASS: TEST-033t [obracket] T-005-reader surrogate correctly reports IN-PROGRESS for the mid-publish path
PASS: TEST-033t [obracket] recovery converges ALL-PRE (target absent, sibling unchanged)
PASS: TEST-033t [obracket] no journal/staging litter remains after recovery
PASS: TEST-033t [obracket] sh/ps1 parity: both publish identically (exit 0, same content, same declared path)
tests/apply-human-copy.tests.sh: 87 行: 55070 Killed: 9                  ( cd "$repo_dir" && "$APPLY_SH" "$@" ) > "$WORK/out" 2> "$WORK/err"
PASS: TEST-033t [cbracket] journal round-trips live_path exactly via plain python3 json.load
PASS: TEST-033t [cbracket] T-005-reader surrogate correctly reports IN-PROGRESS for the mid-publish path
PASS: TEST-033t [cbracket] recovery converges ALL-PRE (target absent, sibling unchanged)
PASS: TEST-033t [cbracket] no journal/staging litter remains after recovery
PASS: TEST-033t [cbracket] sh/ps1 parity: both publish identically (exit 0, same content, same declared path)
tests/apply-human-copy.tests.sh: 87 行: 57594 Killed: 9                  ( cd "$repo_dir" && "$APPLY_SH" "$@" ) > "$WORK/out" 2> "$WORK/err"
PASS: TEST-033t [dollar] journal round-trips live_path exactly via plain python3 json.load
PASS: TEST-033t [dollar] T-005-reader surrogate correctly reports IN-PROGRESS for the mid-publish path
PASS: TEST-033t [dollar] recovery converges ALL-PRE (target absent, sibling unchanged)
PASS: TEST-033t [dollar] no journal/staging litter remains after recovery
PASS: TEST-033t [dollar] sh/ps1 parity: both publish identically (exit 0, same content, same declared path)
tests/apply-human-copy.tests.sh: 87 行: 60118 Killed: 9                  ( cd "$repo_dir" && "$APPLY_SH" "$@" ) > "$WORK/out" 2> "$WORK/err"
PASS: TEST-033t [backtick] journal round-trips live_path exactly via plain python3 json.load
PASS: TEST-033t [backtick] T-005-reader surrogate correctly reports IN-PROGRESS for the mid-publish path
PASS: TEST-033t [backtick] recovery converges ALL-PRE (target absent, sibling unchanged)
PASS: TEST-033t [backtick] no journal/staging litter remains after recovery
PASS: TEST-033t [backtick] sh/ps1 parity: both publish identically (exit 0, same content, same declared path)
tests/apply-human-copy.tests.sh: 87 行: 62655 Killed: 9                  ( cd "$repo_dir" && "$APPLY_SH" "$@" ) > "$WORK/out" 2> "$WORK/err"
PASS: TEST-033t [squote] journal round-trips live_path exactly via plain python3 json.load
PASS: TEST-033t [squote] T-005-reader surrogate correctly reports IN-PROGRESS for the mid-publish path
PASS: TEST-033t [squote] recovery converges ALL-PRE (target absent, sibling unchanged)
PASS: TEST-033t [squote] no journal/staging litter remains after recovery
PASS: TEST-033t [squote] sh/ps1 parity: both publish identically (exit 0, same content, same declared path)
tests/apply-human-copy.tests.sh: 87 行: 65175 Killed: 9                  ( cd "$repo_dir" && "$APPLY_SH" "$@" ) > "$WORK/out" 2> "$WORK/err"
PASS: TEST-033t [utf8] journal round-trips live_path exactly via plain python3 json.load
PASS: TEST-033t [utf8] T-005-reader surrogate correctly reports IN-PROGRESS for the mid-publish path
PASS: TEST-033t [utf8] recovery converges ALL-PRE (target absent, sibling unchanged)
PASS: TEST-033t [utf8] no journal/staging litter remains after recovery
PASS: TEST-033t [utf8] sh/ps1 parity: both publish identically (exit 0, same content, same declared path)
tests/apply-human-copy.tests.sh: 87 行: 67766 Killed: 9                  ( cd "$repo_dir" && "$APPLY_SH" "$@" ) > "$WORK/out" 2> "$WORK/err"
PASS: TEST-033t [vtab] journal round-trips live_path exactly via plain python3 json.load
PASS: TEST-033t [vtab] T-005-reader surrogate correctly reports IN-PROGRESS for the mid-publish path
PASS: TEST-033t [vtab] recovery converges ALL-PRE (target absent, sibling unchanged)
PASS: TEST-033t [vtab] no journal/staging litter remains after recovery
PASS: TEST-033t [vtab] sh/ps1 parity: both publish identically (exit 0, same content, same declared path)
tests/apply-human-copy.tests.sh: 87 行: 70335 Killed: 9                  ( cd "$repo_dir" && "$APPLY_SH" "$@" ) > "$WORK/out" 2> "$WORK/err"
PASS: TEST-033t [soh] journal round-trips live_path exactly via plain python3 json.load
PASS: TEST-033t [soh] T-005-reader surrogate correctly reports IN-PROGRESS for the mid-publish path
PASS: TEST-033t [soh] recovery converges ALL-PRE (target absent, sibling unchanged)
PASS: TEST-033t [soh] no journal/staging litter remains after recovery
PASS: TEST-033t [soh] sh/ps1 parity: both publish identically (exit 0, same content, same declared path)
tests/apply-human-copy.tests.sh: 87 行: 72861 Killed: 9                  ( cd "$repo_dir" && "$APPLY_SH" "$@" ) > "$WORK/out" 2> "$WORK/err"
PASS: TEST-033t [formfeed] journal round-trips live_path exactly via plain python3 json.load
PASS: TEST-033t [formfeed] T-005-reader surrogate correctly reports IN-PROGRESS for the mid-publish path
PASS: TEST-033t [formfeed] recovery converges ALL-PRE (target absent, sibling unchanged)
PASS: TEST-033t [formfeed] no journal/staging litter remains after recovery
PASS: TEST-033t [formfeed] sh/ps1 parity: both publish identically (exit 0, same content, same declared path)
tests/apply-human-copy.tests.sh: 87 行: 75381 Killed: 9                  ( cd "$repo_dir" && "$APPLY_SH" "$@" ) > "$WORK/out" 2> "$WORK/err"
PASS: TEST-033t [esc] journal round-trips live_path exactly via plain python3 json.load
PASS: TEST-033t [esc] T-005-reader surrogate correctly reports IN-PROGRESS for the mid-publish path
PASS: TEST-033t [esc] recovery converges ALL-PRE (target absent, sibling unchanged)
PASS: TEST-033t [esc] no journal/staging litter remains after recovery
PASS: TEST-033t [esc] sh/ps1 parity: both publish identically (exit 0, same content, same declared path)
tests/apply-human-copy.tests.sh: 87 行: 77970 Killed: 9                  ( cd "$repo_dir" && "$APPLY_SH" "$@" ) > "$WORK/out" 2> "$WORK/err"
PASS: TEST-033t [unitsep] journal round-trips live_path exactly via plain python3 json.load
PASS: TEST-033t [unitsep] T-005-reader surrogate correctly reports IN-PROGRESS for the mid-publish path
PASS: TEST-033t [unitsep] recovery converges ALL-PRE (target absent, sibling unchanged)
PASS: TEST-033t [unitsep] no journal/staging litter remains after recovery
PASS: TEST-033t [unitsep] sh/ps1 parity: both publish identically (exit 0, same content, same declared path)
PASS: TEST-033t a literal newline inside a manifest path is structurally unrepresentable -- the resulting malformed line is rejected (MANIFEST_INVALID), confirming no separate rejection code is needed
PASS: TEST-033t sh rejects a literal backslash in a manifest path (UNSUPPORTED_PATH_CHARACTER, both-runtime parity by design)
PASS: TEST-033t ps1 ALSO rejects a literal backslash in a manifest path (UNSUPPORTED_PATH_CHARACTER, parity confirmed)
PASS: TEST-033t sh rejects a literal CR in a manifest path (UNSUPPORTED_PATH_CHARACTER, both-runtime parity by design)
PASS: TEST-033t ps1 ALSO rejects a literal CR in a manifest path (UNSUPPORTED_PATH_CHARACTER, parity confirmed)
PASS: TEST-033u glob-metacharacter DIRECTORY SEGMENT publishes to the literal name, not a decoy
PASS: TEST-033u decoy directory 'axxb' left completely untouched (no substitution into it)
tests/apply-human-copy.tests.sh: 87 行: 82798 Killed: 9                  ( cd "$repo_dir" && "$APPLY_SH" "$@" ) > "$WORK/out" 2> "$WORK/err"
PASS: TEST-033v [symlink/pre-existing] recovery fails closed while the target's true state is undeterminable (RECOVERY_FAILED)
PASS: TEST-033v [symlink/pre-existing] journal (and pre/ backup where one exists) RETAINED after the failed recovery attempt
PASS: TEST-033v [symlink/pre-existing] recovery converges to ALL-PRE once the trigger is undone
PASS: TEST-033v [symlink/pre-existing] journal/staging litter fully cleaned up after convergence
tests/apply-human-copy.tests.sh: 87 行: 84754 Killed: 9                  ( cd "$repo_dir" && "$APPLY_SH" "$@" ) > "$WORK/out" 2> "$WORK/err"
PASS: TEST-033v [renameaside/pre-existing] recovery fails closed while the target's true state is undeterminable (RECOVERY_FAILED)
PASS: TEST-033v [renameaside/pre-existing] journal (and pre/ backup where one exists) RETAINED after the failed recovery attempt
PASS: TEST-033v [renameaside/pre-existing] recovery converges to ALL-PRE once the trigger is undone
PASS: TEST-033v [renameaside/pre-existing] journal/staging litter fully cleaned up after convergence
tests/apply-human-copy.tests.sh: 87 行: 86675 Killed: 9                  ( cd "$repo_dir" && "$APPLY_SH" "$@" ) > "$WORK/out" 2> "$WORK/err"
PASS: TEST-033v [chmod000/pre-existing] recovery fails closed while the target's true state is undeterminable (RECOVERY_FAILED)
PASS: TEST-033v [chmod000/pre-existing] journal (and pre/ backup where one exists) RETAINED after the failed recovery attempt
PASS: TEST-033v [chmod000/pre-existing] recovery converges to ALL-PRE once the trigger is undone
PASS: TEST-033v [chmod000/pre-existing] journal/staging litter fully cleaned up after convergence
tests/apply-human-copy.tests.sh: 87 行: 88661 Killed: 9                  ( cd "$repo_dir" && "$APPLY_SH" "$@" ) > "$WORK/out" 2> "$WORK/err"
PASS: TEST-033v [symlink/absent] recovery fails closed while the target's true state is undeterminable (RECOVERY_FAILED)
PASS: TEST-033v [symlink/absent] journal (and pre/ backup where one exists) RETAINED after the failed recovery attempt
PASS: TEST-033v [symlink/absent] recovery converges to ALL-PRE once the trigger is undone
PASS: TEST-033v [symlink/absent] journal/staging litter fully cleaned up after convergence
tests/apply-human-copy.tests.sh: 87 行: 90543 Killed: 9                  ( cd "$repo_dir" && "$APPLY_SH" "$@" ) > "$WORK/out" 2> "$WORK/err"
PASS: TEST-033v [renameaside/absent] a plainly-absent chain the journal itself recorded as ABSENT converges to ALL-PRE (design.md:1042-1043), never a permanent RECOVERY_FAILED brick
PASS: TEST-033v [renameaside/absent] the journal is deleted once recovery reaches its terminal state
PASS: TEST-033v [renameaside/absent] a further invocation after convergence is a clean no-op (recovery is idempotent)
PASS: TEST-033v [renameaside/absent] journal/staging litter fully cleaned up after convergence
tests/apply-human-copy.tests.sh: 87 行: 92022 Killed: 9                  ( cd "$repo_dir" && "$APPLY_SH" "$@" ) > "$WORK/out" 2> "$WORK/err"
PASS: TEST-033v [chmod000/absent] recovery fails closed while the target's true state is undeterminable (RECOVERY_FAILED)
PASS: TEST-033v [chmod000/absent] journal (and pre/ backup where one exists) RETAINED after the failed recovery attempt
PASS: TEST-033v [chmod000/absent] recovery converges to ALL-PRE once the trigger is undone
PASS: TEST-033v [chmod000/absent] journal/staging litter fully cleaned up after convergence
PASS: TEST-033w PREPARE-time symlinked destination-parent denies the whole batch (LIVE_PROBE_FAILED)
PASS: TEST-033w real content behind the symlink is unchanged (never silently overwritten)
PASS: TEST-033w no journal/staging litter left behind by the denied batch
tests/apply-human-copy.tests.sh: 87 行: 94323 Killed: 9                  ( cd "$repo_dir" && "$APPLY_SH" "$@" ) > "$WORK/out" 2> "$WORK/err"
PASS: TEST-033x [pre-existing] post-revert confirmation catches a target left at a THIRD state (RECOVERY_FAILED, design.md:1055-1056)
PASS: TEST-033x [pre-existing] the journal is RETAINED, never deleted, while any target is unconfirmed
PASS: TEST-033x [pre-existing] the pre/ backup (where one exists) is RETAINED alongside the journal
PASS: TEST-033x [pre-existing] once the target is back at PRE the SAME journal converges and is deleted
tests/apply-human-copy.tests.sh: 87 行: 96247 Killed: 9                  ( cd "$repo_dir" && "$APPLY_SH" "$@" ) > "$WORK/out" 2> "$WORK/err"
PASS: TEST-033x [absent] post-revert confirmation catches a target left at a THIRD state (RECOVERY_FAILED, design.md:1055-1056)
PASS: TEST-033x [absent] the journal is RETAINED, never deleted, while any target is unconfirmed
PASS: TEST-033x [absent] the pre/ backup (where one exists) is RETAINED alongside the journal
PASS: TEST-033x [absent] once the target is back at PRE the SAME journal converges and is deleted
PASS: TEST-033y basenames differing only by ASCII case are refused (DUPLICATE_BASENAME_IN_BATCH), on every platform
PASS: TEST-033y both live targets unchanged (refused at manifest-parse time, before any live mutation)
PASS: TEST-033y no journal/staging litter left behind by the refused batch
PASS: TEST-033y the manifest-parse case fold refuses a case-variant batch even when no backup slot would ever be written (guard isolated from the slot check)
PASS: TEST-033y neither target was published by the refused no-live-content batch
PASS: TEST-033y on a volume that folds non-ASCII case, the colliding backup slot is detected and the batch refused (DUPLICATE_BASENAME_IN_BATCH)
PASS: TEST-033y non-ASCII collision refused BEFORE any live mutation (both targets still at PRE)
PASS: TEST-033z a denial raised AFTER argument parsing still reaches stderr (die()'s diagnostic is never swallowed)
PASS: TEST-033z the same denial ALSO reaches the machine-readable stdout channel (both channels, as documented)
PASS: TEST-033z ps1 emits the identical denial on stderr too (sh/ps1 diagnostic-channel parity)
PASS: self-registration: tests/run-all.sh references apply-human-copy.tests.sh
PASS: self-registration: tests/run-all.ps1 references apply-human-copy.tests.ps1

218 passed, 0 failed
exit=0
=== pwsh tests/apply-human-copy.tests.ps1 ===
PASS: TEST-033a fresh single-target publish: tool exits 0
PASS: TEST-033a fresh single-target publish: live content matches candidate
PASS: TEST-033b publish over existing live content: content replaced
PASS: TEST-033c pre-existing symlink at destination leaf denied (exit 16)
PASS: TEST-033c symlink target (canary) is never written through
PASS: TEST-033d symlinked intermediate destination-parent segment denied (exit 21)
PASS: TEST-033d write never redirected through the symlinked segment
PASS: TEST-033e symlinked staged source candidate denied (exit 10)
PASS: TEST-033e no live target created from a symlinked source
PASS: TEST-033f hard-link non-propagation: live target updated
PASS: TEST-033f hard-link non-propagation: alias name retains OLD bytes
PASS: TEST-033g staged-candidate hash mismatch denied (STAGED_CANDIDATE_HASH_MISMATCH)
PASS: TEST-033g live target unchanged on preparation-stage failure
PASS: TEST-033h malformed manifest line rejected (MANIFEST_INVALID)
PASS: TEST-033h traversal target path rejected (MANIFEST_INVALID)
PASS: TEST-033h duplicate manifest target rejected (MANIFEST_INVALID)
PASS: TEST-033i [pre-existing] crash before any rename: both targets still PRE immediately after the crash
PASS: TEST-033i [pre-existing] recovery converges to ALL-PRE (crash before any rename)
PASS: TEST-033i [pre-existing] stale journal cleaned up after recovery
PASS: TEST-033i [pre-existing] a subsequent UNRELATED batch still publishes (publisher not bricked)
PASS: TEST-033j [pre-existing] mid-batch crash leaves an observable partial state right after the crash
PASS: TEST-033j [pre-existing] recovery converges to ALL-PRE (mid-batch crash rolled back)
PASS: TEST-033j [pre-existing] journal/staging litter fully cleaned up after convergence
PASS: TEST-033k [pre-existing] recovery converges to ALL-POST (crash after last rename, before journal delete)
PASS: TEST-033k [pre-existing] journal removed once recovery confirms ALL-POST
PASS: TEST-033l [pre-existing] a second crash mid-recovery leaves an observable partial-recovery state
PASS: TEST-033l [pre-existing] the FOLLOWING invocation still converges to ALL-PRE (recovery is idempotent/re-entrant)
PASS: TEST-033l [pre-existing] journal fully cleaned up after the second recovery invocation
PASS: TEST-033i [absent] crash before any rename: both targets still PRE immediately after the crash
PASS: TEST-033i [absent] recovery converges to ALL-PRE (crash before any rename)
PASS: TEST-033i [absent] stale journal cleaned up after recovery
PASS: TEST-033i [absent] a subsequent UNRELATED batch still publishes (publisher not bricked)
PASS: TEST-033j [absent] mid-batch crash leaves an observable partial state right after the crash
PASS: TEST-033j [absent] recovery converges to ALL-PRE (mid-batch crash rolled back)
PASS: TEST-033j [absent] journal/staging litter fully cleaned up after convergence
PASS: TEST-033k [absent] recovery converges to ALL-POST (crash after last rename, before journal delete)
PASS: TEST-033k [absent] journal removed once recovery confirms ALL-POST
PASS: TEST-033l [absent] a second crash mid-recovery leaves an observable partial-recovery state
PASS: TEST-033l [absent] the FOLLOWING invocation still converges to ALL-PRE (recovery is idempotent/re-entrant)
PASS: TEST-033l [absent] journal fully cleaned up after the second recovery invocation
PASS: TEST-033m shape-mismatched journal (missing targets[]) is REJECTED, not silently ignored (JOURNAL_SHAPE_INVALID)
PASS: TEST-033m the malformed journal is left in place for human inspection, not deleted
PASS: TEST-033n recovery-only invocation with nothing stale exits 0
PASS: TEST-033n recovery-only invocation reports recovered:0
PASS: TEST-033o substitution-resistance fixture: tool still completes successfully
PASS: TEST-033o the newly-substituted directory at the ORIGINAL name never receives the candidate
PASS: TEST-033o the write lands in the TRUE, anchored original directory (now at its new name)
PASS: TEST-033p zero-byte live target survives mid-batch crash + recovery, converging ALL-PRE (exit 0)
PASS: TEST-033p the publisher remains usable afterward (a subsequent legitimate publish succeeds, not permanently bricked)
PASS: TEST-033q duplicate-basename batch rejected (DUPLICATE_BASENAME_IN_BATCH)
PASS: TEST-033q both live targets unchanged (refused before any live mutation)
PASS: TEST-033r ps1 journal has no BOM (leading bytes 7b2273 = open-brace quote s)
PASS: TEST-033r ps1 journal parses via plain python3 json.load (no utf-8-sig needed)
PASS: TEST-033s embedded-space path publishes correctly (exit 0, correct content)
PASS: TEST-033s journal preserves the embedded-space live_path byte-exact
PASS: TEST-033s mid-batch crash with an embedded-space target converges to ALL-PRE on recovery
PASS: TEST-033s 'b.txt' is never false-positive-flagged as a duplicate of 'a b.txt' (both publish correctly)
PASS: TEST-033t [space] journal round-trips live_path exactly (ConvertFrom-Json)
PASS: TEST-033t [space] recovery converges ALL-PRE (target absent, sibling unchanged)
PASS: TEST-033t [tab] journal round-trips live_path exactly (ConvertFrom-Json)
PASS: TEST-033t [tab] recovery converges ALL-PRE (target absent, sibling unchanged)
PASS: TEST-033t [leadtrail] journal round-trips live_path exactly (ConvertFrom-Json)
PASS: TEST-033t [leadtrail] recovery converges ALL-PRE (target absent, sibling unchanged)
PASS: TEST-033t [dquote] journal round-trips live_path exactly (ConvertFrom-Json)
PASS: TEST-033t [dquote] recovery converges ALL-PRE (target absent, sibling unchanged)
PASS: TEST-033t [obrace] journal round-trips live_path exactly (ConvertFrom-Json)
PASS: TEST-033t [obrace] recovery converges ALL-PRE (target absent, sibling unchanged)
PASS: TEST-033t [cbrace] journal round-trips live_path exactly (ConvertFrom-Json)
PASS: TEST-033t [cbrace] recovery converges ALL-PRE (target absent, sibling unchanged)
PASS: TEST-033t [comma] journal round-trips live_path exactly (ConvertFrom-Json)
PASS: TEST-033t [comma] recovery converges ALL-PRE (target absent, sibling unchanged)
PASS: TEST-033t [star] journal round-trips live_path exactly (ConvertFrom-Json)
PASS: TEST-033t [star] recovery converges ALL-PRE (target absent, sibling unchanged)
PASS: TEST-033t [question] journal round-trips live_path exactly (ConvertFrom-Json)
PASS: TEST-033t [question] recovery converges ALL-PRE (target absent, sibling unchanged)
PASS: TEST-033t [obracket] journal round-trips live_path exactly (ConvertFrom-Json)
PASS: TEST-033t [obracket] recovery converges ALL-PRE (target absent, sibling unchanged)
PASS: TEST-033t [cbracket] journal round-trips live_path exactly (ConvertFrom-Json)
PASS: TEST-033t [cbracket] recovery converges ALL-PRE (target absent, sibling unchanged)
PASS: TEST-033t [dollar] journal round-trips live_path exactly (ConvertFrom-Json)
PASS: TEST-033t [dollar] recovery converges ALL-PRE (target absent, sibling unchanged)
PASS: TEST-033t [backtick] journal round-trips live_path exactly (ConvertFrom-Json)
PASS: TEST-033t [backtick] recovery converges ALL-PRE (target absent, sibling unchanged)
PASS: TEST-033t [squote] journal round-trips live_path exactly (ConvertFrom-Json)
PASS: TEST-033t [squote] recovery converges ALL-PRE (target absent, sibling unchanged)
PASS: TEST-033t [utf8] journal round-trips live_path exactly (ConvertFrom-Json)
PASS: TEST-033t [utf8] recovery converges ALL-PRE (target absent, sibling unchanged)
PASS: TEST-033t [vtab] journal round-trips live_path exactly (ConvertFrom-Json)
PASS: TEST-033t [vtab] recovery converges ALL-PRE (target absent, sibling unchanged)
PASS: TEST-033t [soh] journal round-trips live_path exactly (ConvertFrom-Json)
PASS: TEST-033t [soh] recovery converges ALL-PRE (target absent, sibling unchanged)
PASS: TEST-033t [formfeed] journal round-trips live_path exactly (ConvertFrom-Json)
PASS: TEST-033t [formfeed] recovery converges ALL-PRE (target absent, sibling unchanged)
PASS: TEST-033t [esc] journal round-trips live_path exactly (ConvertFrom-Json)
PASS: TEST-033t [esc] recovery converges ALL-PRE (target absent, sibling unchanged)
PASS: TEST-033t [unitsep] journal round-trips live_path exactly (ConvertFrom-Json)
PASS: TEST-033t [unitsep] recovery converges ALL-PRE (target absent, sibling unchanged)
PASS: TEST-033t ps1 rejects a literal backslash in a manifest path (UNSUPPORTED_PATH_CHARACTER)
PASS: TEST-033t ps1 rejects a literal CR in a manifest path (UNSUPPORTED_PATH_CHARACTER)
PASS: TEST-033u glob-metacharacter DIRECTORY SEGMENT publishes to the literal name, not a decoy
PASS: TEST-033u decoy directory 'axxb' left completely untouched (no substitution into it)
PASS: TEST-033v [symlink/pre-existing] recovery fails closed while the target's true state is undeterminable (RECOVERY_FAILED)
PASS: TEST-033v [symlink/pre-existing] journal (and pre/ backup where one exists) RETAINED after the failed recovery attempt
PASS: TEST-033v [symlink/pre-existing] recovery converges to ALL-PRE once the trigger is undone
PASS: TEST-033v [symlink/pre-existing] journal/staging litter fully cleaned up after convergence
PASS: TEST-033v [renameaside/pre-existing] recovery fails closed while the target's true state is undeterminable (RECOVERY_FAILED)
PASS: TEST-033v [renameaside/pre-existing] journal (and pre/ backup where one exists) RETAINED after the failed recovery attempt
PASS: TEST-033v [renameaside/pre-existing] recovery converges to ALL-PRE once the trigger is undone
PASS: TEST-033v [renameaside/pre-existing] journal/staging litter fully cleaned up after convergence
PASS: TEST-033v [chmod000/pre-existing] recovery fails closed while the target's true state is undeterminable (RECOVERY_FAILED)
PASS: TEST-033v [chmod000/pre-existing] journal (and pre/ backup where one exists) RETAINED after the failed recovery attempt
PASS: TEST-033v [chmod000/pre-existing] recovery converges to ALL-PRE once the trigger is undone
PASS: TEST-033v [chmod000/pre-existing] journal/staging litter fully cleaned up after convergence
PASS: TEST-033v [symlink/absent] recovery fails closed while the target's true state is undeterminable (RECOVERY_FAILED)
PASS: TEST-033v [symlink/absent] journal (and pre/ backup where one exists) RETAINED after the failed recovery attempt
PASS: TEST-033v [symlink/absent] recovery converges to ALL-PRE once the trigger is undone
PASS: TEST-033v [symlink/absent] journal/staging litter fully cleaned up after convergence
PASS: TEST-033v [renameaside/absent] a plainly-absent chain the journal itself recorded as ABSENT converges to ALL-PRE (design.md:1042-1043), never a permanent RECOVERY_FAILED brick
PASS: TEST-033v [renameaside/absent] the journal is deleted once recovery reaches its terminal state
PASS: TEST-033v [renameaside/absent] a further invocation after convergence is a clean no-op (recovery is idempotent)
PASS: TEST-033v [renameaside/absent] journal/staging litter fully cleaned up after convergence
PASS: TEST-033v [chmod000/absent] recovery fails closed while the target's true state is undeterminable (RECOVERY_FAILED)
PASS: TEST-033v [chmod000/absent] journal (and pre/ backup where one exists) RETAINED after the failed recovery attempt
PASS: TEST-033v [chmod000/absent] recovery converges to ALL-PRE once the trigger is undone
PASS: TEST-033v [chmod000/absent] journal/staging litter fully cleaned up after convergence
PASS: TEST-033w PREPARE-time symlinked destination-parent denies the whole batch (LIVE_PROBE_FAILED)
PASS: TEST-033w real content behind the symlink is unchanged (never silently overwritten)
PASS: TEST-033w no journal/staging litter left behind by the denied batch
PASS: TEST-033x [pre-existing] post-revert confirmation catches a target left at a THIRD state (RECOVERY_FAILED, design.md:1055-1056)
PASS: TEST-033x [pre-existing] the journal is RETAINED, never deleted, while any target is unconfirmed
PASS: TEST-033x [pre-existing] the pre/ backup (where one exists) is RETAINED alongside the journal
PASS: TEST-033x [pre-existing] once the target is back at PRE the SAME journal converges and is deleted
PASS: TEST-033x [absent] post-revert confirmation catches a target left at a THIRD state (RECOVERY_FAILED, design.md:1055-1056)
PASS: TEST-033x [absent] the journal is RETAINED, never deleted, while any target is unconfirmed
PASS: TEST-033x [absent] the pre/ backup (where one exists) is RETAINED alongside the journal
PASS: TEST-033x [absent] once the target is back at PRE the SAME journal converges and is deleted
PASS: TEST-033y basenames differing only by ASCII case are refused (DUPLICATE_BASENAME_IN_BATCH), on every platform
PASS: TEST-033y both live targets unchanged (refused at manifest-parse time, before any live mutation)
PASS: TEST-033y no journal/staging litter left behind by the refused batch
PASS: TEST-033y the manifest-parse case fold refuses a case-variant batch even when no backup slot would ever be written (guard isolated from the slot check)
PASS: TEST-033y neither target was published by the refused no-live-content batch
PASS: TEST-033y on a volume that folds non-ASCII case, the colliding backup slot is detected and the batch refused (DUPLICATE_BASENAME_IN_BATCH)
PASS: TEST-033y non-ASCII collision refused BEFORE any live mutation (both targets still at PRE)
PASS: TEST-033z a denial raised AFTER argument parsing still reaches stderr (the diagnostic is never swallowed)
PASS: TEST-033z the same denial ALSO reaches the machine-readable stdout channel (both channels, as documented)
PASS: self-registration: tests/run-all.ps1 references apply-human-copy.tests.ps1

146 passed, 0 failed
exit=0
