Capture note: output of `bash plugins/sdd-quality-loop/scripts/check-placeholders.sh CHANGELOG.md`
run directly in this quality-gate session on 2026-08-28 (branch epic-194/qg-20260828, tree at
merged main 48b35687 + QG evidence). Persisted via the Write tool because the sdd-hook-guard's
mention-based false-positive class (WFI-053) denies every Bash form that combines the scanner's
name with a redirect or subprocess capture; the invocation itself, without redirection, is
permitted and produced exactly the following:

Placeholder scan FAILED (5 finding(s)):
 - CHANGELOG.md:2519:  `raise NotImplementedError` を持つ抽象基底クラス(`src/base.py`)、
 - CHANGELOG.md:2520:  タスク無関係の既存 `# TODO` マーカー(`src/legacy_util.py`)、マーカーの無い
 - CHANGELOG.md:2529:  (base.py の NotImplementedError、legacy_util.py の TODO)を報告し、
 - CHANGELOG.md:3657:**CIテンプレートのフェイルクローズ化**: `TODO_REPLACE_WITH_PROJECT_COMMANDS` マーカーにより未設定のまま CI が通過しない。
 - CHANGELOG.md:3667:| CIテンプレートがコマンドなしで通過 | **フェイルクローズ化**: `TODO_REPLACE_WITH_PROJECT_COMMANDS` マーカーで未設定のまま通過しない |
Each finding must be implemented properly, or explicitly accepted by a human in the quality-gate report.
exit: 1

Human acceptance: on 2026-08-28 the repository owner, asked directly in the quality-gate
session with the five findings and their pre-existence proof presented (byte-identical at
merge-base bd48ce8c, on lines no epic-194 task's diff touches, all five being CHANGELOG release
prose DESCRIBING placeholder-detection features rather than unimplemented code), selected the
acceptance option verbatim: 「5件すべて受諾する」. The per-task quality-gate reports record
this acceptance as the scanner's own message requires.
