ok: TEST-019 digest-only-change not-stale lock: base-old.json vs registry-digest-only-new.json -> fresh:metadata-only-refresh (exit=0, stdout pinned, stderr empty)
ok: TEST-020 same-gate-ID attribute-change stale lock: base-old.json vs gate-blocking-change-new.json -> stale:semantic-output-changed (exit=1, stdout pinned, stderr empty)
ok: TEST-021 evidence-inclusion lock (reversed): base-old.json vs evidence-change-new.json -> stale:semantic-output-changed (exit=1, stdout pinned, stderr empty)
ok: TEST-022 minimum-enforcement-tightening lock: minimum-enforcement-old.json vs minimum-enforcement-new.json -> stale:semantic-output-changed (exit=1, stdout pinned, stderr empty)
ok: TEST-023 Policy-Weakening short-circuit lock: base-old.json vs projection-digest-only-new.json -> blocked:policy-weakening-blocked:projection (exit=2, stdout pinned, stderr empty)
ok: TEST-024(1) fail-closed lock (indeterminate): base-old.json vs registry-digest-only-new.json -> blocked:weakening-verdict-indeterminate:registry (exit=2, stdout pinned, stderr empty)
ok: TEST-024(2) forward-compatibility sub-case (not-weakened): base-old.json vs registry-digest-only-new.json -> fresh:metadata-only-refresh (exit=0, stdout pinned, stderr empty)
ok: TEST-039 unchanged-digests WARN-only lock: base-old.json vs no-axis-change-semantic-differs-new.json -> fresh:unchanged (exit=0, stdout pinned, stderr empty)
ok: TEST-040(1) ownership-axis not-weakened -> not stale: base-old.json vs ownership-digest-only-new.json -> fresh:metadata-only-refresh (exit=0, stdout pinned, stderr empty)
ok: TEST-040(2) ownership-axis indeterminate -> Block: base-old.json vs ownership-digest-only-new.json -> blocked:weakening-verdict-indeterminate:ownership (exit=2, stdout pinned, stderr empty)
ok: branch-1 all-changed-axes lock (registry not-weakened, ownership weakened): base-old.json vs multi-axis-mixed-verdict-new.json -> blocked:policy-weakening-blocked:ownership (exit=2, stdout pinned, stderr empty)
ok: branch-1 fixed-axis-order precedence lock (registry indeterminate wins over ownership weakened): base-old.json vs multi-axis-mixed-verdict-new.json -> blocked:weakening-verdict-indeterminate:registry (exit=2, stdout pinned, stderr empty)
ok: TEST-025 patch-tier no-op lock: base-old.json vs patch-bump-new.json -> fresh:unchanged (exit=0, stdout pinned, stderr empty)
ok: TEST-026(1) minor-tier impact assessment, semantic output changed: base-old.json vs minor-bump-changed-new.json -> stale:semantic-output-changed (exit=1, stdout pinned, stderr empty)
ok: TEST-026(2) minor-tier impact assessment, semantic output unchanged: base-old.json vs minor-bump-unchanged-new.json -> fresh:metadata-only-refresh (exit=0, stdout pinned, stderr empty)
ok: TEST-027(1) major-tier forced-regardless lock: base-old.json vs major-bump-new.json -> stale:major-version-forced (exit=1, stdout pinned, stderr empty)
ok: TEST-027(2) Block precedence over major-tier forced-stale: base-old.json vs major-bump-block-new.json -> blocked:policy-weakening-blocked:projection (exit=2, stdout pinned, stderr empty)
ok: TEST-045(1) branch-3 fix: minor bump reaches ordinary comparison: base-old.json vs minor-bump-changed-new.json -> stale:semantic-output-changed (exit=1, stdout pinned, stderr empty)
ok: TEST-045(2) branch-3 fix parity: minor-rule-set bump reaches ordinary comparison: base-old.json vs minor-rule-set-bump-changed-new.json -> stale:semantic-output-changed (exit=1, stdout pinned, stderr empty)
ok: TEST-044 missing --old-manifest: exit=3, stdout empty, stderr contains 'the following arguments are required: --old-manifest'
ok: TEST-044 missing --new-manifest: exit=3, stdout empty, stderr contains 'the following arguments are required: --new-manifest'
ok: TEST-044 missing --projection-weakening: exit=3, stdout empty, stderr contains 'the following arguments are required: --projection-weakening'
ok: TEST-044 missing --registry-weakening: exit=3, stdout empty, stderr contains 'the following arguments are required: --registry-weakening'
ok: TEST-044 missing --ownership-weakening: exit=3, stdout empty, stderr contains 'the following arguments are required: --ownership-weakening'
ok: TEST-044 missing --resolver-version-bump: exit=3, stdout empty, stderr contains 'the following arguments are required: --resolver-version-bump'
ok: TEST-044 invalid --projection-weakening enum: exit=3, stdout empty, stderr contains 'argument --projection-weakening: invalid choice: 'bogus''
ok: TEST-044 invalid --registry-weakening enum: exit=3, stdout empty, stderr contains 'argument --registry-weakening: invalid choice: 'bogus''
ok: TEST-044 invalid --ownership-weakening enum: exit=3, stdout empty, stderr contains 'argument --ownership-weakening: invalid choice: 'bogus''
ok: TEST-044 invalid --resolver-version-bump enum: exit=3, stdout empty, stderr contains 'argument --resolver-version-bump: invalid choice: 'bogus''
ok: TEST-044 schema-invalid --old-manifest: exit=3, stdout empty, stderr contains 'facet-manifest-staleness: schema-invalid: /old-manifest/schema: missing required property 'schema''
ok: TEST-044 schema-invalid --new-manifest: exit=3, stdout empty, stderr contains 'facet-manifest-staleness: schema-invalid: /new-manifest/schema: missing required property 'schema''
ok: manifest-unreadable: nonexistent --old-manifest path fails closed (exit=3, diagnostic on stderr)
ok: manifest-unreadable: non-UTF-8 byte input fails closed (exit=3, diagnostic present, no traceback)
ok: TEST-046 patch declared against an actual minor diff: exit=3, stdout empty, stderr contains 'facet-manifest-staleness: resolver-version-bump-inconsistent: declared 'patch' but the two manifests' own resolver block actually differs at tier 'minor''
ok: TEST-046 minor declared against an actual minor-rule-set diff (version unchanged): exit=3, stdout empty, stderr contains 'facet-manifest-staleness: resolver-version-bump-inconsistent: declared 'minor' but the two manifests' own resolver block actually differs at tier 'minor-rule-set''
ok: TEST-046 minor-rule-set declared against an actual resolver.version change: exit=3, stdout empty, stderr contains 'facet-manifest-staleness: resolver-version-bump-inconsistent: declared 'minor-rule-set' but the two manifests' own resolver block actually differs at tier 'minor''
ok: TEST-046 minor-rule-set declared against an unchanged rule_set_revision: exit=3, stdout empty, stderr contains 'facet-manifest-staleness: resolver-version-bump-inconsistent: declared 'minor-rule-set' but the two manifests' own resolver block actually differs at tier 'none''
ok: TEST-046 patch declared against an actual major diff: exit=3, stdout empty, stderr contains 'facet-manifest-staleness: resolver-version-bump-inconsistent: declared 'patch' but the two manifests' own resolver block actually differs at tier 'major''
ok: Major-1 lock: major-forced precedes ordinary comparison even when both a digest and semantic output differ: base-old.json vs major-bump-semantic-changed-new.json -> stale:major-version-forced (exit=1, stdout pinned, stderr empty)
ok: Major-2 lock: 'feature' is a compared semantic-output field: base-old.json vs feature-change-new.json -> stale:semantic-output-changed (exit=1, stdout pinned, stderr empty)
ok: Major-2 lock: 'affected_components' is a compared semantic-output field: base-old.json vs affected-components-change-new.json -> stale:semantic-output-changed (exit=1, stdout pinned, stderr empty)
ok: Major-2 lock: 'required_facets' is a compared semantic-output field: base-old.json vs required-facets-change-new.json -> stale:semantic-output-changed (exit=1, stdout pinned, stderr empty)
ok: Major-2 lock: 'lite_eligibility' is a compared semantic-output field: base-old.json vs lite-eligibility-change-new.json -> stale:semantic-output-changed (exit=1, stdout pinned, stderr empty)
ok: Major-2 lock: 'schema' is a compared semantic-output field (classify() unit check, schema's own const keyword forbids a real fixture pair)
ok: Major-3 lock: missing sibling validate-facet-manifest.py fails closed (exit=3, stdout empty, diagnostic present, no traceback)
ok: multi-component semver lock: patch declared against a minor+patch actual diff is rejected: exit=3, stdout empty, stderr contains 'facet-manifest-staleness: resolver-version-bump-inconsistent: declared 'patch' but the two manifests' own resolver block actually differs at tier 'minor''
ok: multi-component semver lock: minor (the coarsest actually-changed component) is accepted and proceeds: base-old.json vs multi-component-bump-new.json -> stale:semantic-output-changed (exit=1, stdout pinned, stderr empty)
ok: self-registration: tests/run-all.sh lists this suite

facet-manifest-staleness: 48 passed, 0 failed
