AC-033 extended crash-injection proof -- apply-human-copy.ps1 (quality-gate seq0361 remedy-5)
Generated: 2026-08-01T01:15:19Z
Every scenario is run TWICE: once with the destination directory chain and live
targets ALREADY PRESENT (journal records a real pre_hash) and once with NOTHING
present, the first-ever-publish shape (journal records pre_hash="ABSENT").

########################################################################
### AXIS VARIANT: pre-existing
########################################################################

=== SCENARIO 1 [pre-existing]: crash BEFORE the first rename (journal-write) -> ALL-PRE ===
-- invocation 1 (simulate crash after journal-write) --
SIMULATED_CRASH: after journal write, before first rename
exit=137
journal pre_hash values: 96cdfb91 28434c80 
state right after crash: a=PRE b=PRE
-- invocation 2 (recovery) --
{"status":"ok","recovered":1,"targets":[]}
exit=0
state after recovery: a=PRE b=PRE   journals-left=0

=== SCENARIO 2 [pre-existing]: crash MID-BATCH (after rename 1 of 2) -> ALL-PRE ===
-- invocation 1 (simulate crash after rename-1) --
SIMULATED_CRASH: after committing rename #1 (plugins/x/a.txt)
exit=137
journal pre_hash values: 96cdfb91 28434c80 
state right after crash: a=POST b=PRE   (a advanced, b did not -- a genuine partial publish)
-- invocation 2 (recovery) --
{"status":"ok","recovered":1,"targets":[]}
exit=0
state after recovery: a=PRE b=PRE   journals-left=0

=== SCENARIO 3 [pre-existing]: crash AFTER the last rename, before journal delete -> ALL-POST ===
-- invocation 1 (simulate crash after rename-2, the last target) --
SIMULATED_CRASH: after committing rename #2 (plugins/x/b.txt)
exit=137
state right after crash: a=POST b=POST
-- invocation 2 (recovery) --
{"status":"ok","recovered":1,"targets":[]}
exit=0
state after recovery: a=POST b=POST   journals-left=0

=== SCENARIO 4 [pre-existing]: a SECOND crash DURING recovery still converges next time ===
-- invocation 1 (simulate crash after rename-2 of 3, leaving a mixed state) --
SIMULATED_CRASH: after committing rename #2 (plugins/x/b.txt)
exit=137
state right after crash: a=POST b=POST c=PRE
-- invocation 2 (recovery, itself crashed after reverting target 1) --
SIMULATED_CRASH: recovery after reverting target 1 (plugins/x/a.txt)
exit=137
state after the mid-recovery crash: a=PRE b=POST c=PRE   journals-left=1
-- invocation 3 (recovery resumes) --
{"status":"ok","recovered":1,"targets":[]}
exit=0
state after recovery: a=PRE b=PRE c=PRE   journals-left=0

########################################################################
### AXIS VARIANT: absent
########################################################################

=== SCENARIO 1 [absent]: crash BEFORE the first rename (journal-write) -> ALL-PRE ===
-- invocation 1 (simulate crash after journal-write) --
SIMULATED_CRASH: after journal write, before first rename
exit=137
journal pre_hash values: ABSENT ABSENT 
state right after crash: a=ABSENT b=ABSENT
-- invocation 2 (recovery) --
{"status":"ok","recovered":1,"targets":[]}
exit=0
state after recovery: a=ABSENT b=ABSENT   journals-left=0

=== SCENARIO 2 [absent]: crash MID-BATCH (after rename 1 of 2) -> ALL-PRE ===
-- invocation 1 (simulate crash after rename-1) --
SIMULATED_CRASH: after committing rename #1 (plugins/x/a.txt)
exit=137
journal pre_hash values: ABSENT ABSENT 
state right after crash: a=POST b=ABSENT   (a advanced, b did not -- a genuine partial publish)
-- invocation 2 (recovery) --
{"status":"ok","recovered":1,"targets":[]}
exit=0
state after recovery: a=ABSENT b=ABSENT   journals-left=0

=== SCENARIO 3 [absent]: crash AFTER the last rename, before journal delete -> ALL-POST ===
-- invocation 1 (simulate crash after rename-2, the last target) --
SIMULATED_CRASH: after committing rename #2 (plugins/x/b.txt)
exit=137
state right after crash: a=POST b=POST
-- invocation 2 (recovery) --
{"status":"ok","recovered":1,"targets":[]}
exit=0
state after recovery: a=POST b=POST   journals-left=0

=== SCENARIO 4 [absent]: a SECOND crash DURING recovery still converges next time ===
-- invocation 1 (simulate crash after rename-2 of 3, leaving a mixed state) --
SIMULATED_CRASH: after committing rename #2 (plugins/x/b.txt)
exit=137
state right after crash: a=POST b=POST c=ABSENT
-- invocation 2 (recovery, itself crashed after reverting target 1) --
SIMULATED_CRASH: recovery after reverting target 1 (plugins/x/a.txt)
exit=137
state after the mid-recovery crash: a=ABSENT b=POST c=ABSENT   journals-left=1
-- invocation 3 (recovery resumes) --
{"status":"ok","recovered":1,"targets":[]}
exit=0
state after recovery: a=ABSENT b=ABSENT c=ABSENT   journals-left=0
