Scoped + full regression evidence for T-005 (epic-193-a5-capability-resolver),
re-run at current HEAD (febf7898, second pass -- AC-056 remediation) 2026-08-23.

$ git diff --stat -- plugins/
(empty)
Exit: 0

$ git status --short -- plugins/
(empty -- no untracked file under plugins/** either; AC-032. T-005 never
edits resolve-project-context.{py,sh,ps1} itself -- test-only task. This
pass's own new fixture directory lives under tests/fixtures/, not
plugins/.)
Exit: 0

$ git diff --check
(empty -- no whitespace errors)
Exit: 0

$ python3 -m py_compile tests/resolve-project-context-match-check.py
(no output)
Exit: 0

$ bash tests/resolver-evidence-schema.tests.sh   # T-001's sibling suite; T-005 does not edit contracts/resolver-evidence.schema.json, re-run to confirm no incidental breakage
20 passed, 0 failed
Exit: 0

$ (cd specs/epic-193-a5-capability-resolver/human-copy && shasum -a 256 -c MANIFEST.sha256)
.github/workflows/test.yml: OK
plugins/sdd-quality-loop/scripts/resolve-project-context.py: OK
plugins/sdd-quality-loop/scripts/resolve-project-context.sh: OK
plugins/sdd-quality-loop/scripts/resolve-project-context.ps1: OK
Exit: 0
(Note: shasum -c from the repo root instead fails, because the LIVE
plugins/sdd-quality-loop/scripts/resolve-project-context.{py,sh,ps1} paths
do not exist yet -- pending human apply. Expected, by-design state, not a
regression. The resolve-project-context.py entry's own hash changed again
this pass -- T-004's own AC-056 fix -- verified OK above.)

$ bash tests/resolve-project-context-match.tests.sh && pwsh -NoProfile -File tests/resolve-project-context-match.tests.ps1
59 passed, 0 failed (both runtimes) -- GROWN from the first pass's own
37/0 by 22 new assertions (two new TEST-056 fixtures). TEST-056 (AC-056)
is now present and passing -- the prior pass's own recorded gap is
closed; see traceability.log and this contract's own acceptance-tests/
unit-tests checks, both now recorded passes:true.

$ bash tests/resolve-project-context-block.tests.sh && pwsh -NoProfile -File tests/resolve-project-context-block.tests.ps1
141 passed, 0 failed (both runtimes) -- confirms T-002/T-003/T-004's own
upstream suite, which T-005's own suite depends on functionally, is
unregressed by re-verification at the same HEAD, INCLUDING T-004's own
this-pass fix to the three dsl-warn-* fixtures' own expected-diagnostics
shape (see T-004's own regression.log for that half's own detail).

Full run-all regression (both runtimes, run detached with no deadline per
this session's own instructions, read via the trailing "N failing
suite(s):" enumeration rather than exit code, which is 0 regardless),
re-run fresh this pass (not carried forward from the first pass's own
run):

$ bash tests/run-all.sh   (background, detached)
2 failing suite(s):
  tests/deterministic-lane-selfcheck.tests.sh
  tests/design-system-contract.tests.sh
Both self-declare DESIGNED-RED and match this repository's own documented
standing baseline exactly. No suite beyond these two failed -- this
task's own tests/resolve-project-context-match.tests.sh suite (59
assertions, both TEST-056 fixtures included) is registered and green
within this same run (verified directly: `grep -n
"resolve-project-context-match" run-all-sh.log` shows `RESULT: 59 passed,
0 failed` inline).

$ pwsh -NoProfile -File tests/run-all.ps1   (background, detached)
1 failing suite(s):
  tests/design-system-contract.tests.ps1
Also DESIGNED-RED, identical pre-existing reason.
deterministic-lane-selfcheck.tests.sh has no PowerShell twin at all --
pre-existing structural asymmetry, not something T-005's diff touches.
This task's own tests/resolve-project-context-match.tests.ps1 (59
assertions) is registered and green within this same run.

Net: no suite outside the two self-declared DESIGNED-RED ones failed in
either runtime; this task's own suite registration is confirmed live and
green inside the full regression run, both before and after this pass's
own AC-056 remediation. regression: passes=true.
