=== TEST-013a: unreadable (missing) fragment path ===
ok: TEST-013a: exits 2
ok: TEST-013a: prints the dedicated fragment-invalid diagnostic (not the input-unavailable one)
=== TEST-013b: malformed (not valid JSON) fragment ===
ok: TEST-013b: exits 2
ok: TEST-013b: prints the dedicated fragment-invalid diagnostic (not the input-unavailable one)
=== TEST-013c: shape-invalid -- missing 'capabilities' key ===
ok: TEST-013c: exits 2
ok: TEST-013c: prints the dedicated fragment-invalid diagnostic (not the input-unavailable one)
=== TEST-013d: shape-invalid -- 'capabilities' is not an array ===
ok: TEST-013d: exits 2
ok: TEST-013d: prints the dedicated fragment-invalid diagnostic (not the input-unavailable one)
=== TEST-013e: shape-invalid -- entry missing 'id' ===
ok: TEST-013e: exits 2
ok: TEST-013e: prints the dedicated fragment-invalid diagnostic (not the input-unavailable one)
=== TEST-013f: shape-invalid -- entry missing 'eligible' ===
ok: TEST-013f: exits 2
ok: TEST-013f: prints the dedicated fragment-invalid diagnostic (not the input-unavailable one)
=== TEST-013g: distinct from the omitted-argument case ===
ok: TEST-013g: omitted-argument case is unaffected (exit 0, lite-eligible) -- fail-closed is scoped to SUPPLIED-invalid only
=== TEST-013h: supplied-but-empty --capability-reasons '' (SUPPLIED, not omitted) ===
ok: TEST-013h: exits 2 (empty value is SUPPLIED, matching bash's own argc-based detection)
ok: TEST-013h: prints the dedicated fragment-invalid diagnostic, no silent degrade
=== TEST-013i: shape-invalid -- 'upgrade_reasons' is a scalar, not an array ===
ok: TEST-013i: exits 2
ok: TEST-013i: prints the dedicated fragment-invalid diagnostic (not the input-unavailable one)
=== TEST-013j: shape-invalid -- 'eligible' is null (not a boolean) ===
ok: TEST-013j: exits 2
ok: TEST-013j: prints the dedicated fragment-invalid diagnostic (not the input-unavailable one)
=== TEST-013k: shape-invalid -- 'eligible' is 0 (numeric, not boolean) ===
ok: TEST-013k: exits 2
ok: TEST-013k: prints the dedicated fragment-invalid diagnostic (not the input-unavailable one)
=== TEST-013l: shape-invalid -- 'eligible' is the string "false" (not boolean) ===
ok: TEST-013l: exits 2
ok: TEST-013l: prints the dedicated fragment-invalid diagnostic (not the input-unavailable one)
=== TEST-013m: shape-invalid -- id carries a ',' delimiter (cannot forge a second trigger entry) ===
ok: TEST-013m: exits 2
ok: TEST-013m: prints the dedicated fragment-invalid diagnostic (not the input-unavailable one)
=== TEST-013n: shape-invalid -- id carries a ';' delimiter (cannot forge a second trigger entry) ===
ok: TEST-013n: exits 2
ok: TEST-013n: prints the dedicated fragment-invalid diagnostic (not the input-unavailable one)
=== TEST-013o: shape-invalid -- 'capabilities' is a bare object, not an array ===
ok: TEST-013o: exits 2
ok: TEST-013o: prints the dedicated fragment-invalid diagnostic (not the input-unavailable one)
=== TEST-013p: shape-invalid -- id carries an embedded newline (single-line contract) ===
ok: TEST-013p: exits 2
ok: TEST-013p: prints the dedicated fragment-invalid diagnostic (not the input-unavailable one)
=== TEST-013q: shape-invalid -- id is an explicit empty string (no degenerate 'ineligible:' token) ===
ok: TEST-013q: exits 2
ok: TEST-013q: prints the dedicated fragment-invalid diagnostic (not the input-unavailable one)
=== TEST-013r: a bare 2-positional-argument invocation (no --capability-reasons flag) is NOT treated as supplied ===
ok: TEST-013r: 2-positional-arg call hits the primary-source-unavailable arm (exit 2), never silently merges the second path as a capability fragment
=== TEST-013s: shape-invalid -- id is a NUMBER, not a non-empty string ===
ok: TEST-013s: exits 2
ok: TEST-013s: prints the dedicated fragment-invalid diagnostic (not the input-unavailable one)
=== TEST-013t: shape-invalid -- id is an object, not a non-empty string ===
ok: TEST-013t: exits 2
ok: TEST-013t: prints the dedicated fragment-invalid diagnostic (not the input-unavailable one)
=== TEST-013u: shape-invalid -- id is an array, not a non-empty string ===
ok: TEST-013u: exits 2
ok: TEST-013u: prints the dedicated fragment-invalid diagnostic (not the input-unavailable one)
=== TEST-013v: upgrade_reasons element is a number, not a string ===
ok: TEST-013v: exits 2
ok: TEST-013v: prints the dedicated fragment-invalid diagnostic (not the input-unavailable one)
=== TEST-013w: upgrade_reasons element is a boolean, not a string ===
ok: TEST-013w: exits 2
ok: TEST-013w: prints the dedicated fragment-invalid diagnostic (not the input-unavailable one)
=== TEST-013x: upgrade_reasons element is null (runtimes previously disagreed) ===
ok: TEST-013x: exits 2
ok: TEST-013x: prints the dedicated fragment-invalid diagnostic (not the input-unavailable one)
=== TEST-013y: upgrade_reasons element is an object (runtimes previously disagreed) ===
ok: TEST-013y: exits 2
ok: TEST-013y: prints the dedicated fragment-invalid diagnostic (not the input-unavailable one)
=== TEST-013z: upgrade_reasons element is a nested array (ps1 flattened it, sh did not) ===
ok: TEST-013z: exits 2
ok: TEST-013z: prints the dedicated fragment-invalid diagnostic (not the input-unavailable one)
=== TEST-013aa: upgrade_reasons element is the empty string (AC-001: non-empty strings) ===
ok: TEST-013aa: exits 2
ok: TEST-013aa: prints the dedicated fragment-invalid diagnostic (not the input-unavailable one)
=== TEST-013ab: upgrade_reasons element carries ',' (cannot forge a second trigger entry) ===
ok: TEST-013ab: exits 2
ok: TEST-013ab: prints the dedicated fragment-invalid diagnostic (not the input-unavailable one)
=== TEST-013ac: upgrade_reasons element carries ';' (cannot forge a second output field) ===
ok: TEST-013ac: exits 2
ok: TEST-013ac: prints the dedicated fragment-invalid diagnostic (not the input-unavailable one)
=== TEST-013ad: upgrade_reasons element carries an embedded newline (single-line contract) ===
ok: TEST-013ad: exits 2
ok: TEST-013ad: prints the dedicated fragment-invalid diagnostic (not the input-unavailable one)
=== TEST-013ae: upgrade_reasons element is uppercase (lowercase grammar, like the id grammar) ===
ok: TEST-013ae: exits 2
ok: TEST-013ae: prints the dedicated fragment-invalid diagnostic (not the input-unavailable one)
=== TEST-013af: a legitimate snake_case + hyphenated reason pair still Blocks with its own tokens ===
ok: TEST-013af: valid snake_case and hyphenated tokens pass the grammar and reach the output verbatim, uncoerced
=== TEST-013ag: eligible:true entry with a truthy non-array upgrade_reasons (amended 2b) ===
ok: TEST-013ag: exits 2
ok: TEST-013ag: prints the dedicated fragment-invalid diagnostic (not the input-unavailable one)
=== TEST-013ah: eligible:true entry with a delimiter-carrying upgrade_reasons element (amended 2b) ===
ok: TEST-013ah: exits 2
ok: TEST-013ah: prints the dedicated fragment-invalid diagnostic (not the input-unavailable one)
=== TEST-013ai: eligible:false with present-but-falsy upgrade_reasons is absent, yielding the synthetic token ===
ok: TEST-013ai: present-but-falsy upgrade_reasons on eligible:false is treated as absent (synthetic token, exit 10)
=== TEST-013aj: eligible:true with present-but-falsy upgrade_reasons contributes nothing ===
ok: TEST-013aj: present-but-falsy upgrade_reasons on eligible:true is treated as absent, contributing nothing (exit 0)

Results: 67 passed, 0 failed
