NOTE (T-005 gate-cycle-2 remediation -- Minor "driver not robust to
malformed evidence"): re-captured against a FRESH isolated scratch clone
(`git clone --no-hardlinks` of this worktree at its own committed HEAD),
never the real worktree, with this cycle's own updated
tests/resolve-project-context-match-check.py (Major A hand-built
expected_projection + independently-recomputed projection_sha256, Major B
the "other~thing" fixture component + its dedicated RFC-6901 `~`-escape
assertion, Major C the two-contributing-instance solo-never-facet reason,
and the `.get("conditional_facet_evaluations", [])` guard below) and this
cycle's own updated fixture/registry (four affected components; cap-beta's
own second `solo-never-facet` conditional_facets declaration) overlaid on
top. The mutant below is unchanged from gate-cycle-1's own capture and
still targets _evaluate_capabilities's own union-match loop in
resolve-project-context.py (scratch clone only, evaluator's own M3): a
Capability now "matches" only if EVERY affected component's own trigger
evaluation is true, never if ANY is -- an under-matched Capability --
restructuring "if result: matched = True" inside the per-component loop
into "matched = all(evaluation results)" after it.

Gate-cycle-1's own capture of this identical mutant crashed with an
unguarded KeyError once a downstream line indexed
`cap_alpha_evidence["conditional_facet_evaluations"]` directly -- a key
genuinely absent (never an empty list) on an entry whose own `matched` is
False (resolve-project-context.py's own `_evaluate_capabilities`, "if
matched:" gate before that key is ever set) -- so the driver produced no
RESULT line at all. That line now reads
`cap_alpha_evidence.get("conditional_facet_evaluations", [])`, so a
still-under-matched cap-alpha instead produces a real, reportable
`cfe_pairs == [...]` FAIL and the run below reaches its own trailing
RESULT line cleanly (10 real FAILs, exit 1, no traceback) -- still
demonstrating the same real, meaningful FAIL at this Done-When bullet's
own defect-class assertion (AC-006 union-match) that gate-cycle-1's
capture already demonstrated, now without the driver itself crashing. This
body is byte-identical to the `-sh` twin's own capture: `--launcher` only
selects the driver's own subprocess argv shape, and the mutant lives
entirely inside `resolve-project-context.py`, reached identically either
way (this suite's own real subprocess always launches the `.py` master;
see module docstring). The real worktree's own resolve-project-context.py
was never touched (git status --short confirmed empty for that path both
before and after this capture).

PASS: full-pipeline-match: exit 1 (forced snapshot-generation-mismatch)
PASS: full-pipeline-match: canonical diagnostic only, reached step 13 (steps 0-12 all passed)
PASS: full-pipeline-match: Context Projection byte-identity (AC-003)
PASS: full-pipeline-match: resolve-component-paths invoked with --config/--source-rev/--target-rev/--include-untracked byte-identical to received flags (AC-004)
PASS: full-pipeline-match: generate-registry-digest invoked with exactly --whole, never a --capability-ids/--gate-ids fragment (AC-005 flag)
PASS: full-pipeline-match: snapshot mismatch attributable to registry_digest alone (AC-005 binding)
FAIL: full-pipeline-match: exact capability_evaluations, union-match on both Capabilities (AC-006): [{'capability_id': 'cap-alpha', 'matched': False, 'trigger_evaluations': [{'component_id': 'comp-a', 'evidence': [{'operator': 'equals', 'outcome': 'match', 'path': 'characteristics.pii'}], 'result': True}, {'component_id': 'comp-b', 'evidence': [{'operator': 'equals', 'outcome': 'no-match', 'path': 'characteristics.pii'}], 'result': False}, {'component_id': 'other~thing', 'evidence': [{'operator': 'equals', 'outcome': 'no-match', 'path': 'characteristics.pii'}], 'result': False}, {'component_id': 'shared/util', 'evidence': [{'operator': 'equals', 'outcome': 'no-match', 'path': 'characteristics.pii'}], 'result': False}]}, {'capability_id': 'cap-beta', 'matched': False, 'trigger_evaluations': [{'component_id': 'comp-a', 'evidence': [{'operator': 'equals', 'outcome': 'no-match', 'path': 'characteristics.ui'}], 'result': False}, {'component_id': 'comp-b', 'evidence': [{'operator': 'equals', 'outcome': 'match', 'path': 'characteristics.ui'}], 'result': True}, {'component_id': 'other~thing', 'evidence': [{'operator': 'equals', 'outcome': 'no-match', 'path': 'characteristics.ui'}], 'result': False}, {'component_id': 'shared/util', 'evidence': [{'operator': 'equals', 'outcome': 'no-match', 'path': 'characteristics.ui'}], 'result': False}]}]
PASS: full-pipeline-match: union-match sanity (only one of several affected components satisfies each trigger)
FAIL: full-pipeline-match: cap-alpha's own duplicate 'shared-facet' declarations recorded as two independent entries, never collapsed (AC-052(a)): []
PASS: full-pipeline-match: Resolver Evidence schema agreement
PASS: full-pipeline-match: no partial live artifact
PASS: full-pipeline-match: projection_sha256 independently recomputed from the resolver's own captured projection bytes matches the hand-built expectation's own hash (AC-003 remainder)
PASS: full-pipeline-match: independently-recomputed affected_components matches the fixture's own four components
PASS: full-pipeline-match: dependency_pointers[] is /workflow plus one RFC-6901-escaped pointer per affected component, stable-sorted (AC-044)
PASS: full-pipeline-match: "other~thing"'s own `~` is escaped to `~0` in its dependency_pointers[] entry (AC-044)
PASS: full-pipeline-match: resolver.version/rule_set_revision are this Resolver revision's own single-source-of-truth constants (AC-044 remainder -- white-box: never written to any live path pre-T-007, so cross-invocation/cross-runtime identity is a structural consequence of .sh/.ps1 delegating unconditionally to this identical .py master, not something a real-subprocess run can itself observe)
FAIL: full-pipeline-match: required_facets (AC-007): []
FAIL: full-pipeline-match: capabilities (AC-007): []
FAIL: full-pipeline-match: resolved_gates (AC-007): []
FAIL: full-pipeline-match: capability_minimum_enforcement (AC-007): None
FAIL: full-pipeline-match: lite_eligibility (AC-007): {'eligible': True, 'upgrade_reasons': []}
FAIL: full-pipeline-match: conditional_facets[] facet-name-unique set (AC-043/AC-052(b)): []
FAIL: full-pipeline-match: 'shared-facet' aggregates cap-alpha[0], cap-alpha[1] (both declarations, never collapsed), and cap-beta[0], OR'd, evidence concatenated capability_id-then-declaration_index-then-component_id ascending (AC-043/AC-052(b)): None
FAIL: full-pipeline-match: 'solo-never-facet' (two contributing instances, not applied) names BOTH cap-alpha[2] AND cap-beta[1] in its own reason, never just the first (AC-043's own N/A-reason case): None
PASS: full-pipeline-match: reconstructed Facet Manifest validates via the real validate-facet-manifest (AC-008)
PASS: enforcement-byte-identity-advisory: exit 1
PASS: enforcement-byte-identity-advisory: canonical diagnostic only
PASS: enforcement-byte-identity-advisory: state field records 'advisory'
PASS: enforcement-byte-identity-advisory: Resolver Evidence schema agreement
PASS: enforcement-byte-identity-advisory: no partial live artifact
PASS: enforcement-byte-identity-required: exit 1
PASS: enforcement-byte-identity-required: canonical diagnostic only
PASS: enforcement-byte-identity-required: state field records 'required'
PASS: enforcement-byte-identity-required: Resolver Evidence schema agreement
PASS: enforcement-byte-identity-required: no partial live artifact
PASS: enforcement-byte-identity: Resolver Evidence byte-identical across advisory/required except state (AC-016)
PASS: enforcement-byte-identity: _assemble_facet_manifest takes no state/capability_enforcement parameter (structural proof the Facet Manifest itself is enforcement-independent on the Full track, AC-016 remainder)
PASS: warn-cardinality-single-node: exit 1
PASS: warn-cardinality-single-node: canonical diagnostic only, no upstream stderr embedded (M8)
PASS: warn-cardinality-single-node: exactly 1 severity:warn entry, one per outcome:warn node, never fewer (AC-056)
PASS: warn-cardinality-single-node: exactly one summary severity:block entry, never a second (AC-056)
PASS: warn-cardinality-single-node: every diagnostics[] entry shares the identical 'dsl-warn-on-matched-capability' id (AC-056)
PASS: warn-cardinality-single-node: the summary severity:block entry's own detail is the fixed summary sentence, distinct from every severity:warn entry's own detail (AC-056)
PASS: warn-cardinality-single-node: no severity:warn entry's own detail collides with the summary sentence (AC-056)
PASS: warn-cardinality-single-node: no (id, detail) pair repeats across diagnostics[] (AC-024)
PASS: warn-cardinality-single-node: Resolver Evidence schema agreement
PASS: warn-cardinality-single-node: no partial live artifact
PASS: warn-cardinality-single-node: the severity:warn entry's own detail names this node's own capability_id/component_id location (AC-056)
PASS: warn-cardinality-multi-node: exit 1
PASS: warn-cardinality-multi-node: canonical diagnostic only, no upstream stderr embedded (M8)
PASS: warn-cardinality-multi-node: exactly 3 severity:warn entries, one per outcome:warn node, never fewer (AC-056)
PASS: warn-cardinality-multi-node: exactly one summary severity:block entry, never a second (AC-056)
PASS: warn-cardinality-multi-node: every diagnostics[] entry shares the identical 'dsl-warn-on-matched-capability' id (AC-056)
PASS: warn-cardinality-multi-node: the summary severity:block entry's own detail is the fixed summary sentence, distinct from every severity:warn entry's own detail (AC-056)
PASS: warn-cardinality-multi-node: no severity:warn entry's own detail collides with the summary sentence (AC-056)
PASS: warn-cardinality-multi-node: no (id, detail) pair repeats across diagnostics[] (AC-024)
PASS: warn-cardinality-multi-node: Resolver Evidence schema agreement
PASS: warn-cardinality-multi-node: no partial live artifact
PASS: warn-cardinality-multi-node: each of the three severity:warn entries names its own distinct component_id location (AC-056) -- a bijection between {comp-a, comp-b, comp-c} and the three details, not merely 'every name appears somewhere in the joined string'
PASS: resolver-identity-cross-process: sanity -- the two invocations are genuinely separate OS processes (distinct pid), not one process's own module compared against itself
PASS: resolver-identity-cross-process: resolver.version/rule_set_revision are identical across two genuinely separate process invocations of the identical staged .py (AC-044 remainder -- kills a per-process derivation, e.g. folding os.getpid() into RULE_SET_STRING, that an in-process self-comparison cannot see)
PASS: resolver-identity-dispatcher-delegation: every mention of resolve-project-context.py in resolve-project-context.sh is a real process-launch statement (never a bare textual mention, never a second implementation) and it carries no own copy of RESOLVER_VERSION/RULE_SET_REVISION/RULE_SET_STRING (AC-044 remainder)
PASS: resolver-identity-dispatcher-delegation: every mention of resolve-project-context.py in resolve-project-context.ps1 is a real process-launch statement (never a bare textual mention, never a second implementation) and it carries no own copy of RESOLVER_VERSION/RULE_SET_REVISION/RULE_SET_STRING (AC-044 remainder)
PASS: POSIX suite registered in tests/run-all.sh
PASS: PowerShell suite registered in tests/run-all.ps1
RESULT: 55 passed, 10 failed
