# runner: bash
PASS: clean: exit 0
PASS: clean: emits exactly [] and nothing else
PASS: clean: every diagnostic line follows the 'resolver-evidence: <check-id>: <detail>' convention
PASS: clean: nothing on stderr
PASS: clean: LF-only diagnostic bytes (no CR)
FAIL: schema-invalid: exit 1: got 0; stdout='' stderr=''
FAIL: schema-invalid: emits exactly ['schema-invalid'] and nothing else: got []; stdout=''
PASS: schema-invalid: every diagnostic line follows the 'resolver-evidence: <check-id>: <detail>' convention
PASS: schema-invalid: nothing on stderr
PASS: schema-invalid: LF-only diagnostic bytes (no CR)
FAIL: registry-digest-unbound: exit 1: got 0; stdout='' stderr=''
FAIL: registry-digest-unbound: emits exactly ['registry-digest-unbound'] and nothing else: got []; stdout=''
PASS: registry-digest-unbound: every diagnostic line follows the 'resolver-evidence: <check-id>: <detail>' convention
PASS: registry-digest-unbound: nothing on stderr
PASS: registry-digest-unbound: LF-only diagnostic bytes (no CR)
FAIL: capability-set-mismatch: exit 1: got 0; stdout='' stderr=''
FAIL: capability-set-mismatch: emits exactly ['capability-set-mismatch'] and nothing else: got []; stdout=''
PASS: capability-set-mismatch: every diagnostic line follows the 'resolver-evidence: <check-id>: <detail>' convention
PASS: capability-set-mismatch: nothing on stderr
PASS: capability-set-mismatch: LF-only diagnostic bytes (no CR)
FAIL: capability-evaluation-id-duplicate: exit 1: got 0; stdout='' stderr=''
FAIL: capability-evaluation-id-duplicate: emits exactly ['capability-evaluation-id-duplicate'] and nothing else: got []; stdout=''
PASS: capability-evaluation-id-duplicate: every diagnostic line follows the 'resolver-evidence: <check-id>: <detail>' convention
PASS: capability-evaluation-id-duplicate: nothing on stderr
PASS: capability-evaluation-id-duplicate: LF-only diagnostic bytes (no CR)
FAIL: affected-component-provenance-mismatch: exit 1: got 0; stdout='' stderr=''
FAIL: affected-component-provenance-mismatch: emits exactly ['affected-component-provenance-mismatch'] and nothing else: got []; stdout=''
PASS: affected-component-provenance-mismatch: every diagnostic line follows the 'resolver-evidence: <check-id>: <detail>' convention
PASS: affected-component-provenance-mismatch: nothing on stderr
PASS: affected-component-provenance-mismatch: LF-only diagnostic bytes (no CR)
FAIL: trigger-evaluation-set-mismatch: exit 1: got 0; stdout='' stderr=''
FAIL: trigger-evaluation-set-mismatch: emits exactly ['trigger-evaluation-set-mismatch'] and nothing else: got []; stdout=''
PASS: trigger-evaluation-set-mismatch: every diagnostic line follows the 'resolver-evidence: <check-id>: <detail>' convention
PASS: trigger-evaluation-set-mismatch: nothing on stderr
PASS: trigger-evaluation-set-mismatch: LF-only diagnostic bytes (no CR)
FAIL: component-evaluation-id-duplicate: exit 1: got 0; stdout='' stderr=''
FAIL: component-evaluation-id-duplicate: emits exactly ['component-evaluation-id-duplicate'] and nothing else: got []; stdout=''
PASS: component-evaluation-id-duplicate: every diagnostic line follows the 'resolver-evidence: <check-id>: <detail>' convention
PASS: component-evaluation-id-duplicate: nothing on stderr
PASS: component-evaluation-id-duplicate: LF-only diagnostic bytes (no CR)
FAIL: matched-result-contradiction: exit 1: got 0; stdout='' stderr=''
FAIL: matched-result-contradiction: emits exactly ['matched-result-contradiction', 'matched-result-contradiction'] and nothing else: got []; stdout=''
PASS: matched-result-contradiction: every diagnostic line follows the 'resolver-evidence: <check-id>: <detail>' convention
PASS: matched-result-contradiction: nothing on stderr
PASS: matched-result-contradiction: LF-only diagnostic bytes (no CR)
FAIL: conditional-facet-set-mismatch: exit 1: got 0; stdout='' stderr=''
FAIL: conditional-facet-set-mismatch: emits exactly ['conditional-facet-set-mismatch'] and nothing else: got []; stdout=''
PASS: conditional-facet-set-mismatch: every diagnostic line follows the 'resolver-evidence: <check-id>: <detail>' convention
PASS: conditional-facet-set-mismatch: nothing on stderr
PASS: conditional-facet-set-mismatch: LF-only diagnostic bytes (no CR)
FAIL: conditional-facet-evaluation-set-mismatch: exit 1: got 0; stdout='' stderr=''
FAIL: conditional-facet-evaluation-set-mismatch: emits exactly ['conditional-facet-evaluation-set-mismatch'] and nothing else: got []; stdout=''
PASS: conditional-facet-evaluation-set-mismatch: every diagnostic line follows the 'resolver-evidence: <check-id>: <detail>' convention
PASS: conditional-facet-evaluation-set-mismatch: nothing on stderr
PASS: conditional-facet-evaluation-set-mismatch: LF-only diagnostic bytes (no CR)
FAIL: applied-result-contradiction: exit 1: got 0; stdout='' stderr=''
FAIL: applied-result-contradiction: emits exactly ['applied-result-contradiction', 'applied-result-contradiction'] and nothing else: got []; stdout=''
PASS: applied-result-contradiction: every diagnostic line follows the 'resolver-evidence: <check-id>: <detail>' convention
PASS: applied-result-contradiction: nothing on stderr
PASS: applied-result-contradiction: LF-only diagnostic bytes (no CR)
FAIL: array-not-stable-sorted: exit 1: got 0; stdout='' stderr=''
FAIL: array-not-stable-sorted: emits exactly ['array-not-stable-sorted', 'array-not-stable-sorted'] and nothing else: got []; stdout=''
PASS: array-not-stable-sorted: every diagnostic line follows the 'resolver-evidence: <check-id>: <detail>' convention
PASS: array-not-stable-sorted: nothing on stderr
PASS: array-not-stable-sorted: LF-only diagnostic bytes (no CR)
FAIL: provenance-registry-override-mismatch: exit 1: got 0; stdout='' stderr=''
FAIL: provenance-registry-override-mismatch: emits exactly ['registry-digest-unbound'] and nothing else: got []; stdout=''
PASS: provenance-registry-override-mismatch: every diagnostic line follows the 'resolver-evidence: <check-id>: <detail>' convention
PASS: provenance-registry-override-mismatch: nothing on stderr
PASS: provenance-registry-override-mismatch: LF-only diagnostic bytes (no CR)
FAIL: provenance-registry-self-discovery-mismatch: exit 1: got 0; stdout='' stderr=''
FAIL: provenance-registry-self-discovery-mismatch: emits exactly ['registry-digest-unbound'] and nothing else: got []; stdout=''
PASS: provenance-registry-self-discovery-mismatch: every diagnostic line follows the 'resolver-evidence: <check-id>: <detail>' convention
PASS: provenance-registry-self-discovery-mismatch: nothing on stderr
PASS: provenance-registry-self-discovery-mismatch: LF-only diagnostic bytes (no CR)
PASS: provenance-registry-override-match: exit 0
PASS: provenance-registry-override-match: emits exactly [] and nothing else
PASS: provenance-registry-override-match: every diagnostic line follows the 'resolver-evidence: <check-id>: <detail>' convention
PASS: provenance-registry-override-match: nothing on stderr
PASS: provenance-registry-override-match: LF-only diagnostic bytes (no CR)
FAIL: provenance-affected-components-override-contradiction: exit 1: got 0; stdout='' stderr=''
FAIL: provenance-affected-components-override-contradiction: emits exactly ['affected-component-provenance-mismatch'] and nothing else: got []; stdout=''
PASS: provenance-affected-components-override-contradiction: every diagnostic line follows the 'resolver-evidence: <check-id>: <detail>' convention
PASS: provenance-affected-components-override-contradiction: nothing on stderr
PASS: provenance-affected-components-override-contradiction: LF-only diagnostic bytes (no CR)
PASS: provenance-affected-components-override-match: exit 0
PASS: provenance-affected-components-override-match: emits exactly [] and nothing else
PASS: provenance-affected-components-override-match: every diagnostic line follows the 'resolver-evidence: <check-id>: <detail>' convention
PASS: provenance-affected-components-override-match: nothing on stderr
PASS: provenance-affected-components-override-match: LF-only diagnostic bytes (no CR)
PASS: provenance-context-override-match: exit 0
PASS: provenance-context-override-match: emits exactly [] and nothing else
PASS: provenance-context-override-match: every diagnostic line follows the 'resolver-evidence: <check-id>: <detail>' convention
PASS: provenance-context-override-match: nothing on stderr
PASS: provenance-context-override-match: LF-only diagnostic bytes (no CR)
FAIL: reader-journal-live: exit 1: got 0; stdout='' stderr=''
FAIL: reader-journal-live: emits exactly ['resolver-publication-in-progress'] and nothing else: got []; stdout=''
PASS: reader-journal-live: every diagnostic line follows the 'resolver-evidence: <check-id>: <detail>' convention
PASS: reader-journal-live: nothing on stderr
PASS: reader-journal-live: LF-only diagnostic bytes (no CR)
PASS: reader-journal-absent: exit 0
PASS: reader-journal-absent: emits exactly [] and nothing else
PASS: reader-journal-absent: every diagnostic line follows the 'resolver-evidence: <check-id>: <detail>' convention
PASS: reader-journal-absent: nothing on stderr
PASS: reader-journal-absent: LF-only diagnostic bytes (no CR)
FAIL: TEST-021 matrix completeness: every one of the twelve check-ids was observed firing on its own fixture: never observed: ['affected-component-provenance-mismatch', 'applied-result-contradiction', 'array-not-stable-sorted', 'capability-evaluation-id-duplicate', 'capability-set-mismatch', 'component-evaluation-id-duplicate', 'conditional-facet-evaluation-set-mismatch', 'conditional-facet-set-mismatch', 'matched-result-contradiction', 'registry-digest-unbound', 'schema-invalid', 'trigger-evaluation-set-mismatch']
PASS: TEST-021 namespace closure: no check-id outside the closed twelve-value enum (plus the reader-side refusal) was emitted
PASS: TEST-021 enum cardinality: design.md's own enum is twelve-valued
PASS: provenance-registry-override-mismatch: the fixture's own Registry capability set diverges from the Evidence instance's own, so the sole-diagnostic expectation is a genuine binding-before-exact-set ordering assertion (AC-050)
PASS: provenance-registry-self-discovery-mismatch: the fixture's own Registry capability set diverges from the Evidence instance's own, so the sole-diagnostic expectation is a genuine binding-before-exact-set ordering assertion (AC-050)
PASS: conditional-facet-set-mismatch: the fixture is name-blind by construction -- the Registry declares one facet name twice, the Evidence instance records that same name-set at a different cardinality, so only declaration_index keying can detect it (B7)
PASS: TEST-054 pair: the live-journal fixture and its control are identical in Registry/Evidence/Manifest and differ only by the planted journal
PASS: TEST-054 journal shape: the planted journal matches T-007's own TRANSACTION.json format and names the resolver-evidence.yaml path this validator is about to read
PASS: validate-resolver-evidence.sh: dispatches to the single .py implementation via a real process launch, and carries no check-id of its own
PASS: validate-resolver-evidence.ps1: dispatches to the single .py implementation via a real process launch, and carries no check-id of its own
FAIL: POSIX suite registered in tests/run-all.sh
FAIL: PowerShell suite registered in tests/run-all.ps1
RESULT: 82 passed, 35 failed
